[Simulation Monitor: 18]
[2026-04-18 15:56:02.566 +0700] [PROCESS] [cadence.virtuoso.ade.simulationMonitor] - Simulation Monitor has successfully started up. Trying to set up communication channels to other components ... {"hostname": "dtvt_13", "processid": 19168, "logfile": "/home/dtvt_13/truong/logs_dtvt_13/logs0/Job18.log"}
[2026-04-18 15:56:02.567 +0700] [PROCESS] [cadence.virtuoso.ade.simulationMonitor] - Communication channels have been successfully set up. Start processing events ... {"hostname": "dtvt_13", "processid": 19168, "logfile": "/home/dtvt_13/truong/logs_dtvt_13/logs0/Job18.log"}
[2026-04-18 15:56:02.567 +0700] [PROCESS] [cadence.virtuoso.ade.simulationMonitor] - Considering to start history {"hostname": "dtvt_13", "processid": 19168, "history": "ExplorerRun.0", "logfile": "/home/dtvt_13/truong/logs_dtvt_13/logs0/Job18.log"}
[2026-04-18 15:56:02.568 +0700] [PROCESS] [cadence.virtuoso.ade.simulationMonitor] - HostInfo:
Host name (type):	dtvt_13 (x86_64)
Operating system:	Linux 3.10.0-1160.118.1.el7.x86_64 #1 SMP Wed Apr 24 16:01:50 UTC 2024 {"hostname": "dtvt_13", "processid": 19168, "history": "ExplorerRun.0", "logfile": "/home/dtvt_13/truong/logs_dtvt_13/logs0/Job18.log", "nodename": "dtvt_13", "domainname": "(none)", "machine": "x86_64", "sysname": "Linux", "release": "3.10.0-1160.118.1.el7.x86_64", "version": "#1 SMP Wed Apr 24 16:01:50 UTC 2024"}
[2026-04-18 15:56:02.568 +0700] [PROCESS] [cadence.virtuoso.ade.simulationMonitor] - UsageInfo:
pid=19168
totalPhysicalMemory=15.208324GB,Used=14.499352GB,totalVirtualMemory=22.895821GB,Used=14.539635GB
Cpu: Cores=24, Load average:0.630000,0.260000,0.230000 {"hostname": "dtvt_13", "processid": 19168, "history": "ExplorerRun.0", "logfile": "/home/dtvt_13/truong/logs_dtvt_13/logs0/Job18.log", "pid": "19168", "totalPhysicalMemory": "15.208324", "physicalMemoryUsed": "14.499352", "totalVirtualMemory": "22.895821", "virtualMemoryUsed": "14.539635", "cpuCores": "24", "processes": "2579", "loadAverage1": "0.630000", "loadAverage5": "0.260000", "loadAverage15": "0.230000", "loadAverage1Percent": "0.026250"}
[2026-04-18 15:56:02.568 +0700] [EVENT] [cadence.virtuoso.ade.simulationMonitor] - NewPoint {"history": "ExplorerRun.0", "point": 1, "testname": "my_lib_ota_amp_tb_1", "cornername": "Nominal", "event": "NewPoint", "EventSource": "Simulation Monitor", "HistoryName": "ExplorerRun.0", "logFile": "/home/dtvt_13/truong/logs_dtvt_13/logs0/Job18.log", "logFileSize": "2100"}
[2026-04-18 15:56:02.669 +0700] [EVENT] [cadence.virtuoso.ade.simulationMonitor] - NewPoint {"history": "ExplorerRun.0", "point": 1, "testname": "my_lib_ota_amp_tb_1", "cornername": "Nominal", "event": "NewPoint", "EventSource": "spectre", "HistoryName": "ExplorerRun.0", "logFile": "/home/dtvt_13/simulation/my_lib/ota_amp_tb/maestro/results/maestro/.tmpADEDir_dtvt_13/simulation/my_lib/ota_amp_tb/maestro/results/maestro/ExplorerRun.0/1/my_lib_ota_amp_tb_1/psf/spectre.out", "logFileSize": "-1"}
[2026-04-18 15:56:02.671 +0700] [PROCESS] [cadence.virtuoso.ade.simulationMonitor] - Simulator launched {"hostname": "dtvt_13", "processid": 19168, "history": "ExplorerRun.0", "testname": "my_lib_ota_amp_tb_1", "cornername": "Nominal", "point": 1, "logfile": "/home/dtvt_13/truong/logs_dtvt_13/logs0/Job18.log", "simid": "1"}
[2026-04-18 15:56:02.673 +0700] [PROCESS] [cadence.virtuoso.ade.simulationMonitor] - Expression evaluator launched {"hostname": "dtvt_13", "processid": 19168, "history": "ExplorerRun.0", "testname": "my_lib_ota_amp_tb_1", "cornername": "Nominal", "point": 1, "logfile": "/home/dtvt_13/truong/logs_dtvt_13/logs0/Job18.log"}
[2026-04-18 15:56:02.676 +0700] [PROCESS] [cadence.virtuoso.ade.simulationMonitor] - Started Simulation {"hostname": "dtvt_13", "processid": 19168, "history": "ExplorerRun.0", "testname": "my_lib_ota_amp_tb_1", "cornername": "Nominal", "point": 1, "logfile": "/home/dtvt_13/truong/logs_dtvt_13/logs0/Job18.log"}
[2026-04-18 15:56:24.073 +0700] [PROCESS] [cadence.virtuoso.ade.simulationMonitor] - Finished simulating for one point {"hostname": "dtvt_13", "processid": 19168, "history": "ExplorerRun.0", "testname": "my_lib_ota_amp_tb_1", "cornername": "Nominal", "point": 1, "logfile": "/home/dtvt_13/truong/logs_dtvt_13/logs0/Job18.log", "simid": "1"}
[2026-04-18 15:56:24.073 +0700] [INFO] [cadence.virtuoso.ade.simulationMonitor] - Peak resident memory used = 95.6 Mbytes. {"history": "ExplorerRun.0", "point": 1, "testname": "my_lib_ota_amp_tb_1", "cornername": "Nominal"}
[2026-04-18 15:56:24.073 +0700] [INFO] [cadence.virtuoso.ade.simulationMonitor] - Peak resident memory used = 104 Mbytes. {"history": "ExplorerRun.0", "point": 1, "testname": "my_lib_ota_amp_tb_1", "cornername": "Nominal"}
[2026-04-18 15:56:24.073 +0700] [INFO] [cadence.virtuoso.ade.simulationMonitor] - Notice from spectre during hierarchy flattening.
    The value 'psf' specified for the 'checklimitdest' option will no longer be supported in future releases. Use 'spectre -h' to see other recommended values for the 'checklimitdest' option. {"history": "ExplorerRun.0", "point": 1, "testname": "my_lib_ota_amp_tb_1", "cornername": "Nominal"}
[2026-04-18 15:56:24.073 +0700] [WARN] [cadence.virtuoso.ade.simulationMonitor] -     WARNING (SPECTRE-8527): There are some nodes and instances removed from the netlist topology check. Check the circuit and correct the topology. Or use preserve_inst to keep them if necessary. {"history": "ExplorerRun.0", "point": 1, "testname": "my_lib_ota_amp_tb_1", "cornername": "Nominal"}
[2026-04-18 15:56:24.073 +0700] [WARN] [cadence.virtuoso.ade.simulationMonitor] -     WARNING (SPECTRE-8529): Dangling instance. V3 is removed. {"history": "ExplorerRun.0", "point": 1, "testname": "my_lib_ota_amp_tb_1", "cornername": "Nominal"}
[2026-04-18 15:56:24.074 +0700] [WARN] [cadence.virtuoso.ade.simulationMonitor] -     WARNING (SPECTRE-8530): Dangling node. net1 is removed. {"history": "ExplorerRun.0", "point": 1, "testname": "my_lib_ota_amp_tb_1", "cornername": "Nominal"}
[2026-04-18 15:56:24.074 +0700] [WARN] [cadence.virtuoso.ade.simulationMonitor] -     WARNING (SPECTRE-8530): Dangling node. net2 is removed. {"history": "ExplorerRun.0", "point": 1, "testname": "my_lib_ota_amp_tb_1", "cornername": "Nominal"}
[2026-04-18 15:56:24.074 +0700] [INFO] [cadence.virtuoso.ade.simulationMonitor] - Peak resident memory used = 106 Mbytes. {"history": "ExplorerRun.0", "point": 1, "testname": "my_lib_ota_amp_tb_1", "cornername": "Nominal"}
[2026-04-18 15:56:24.074 +0700] [INFO] [cadence.virtuoso.ade.simulationMonitor] - Notice from spectre during initial setup.
    Multithreading is disabled due to the size of the design being too small. {"history": "ExplorerRun.0", "point": 1, "testname": "my_lib_ota_amp_tb_1", "cornername": "Nominal"}
[2026-04-18 15:56:24.074 +0700] [INFO] [cadence.virtuoso.ade.simulationMonitor] -               nodes 45 {"history": "ExplorerRun.0", "point": 1, "testname": "my_lib_ota_amp_tb_1", "cornername": "Nominal"}
[2026-04-18 15:56:24.074 +0700] [INFO] [cadence.virtuoso.ade.simulationMonitor] - Notice from spectre during initial setup.
    APS enabled. {"history": "ExplorerRun.0", "point": 1, "testname": "my_lib_ota_amp_tb_1", "cornername": "Nominal"}
[2026-04-18 15:56:24.074 +0700] [INFO] [cadence.virtuoso.ade.simulationMonitor] - Peak resident memory used = 107 Mbytes. {"history": "ExplorerRun.0", "point": 1, "testname": "my_lib_ota_amp_tb_1", "cornername": "Nominal"}
[2026-04-18 15:56:24.074 +0700] [INFO] [cadence.virtuoso.ade.simulationMonitor] -    -   (APS) Multi-threading. The recommended number of threads is 1, consider adding +mt=1 on command line. {"history": "ExplorerRun.0", "point": 1, "testname": "my_lib_ota_amp_tb_1", "cornername": "Nominal"}
[2026-04-18 15:56:24.074 +0700] [INFO] [cadence.virtuoso.ade.simulationMonitor] - Total time required for ac analysis `ac': CPU = 4.104 ms, elapsed = 5.02491 ms. {"history": "ExplorerRun.0", "point": 1, "testname": "my_lib_ota_amp_tb_1", "cornername": "Nominal"}
[2026-04-18 15:56:24.074 +0700] [INFO] [cadence.virtuoso.ade.simulationMonitor] - Peak resident memory used = 109 Mbytes. {"history": "ExplorerRun.0", "point": 1, "testname": "my_lib_ota_amp_tb_1", "cornername": "Nominal"}
[2026-04-18 15:56:24.075 +0700] [INFO] [cadence.virtuoso.ade.simulationMonitor] - Total time required for dc analysis `dcOp': CPU = 1.365 ms, elapsed = 2.39491 ms. {"history": "ExplorerRun.0", "point": 1, "testname": "my_lib_ota_amp_tb_1", "cornername": "Nominal"}
[2026-04-18 15:56:24.075 +0700] [INFO] [cadence.virtuoso.ade.simulationMonitor] - Peak resident memory used = 109 Mbytes. {"history": "ExplorerRun.0", "point": 1, "testname": "my_lib_ota_amp_tb_1", "cornername": "Nominal"}
[2026-04-18 15:56:24.075 +0700] [INFO] [cadence.virtuoso.ade.simulationMonitor] - Time used: CPU = 465 ms, elapsed = 20.8 s, util. = 2.24%. {"history": "ExplorerRun.0", "point": 1, "testname": "my_lib_ota_amp_tb_1", "cornername": "Nominal"}
[2026-04-18 15:56:24.075 +0700] [INFO] [cadence.virtuoso.ade.simulationMonitor] - Time spent in licensing: elapsed = 20.3 s, percentage of total = 97.5%. {"history": "ExplorerRun.0", "point": 1, "testname": "my_lib_ota_amp_tb_1", "cornername": "Nominal"}
[2026-04-18 15:56:24.075 +0700] [INFO] [cadence.virtuoso.ade.simulationMonitor] - Peak memory used = 111 Mbytes. {"history": "ExplorerRun.0", "point": 1, "testname": "my_lib_ota_amp_tb_1", "cornername": "Nominal"}
[2026-04-18 15:56:24.075 +0700] [PROCESS] [cadence.virtuoso.ade.simulationMonitor] - Simulation started at: 3:56:02 PM, Sat Apr 18, 2026, ended at: 3:56:23 PM, Sat Apr 18, 2026, with elapsed time (wall clock): 20.8 s. {"history": "ExplorerRun.0", "point": 1, "testname": "my_lib_ota_amp_tb_1", "cornername": "Nominal"}
[2026-04-18 15:56:24.075 +0700] [PROCESS] [cadence.virtuoso.ade.simulationMonitor] - spectre completes with 0 errors, 4 warnings, and 4 notices. {"history": "ExplorerRun.0", "point": 1, "testname": "my_lib_ota_amp_tb_1", "cornername": "Nominal"}
[2026-04-18 15:56:24.075 +0700] [PROCESS] [cadence.virtuoso.ade.simulationMonitor] - Simulator exited {"hostname": "dtvt_13", "processid": 19168, "history": "ExplorerRun.0", "testname": "my_lib_ota_amp_tb_1", "cornername": "Nominal", "point": 1, "logfile": "/home/dtvt_13/truong/logs_dtvt_13/logs0/Job18.log", "exitStatus": "0"}
[2026-04-18 15:56:24.075 +0700] [PROCESS] [cadence.virtuoso.ade.simulationMonitor] - Finished Simulation {"hostname": "dtvt_13", "processid": 19168, "history": "ExplorerRun.0", "testname": "my_lib_ota_amp_tb_1", "cornername": "Nominal", "point": 1, "logfile": "/home/dtvt_13/truong/logs_dtvt_13/logs0/Job18.log", "simid": "1"}
[2026-04-18 15:56:24.579 +0700] [PROCESS] [cadence.virtuoso.ade.simulationMonitor] - Point Finished {"hostname": "dtvt_13", "processid": 19168, "history": "ExplorerRun.0", "testname": "my_lib_ota_amp_tb_1", "cornername": "Nominal", "point": 1, "logfile": "/home/dtvt_13/truong/logs_dtvt_13/logs0/Job18.log"}
[2026-04-18 15:56:25.585 +0700] [PROCESS] [cadence.virtuoso.ade.simulationMonitor] - Stay with the runId '3', Linger time '300', currentRunSyn '7', currentTestSyn '7' {"hostname": "dtvt_13", "processid": 19168, "history": "ExplorerRun.0", "testname": "my_lib_ota_amp_tb_1", "cornername": "Nominal", "point": 1, "logfile": "/home/dtvt_13/truong/logs_dtvt_13/logs0/Job18.log"}
[2026-04-18 16:01:25.540 +0700] [PROCESS] [cadence.virtuoso.ade.simulationMonitor] - Current memory used: 32.1992 MBytes, peak memory used: 32.1992 MBytes {"hostname": "dtvt_13", "processid": 19168, "history": "ExplorerRun.0", "testname": "my_lib_ota_amp_tb_1", "cornername": "Nominal", "point": 1, "logfile": "/home/dtvt_13/truong/logs_dtvt_13/logs0/Job18.log"}
[2026-04-18 16:01:25.540 +0700] [PROCESS] [cadence.virtuoso.ade.simulationMonitor] - Simulation Monitor process exit. {"hostname": "dtvt_13", "processid": 19168, "history": "ExplorerRun.0", "testname": "my_lib_ota_amp_tb_1", "cornername": "Nominal", "point": 1, "logfile": "/home/dtvt_13/truong/logs_dtvt_13/logs0/Job18.log"}
