[Simulation Monitor: 10]
[2026-04-19 12:33:50.701 +0700] [PROCESS] [cadence.virtuoso.ade.simulationMonitor] - Simulation Monitor has successfully started up. Trying to set up communication channels to other components ... {"hostname": "dtvt_13", "processid": 23418, "logfile": "/home/dtvt_13/truong/logs_dtvt_13/logs0/Job10.log"}
[2026-04-19 12:33:50.701 +0700] [PROCESS] [cadence.virtuoso.ade.simulationMonitor] - Communication channels have been successfully set up. Start processing events ... {"hostname": "dtvt_13", "processid": 23418, "logfile": "/home/dtvt_13/truong/logs_dtvt_13/logs0/Job10.log"}
[2026-04-19 12:33:50.701 +0700] [PROCESS] [cadence.virtuoso.ade.simulationMonitor] - Considering to start history {"hostname": "dtvt_13", "processid": 23418, "history": "ExplorerRun.0", "logfile": "/home/dtvt_13/truong/logs_dtvt_13/logs0/Job10.log"}
[2026-04-19 12:33:50.703 +0700] [PROCESS] [cadence.virtuoso.ade.simulationMonitor] - HostInfo:
Host name (type):	dtvt_13 (x86_64)
Operating system:	Linux 3.10.0-1160.118.1.el7.x86_64 #1 SMP Wed Apr 24 16:01:50 UTC 2024 {"hostname": "dtvt_13", "processid": 23418, "history": "ExplorerRun.0", "logfile": "/home/dtvt_13/truong/logs_dtvt_13/logs0/Job10.log", "nodename": "dtvt_13", "domainname": "(none)", "machine": "x86_64", "sysname": "Linux", "release": "3.10.0-1160.118.1.el7.x86_64", "version": "#1 SMP Wed Apr 24 16:01:50 UTC 2024"}
[2026-04-19 12:33:50.703 +0700] [PROCESS] [cadence.virtuoso.ade.simulationMonitor] - UsageInfo:
pid=23418
totalPhysicalMemory=15.208324GB,Used=14.360104GB,totalVirtualMemory=22.895821GB,Used=14.407467GB
Cpu: Cores=24, Load average:1.350000,0.480000,0.370000 {"hostname": "dtvt_13", "processid": 23418, "history": "ExplorerRun.0", "logfile": "/home/dtvt_13/truong/logs_dtvt_13/logs0/Job10.log", "pid": "23418", "totalPhysicalMemory": "15.208324", "physicalMemoryUsed": "14.360104", "totalVirtualMemory": "22.895821", "virtualMemoryUsed": "14.407467", "cpuCores": "24", "processes": "2552", "loadAverage1": "1.350000", "loadAverage5": "0.480000", "loadAverage15": "0.370000", "loadAverage1Percent": "0.056250"}
[2026-04-19 12:33:50.704 +0700] [EVENT] [cadence.virtuoso.ade.simulationMonitor] - NewPoint {"history": "ExplorerRun.0", "point": 1, "testname": "my_lib_ota_amp_tb_1", "cornername": "Nominal", "event": "NewPoint", "EventSource": "Simulation Monitor", "HistoryName": "ExplorerRun.0", "logFile": "/home/dtvt_13/truong/logs_dtvt_13/logs0/Job10.log", "logFileSize": "2100"}
[2026-04-19 12:33:50.804 +0700] [EVENT] [cadence.virtuoso.ade.simulationMonitor] - NewPoint {"history": "ExplorerRun.0", "point": 1, "testname": "my_lib_ota_amp_tb_1", "cornername": "Nominal", "event": "NewPoint", "EventSource": "spectre", "HistoryName": "ExplorerRun.0", "logFile": "/home/dtvt_13/simulation/my_lib/ota_amp_tb/maestro/results/maestro/ExplorerRun.0/1/my_lib_ota_amp_tb_1/psf/spectre.out", "logFileSize": "-1"}
[2026-04-19 12:33:50.817 +0700] [PROCESS] [cadence.virtuoso.ade.simulationMonitor] - Simulator launched {"hostname": "dtvt_13", "processid": 23418, "history": "ExplorerRun.0", "testname": "my_lib_ota_amp_tb_1", "cornername": "Nominal", "point": 1, "logfile": "/home/dtvt_13/truong/logs_dtvt_13/logs0/Job10.log", "simid": "1"}
[2026-04-19 12:33:50.821 +0700] [PROCESS] [cadence.virtuoso.ade.simulationMonitor] - Expression evaluator launched {"hostname": "dtvt_13", "processid": 23418, "history": "ExplorerRun.0", "testname": "my_lib_ota_amp_tb_1", "cornername": "Nominal", "point": 1, "logfile": "/home/dtvt_13/truong/logs_dtvt_13/logs0/Job10.log"}
[2026-04-19 12:33:50.835 +0700] [PROCESS] [cadence.virtuoso.ade.simulationMonitor] - Started Simulation {"hostname": "dtvt_13", "processid": 23418, "history": "ExplorerRun.0", "testname": "my_lib_ota_amp_tb_1", "cornername": "Nominal", "point": 1, "logfile": "/home/dtvt_13/truong/logs_dtvt_13/logs0/Job10.log"}
[2026-04-19 12:34:12.660 +0700] [PROCESS] [cadence.virtuoso.ade.simulationMonitor] - Finished simulating for one point {"hostname": "dtvt_13", "processid": 23418, "history": "ExplorerRun.0", "testname": "my_lib_ota_amp_tb_1", "cornername": "Nominal", "point": 1, "logfile": "/home/dtvt_13/truong/logs_dtvt_13/logs0/Job10.log", "simid": "1"}
[2026-04-19 12:34:12.660 +0700] [INFO] [cadence.virtuoso.ade.simulationMonitor] - Peak resident memory used = 95.6 Mbytes. {"history": "ExplorerRun.0", "point": 1, "testname": "my_lib_ota_amp_tb_1", "cornername": "Nominal"}
[2026-04-19 12:34:12.660 +0700] [INFO] [cadence.virtuoso.ade.simulationMonitor] - Peak resident memory used = 104 Mbytes. {"history": "ExplorerRun.0", "point": 1, "testname": "my_lib_ota_amp_tb_1", "cornername": "Nominal"}
[2026-04-19 12:34:12.661 +0700] [INFO] [cadence.virtuoso.ade.simulationMonitor] - Notice from spectre during hierarchy flattening.
    The value 'psf' specified for the 'checklimitdest' option will no longer be supported in future releases. Use 'spectre -h' to see other recommended values for the 'checklimitdest' option. {"history": "ExplorerRun.0", "point": 1, "testname": "my_lib_ota_amp_tb_1", "cornername": "Nominal"}
[2026-04-19 12:34:12.661 +0700] [INFO] [cadence.virtuoso.ade.simulationMonitor] - Peak resident memory used = 105 Mbytes. {"history": "ExplorerRun.0", "point": 1, "testname": "my_lib_ota_amp_tb_1", "cornername": "Nominal"}
[2026-04-19 12:34:12.661 +0700] [INFO] [cadence.virtuoso.ade.simulationMonitor] - Notice from spectre during initial setup.
    Multithreading is disabled due to the size of the design being too small. {"history": "ExplorerRun.0", "point": 1, "testname": "my_lib_ota_amp_tb_1", "cornername": "Nominal"}
[2026-04-19 12:34:12.662 +0700] [INFO] [cadence.virtuoso.ade.simulationMonitor] -               nodes 43 {"history": "ExplorerRun.0", "point": 1, "testname": "my_lib_ota_amp_tb_1", "cornername": "Nominal"}
[2026-04-19 12:34:12.662 +0700] [INFO] [cadence.virtuoso.ade.simulationMonitor] - Notice from spectre during initial setup.
    APS enabled. {"history": "ExplorerRun.0", "point": 1, "testname": "my_lib_ota_amp_tb_1", "cornername": "Nominal"}
[2026-04-19 12:34:12.662 +0700] [INFO] [cadence.virtuoso.ade.simulationMonitor] - Peak resident memory used = 107 Mbytes. {"history": "ExplorerRun.0", "point": 1, "testname": "my_lib_ota_amp_tb_1", "cornername": "Nominal"}
[2026-04-19 12:34:12.662 +0700] [INFO] [cadence.virtuoso.ade.simulationMonitor] -    -   (APS) Multi-threading. The recommended number of threads is 1, consider adding +mt=1 on command line. {"history": "ExplorerRun.0", "point": 1, "testname": "my_lib_ota_amp_tb_1", "cornername": "Nominal"}
[2026-04-19 12:34:12.662 +0700] [INFO] [cadence.virtuoso.ade.simulationMonitor] - Total time required for ac analysis `ac': CPU = 4.034 ms, elapsed = 5.02396 ms. {"history": "ExplorerRun.0", "point": 1, "testname": "my_lib_ota_amp_tb_1", "cornername": "Nominal"}
[2026-04-19 12:34:12.663 +0700] [INFO] [cadence.virtuoso.ade.simulationMonitor] - Peak resident memory used = 109 Mbytes. {"history": "ExplorerRun.0", "point": 1, "testname": "my_lib_ota_amp_tb_1", "cornername": "Nominal"}
[2026-04-19 12:34:12.663 +0700] [INFO] [cadence.virtuoso.ade.simulationMonitor] - Total time required for dc analysis `dcOp': CPU = 1.895 ms, elapsed = 2.97689 ms. {"history": "ExplorerRun.0", "point": 1, "testname": "my_lib_ota_amp_tb_1", "cornername": "Nominal"}
[2026-04-19 12:34:12.663 +0700] [INFO] [cadence.virtuoso.ade.simulationMonitor] - Peak resident memory used = 109 Mbytes. {"history": "ExplorerRun.0", "point": 1, "testname": "my_lib_ota_amp_tb_1", "cornername": "Nominal"}
[2026-04-19 12:34:12.663 +0700] [INFO] [cadence.virtuoso.ade.simulationMonitor] - Time used: CPU = 563 ms, elapsed = 21.2 s, util. = 2.66%. {"history": "ExplorerRun.0", "point": 1, "testname": "my_lib_ota_amp_tb_1", "cornername": "Nominal"}
[2026-04-19 12:34:12.663 +0700] [INFO] [cadence.virtuoso.ade.simulationMonitor] - Time spent in licensing: elapsed = 20.6 s, percentage of total = 97.2%. {"history": "ExplorerRun.0", "point": 1, "testname": "my_lib_ota_amp_tb_1", "cornername": "Nominal"}
[2026-04-19 12:34:12.663 +0700] [INFO] [cadence.virtuoso.ade.simulationMonitor] - Peak memory used = 111 Mbytes. {"history": "ExplorerRun.0", "point": 1, "testname": "my_lib_ota_amp_tb_1", "cornername": "Nominal"}
[2026-04-19 12:34:12.663 +0700] [PROCESS] [cadence.virtuoso.ade.simulationMonitor] - Simulation started at: 12:33:51 PM, Sun Apr 19, 2026, ended at: 12:34:12 PM, Sun Apr 19, 2026, with elapsed time (wall clock): 21.2 s. {"history": "ExplorerRun.0", "point": 1, "testname": "my_lib_ota_amp_tb_1", "cornername": "Nominal"}
[2026-04-19 12:34:12.664 +0700] [PROCESS] [cadence.virtuoso.ade.simulationMonitor] - spectre completes with 0 errors, 0 warnings, and 4 notices. {"history": "ExplorerRun.0", "point": 1, "testname": "my_lib_ota_amp_tb_1", "cornername": "Nominal"}
[2026-04-19 12:34:12.664 +0700] [PROCESS] [cadence.virtuoso.ade.simulationMonitor] - Simulator exited {"hostname": "dtvt_13", "processid": 23418, "history": "ExplorerRun.0", "testname": "my_lib_ota_amp_tb_1", "cornername": "Nominal", "point": 1, "logfile": "/home/dtvt_13/truong/logs_dtvt_13/logs0/Job10.log", "exitStatus": "0"}
[2026-04-19 12:34:12.664 +0700] [PROCESS] [cadence.virtuoso.ade.simulationMonitor] - Finished Simulation {"hostname": "dtvt_13", "processid": 23418, "history": "ExplorerRun.0", "testname": "my_lib_ota_amp_tb_1", "cornername": "Nominal", "point": 1, "logfile": "/home/dtvt_13/truong/logs_dtvt_13/logs0/Job10.log", "simid": "1"}
[2026-04-19 12:34:13.177 +0700] [PROCESS] [cadence.virtuoso.ade.simulationMonitor] - Point Finished {"hostname": "dtvt_13", "processid": 23418, "history": "ExplorerRun.0", "testname": "my_lib_ota_amp_tb_1", "cornername": "Nominal", "point": 1, "logfile": "/home/dtvt_13/truong/logs_dtvt_13/logs0/Job10.log"}
[2026-04-19 12:34:30.726 +0700] [INFO] [cadence.virtuoso.ade.simulationMonitor] - SimulationMonitor has terminated the vds process '23498', reason: 'Force to stop the expression evalutor process because of new run' {"history": "ExplorerRun.0", "point": 1, "testname": "my_lib_ota_amp_tb_1", "cornername": "Nominal"}
[2026-04-19 12:34:30.726 +0700] [PROCESS] [cadence.virtuoso.ade.simulationMonitor] - HostInfo:
Host name (type):	dtvt_13 (x86_64)
Operating system:	Linux 3.10.0-1160.118.1.el7.x86_64 #1 SMP Wed Apr 24 16:01:50 UTC 2024 {"hostname": "dtvt_13", "processid": 23418, "history": "ExplorerRun.0", "testname": "my_lib_ota_amp_tb_1", "cornername": "Nominal", "point": 1, "logfile": "/home/dtvt_13/truong/logs_dtvt_13/logs0/Job10.log", "nodename": "dtvt_13", "domainname": "(none)", "machine": "x86_64", "sysname": "Linux", "release": "3.10.0-1160.118.1.el7.x86_64", "version": "#1 SMP Wed Apr 24 16:01:50 UTC 2024"}
[2026-04-19 12:34:30.726 +0700] [PROCESS] [cadence.virtuoso.ade.simulationMonitor] - UsageInfo:
pid=23418
totalPhysicalMemory=15.208324GB,Used=14.368706GB,totalVirtualMemory=22.895821GB,Used=14.416069GB
Cpu: Cores=24, Load average:1.080000,0.520000,0.390000 {"hostname": "dtvt_13", "processid": 23418, "history": "ExplorerRun.0", "testname": "my_lib_ota_amp_tb_1", "cornername": "Nominal", "point": 1, "logfile": "/home/dtvt_13/truong/logs_dtvt_13/logs0/Job10.log", "pid": "23418", "totalPhysicalMemory": "15.208324", "physicalMemoryUsed": "14.368706", "totalVirtualMemory": "22.895821", "virtualMemoryUsed": "14.416069", "cpuCores": "24", "processes": "2576", "loadAverage1": "1.080000", "loadAverage5": "0.520000", "loadAverage15": "0.390000", "loadAverage1Percent": "0.045000"}
[2026-04-19 12:34:30.726 +0700] [EVENT] [cadence.virtuoso.ade.simulationMonitor] - NewPoint {"history": "ExplorerRun.0", "point": 1, "testname": "my_lib_ota_amp_tb_1", "cornername": "Nominal", "event": "NewPoint", "EventSource": "Simulation Monitor", "HistoryName": "ExplorerRun.0", "logFile": "/home/dtvt_13/truong/logs_dtvt_13/logs0/Job10.log", "logFileSize": "11478"}
[2026-04-19 12:34:30.827 +0700] [EVENT] [cadence.virtuoso.ade.simulationMonitor] - NewPoint {"history": "ExplorerRun.0", "point": 1, "testname": "my_lib_ota_amp_tb_1", "cornername": "Nominal", "event": "NewPoint", "EventSource": "spectre", "HistoryName": "ExplorerRun.0", "logFile": "/home/dtvt_13/simulation/my_lib/ota_amp_tb/maestro/results/maestro/ExplorerRun.0/1/my_lib_ota_amp_tb_1/psf/spectre.out", "logFileSize": "-1"}
[2026-04-19 12:34:30.837 +0700] [PROCESS] [cadence.virtuoso.ade.simulationMonitor] - Simulator launched {"hostname": "dtvt_13", "processid": 23418, "history": "ExplorerRun.0", "testname": "my_lib_ota_amp_tb_1", "cornername": "Nominal", "point": 1, "logfile": "/home/dtvt_13/truong/logs_dtvt_13/logs0/Job10.log", "simid": "2"}
[2026-04-19 12:34:30.840 +0700] [PROCESS] [cadence.virtuoso.ade.simulationMonitor] - Expression evaluator launched {"hostname": "dtvt_13", "processid": 23418, "history": "ExplorerRun.0", "testname": "my_lib_ota_amp_tb_1", "cornername": "Nominal", "point": 1, "logfile": "/home/dtvt_13/truong/logs_dtvt_13/logs0/Job10.log"}
[2026-04-19 12:34:30.855 +0700] [PROCESS] [cadence.virtuoso.ade.simulationMonitor] - Started Simulation {"hostname": "dtvt_13", "processid": 23418, "history": "ExplorerRun.0", "testname": "my_lib_ota_amp_tb_1", "cornername": "Nominal", "point": 1, "logfile": "/home/dtvt_13/truong/logs_dtvt_13/logs0/Job10.log"}
[2026-04-19 12:34:52.661 +0700] [PROCESS] [cadence.virtuoso.ade.simulationMonitor] - Finished simulating for one point {"hostname": "dtvt_13", "processid": 23418, "history": "ExplorerRun.0", "testname": "my_lib_ota_amp_tb_1", "cornername": "Nominal", "point": 1, "logfile": "/home/dtvt_13/truong/logs_dtvt_13/logs0/Job10.log", "simid": "2"}
[2026-04-19 12:34:52.662 +0700] [INFO] [cadence.virtuoso.ade.simulationMonitor] - Peak resident memory used = 95.6 Mbytes. {"history": "ExplorerRun.0", "point": 1, "testname": "my_lib_ota_amp_tb_1", "cornername": "Nominal"}
[2026-04-19 12:34:52.662 +0700] [INFO] [cadence.virtuoso.ade.simulationMonitor] - Peak resident memory used = 104 Mbytes. {"history": "ExplorerRun.0", "point": 1, "testname": "my_lib_ota_amp_tb_1", "cornername": "Nominal"}
[2026-04-19 12:34:52.663 +0700] [INFO] [cadence.virtuoso.ade.simulationMonitor] - Notice from spectre during hierarchy flattening.
    The value 'psf' specified for the 'checklimitdest' option will no longer be supported in future releases. Use 'spectre -h' to see other recommended values for the 'checklimitdest' option. {"history": "ExplorerRun.0", "point": 1, "testname": "my_lib_ota_amp_tb_1", "cornername": "Nominal"}
[2026-04-19 12:34:52.663 +0700] [INFO] [cadence.virtuoso.ade.simulationMonitor] - Peak resident memory used = 105 Mbytes. {"history": "ExplorerRun.0", "point": 1, "testname": "my_lib_ota_amp_tb_1", "cornername": "Nominal"}
[2026-04-19 12:34:52.664 +0700] [INFO] [cadence.virtuoso.ade.simulationMonitor] - Notice from spectre during initial setup.
    Multithreading is disabled due to the size of the design being too small. {"history": "ExplorerRun.0", "point": 1, "testname": "my_lib_ota_amp_tb_1", "cornername": "Nominal"}
[2026-04-19 12:34:52.665 +0700] [INFO] [cadence.virtuoso.ade.simulationMonitor] -               nodes 43 {"history": "ExplorerRun.0", "point": 1, "testname": "my_lib_ota_amp_tb_1", "cornername": "Nominal"}
[2026-04-19 12:34:52.666 +0700] [INFO] [cadence.virtuoso.ade.simulationMonitor] - Notice from spectre during initial setup.
    APS enabled. {"history": "ExplorerRun.0", "point": 1, "testname": "my_lib_ota_amp_tb_1", "cornername": "Nominal"}
[2026-04-19 12:34:52.666 +0700] [INFO] [cadence.virtuoso.ade.simulationMonitor] - Peak resident memory used = 107 Mbytes. {"history": "ExplorerRun.0", "point": 1, "testname": "my_lib_ota_amp_tb_1", "cornername": "Nominal"}
[2026-04-19 12:34:52.666 +0700] [INFO] [cadence.virtuoso.ade.simulationMonitor] -    -   (APS) Multi-threading. The recommended number of threads is 1, consider adding +mt=1 on command line. {"history": "ExplorerRun.0", "point": 1, "testname": "my_lib_ota_amp_tb_1", "cornername": "Nominal"}
[2026-04-19 12:34:52.667 +0700] [INFO] [cadence.virtuoso.ade.simulationMonitor] - Total time required for ac analysis `ac': CPU = 4.948 ms, elapsed = 6.03604 ms. {"history": "ExplorerRun.0", "point": 1, "testname": "my_lib_ota_amp_tb_1", "cornername": "Nominal"}
[2026-04-19 12:34:52.667 +0700] [INFO] [cadence.virtuoso.ade.simulationMonitor] - Peak resident memory used = 109 Mbytes. {"history": "ExplorerRun.0", "point": 1, "testname": "my_lib_ota_amp_tb_1", "cornername": "Nominal"}
[2026-04-19 12:34:52.667 +0700] [INFO] [cadence.virtuoso.ade.simulationMonitor] - Total time required for dc analysis `dcOp': CPU = 1.971 ms, elapsed = 2.98619 ms. {"history": "ExplorerRun.0", "point": 1, "testname": "my_lib_ota_amp_tb_1", "cornername": "Nominal"}
[2026-04-19 12:34:52.667 +0700] [INFO] [cadence.virtuoso.ade.simulationMonitor] - Peak resident memory used = 109 Mbytes. {"history": "ExplorerRun.0", "point": 1, "testname": "my_lib_ota_amp_tb_1", "cornername": "Nominal"}
[2026-04-19 12:34:52.667 +0700] [INFO] [cadence.virtuoso.ade.simulationMonitor] - Time used: CPU = 519 ms, elapsed = 21.3 s, util. = 2.43%. {"history": "ExplorerRun.0", "point": 1, "testname": "my_lib_ota_amp_tb_1", "cornername": "Nominal"}
[2026-04-19 12:34:52.668 +0700] [INFO] [cadence.virtuoso.ade.simulationMonitor] - Time spent in licensing: elapsed = 20.8 s, percentage of total = 97.6%. {"history": "ExplorerRun.0", "point": 1, "testname": "my_lib_ota_amp_tb_1", "cornername": "Nominal"}
[2026-04-19 12:34:52.668 +0700] [INFO] [cadence.virtuoso.ade.simulationMonitor] - Peak memory used = 111 Mbytes. {"history": "ExplorerRun.0", "point": 1, "testname": "my_lib_ota_amp_tb_1", "cornername": "Nominal"}
[2026-04-19 12:34:52.668 +0700] [PROCESS] [cadence.virtuoso.ade.simulationMonitor] - Simulation started at: 12:34:31 PM, Sun Apr 19, 2026, ended at: 12:34:52 PM, Sun Apr 19, 2026, with elapsed time (wall clock): 21.3 s. {"history": "ExplorerRun.0", "point": 1, "testname": "my_lib_ota_amp_tb_1", "cornername": "Nominal"}
[2026-04-19 12:34:52.668 +0700] [PROCESS] [cadence.virtuoso.ade.simulationMonitor] - spectre completes with 0 errors, 0 warnings, and 4 notices. {"history": "ExplorerRun.0", "point": 1, "testname": "my_lib_ota_amp_tb_1", "cornername": "Nominal"}
[2026-04-19 12:34:52.668 +0700] [PROCESS] [cadence.virtuoso.ade.simulationMonitor] - Simulator exited {"hostname": "dtvt_13", "processid": 23418, "history": "ExplorerRun.0", "testname": "my_lib_ota_amp_tb_1", "cornername": "Nominal", "point": 1, "logfile": "/home/dtvt_13/truong/logs_dtvt_13/logs0/Job10.log", "exitStatus": "0"}
[2026-04-19 12:34:52.669 +0700] [PROCESS] [cadence.virtuoso.ade.simulationMonitor] - Finished Simulation {"hostname": "dtvt_13", "processid": 23418, "history": "ExplorerRun.0", "testname": "my_lib_ota_amp_tb_1", "cornername": "Nominal", "point": 1, "logfile": "/home/dtvt_13/truong/logs_dtvt_13/logs0/Job10.log", "simid": "2"}
[2026-04-19 12:34:53.685 +0700] [PROCESS] [cadence.virtuoso.ade.simulationMonitor] - Point Finished {"hostname": "dtvt_13", "processid": 23418, "history": "ExplorerRun.0", "testname": "my_lib_ota_amp_tb_1", "cornername": "Nominal", "point": 1, "logfile": "/home/dtvt_13/truong/logs_dtvt_13/logs0/Job10.log"}
[2026-04-19 12:39:54.198 +0700] [PROCESS] [cadence.virtuoso.ade.simulationMonitor] - Current memory used: 32.2148 MBytes, peak memory used: 32.2148 MBytes {"hostname": "dtvt_13", "processid": 23418, "history": "ExplorerRun.0", "testname": "my_lib_ota_amp_tb_1", "cornername": "Nominal", "point": 1, "logfile": "/home/dtvt_13/truong/logs_dtvt_13/logs0/Job10.log"}
[2026-04-19 12:39:54.198 +0700] [PROCESS] [cadence.virtuoso.ade.simulationMonitor] - Simulation Monitor process exit. {"hostname": "dtvt_13", "processid": 23418, "history": "ExplorerRun.0", "testname": "my_lib_ota_amp_tb_1", "cornername": "Nominal", "point": 1, "logfile": "/home/dtvt_13/truong/logs_dtvt_13/logs0/Job10.log"}
