[Simulation Monitor: 13]
[2026-04-08 20:39:54.658 +0700] [PROCESS] [cadence.virtuoso.ade.simulationMonitor] - Simulation Monitor has successfully started up. Trying to set up communication channels to other components ... {"hostname": "dtvt_13", "processid": 9899, "logfile": "/home/dtvt_13/truong/logs_dtvt_13/logs0/Job13.log"}
[2026-04-08 20:39:54.659 +0700] [PROCESS] [cadence.virtuoso.ade.simulationMonitor] - Communication channels have been successfully set up. Start processing events ... {"hostname": "dtvt_13", "processid": 9899, "logfile": "/home/dtvt_13/truong/logs_dtvt_13/logs0/Job13.log"}
[2026-04-08 20:39:54.659 +0700] [PROCESS] [cadence.virtuoso.ade.simulationMonitor] - Considering to start history {"hostname": "dtvt_13", "processid": 9899, "history": "ExplorerRun.0", "logfile": "/home/dtvt_13/truong/logs_dtvt_13/logs0/Job13.log"}
[2026-04-08 20:39:54.660 +0700] [PROCESS] [cadence.virtuoso.ade.simulationMonitor] - HostInfo:
Host name (type):	dtvt_13 (x86_64)
Operating system:	Linux 3.10.0-1160.118.1.el7.x86_64 #1 SMP Wed Apr 24 16:01:50 UTC 2024 {"hostname": "dtvt_13", "processid": 9899, "history": "ExplorerRun.0", "logfile": "/home/dtvt_13/truong/logs_dtvt_13/logs0/Job13.log", "nodename": "dtvt_13", "domainname": "(none)", "machine": "x86_64", "sysname": "Linux", "release": "3.10.0-1160.118.1.el7.x86_64", "version": "#1 SMP Wed Apr 24 16:01:50 UTC 2024"}
[2026-04-08 20:39:54.660 +0700] [PROCESS] [cadence.virtuoso.ade.simulationMonitor] - UsageInfo:
pid=9899
totalPhysicalMemory=15.208324GB,Used=14.921238GB,totalVirtualMemory=22.895821GB,Used=14.946384GB
Cpu: Cores=24, Load average:0.230000,0.170000,0.190000 {"hostname": "dtvt_13", "processid": 9899, "history": "ExplorerRun.0", "logfile": "/home/dtvt_13/truong/logs_dtvt_13/logs0/Job13.log", "pid": "9899", "totalPhysicalMemory": "15.208324", "physicalMemoryUsed": "14.921238", "totalVirtualMemory": "22.895821", "virtualMemoryUsed": "14.946384", "cpuCores": "24", "processes": "2698", "loadAverage1": "0.230000", "loadAverage5": "0.170000", "loadAverage15": "0.190000", "loadAverage1Percent": "0.009583"}
[2026-04-08 20:39:54.661 +0700] [EVENT] [cadence.virtuoso.ade.simulationMonitor] - NewPoint {"history": "ExplorerRun.0", "point": 1, "testname": "my_lib_cs_amp_tb_1", "cornername": "Nominal", "event": "NewPoint", "EventSource": "Simulation Monitor", "HistoryName": "ExplorerRun.0", "logFile": "/home/dtvt_13/truong/logs_dtvt_13/logs0/Job13.log", "logFileSize": "2093"}
[2026-04-08 20:39:54.762 +0700] [EVENT] [cadence.virtuoso.ade.simulationMonitor] - NewPoint {"history": "ExplorerRun.0", "point": 1, "testname": "my_lib_cs_amp_tb_1", "cornername": "Nominal", "event": "NewPoint", "EventSource": "spectre", "HistoryName": "ExplorerRun.0", "logFile": "/home/dtvt_13/simulation/my_lib/cs_amp_tb/maestro/results/maestro/ExplorerRun.0/1/my_lib_cs_amp_tb_1/psf/spectre.out", "logFileSize": "7640"}
[2026-04-08 20:39:54.773 +0700] [PROCESS] [cadence.virtuoso.ade.simulationMonitor] - Simulator launched {"hostname": "dtvt_13", "processid": 9899, "history": "ExplorerRun.0", "testname": "my_lib_cs_amp_tb_1", "cornername": "Nominal", "point": 1, "logfile": "/home/dtvt_13/truong/logs_dtvt_13/logs0/Job13.log", "simid": "1"}
[2026-04-08 20:39:54.777 +0700] [PROCESS] [cadence.virtuoso.ade.simulationMonitor] - Expression evaluator launched {"hostname": "dtvt_13", "processid": 9899, "history": "ExplorerRun.0", "testname": "my_lib_cs_amp_tb_1", "cornername": "Nominal", "point": 1, "logfile": "/home/dtvt_13/truong/logs_dtvt_13/logs0/Job13.log"}
[2026-04-08 20:39:54.790 +0700] [PROCESS] [cadence.virtuoso.ade.simulationMonitor] - Started Simulation {"hostname": "dtvt_13", "processid": 9899, "history": "ExplorerRun.0", "testname": "my_lib_cs_amp_tb_1", "cornername": "Nominal", "point": 1, "logfile": "/home/dtvt_13/truong/logs_dtvt_13/logs0/Job13.log"}
[2026-04-08 20:40:16.645 +0700] [PROCESS] [cadence.virtuoso.ade.simulationMonitor] - Finished simulating for one point {"hostname": "dtvt_13", "processid": 9899, "history": "ExplorerRun.0", "testname": "my_lib_cs_amp_tb_1", "cornername": "Nominal", "point": 1, "logfile": "/home/dtvt_13/truong/logs_dtvt_13/logs0/Job13.log", "simid": "1"}
[2026-04-08 20:40:16.645 +0700] [INFO] [cadence.virtuoso.ade.simulationMonitor] - Peak resident memory used = 95.5 Mbytes. {"history": "ExplorerRun.0", "point": 1, "testname": "my_lib_cs_amp_tb_1", "cornername": "Nominal"}
[2026-04-08 20:40:16.645 +0700] [INFO] [cadence.virtuoso.ade.simulationMonitor] - Peak resident memory used = 104 Mbytes. {"history": "ExplorerRun.0", "point": 1, "testname": "my_lib_cs_amp_tb_1", "cornername": "Nominal"}
[2026-04-08 20:40:16.645 +0700] [INFO] [cadence.virtuoso.ade.simulationMonitor] - Notice from spectre during hierarchy flattening.
    The value 'psf' specified for the 'checklimitdest' option will no longer be supported in future releases. Use 'spectre -h' to see other recommended values for the 'checklimitdest' option. {"history": "ExplorerRun.0", "point": 1, "testname": "my_lib_cs_amp_tb_1", "cornername": "Nominal"}
[2026-04-08 20:40:16.646 +0700] [INFO] [cadence.virtuoso.ade.simulationMonitor] - Peak resident memory used = 105 Mbytes. {"history": "ExplorerRun.0", "point": 1, "testname": "my_lib_cs_amp_tb_1", "cornername": "Nominal"}
[2026-04-08 20:40:16.646 +0700] [INFO] [cadence.virtuoso.ade.simulationMonitor] - Notice from spectre during initial setup.
    Multithreading is disabled due to the size of the design being too small. {"history": "ExplorerRun.0", "point": 1, "testname": "my_lib_cs_amp_tb_1", "cornername": "Nominal"}
[2026-04-08 20:40:16.646 +0700] [INFO] [cadence.virtuoso.ade.simulationMonitor] -               nodes 5 {"history": "ExplorerRun.0", "point": 1, "testname": "my_lib_cs_amp_tb_1", "cornername": "Nominal"}
[2026-04-08 20:40:16.646 +0700] [INFO] [cadence.virtuoso.ade.simulationMonitor] - Notice from spectre during initial setup.
    1 vsources are shorted because their absolute value is less than or equal to 'vabsshort'.
    APS enabled. {"history": "ExplorerRun.0", "point": 1, "testname": "my_lib_cs_amp_tb_1", "cornername": "Nominal"}
[2026-04-08 20:40:16.647 +0700] [INFO] [cadence.virtuoso.ade.simulationMonitor] - Peak resident memory used = 106 Mbytes. {"history": "ExplorerRun.0", "point": 1, "testname": "my_lib_cs_amp_tb_1", "cornername": "Nominal"}
[2026-04-08 20:40:16.647 +0700] [INFO] [cadence.virtuoso.ade.simulationMonitor] -    -   (APS) Multi-threading. The recommended number of threads is 1, consider adding +mt=1 on command line. {"history": "ExplorerRun.0", "point": 1, "testname": "my_lib_cs_amp_tb_1", "cornername": "Nominal"}
[2026-04-08 20:40:16.647 +0700] [INFO] [cadence.virtuoso.ade.simulationMonitor] - Total time required for dc analysis `dcOp': CPU = 1.648 ms, elapsed = 2.54703 ms. {"history": "ExplorerRun.0", "point": 1, "testname": "my_lib_cs_amp_tb_1", "cornername": "Nominal"}
[2026-04-08 20:40:16.647 +0700] [INFO] [cadence.virtuoso.ade.simulationMonitor] - Peak resident memory used = 108 Mbytes. {"history": "ExplorerRun.0", "point": 1, "testname": "my_lib_cs_amp_tb_1", "cornername": "Nominal"}
[2026-04-08 20:40:16.647 +0700] [INFO] [cadence.virtuoso.ade.simulationMonitor] - Time used: CPU = 520 ms, elapsed = 21.2 s, util. = 2.46%. {"history": "ExplorerRun.0", "point": 1, "testname": "my_lib_cs_amp_tb_1", "cornername": "Nominal"}
[2026-04-08 20:40:16.647 +0700] [INFO] [cadence.virtuoso.ade.simulationMonitor] - Time spent in licensing: elapsed = 20.6 s, percentage of total = 97.2%. {"history": "ExplorerRun.0", "point": 1, "testname": "my_lib_cs_amp_tb_1", "cornername": "Nominal"}
[2026-04-08 20:40:16.647 +0700] [INFO] [cadence.virtuoso.ade.simulationMonitor] - Peak memory used = 110 Mbytes. {"history": "ExplorerRun.0", "point": 1, "testname": "my_lib_cs_amp_tb_1", "cornername": "Nominal"}
[2026-04-08 20:40:16.648 +0700] [PROCESS] [cadence.virtuoso.ade.simulationMonitor] - Simulation started at: 8:39:55 PM, Wed Apr 8, 2026, ended at: 8:40:16 PM, Wed Apr 8, 2026, with elapsed time (wall clock): 21.2 s. {"history": "ExplorerRun.0", "point": 1, "testname": "my_lib_cs_amp_tb_1", "cornername": "Nominal"}
[2026-04-08 20:40:16.648 +0700] [PROCESS] [cadence.virtuoso.ade.simulationMonitor] - spectre completes with 0 errors, 0 warnings, and 5 notices. {"history": "ExplorerRun.0", "point": 1, "testname": "my_lib_cs_amp_tb_1", "cornername": "Nominal"}
[2026-04-08 20:40:16.648 +0700] [PROCESS] [cadence.virtuoso.ade.simulationMonitor] - Simulator exited {"hostname": "dtvt_13", "processid": 9899, "history": "ExplorerRun.0", "testname": "my_lib_cs_amp_tb_1", "cornername": "Nominal", "point": 1, "logfile": "/home/dtvt_13/truong/logs_dtvt_13/logs0/Job13.log", "exitStatus": "0"}
[2026-04-08 20:40:16.648 +0700] [PROCESS] [cadence.virtuoso.ade.simulationMonitor] - Finished Simulation {"hostname": "dtvt_13", "processid": 9899, "history": "ExplorerRun.0", "testname": "my_lib_cs_amp_tb_1", "cornername": "Nominal", "point": 1, "logfile": "/home/dtvt_13/truong/logs_dtvt_13/logs0/Job13.log", "simid": "1"}
[2026-04-08 20:40:17.168 +0700] [PROCESS] [cadence.virtuoso.ade.simulationMonitor] - Point Finished {"hostname": "dtvt_13", "processid": 9899, "history": "ExplorerRun.0", "testname": "my_lib_cs_amp_tb_1", "cornername": "Nominal", "point": 1, "logfile": "/home/dtvt_13/truong/logs_dtvt_13/logs0/Job13.log"}
[2026-04-08 20:45:18.127 +0700] [PROCESS] [cadence.virtuoso.ade.simulationMonitor] - Current memory used: 32.1562 MBytes, peak memory used: 32.1562 MBytes {"hostname": "dtvt_13", "processid": 9899, "history": "ExplorerRun.0", "testname": "my_lib_cs_amp_tb_1", "cornername": "Nominal", "point": 1, "logfile": "/home/dtvt_13/truong/logs_dtvt_13/logs0/Job13.log"}
[2026-04-08 20:45:18.127 +0700] [PROCESS] [cadence.virtuoso.ade.simulationMonitor] - Simulation Monitor process exit. {"hostname": "dtvt_13", "processid": 9899, "history": "ExplorerRun.0", "testname": "my_lib_cs_amp_tb_1", "cornername": "Nominal", "point": 1, "logfile": "/home/dtvt_13/truong/logs_dtvt_13/logs0/Job13.log"}
