[Simulation Monitor: 11]
[2026-04-19 12:40:07.579 +0700] [PROCESS] [cadence.virtuoso.ade.simulationMonitor] - Simulation Monitor has successfully started up. Trying to set up communication channels to other components ... {"hostname": "dtvt_13", "processid": 25708, "logfile": "/home/dtvt_13/truong/logs_dtvt_13/logs0/Job11.log"}
[2026-04-19 12:40:07.580 +0700] [PROCESS] [cadence.virtuoso.ade.simulationMonitor] - Communication channels have been successfully set up. Start processing events ... {"hostname": "dtvt_13", "processid": 25708, "logfile": "/home/dtvt_13/truong/logs_dtvt_13/logs0/Job11.log"}
[2026-04-19 12:40:07.580 +0700] [PROCESS] [cadence.virtuoso.ade.simulationMonitor] - Considering to start history {"hostname": "dtvt_13", "processid": 25708, "history": "ExplorerRun.0", "logfile": "/home/dtvt_13/truong/logs_dtvt_13/logs0/Job11.log"}
[2026-04-19 12:40:07.581 +0700] [PROCESS] [cadence.virtuoso.ade.simulationMonitor] - HostInfo:
Host name (type):	dtvt_13 (x86_64)
Operating system:	Linux 3.10.0-1160.118.1.el7.x86_64 #1 SMP Wed Apr 24 16:01:50 UTC 2024 {"hostname": "dtvt_13", "processid": 25708, "history": "ExplorerRun.0", "logfile": "/home/dtvt_13/truong/logs_dtvt_13/logs0/Job11.log", "nodename": "dtvt_13", "domainname": "(none)", "machine": "x86_64", "sysname": "Linux", "release": "3.10.0-1160.118.1.el7.x86_64", "version": "#1 SMP Wed Apr 24 16:01:50 UTC 2024"}
[2026-04-19 12:40:07.582 +0700] [PROCESS] [cadence.virtuoso.ade.simulationMonitor] - UsageInfo:
pid=25708
totalPhysicalMemory=15.208324GB,Used=14.376488GB,totalVirtualMemory=22.895821GB,Used=14.423851GB
Cpu: Cores=24, Load average:0.370000,0.380000,0.370000 {"hostname": "dtvt_13", "processid": 25708, "history": "ExplorerRun.0", "logfile": "/home/dtvt_13/truong/logs_dtvt_13/logs0/Job11.log", "pid": "25708", "totalPhysicalMemory": "15.208324", "physicalMemoryUsed": "14.376488", "totalVirtualMemory": "22.895821", "virtualMemoryUsed": "14.423851", "cpuCores": "24", "processes": "2562", "loadAverage1": "0.370000", "loadAverage5": "0.380000", "loadAverage15": "0.370000", "loadAverage1Percent": "0.015417"}
[2026-04-19 12:40:07.582 +0700] [EVENT] [cadence.virtuoso.ade.simulationMonitor] - NewPoint {"history": "ExplorerRun.0", "point": 1, "testname": "my_lib_ota_amp_tb_1", "cornername": "Nominal", "event": "NewPoint", "EventSource": "Simulation Monitor", "HistoryName": "ExplorerRun.0", "logFile": "/home/dtvt_13/truong/logs_dtvt_13/logs0/Job11.log", "logFileSize": "2100"}
[2026-04-19 12:40:07.682 +0700] [EVENT] [cadence.virtuoso.ade.simulationMonitor] - NewPoint {"history": "ExplorerRun.0", "point": 1, "testname": "my_lib_ota_amp_tb_1", "cornername": "Nominal", "event": "NewPoint", "EventSource": "spectre", "HistoryName": "ExplorerRun.0", "logFile": "/home/dtvt_13/simulation/my_lib/ota_amp_tb/maestro/results/maestro/ExplorerRun.0/1/my_lib_ota_amp_tb_1/psf/spectre.out", "logFileSize": "-1"}
[2026-04-19 12:40:07.686 +0700] [PROCESS] [cadence.virtuoso.ade.simulationMonitor] - Simulator launched {"hostname": "dtvt_13", "processid": 25708, "history": "ExplorerRun.0", "testname": "my_lib_ota_amp_tb_1", "cornername": "Nominal", "point": 1, "logfile": "/home/dtvt_13/truong/logs_dtvt_13/logs0/Job11.log", "simid": "1"}
[2026-04-19 12:40:07.687 +0700] [PROCESS] [cadence.virtuoso.ade.simulationMonitor] - Expression evaluator launched {"hostname": "dtvt_13", "processid": 25708, "history": "ExplorerRun.0", "testname": "my_lib_ota_amp_tb_1", "cornername": "Nominal", "point": 1, "logfile": "/home/dtvt_13/truong/logs_dtvt_13/logs0/Job11.log"}
[2026-04-19 12:40:07.691 +0700] [PROCESS] [cadence.virtuoso.ade.simulationMonitor] - Started Simulation {"hostname": "dtvt_13", "processid": 25708, "history": "ExplorerRun.0", "testname": "my_lib_ota_amp_tb_1", "cornername": "Nominal", "point": 1, "logfile": "/home/dtvt_13/truong/logs_dtvt_13/logs0/Job11.log"}
[2026-04-19 12:40:28.981 +0700] [PROCESS] [cadence.virtuoso.ade.simulationMonitor] - Finished simulating for one point {"hostname": "dtvt_13", "processid": 25708, "history": "ExplorerRun.0", "testname": "my_lib_ota_amp_tb_1", "cornername": "Nominal", "point": 1, "logfile": "/home/dtvt_13/truong/logs_dtvt_13/logs0/Job11.log", "simid": "1"}
[2026-04-19 12:40:28.982 +0700] [INFO] [cadence.virtuoso.ade.simulationMonitor] - Peak resident memory used = 95.6 Mbytes. {"history": "ExplorerRun.0", "point": 1, "testname": "my_lib_ota_amp_tb_1", "cornername": "Nominal"}
[2026-04-19 12:40:28.983 +0700] [INFO] [cadence.virtuoso.ade.simulationMonitor] - Peak resident memory used = 104 Mbytes. {"history": "ExplorerRun.0", "point": 1, "testname": "my_lib_ota_amp_tb_1", "cornername": "Nominal"}
[2026-04-19 12:40:28.983 +0700] [INFO] [cadence.virtuoso.ade.simulationMonitor] - Notice from spectre during hierarchy flattening.
    The value 'psf' specified for the 'checklimitdest' option will no longer be supported in future releases. Use 'spectre -h' to see other recommended values for the 'checklimitdest' option. {"history": "ExplorerRun.0", "point": 1, "testname": "my_lib_ota_amp_tb_1", "cornername": "Nominal"}
[2026-04-19 12:40:28.984 +0700] [INFO] [cadence.virtuoso.ade.simulationMonitor] - Peak resident memory used = 105 Mbytes. {"history": "ExplorerRun.0", "point": 1, "testname": "my_lib_ota_amp_tb_1", "cornername": "Nominal"}
[2026-04-19 12:40:28.984 +0700] [INFO] [cadence.virtuoso.ade.simulationMonitor] - Notice from spectre during initial setup.
    Multithreading is disabled due to the size of the design being too small. {"history": "ExplorerRun.0", "point": 1, "testname": "my_lib_ota_amp_tb_1", "cornername": "Nominal"}
[2026-04-19 12:40:28.984 +0700] [INFO] [cadence.virtuoso.ade.simulationMonitor] -               nodes 43 {"history": "ExplorerRun.0", "point": 1, "testname": "my_lib_ota_amp_tb_1", "cornername": "Nominal"}
[2026-04-19 12:40:28.985 +0700] [INFO] [cadence.virtuoso.ade.simulationMonitor] - Notice from spectre during initial setup.
    APS enabled. {"history": "ExplorerRun.0", "point": 1, "testname": "my_lib_ota_amp_tb_1", "cornername": "Nominal"}
[2026-04-19 12:40:28.985 +0700] [INFO] [cadence.virtuoso.ade.simulationMonitor] - Peak resident memory used = 107 Mbytes. {"history": "ExplorerRun.0", "point": 1, "testname": "my_lib_ota_amp_tb_1", "cornername": "Nominal"}
[2026-04-19 12:40:28.985 +0700] [INFO] [cadence.virtuoso.ade.simulationMonitor] -    -   (APS) Multi-threading. The recommended number of threads is 1, consider adding +mt=1 on command line. {"history": "ExplorerRun.0", "point": 1, "testname": "my_lib_ota_amp_tb_1", "cornername": "Nominal"}
[2026-04-19 12:40:28.985 +0700] [INFO] [cadence.virtuoso.ade.simulationMonitor] - Total time required for ac analysis `ac': CPU = 5.629 ms, elapsed = 6.68406 ms. {"history": "ExplorerRun.0", "point": 1, "testname": "my_lib_ota_amp_tb_1", "cornername": "Nominal"}
[2026-04-19 12:40:28.985 +0700] [INFO] [cadence.virtuoso.ade.simulationMonitor] - Peak resident memory used = 109 Mbytes. {"history": "ExplorerRun.0", "point": 1, "testname": "my_lib_ota_amp_tb_1", "cornername": "Nominal"}
[2026-04-19 12:40:28.986 +0700] [INFO] [cadence.virtuoso.ade.simulationMonitor] - Total time required for dc analysis `dcOp': CPU = 1.051 ms, elapsed = 2.05302 ms. {"history": "ExplorerRun.0", "point": 1, "testname": "my_lib_ota_amp_tb_1", "cornername": "Nominal"}
[2026-04-19 12:40:28.986 +0700] [INFO] [cadence.virtuoso.ade.simulationMonitor] - Peak resident memory used = 109 Mbytes. {"history": "ExplorerRun.0", "point": 1, "testname": "my_lib_ota_amp_tb_1", "cornername": "Nominal"}
[2026-04-19 12:40:28.986 +0700] [INFO] [cadence.virtuoso.ade.simulationMonitor] - Time used: CPU = 542 ms, elapsed = 20.9 s, util. = 2.6%. {"history": "ExplorerRun.0", "point": 1, "testname": "my_lib_ota_amp_tb_1", "cornername": "Nominal"}
[2026-04-19 12:40:28.986 +0700] [INFO] [cadence.virtuoso.ade.simulationMonitor] - Time spent in licensing: elapsed = 20.3 s, percentage of total = 97.2%. {"history": "ExplorerRun.0", "point": 1, "testname": "my_lib_ota_amp_tb_1", "cornername": "Nominal"}
[2026-04-19 12:40:28.986 +0700] [INFO] [cadence.virtuoso.ade.simulationMonitor] - Peak memory used = 111 Mbytes. {"history": "ExplorerRun.0", "point": 1, "testname": "my_lib_ota_amp_tb_1", "cornername": "Nominal"}
[2026-04-19 12:40:28.986 +0700] [PROCESS] [cadence.virtuoso.ade.simulationMonitor] - Simulation started at: 12:40:07 PM, Sun Apr 19, 2026, ended at: 12:40:28 PM, Sun Apr 19, 2026, with elapsed time (wall clock): 20.9 s. {"history": "ExplorerRun.0", "point": 1, "testname": "my_lib_ota_amp_tb_1", "cornername": "Nominal"}
[2026-04-19 12:40:28.987 +0700] [PROCESS] [cadence.virtuoso.ade.simulationMonitor] - spectre completes with 0 errors, 0 warnings, and 4 notices. {"history": "ExplorerRun.0", "point": 1, "testname": "my_lib_ota_amp_tb_1", "cornername": "Nominal"}
[2026-04-19 12:40:28.987 +0700] [PROCESS] [cadence.virtuoso.ade.simulationMonitor] - Simulator exited {"hostname": "dtvt_13", "processid": 25708, "history": "ExplorerRun.0", "testname": "my_lib_ota_amp_tb_1", "cornername": "Nominal", "point": 1, "logfile": "/home/dtvt_13/truong/logs_dtvt_13/logs0/Job11.log", "exitStatus": "0"}
[2026-04-19 12:40:28.987 +0700] [PROCESS] [cadence.virtuoso.ade.simulationMonitor] - Finished Simulation {"hostname": "dtvt_13", "processid": 25708, "history": "ExplorerRun.0", "testname": "my_lib_ota_amp_tb_1", "cornername": "Nominal", "point": 1, "logfile": "/home/dtvt_13/truong/logs_dtvt_13/logs0/Job11.log", "simid": "1"}
[2026-04-19 12:40:29.999 +0700] [PROCESS] [cadence.virtuoso.ade.simulationMonitor] - Point Finished {"hostname": "dtvt_13", "processid": 25708, "history": "ExplorerRun.0", "testname": "my_lib_ota_amp_tb_1", "cornername": "Nominal", "point": 1, "logfile": "/home/dtvt_13/truong/logs_dtvt_13/logs0/Job11.log"}
[2026-04-19 12:41:23.130 +0700] [INFO] [cadence.virtuoso.ade.simulationMonitor] - SimulationMonitor has terminated the vds process '25787', reason: 'Force to stop the expression evalutor process because of new run' {"history": "ExplorerRun.0", "point": 1, "testname": "my_lib_ota_amp_tb_1", "cornername": "Nominal"}
[2026-04-19 12:41:23.130 +0700] [PROCESS] [cadence.virtuoso.ade.simulationMonitor] - HostInfo:
Host name (type):	dtvt_13 (x86_64)
Operating system:	Linux 3.10.0-1160.118.1.el7.x86_64 #1 SMP Wed Apr 24 16:01:50 UTC 2024 {"hostname": "dtvt_13", "processid": 25708, "history": "ExplorerRun.0", "testname": "my_lib_ota_amp_tb_1", "cornername": "Nominal", "point": 1, "logfile": "/home/dtvt_13/truong/logs_dtvt_13/logs0/Job11.log", "nodename": "dtvt_13", "domainname": "(none)", "machine": "x86_64", "sysname": "Linux", "release": "3.10.0-1160.118.1.el7.x86_64", "version": "#1 SMP Wed Apr 24 16:01:50 UTC 2024"}
[2026-04-19 12:41:23.131 +0700] [PROCESS] [cadence.virtuoso.ade.simulationMonitor] - UsageInfo:
pid=25708
totalPhysicalMemory=15.208324GB,Used=14.795490GB,totalVirtualMemory=22.895821GB,Used=14.842854GB
Cpu: Cores=24, Load average:0.330000,0.390000,0.380000 {"hostname": "dtvt_13", "processid": 25708, "history": "ExplorerRun.0", "testname": "my_lib_ota_amp_tb_1", "cornername": "Nominal", "point": 1, "logfile": "/home/dtvt_13/truong/logs_dtvt_13/logs0/Job11.log", "pid": "25708", "totalPhysicalMemory": "15.208324", "physicalMemoryUsed": "14.795490", "totalVirtualMemory": "22.895821", "virtualMemoryUsed": "14.842854", "cpuCores": "24", "processes": "2577", "loadAverage1": "0.330000", "loadAverage5": "0.390000", "loadAverage15": "0.380000", "loadAverage1Percent": "0.013750"}
[2026-04-19 12:41:23.131 +0700] [EVENT] [cadence.virtuoso.ade.simulationMonitor] - NewPoint {"history": "ExplorerRun.0", "point": 1, "testname": "my_lib_ota_amp_tb_1", "cornername": "Nominal", "event": "NewPoint", "EventSource": "Simulation Monitor", "HistoryName": "ExplorerRun.0", "logFile": "/home/dtvt_13/truong/logs_dtvt_13/logs0/Job11.log", "logFileSize": "11477"}
[2026-04-19 12:41:23.233 +0700] [EVENT] [cadence.virtuoso.ade.simulationMonitor] - NewPoint {"history": "ExplorerRun.0", "point": 1, "testname": "my_lib_ota_amp_tb_1", "cornername": "Nominal", "event": "NewPoint", "EventSource": "spectre", "HistoryName": "ExplorerRun.0", "logFile": "/home/dtvt_13/simulation/my_lib/ota_amp_tb/maestro/results/maestro/ExplorerRun.0/1/my_lib_ota_amp_tb_1/psf/spectre.out", "logFileSize": "-1"}
[2026-04-19 12:41:23.237 +0700] [PROCESS] [cadence.virtuoso.ade.simulationMonitor] - Simulator launched {"hostname": "dtvt_13", "processid": 25708, "history": "ExplorerRun.0", "testname": "my_lib_ota_amp_tb_1", "cornername": "Nominal", "point": 1, "logfile": "/home/dtvt_13/truong/logs_dtvt_13/logs0/Job11.log", "simid": "2"}
[2026-04-19 12:41:23.243 +0700] [PROCESS] [cadence.virtuoso.ade.simulationMonitor] - Expression evaluator launched {"hostname": "dtvt_13", "processid": 25708, "history": "ExplorerRun.0", "testname": "my_lib_ota_amp_tb_1", "cornername": "Nominal", "point": 1, "logfile": "/home/dtvt_13/truong/logs_dtvt_13/logs0/Job11.log"}
[2026-04-19 12:41:23.247 +0700] [PROCESS] [cadence.virtuoso.ade.simulationMonitor] - Started Simulation {"hostname": "dtvt_13", "processid": 25708, "history": "ExplorerRun.0", "testname": "my_lib_ota_amp_tb_1", "cornername": "Nominal", "point": 1, "logfile": "/home/dtvt_13/truong/logs_dtvt_13/logs0/Job11.log"}
[2026-04-19 12:41:44.657 +0700] [INFO] [cadence.virtuoso.ade.simulationMonitor] - Peak resident memory used = 95.6 Mbytes. {"history": "ExplorerRun.0", "point": 1, "testname": "my_lib_ota_amp_tb_1", "cornername": "Nominal"}
[2026-04-19 12:41:44.657 +0700] [INFO] [cadence.virtuoso.ade.simulationMonitor] - Peak resident memory used = 104 Mbytes. {"history": "ExplorerRun.0", "point": 1, "testname": "my_lib_ota_amp_tb_1", "cornername": "Nominal"}
[2026-04-19 12:41:44.657 +0700] [INFO] [cadence.virtuoso.ade.simulationMonitor] - Notice from spectre during hierarchy flattening.
    The value 'psf' specified for the 'checklimitdest' option will no longer be supported in future releases. Use 'spectre -h' to see other recommended values for the 'checklimitdest' option. {"history": "ExplorerRun.0", "point": 1, "testname": "my_lib_ota_amp_tb_1", "cornername": "Nominal"}
[2026-04-19 12:41:44.658 +0700] [INFO] [cadence.virtuoso.ade.simulationMonitor] - Peak resident memory used = 105 Mbytes. {"history": "ExplorerRun.0", "point": 1, "testname": "my_lib_ota_amp_tb_1", "cornername": "Nominal"}
[2026-04-19 12:41:44.658 +0700] [INFO] [cadence.virtuoso.ade.simulationMonitor] - Notice from spectre during initial setup.
    Multithreading is disabled due to the size of the design being too small. {"history": "ExplorerRun.0", "point": 1, "testname": "my_lib_ota_amp_tb_1", "cornername": "Nominal"}
[2026-04-19 12:41:44.658 +0700] [INFO] [cadence.virtuoso.ade.simulationMonitor] -               nodes 43 {"history": "ExplorerRun.0", "point": 1, "testname": "my_lib_ota_amp_tb_1", "cornername": "Nominal"}
[2026-04-19 12:41:44.658 +0700] [INFO] [cadence.virtuoso.ade.simulationMonitor] - Notice from spectre during initial setup.
    APS enabled. {"history": "ExplorerRun.0", "point": 1, "testname": "my_lib_ota_amp_tb_1", "cornername": "Nominal"}
[2026-04-19 12:41:44.659 +0700] [INFO] [cadence.virtuoso.ade.simulationMonitor] - Peak resident memory used = 107 Mbytes. {"history": "ExplorerRun.0", "point": 1, "testname": "my_lib_ota_amp_tb_1", "cornername": "Nominal"}
[2026-04-19 12:41:44.659 +0700] [INFO] [cadence.virtuoso.ade.simulationMonitor] -    -   (APS) Multi-threading. The recommended number of threads is 1, consider adding +mt=1 on command line. {"history": "ExplorerRun.0", "point": 1, "testname": "my_lib_ota_amp_tb_1", "cornername": "Nominal"}
[2026-04-19 12:41:44.659 +0700] [INFO] [cadence.virtuoso.ade.simulationMonitor] - Total time required for ac analysis `ac': CPU = 4.614 ms, elapsed = 5.63908 ms. {"history": "ExplorerRun.0", "point": 1, "testname": "my_lib_ota_amp_tb_1", "cornername": "Nominal"}
[2026-04-19 12:41:44.659 +0700] [INFO] [cadence.virtuoso.ade.simulationMonitor] - Peak resident memory used = 109 Mbytes. {"history": "ExplorerRun.0", "point": 1, "testname": "my_lib_ota_amp_tb_1", "cornername": "Nominal"}
[2026-04-19 12:41:44.659 +0700] [INFO] [cadence.virtuoso.ade.simulationMonitor] - Total time required for dc analysis `dcOp': CPU = 1.59 ms, elapsed = 2.57421 ms. {"history": "ExplorerRun.0", "point": 1, "testname": "my_lib_ota_amp_tb_1", "cornername": "Nominal"}
[2026-04-19 12:41:44.660 +0700] [INFO] [cadence.virtuoso.ade.simulationMonitor] - Peak resident memory used = 109 Mbytes. {"history": "ExplorerRun.0", "point": 1, "testname": "my_lib_ota_amp_tb_1", "cornername": "Nominal"}
[2026-04-19 12:41:44.660 +0700] [INFO] [cadence.virtuoso.ade.simulationMonitor] - Time used: CPU = 489 ms, elapsed = 20.9 s, util. = 2.34%. {"history": "ExplorerRun.0", "point": 1, "testname": "my_lib_ota_amp_tb_1", "cornername": "Nominal"}
[2026-04-19 12:41:44.660 +0700] [INFO] [cadence.virtuoso.ade.simulationMonitor] - Time spent in licensing: elapsed = 20.3 s, percentage of total = 97%. {"history": "ExplorerRun.0", "point": 1, "testname": "my_lib_ota_amp_tb_1", "cornername": "Nominal"}
[2026-04-19 12:41:44.660 +0700] [INFO] [cadence.virtuoso.ade.simulationMonitor] - Peak memory used = 111 Mbytes. {"history": "ExplorerRun.0", "point": 1, "testname": "my_lib_ota_amp_tb_1", "cornername": "Nominal"}
[2026-04-19 12:41:44.660 +0700] [PROCESS] [cadence.virtuoso.ade.simulationMonitor] - Simulation started at: 12:41:23 PM, Sun Apr 19, 2026, ended at: 12:41:44 PM, Sun Apr 19, 2026, with elapsed time (wall clock): 20.9 s. {"history": "ExplorerRun.0", "point": 1, "testname": "my_lib_ota_amp_tb_1", "cornername": "Nominal"}
[2026-04-19 12:41:44.660 +0700] [PROCESS] [cadence.virtuoso.ade.simulationMonitor] - spectre completes with 0 errors, 0 warnings, and 4 notices. {"history": "ExplorerRun.0", "point": 1, "testname": "my_lib_ota_amp_tb_1", "cornername": "Nominal"}
[2026-04-19 12:41:45.161 +0700] [PROCESS] [cadence.virtuoso.ade.simulationMonitor] - Finished simulating for one point {"hostname": "dtvt_13", "processid": 25708, "history": "ExplorerRun.0", "testname": "my_lib_ota_amp_tb_1", "cornername": "Nominal", "point": 1, "logfile": "/home/dtvt_13/truong/logs_dtvt_13/logs0/Job11.log", "simid": "2"}
[2026-04-19 12:41:45.162 +0700] [PROCESS] [cadence.virtuoso.ade.simulationMonitor] - Simulator exited {"hostname": "dtvt_13", "processid": 25708, "history": "ExplorerRun.0", "testname": "my_lib_ota_amp_tb_1", "cornername": "Nominal", "point": 1, "logfile": "/home/dtvt_13/truong/logs_dtvt_13/logs0/Job11.log", "exitStatus": "0"}
[2026-04-19 12:41:45.163 +0700] [PROCESS] [cadence.virtuoso.ade.simulationMonitor] - Finished Simulation {"hostname": "dtvt_13", "processid": 25708, "history": "ExplorerRun.0", "testname": "my_lib_ota_amp_tb_1", "cornername": "Nominal", "point": 1, "logfile": "/home/dtvt_13/truong/logs_dtvt_13/logs0/Job11.log", "simid": "2"}
[2026-04-19 12:41:46.187 +0700] [PROCESS] [cadence.virtuoso.ade.simulationMonitor] - Point Finished {"hostname": "dtvt_13", "processid": 25708, "history": "ExplorerRun.0", "testname": "my_lib_ota_amp_tb_1", "cornername": "Nominal", "point": 1, "logfile": "/home/dtvt_13/truong/logs_dtvt_13/logs0/Job11.log"}
[2026-04-19 12:42:30.666 +0700] [INFO] [cadence.virtuoso.ade.simulationMonitor] - SimulationMonitor has terminated the vds process '26537', reason: 'Force to stop the expression evalutor process because of new run' {"history": "ExplorerRun.0", "point": 1, "testname": "my_lib_ota_amp_tb_1", "cornername": "Nominal"}
[2026-04-19 12:42:30.666 +0700] [PROCESS] [cadence.virtuoso.ade.simulationMonitor] - HostInfo:
Host name (type):	dtvt_13 (x86_64)
Operating system:	Linux 3.10.0-1160.118.1.el7.x86_64 #1 SMP Wed Apr 24 16:01:50 UTC 2024 {"hostname": "dtvt_13", "processid": 25708, "history": "ExplorerRun.0", "testname": "my_lib_ota_amp_tb_1", "cornername": "Nominal", "point": 1, "logfile": "/home/dtvt_13/truong/logs_dtvt_13/logs0/Job11.log", "nodename": "dtvt_13", "domainname": "(none)", "machine": "x86_64", "sysname": "Linux", "release": "3.10.0-1160.118.1.el7.x86_64", "version": "#1 SMP Wed Apr 24 16:01:50 UTC 2024"}
[2026-04-19 12:42:30.667 +0700] [PROCESS] [cadence.virtuoso.ade.simulationMonitor] - UsageInfo:
pid=25708
totalPhysicalMemory=15.208324GB,Used=14.678211GB,totalVirtualMemory=22.895821GB,Used=14.725819GB
Cpu: Cores=24, Load average:0.400000,0.420000,0.390000 {"hostname": "dtvt_13", "processid": 25708, "history": "ExplorerRun.0", "testname": "my_lib_ota_amp_tb_1", "cornername": "Nominal", "point": 1, "logfile": "/home/dtvt_13/truong/logs_dtvt_13/logs0/Job11.log", "pid": "25708", "totalPhysicalMemory": "15.208324", "physicalMemoryUsed": "14.678211", "totalVirtualMemory": "22.895821", "virtualMemoryUsed": "14.725819", "cpuCores": "24", "processes": "2575", "loadAverage1": "0.400000", "loadAverage5": "0.420000", "loadAverage15": "0.390000", "loadAverage1Percent": "0.016667"}
[2026-04-19 12:42:30.667 +0700] [EVENT] [cadence.virtuoso.ade.simulationMonitor] - NewPoint {"history": "ExplorerRun.0", "point": 1, "testname": "my_lib_ota_amp_tb_1", "cornername": "Nominal", "event": "NewPoint", "EventSource": "Simulation Monitor", "HistoryName": "ExplorerRun.0", "logFile": "/home/dtvt_13/truong/logs_dtvt_13/logs0/Job11.log", "logFileSize": "20853"}
[2026-04-19 12:42:30.769 +0700] [EVENT] [cadence.virtuoso.ade.simulationMonitor] - NewPoint {"history": "ExplorerRun.0", "point": 1, "testname": "my_lib_ota_amp_tb_1", "cornername": "Nominal", "event": "NewPoint", "EventSource": "spectre", "HistoryName": "ExplorerRun.0", "logFile": "/home/dtvt_13/simulation/my_lib/ota_amp_tb/maestro/results/maestro/ExplorerRun.0/1/my_lib_ota_amp_tb_1/psf/spectre.out", "logFileSize": "-1"}
[2026-04-19 12:42:30.773 +0700] [PROCESS] [cadence.virtuoso.ade.simulationMonitor] - Simulator launched {"hostname": "dtvt_13", "processid": 25708, "history": "ExplorerRun.0", "testname": "my_lib_ota_amp_tb_1", "cornername": "Nominal", "point": 1, "logfile": "/home/dtvt_13/truong/logs_dtvt_13/logs0/Job11.log", "simid": "3"}
[2026-04-19 12:42:30.776 +0700] [PROCESS] [cadence.virtuoso.ade.simulationMonitor] - Expression evaluator launched {"hostname": "dtvt_13", "processid": 25708, "history": "ExplorerRun.0", "testname": "my_lib_ota_amp_tb_1", "cornername": "Nominal", "point": 1, "logfile": "/home/dtvt_13/truong/logs_dtvt_13/logs0/Job11.log"}
[2026-04-19 12:42:30.781 +0700] [PROCESS] [cadence.virtuoso.ade.simulationMonitor] - Started Simulation {"hostname": "dtvt_13", "processid": 25708, "history": "ExplorerRun.0", "testname": "my_lib_ota_amp_tb_1", "cornername": "Nominal", "point": 1, "logfile": "/home/dtvt_13/truong/logs_dtvt_13/logs0/Job11.log"}
[2026-04-19 12:42:52.196 +0700] [PROCESS] [cadence.virtuoso.ade.simulationMonitor] - Finished simulating for one point {"hostname": "dtvt_13", "processid": 25708, "history": "ExplorerRun.0", "testname": "my_lib_ota_amp_tb_1", "cornername": "Nominal", "point": 1, "logfile": "/home/dtvt_13/truong/logs_dtvt_13/logs0/Job11.log", "simid": "3"}
[2026-04-19 12:42:52.197 +0700] [INFO] [cadence.virtuoso.ade.simulationMonitor] - Peak resident memory used = 95.6 Mbytes. {"history": "ExplorerRun.0", "point": 1, "testname": "my_lib_ota_amp_tb_1", "cornername": "Nominal"}
[2026-04-19 12:42:52.197 +0700] [INFO] [cadence.virtuoso.ade.simulationMonitor] - Peak resident memory used = 104 Mbytes. {"history": "ExplorerRun.0", "point": 1, "testname": "my_lib_ota_amp_tb_1", "cornername": "Nominal"}
[2026-04-19 12:42:52.198 +0700] [INFO] [cadence.virtuoso.ade.simulationMonitor] - Notice from spectre during hierarchy flattening.
    The value 'psf' specified for the 'checklimitdest' option will no longer be supported in future releases. Use 'spectre -h' to see other recommended values for the 'checklimitdest' option. {"history": "ExplorerRun.0", "point": 1, "testname": "my_lib_ota_amp_tb_1", "cornername": "Nominal"}
[2026-04-19 12:42:52.198 +0700] [INFO] [cadence.virtuoso.ade.simulationMonitor] - Peak resident memory used = 105 Mbytes. {"history": "ExplorerRun.0", "point": 1, "testname": "my_lib_ota_amp_tb_1", "cornername": "Nominal"}
[2026-04-19 12:42:52.199 +0700] [INFO] [cadence.virtuoso.ade.simulationMonitor] - Notice from spectre during initial setup.
    Multithreading is disabled due to the size of the design being too small. {"history": "ExplorerRun.0", "point": 1, "testname": "my_lib_ota_amp_tb_1", "cornername": "Nominal"}
[2026-04-19 12:42:52.199 +0700] [INFO] [cadence.virtuoso.ade.simulationMonitor] -               nodes 43 {"history": "ExplorerRun.0", "point": 1, "testname": "my_lib_ota_amp_tb_1", "cornername": "Nominal"}
[2026-04-19 12:42:52.200 +0700] [INFO] [cadence.virtuoso.ade.simulationMonitor] - Notice from spectre during initial setup.
    APS enabled. {"history": "ExplorerRun.0", "point": 1, "testname": "my_lib_ota_amp_tb_1", "cornername": "Nominal"}
[2026-04-19 12:42:52.200 +0700] [INFO] [cadence.virtuoso.ade.simulationMonitor] - Peak resident memory used = 107 Mbytes. {"history": "ExplorerRun.0", "point": 1, "testname": "my_lib_ota_amp_tb_1", "cornername": "Nominal"}
[2026-04-19 12:42:52.200 +0700] [INFO] [cadence.virtuoso.ade.simulationMonitor] -    -   (APS) Multi-threading. The recommended number of threads is 1, consider adding +mt=1 on command line. {"history": "ExplorerRun.0", "point": 1, "testname": "my_lib_ota_amp_tb_1", "cornername": "Nominal"}
[2026-04-19 12:42:52.200 +0700] [INFO] [cadence.virtuoso.ade.simulationMonitor] - Total time required for ac analysis `ac': CPU = 3.907 ms, elapsed = 4.90093 ms. {"history": "ExplorerRun.0", "point": 1, "testname": "my_lib_ota_amp_tb_1", "cornername": "Nominal"}
[2026-04-19 12:42:52.200 +0700] [INFO] [cadence.virtuoso.ade.simulationMonitor] - Peak resident memory used = 109 Mbytes. {"history": "ExplorerRun.0", "point": 1, "testname": "my_lib_ota_amp_tb_1", "cornername": "Nominal"}
[2026-04-19 12:42:52.200 +0700] [INFO] [cadence.virtuoso.ade.simulationMonitor] - Total time required for dc analysis `dcOp': CPU = 1.337 ms, elapsed = 2.35987 ms. {"history": "ExplorerRun.0", "point": 1, "testname": "my_lib_ota_amp_tb_1", "cornername": "Nominal"}
[2026-04-19 12:42:52.201 +0700] [INFO] [cadence.virtuoso.ade.simulationMonitor] - Peak resident memory used = 109 Mbytes. {"history": "ExplorerRun.0", "point": 1, "testname": "my_lib_ota_amp_tb_1", "cornername": "Nominal"}
[2026-04-19 12:42:52.201 +0700] [INFO] [cadence.virtuoso.ade.simulationMonitor] - Time used: CPU = 506 ms, elapsed = 20.8 s, util. = 2.43%. {"history": "ExplorerRun.0", "point": 1, "testname": "my_lib_ota_amp_tb_1", "cornername": "Nominal"}
[2026-04-19 12:42:52.201 +0700] [INFO] [cadence.virtuoso.ade.simulationMonitor] - Time spent in licensing: elapsed = 20.3 s, percentage of total = 97.4%. {"history": "ExplorerRun.0", "point": 1, "testname": "my_lib_ota_amp_tb_1", "cornername": "Nominal"}
[2026-04-19 12:42:52.201 +0700] [INFO] [cadence.virtuoso.ade.simulationMonitor] - Peak memory used = 111 Mbytes. {"history": "ExplorerRun.0", "point": 1, "testname": "my_lib_ota_amp_tb_1", "cornername": "Nominal"}
[2026-04-19 12:42:52.201 +0700] [PROCESS] [cadence.virtuoso.ade.simulationMonitor] - Simulation started at: 12:42:30 PM, Sun Apr 19, 2026, ended at: 12:42:51 PM, Sun Apr 19, 2026, with elapsed time (wall clock): 20.8 s. {"history": "ExplorerRun.0", "point": 1, "testname": "my_lib_ota_amp_tb_1", "cornername": "Nominal"}
[2026-04-19 12:42:52.201 +0700] [PROCESS] [cadence.virtuoso.ade.simulationMonitor] - spectre completes with 0 errors, 0 warnings, and 4 notices. {"history": "ExplorerRun.0", "point": 1, "testname": "my_lib_ota_amp_tb_1", "cornername": "Nominal"}
[2026-04-19 12:42:52.202 +0700] [PROCESS] [cadence.virtuoso.ade.simulationMonitor] - Simulator exited {"hostname": "dtvt_13", "processid": 25708, "history": "ExplorerRun.0", "testname": "my_lib_ota_amp_tb_1", "cornername": "Nominal", "point": 1, "logfile": "/home/dtvt_13/truong/logs_dtvt_13/logs0/Job11.log", "exitStatus": "0"}
[2026-04-19 12:42:52.202 +0700] [PROCESS] [cadence.virtuoso.ade.simulationMonitor] - Finished Simulation {"hostname": "dtvt_13", "processid": 25708, "history": "ExplorerRun.0", "testname": "my_lib_ota_amp_tb_1", "cornername": "Nominal", "point": 1, "logfile": "/home/dtvt_13/truong/logs_dtvt_13/logs0/Job11.log", "simid": "3"}
[2026-04-19 12:42:53.216 +0700] [PROCESS] [cadence.virtuoso.ade.simulationMonitor] - Point Finished {"hostname": "dtvt_13", "processid": 25708, "history": "ExplorerRun.0", "testname": "my_lib_ota_amp_tb_1", "cornername": "Nominal", "point": 1, "logfile": "/home/dtvt_13/truong/logs_dtvt_13/logs0/Job11.log"}
[2026-04-19 12:43:07.297 +0700] [INFO] [cadence.virtuoso.ade.simulationMonitor] - SimulationMonitor has terminated the vds process '27262', reason: 'Force to stop the expression evalutor process because of new run' {"history": "ExplorerRun.0", "point": 1, "testname": "my_lib_ota_amp_tb_1", "cornername": "Nominal"}
[2026-04-19 12:43:07.297 +0700] [PROCESS] [cadence.virtuoso.ade.simulationMonitor] - HostInfo:
Host name (type):	dtvt_13 (x86_64)
Operating system:	Linux 3.10.0-1160.118.1.el7.x86_64 #1 SMP Wed Apr 24 16:01:50 UTC 2024 {"hostname": "dtvt_13", "processid": 25708, "history": "ExplorerRun.0", "testname": "my_lib_ota_amp_tb_1", "cornername": "Nominal", "point": 1, "logfile": "/home/dtvt_13/truong/logs_dtvt_13/logs0/Job11.log", "nodename": "dtvt_13", "domainname": "(none)", "machine": "x86_64", "sysname": "Linux", "release": "3.10.0-1160.118.1.el7.x86_64", "version": "#1 SMP Wed Apr 24 16:01:50 UTC 2024"}
[2026-04-19 12:43:07.297 +0700] [PROCESS] [cadence.virtuoso.ade.simulationMonitor] - UsageInfo:
pid=25708
totalPhysicalMemory=15.208324GB,Used=14.286152GB,totalVirtualMemory=22.895821GB,Used=14.333759GB
Cpu: Cores=24, Load average:0.580000,0.470000,0.410000 {"hostname": "dtvt_13", "processid": 25708, "history": "ExplorerRun.0", "testname": "my_lib_ota_amp_tb_1", "cornername": "Nominal", "point": 1, "logfile": "/home/dtvt_13/truong/logs_dtvt_13/logs0/Job11.log", "pid": "25708", "totalPhysicalMemory": "15.208324", "physicalMemoryUsed": "14.286152", "totalVirtualMemory": "22.895821", "virtualMemoryUsed": "14.333759", "cpuCores": "24", "processes": "2581", "loadAverage1": "0.580000", "loadAverage5": "0.470000", "loadAverage15": "0.410000", "loadAverage1Percent": "0.024167"}
[2026-04-19 12:43:07.298 +0700] [EVENT] [cadence.virtuoso.ade.simulationMonitor] - NewPoint {"history": "ExplorerRun.0", "point": 1, "testname": "my_lib_ota_amp_tb_1", "cornername": "Nominal", "event": "NewPoint", "EventSource": "Simulation Monitor", "HistoryName": "ExplorerRun.0", "logFile": "/home/dtvt_13/truong/logs_dtvt_13/logs0/Job11.log", "logFileSize": "30232"}
[2026-04-19 12:43:07.399 +0700] [EVENT] [cadence.virtuoso.ade.simulationMonitor] - NewPoint {"history": "ExplorerRun.0", "point": 1, "testname": "my_lib_ota_amp_tb_1", "cornername": "Nominal", "event": "NewPoint", "EventSource": "spectre", "HistoryName": "ExplorerRun.0", "logFile": "/home/dtvt_13/simulation/my_lib/ota_amp_tb/maestro/results/maestro/ExplorerRun.0/1/my_lib_ota_amp_tb_1/psf/spectre.out", "logFileSize": "-1"}
[2026-04-19 12:43:07.404 +0700] [PROCESS] [cadence.virtuoso.ade.simulationMonitor] - Simulator launched {"hostname": "dtvt_13", "processid": 25708, "history": "ExplorerRun.0", "testname": "my_lib_ota_amp_tb_1", "cornername": "Nominal", "point": 1, "logfile": "/home/dtvt_13/truong/logs_dtvt_13/logs0/Job11.log", "simid": "4"}
[2026-04-19 12:43:07.405 +0700] [PROCESS] [cadence.virtuoso.ade.simulationMonitor] - Expression evaluator launched {"hostname": "dtvt_13", "processid": 25708, "history": "ExplorerRun.0", "testname": "my_lib_ota_amp_tb_1", "cornername": "Nominal", "point": 1, "logfile": "/home/dtvt_13/truong/logs_dtvt_13/logs0/Job11.log"}
[2026-04-19 12:43:07.410 +0700] [PROCESS] [cadence.virtuoso.ade.simulationMonitor] - Started Simulation {"hostname": "dtvt_13", "processid": 25708, "history": "ExplorerRun.0", "testname": "my_lib_ota_amp_tb_1", "cornername": "Nominal", "point": 1, "logfile": "/home/dtvt_13/truong/logs_dtvt_13/logs0/Job11.log"}
[2026-04-19 12:43:28.317 +0700] [INFO] [cadence.virtuoso.ade.simulationMonitor] - Peak resident memory used = 95.6 Mbytes. {"history": "ExplorerRun.0", "point": 1, "testname": "my_lib_ota_amp_tb_1", "cornername": "Nominal"}
[2026-04-19 12:43:28.317 +0700] [INFO] [cadence.virtuoso.ade.simulationMonitor] - Peak resident memory used = 104 Mbytes. {"history": "ExplorerRun.0", "point": 1, "testname": "my_lib_ota_amp_tb_1", "cornername": "Nominal"}
[2026-04-19 12:43:28.317 +0700] [INFO] [cadence.virtuoso.ade.simulationMonitor] - Notice from spectre during hierarchy flattening.
    The value 'psf' specified for the 'checklimitdest' option will no longer be supported in future releases. Use 'spectre -h' to see other recommended values for the 'checklimitdest' option. {"history": "ExplorerRun.0", "point": 1, "testname": "my_lib_ota_amp_tb_1", "cornername": "Nominal"}
[2026-04-19 12:43:28.317 +0700] [INFO] [cadence.virtuoso.ade.simulationMonitor] - Peak resident memory used = 105 Mbytes. {"history": "ExplorerRun.0", "point": 1, "testname": "my_lib_ota_amp_tb_1", "cornername": "Nominal"}
[2026-04-19 12:43:28.317 +0700] [INFO] [cadence.virtuoso.ade.simulationMonitor] - Notice from spectre during initial setup.
    Multithreading is disabled due to the size of the design being too small. {"history": "ExplorerRun.0", "point": 1, "testname": "my_lib_ota_amp_tb_1", "cornername": "Nominal"}
[2026-04-19 12:43:28.318 +0700] [INFO] [cadence.virtuoso.ade.simulationMonitor] -               nodes 43 {"history": "ExplorerRun.0", "point": 1, "testname": "my_lib_ota_amp_tb_1", "cornername": "Nominal"}
[2026-04-19 12:43:28.318 +0700] [INFO] [cadence.virtuoso.ade.simulationMonitor] - Notice from spectre during initial setup.
    APS enabled. {"history": "ExplorerRun.0", "point": 1, "testname": "my_lib_ota_amp_tb_1", "cornername": "Nominal"}
[2026-04-19 12:43:28.318 +0700] [INFO] [cadence.virtuoso.ade.simulationMonitor] - Peak resident memory used = 107 Mbytes. {"history": "ExplorerRun.0", "point": 1, "testname": "my_lib_ota_amp_tb_1", "cornername": "Nominal"}
[2026-04-19 12:43:28.318 +0700] [INFO] [cadence.virtuoso.ade.simulationMonitor] -    -   (APS) Multi-threading. The recommended number of threads is 1, consider adding +mt=1 on command line. {"history": "ExplorerRun.0", "point": 1, "testname": "my_lib_ota_amp_tb_1", "cornername": "Nominal"}
[2026-04-19 12:43:28.318 +0700] [INFO] [cadence.virtuoso.ade.simulationMonitor] - Total time required for ac analysis `ac': CPU = 3.937 ms, elapsed = 4.94099 ms. {"history": "ExplorerRun.0", "point": 1, "testname": "my_lib_ota_amp_tb_1", "cornername": "Nominal"}
[2026-04-19 12:43:28.318 +0700] [INFO] [cadence.virtuoso.ade.simulationMonitor] - Peak resident memory used = 109 Mbytes. {"history": "ExplorerRun.0", "point": 1, "testname": "my_lib_ota_amp_tb_1", "cornername": "Nominal"}
[2026-04-19 12:43:28.318 +0700] [INFO] [cadence.virtuoso.ade.simulationMonitor] - Total time required for dc analysis `dcOp': CPU = 1.155 ms, elapsed = 2.16794 ms. {"history": "ExplorerRun.0", "point": 1, "testname": "my_lib_ota_amp_tb_1", "cornername": "Nominal"}
[2026-04-19 12:43:28.318 +0700] [INFO] [cadence.virtuoso.ade.simulationMonitor] - Peak resident memory used = 109 Mbytes. {"history": "ExplorerRun.0", "point": 1, "testname": "my_lib_ota_amp_tb_1", "cornername": "Nominal"}
[2026-04-19 12:43:28.819 +0700] [PROCESS] [cadence.virtuoso.ade.simulationMonitor] - Finished simulating for one point {"hostname": "dtvt_13", "processid": 25708, "history": "ExplorerRun.0", "testname": "my_lib_ota_amp_tb_1", "cornername": "Nominal", "point": 1, "logfile": "/home/dtvt_13/truong/logs_dtvt_13/logs0/Job11.log", "simid": "4"}
[2026-04-19 12:43:28.820 +0700] [INFO] [cadence.virtuoso.ade.simulationMonitor] - Time used: CPU = 498 ms, elapsed = 20.8 s, util. = 2.4%. {"history": "ExplorerRun.0", "point": 1, "testname": "my_lib_ota_amp_tb_1", "cornername": "Nominal"}
[2026-04-19 12:43:28.820 +0700] [INFO] [cadence.virtuoso.ade.simulationMonitor] - Time spent in licensing: elapsed = 20.3 s, percentage of total = 97.6%. {"history": "ExplorerRun.0", "point": 1, "testname": "my_lib_ota_amp_tb_1", "cornername": "Nominal"}
[2026-04-19 12:43:28.821 +0700] [INFO] [cadence.virtuoso.ade.simulationMonitor] - Peak memory used = 111 Mbytes. {"history": "ExplorerRun.0", "point": 1, "testname": "my_lib_ota_amp_tb_1", "cornername": "Nominal"}
[2026-04-19 12:43:28.821 +0700] [PROCESS] [cadence.virtuoso.ade.simulationMonitor] - Simulation started at: 12:43:07 PM, Sun Apr 19, 2026, ended at: 12:43:28 PM, Sun Apr 19, 2026, with elapsed time (wall clock): 20.8 s. {"history": "ExplorerRun.0", "point": 1, "testname": "my_lib_ota_amp_tb_1", "cornername": "Nominal"}
[2026-04-19 12:43:28.821 +0700] [PROCESS] [cadence.virtuoso.ade.simulationMonitor] - spectre completes with 0 errors, 0 warnings, and 4 notices. {"history": "ExplorerRun.0", "point": 1, "testname": "my_lib_ota_amp_tb_1", "cornername": "Nominal"}
[2026-04-19 12:43:28.821 +0700] [PROCESS] [cadence.virtuoso.ade.simulationMonitor] - Simulator exited {"hostname": "dtvt_13", "processid": 25708, "history": "ExplorerRun.0", "testname": "my_lib_ota_amp_tb_1", "cornername": "Nominal", "point": 1, "logfile": "/home/dtvt_13/truong/logs_dtvt_13/logs0/Job11.log", "exitStatus": "0"}
[2026-04-19 12:43:28.821 +0700] [PROCESS] [cadence.virtuoso.ade.simulationMonitor] - Finished Simulation {"hostname": "dtvt_13", "processid": 25708, "history": "ExplorerRun.0", "testname": "my_lib_ota_amp_tb_1", "cornername": "Nominal", "point": 1, "logfile": "/home/dtvt_13/truong/logs_dtvt_13/logs0/Job11.log", "simid": "4"}
[2026-04-19 12:43:29.835 +0700] [PROCESS] [cadence.virtuoso.ade.simulationMonitor] - Point Finished {"hostname": "dtvt_13", "processid": 25708, "history": "ExplorerRun.0", "testname": "my_lib_ota_amp_tb_1", "cornername": "Nominal", "point": 1, "logfile": "/home/dtvt_13/truong/logs_dtvt_13/logs0/Job11.log"}
[2026-04-19 12:43:53.573 +0700] [INFO] [cadence.virtuoso.ade.simulationMonitor] - SimulationMonitor has terminated the vds process '27884', reason: 'Force to stop the expression evalutor process because of new run' {"history": "ExplorerRun.0", "point": 1, "testname": "my_lib_ota_amp_tb_1", "cornername": "Nominal"}
[2026-04-19 12:43:53.574 +0700] [PROCESS] [cadence.virtuoso.ade.simulationMonitor] - HostInfo:
Host name (type):	dtvt_13 (x86_64)
Operating system:	Linux 3.10.0-1160.118.1.el7.x86_64 #1 SMP Wed Apr 24 16:01:50 UTC 2024 {"hostname": "dtvt_13", "processid": 25708, "history": "ExplorerRun.0", "testname": "my_lib_ota_amp_tb_1", "cornername": "Nominal", "point": 1, "logfile": "/home/dtvt_13/truong/logs_dtvt_13/logs0/Job11.log", "nodename": "dtvt_13", "domainname": "(none)", "machine": "x86_64", "sysname": "Linux", "release": "3.10.0-1160.118.1.el7.x86_64", "version": "#1 SMP Wed Apr 24 16:01:50 UTC 2024"}
[2026-04-19 12:43:53.574 +0700] [PROCESS] [cadence.virtuoso.ade.simulationMonitor] - UsageInfo:
pid=25708
totalPhysicalMemory=15.208324GB,Used=14.289623GB,totalVirtualMemory=22.895821GB,Used=14.337231GB
Cpu: Cores=24, Load average:0.500000,0.470000,0.420000 {"hostname": "dtvt_13", "processid": 25708, "history": "ExplorerRun.0", "testname": "my_lib_ota_amp_tb_1", "cornername": "Nominal", "point": 1, "logfile": "/home/dtvt_13/truong/logs_dtvt_13/logs0/Job11.log", "pid": "25708", "totalPhysicalMemory": "15.208324", "physicalMemoryUsed": "14.289623", "totalVirtualMemory": "22.895821", "virtualMemoryUsed": "14.337231", "cpuCores": "24", "processes": "2581", "loadAverage1": "0.500000", "loadAverage5": "0.470000", "loadAverage15": "0.420000", "loadAverage1Percent": "0.020833"}
[2026-04-19 12:43:53.574 +0700] [EVENT] [cadence.virtuoso.ade.simulationMonitor] - NewPoint {"history": "ExplorerRun.0", "point": 1, "testname": "my_lib_ota_amp_tb_1", "cornername": "Nominal", "event": "NewPoint", "EventSource": "Simulation Monitor", "HistoryName": "ExplorerRun.0", "logFile": "/home/dtvt_13/truong/logs_dtvt_13/logs0/Job11.log", "logFileSize": "39610"}
[2026-04-19 12:43:53.675 +0700] [EVENT] [cadence.virtuoso.ade.simulationMonitor] - NewPoint {"history": "ExplorerRun.0", "point": 1, "testname": "my_lib_ota_amp_tb_1", "cornername": "Nominal", "event": "NewPoint", "EventSource": "spectre", "HistoryName": "ExplorerRun.0", "logFile": "/home/dtvt_13/simulation/my_lib/ota_amp_tb/maestro/results/maestro/ExplorerRun.0/1/my_lib_ota_amp_tb_1/psf/spectre.out", "logFileSize": "-1"}
[2026-04-19 12:43:53.678 +0700] [PROCESS] [cadence.virtuoso.ade.simulationMonitor] - Simulator launched {"hostname": "dtvt_13", "processid": 25708, "history": "ExplorerRun.0", "testname": "my_lib_ota_amp_tb_1", "cornername": "Nominal", "point": 1, "logfile": "/home/dtvt_13/truong/logs_dtvt_13/logs0/Job11.log", "simid": "5"}
[2026-04-19 12:43:53.683 +0700] [PROCESS] [cadence.virtuoso.ade.simulationMonitor] - Expression evaluator launched {"hostname": "dtvt_13", "processid": 25708, "history": "ExplorerRun.0", "testname": "my_lib_ota_amp_tb_1", "cornername": "Nominal", "point": 1, "logfile": "/home/dtvt_13/truong/logs_dtvt_13/logs0/Job11.log"}
[2026-04-19 12:43:53.687 +0700] [PROCESS] [cadence.virtuoso.ade.simulationMonitor] - Started Simulation {"hostname": "dtvt_13", "processid": 25708, "history": "ExplorerRun.0", "testname": "my_lib_ota_amp_tb_1", "cornername": "Nominal", "point": 1, "logfile": "/home/dtvt_13/truong/logs_dtvt_13/logs0/Job11.log"}
[2026-04-19 12:44:15.079 +0700] [PROCESS] [cadence.virtuoso.ade.simulationMonitor] - Finished simulating for one point {"hostname": "dtvt_13", "processid": 25708, "history": "ExplorerRun.0", "testname": "my_lib_ota_amp_tb_1", "cornername": "Nominal", "point": 1, "logfile": "/home/dtvt_13/truong/logs_dtvt_13/logs0/Job11.log", "simid": "5"}
[2026-04-19 12:44:15.079 +0700] [INFO] [cadence.virtuoso.ade.simulationMonitor] - Peak resident memory used = 95.6 Mbytes. {"history": "ExplorerRun.0", "point": 1, "testname": "my_lib_ota_amp_tb_1", "cornername": "Nominal"}
[2026-04-19 12:44:15.080 +0700] [INFO] [cadence.virtuoso.ade.simulationMonitor] - Peak resident memory used = 104 Mbytes. {"history": "ExplorerRun.0", "point": 1, "testname": "my_lib_ota_amp_tb_1", "cornername": "Nominal"}
[2026-04-19 12:44:15.080 +0700] [INFO] [cadence.virtuoso.ade.simulationMonitor] - Notice from spectre during hierarchy flattening.
    The value 'psf' specified for the 'checklimitdest' option will no longer be supported in future releases. Use 'spectre -h' to see other recommended values for the 'checklimitdest' option. {"history": "ExplorerRun.0", "point": 1, "testname": "my_lib_ota_amp_tb_1", "cornername": "Nominal"}
[2026-04-19 12:44:15.080 +0700] [INFO] [cadence.virtuoso.ade.simulationMonitor] - Peak resident memory used = 105 Mbytes. {"history": "ExplorerRun.0", "point": 1, "testname": "my_lib_ota_amp_tb_1", "cornername": "Nominal"}
[2026-04-19 12:44:15.080 +0700] [INFO] [cadence.virtuoso.ade.simulationMonitor] - Notice from spectre during initial setup.
    Multithreading is disabled due to the size of the design being too small. {"history": "ExplorerRun.0", "point": 1, "testname": "my_lib_ota_amp_tb_1", "cornername": "Nominal"}
[2026-04-19 12:44:15.081 +0700] [INFO] [cadence.virtuoso.ade.simulationMonitor] -               nodes 43 {"history": "ExplorerRun.0", "point": 1, "testname": "my_lib_ota_amp_tb_1", "cornername": "Nominal"}
[2026-04-19 12:44:15.081 +0700] [INFO] [cadence.virtuoso.ade.simulationMonitor] - Notice from spectre during initial setup.
    APS enabled. {"history": "ExplorerRun.0", "point": 1, "testname": "my_lib_ota_amp_tb_1", "cornername": "Nominal"}
[2026-04-19 12:44:15.081 +0700] [INFO] [cadence.virtuoso.ade.simulationMonitor] - Peak resident memory used = 107 Mbytes. {"history": "ExplorerRun.0", "point": 1, "testname": "my_lib_ota_amp_tb_1", "cornername": "Nominal"}
[2026-04-19 12:44:15.081 +0700] [INFO] [cadence.virtuoso.ade.simulationMonitor] -    -   (APS) Multi-threading. The recommended number of threads is 1, consider adding +mt=1 on command line. {"history": "ExplorerRun.0", "point": 1, "testname": "my_lib_ota_amp_tb_1", "cornername": "Nominal"}
[2026-04-19 12:44:15.081 +0700] [INFO] [cadence.virtuoso.ade.simulationMonitor] - Total time required for ac analysis `ac': CPU = 4.001 ms, elapsed = 4.92501 ms. {"history": "ExplorerRun.0", "point": 1, "testname": "my_lib_ota_amp_tb_1", "cornername": "Nominal"}
[2026-04-19 12:44:15.082 +0700] [INFO] [cadence.virtuoso.ade.simulationMonitor] - Peak resident memory used = 109 Mbytes. {"history": "ExplorerRun.0", "point": 1, "testname": "my_lib_ota_amp_tb_1", "cornername": "Nominal"}
[2026-04-19 12:44:15.082 +0700] [INFO] [cadence.virtuoso.ade.simulationMonitor] - Total time required for dc analysis `dcOp': CPU = 1.305 ms, elapsed = 2.22611 ms. {"history": "ExplorerRun.0", "point": 1, "testname": "my_lib_ota_amp_tb_1", "cornername": "Nominal"}
[2026-04-19 12:44:15.082 +0700] [INFO] [cadence.virtuoso.ade.simulationMonitor] - Peak resident memory used = 109 Mbytes. {"history": "ExplorerRun.0", "point": 1, "testname": "my_lib_ota_amp_tb_1", "cornername": "Nominal"}
[2026-04-19 12:44:15.082 +0700] [INFO] [cadence.virtuoso.ade.simulationMonitor] - Time used: CPU = 497 ms, elapsed = 20.8 s, util. = 2.39%. {"history": "ExplorerRun.0", "point": 1, "testname": "my_lib_ota_amp_tb_1", "cornername": "Nominal"}
[2026-04-19 12:44:15.082 +0700] [INFO] [cadence.virtuoso.ade.simulationMonitor] - Time spent in licensing: elapsed = 20.3 s, percentage of total = 97.6%. {"history": "ExplorerRun.0", "point": 1, "testname": "my_lib_ota_amp_tb_1", "cornername": "Nominal"}
[2026-04-19 12:44:15.083 +0700] [INFO] [cadence.virtuoso.ade.simulationMonitor] - Peak memory used = 111 Mbytes. {"history": "ExplorerRun.0", "point": 1, "testname": "my_lib_ota_amp_tb_1", "cornername": "Nominal"}
[2026-04-19 12:44:15.083 +0700] [PROCESS] [cadence.virtuoso.ade.simulationMonitor] - Simulation started at: 12:43:53 PM, Sun Apr 19, 2026, ended at: 12:44:14 PM, Sun Apr 19, 2026, with elapsed time (wall clock): 20.8 s. {"history": "ExplorerRun.0", "point": 1, "testname": "my_lib_ota_amp_tb_1", "cornername": "Nominal"}
[2026-04-19 12:44:15.083 +0700] [PROCESS] [cadence.virtuoso.ade.simulationMonitor] - spectre completes with 0 errors, 0 warnings, and 4 notices. {"history": "ExplorerRun.0", "point": 1, "testname": "my_lib_ota_amp_tb_1", "cornername": "Nominal"}
[2026-04-19 12:44:15.083 +0700] [PROCESS] [cadence.virtuoso.ade.simulationMonitor] - Simulator exited {"hostname": "dtvt_13", "processid": 25708, "history": "ExplorerRun.0", "testname": "my_lib_ota_amp_tb_1", "cornername": "Nominal", "point": 1, "logfile": "/home/dtvt_13/truong/logs_dtvt_13/logs0/Job11.log", "exitStatus": "0"}
[2026-04-19 12:44:15.083 +0700] [PROCESS] [cadence.virtuoso.ade.simulationMonitor] - Finished Simulation {"hostname": "dtvt_13", "processid": 25708, "history": "ExplorerRun.0", "testname": "my_lib_ota_amp_tb_1", "cornername": "Nominal", "point": 1, "logfile": "/home/dtvt_13/truong/logs_dtvt_13/logs0/Job11.log", "simid": "5"}
[2026-04-19 12:44:15.596 +0700] [PROCESS] [cadence.virtuoso.ade.simulationMonitor] - Point Finished {"hostname": "dtvt_13", "processid": 25708, "history": "ExplorerRun.0", "testname": "my_lib_ota_amp_tb_1", "cornername": "Nominal", "point": 1, "logfile": "/home/dtvt_13/truong/logs_dtvt_13/logs0/Job11.log"}
[2026-04-19 12:44:46.219 +0700] [INFO] [cadence.virtuoso.ade.simulationMonitor] - SimulationMonitor has terminated the vds process '28596', reason: 'Force to stop the expression evalutor process because of new run' {"history": "ExplorerRun.0", "point": 1, "testname": "my_lib_ota_amp_tb_1", "cornername": "Nominal"}
[2026-04-19 12:44:46.219 +0700] [PROCESS] [cadence.virtuoso.ade.simulationMonitor] - HostInfo:
Host name (type):	dtvt_13 (x86_64)
Operating system:	Linux 3.10.0-1160.118.1.el7.x86_64 #1 SMP Wed Apr 24 16:01:50 UTC 2024 {"hostname": "dtvt_13", "processid": 25708, "history": "ExplorerRun.0", "testname": "my_lib_ota_amp_tb_1", "cornername": "Nominal", "point": 1, "logfile": "/home/dtvt_13/truong/logs_dtvt_13/logs0/Job11.log", "nodename": "dtvt_13", "domainname": "(none)", "machine": "x86_64", "sysname": "Linux", "release": "3.10.0-1160.118.1.el7.x86_64", "version": "#1 SMP Wed Apr 24 16:01:50 UTC 2024"}
[2026-04-19 12:44:46.219 +0700] [PROCESS] [cadence.virtuoso.ade.simulationMonitor] - UsageInfo:
pid=25708
totalPhysicalMemory=15.208324GB,Used=14.299324GB,totalVirtualMemory=22.895821GB,Used=14.346931GB
Cpu: Cores=24, Load average:0.570000,0.500000,0.430000 {"hostname": "dtvt_13", "processid": 25708, "history": "ExplorerRun.0", "testname": "my_lib_ota_amp_tb_1", "cornername": "Nominal", "point": 1, "logfile": "/home/dtvt_13/truong/logs_dtvt_13/logs0/Job11.log", "pid": "25708", "totalPhysicalMemory": "15.208324", "physicalMemoryUsed": "14.299324", "totalVirtualMemory": "22.895821", "virtualMemoryUsed": "14.346931", "cpuCores": "24", "processes": "2580", "loadAverage1": "0.570000", "loadAverage5": "0.500000", "loadAverage15": "0.430000", "loadAverage1Percent": "0.023750"}
[2026-04-19 12:44:46.220 +0700] [EVENT] [cadence.virtuoso.ade.simulationMonitor] - NewPoint {"history": "ExplorerRun.0", "point": 1, "testname": "my_lib_ota_amp_tb_1", "cornername": "Nominal", "event": "NewPoint", "EventSource": "Simulation Monitor", "HistoryName": "ExplorerRun.0", "logFile": "/home/dtvt_13/truong/logs_dtvt_13/logs0/Job11.log", "logFileSize": "48989"}
[2026-04-19 12:44:46.321 +0700] [EVENT] [cadence.virtuoso.ade.simulationMonitor] - NewPoint {"history": "ExplorerRun.0", "point": 1, "testname": "my_lib_ota_amp_tb_1", "cornername": "Nominal", "event": "NewPoint", "EventSource": "spectre", "HistoryName": "ExplorerRun.0", "logFile": "/home/dtvt_13/simulation/my_lib/ota_amp_tb/maestro/results/maestro/ExplorerRun.0/1/my_lib_ota_amp_tb_1/psf/spectre.out", "logFileSize": "-1"}
[2026-04-19 12:44:46.331 +0700] [PROCESS] [cadence.virtuoso.ade.simulationMonitor] - Simulator launched {"hostname": "dtvt_13", "processid": 25708, "history": "ExplorerRun.0", "testname": "my_lib_ota_amp_tb_1", "cornername": "Nominal", "point": 1, "logfile": "/home/dtvt_13/truong/logs_dtvt_13/logs0/Job11.log", "simid": "6"}
[2026-04-19 12:44:46.333 +0700] [PROCESS] [cadence.virtuoso.ade.simulationMonitor] - Expression evaluator launched {"hostname": "dtvt_13", "processid": 25708, "history": "ExplorerRun.0", "testname": "my_lib_ota_amp_tb_1", "cornername": "Nominal", "point": 1, "logfile": "/home/dtvt_13/truong/logs_dtvt_13/logs0/Job11.log"}
[2026-04-19 12:44:46.346 +0700] [PROCESS] [cadence.virtuoso.ade.simulationMonitor] - Started Simulation {"hostname": "dtvt_13", "processid": 25708, "history": "ExplorerRun.0", "testname": "my_lib_ota_amp_tb_1", "cornername": "Nominal", "point": 1, "logfile": "/home/dtvt_13/truong/logs_dtvt_13/logs0/Job11.log"}
[2026-04-19 12:45:07.751 +0700] [PROCESS] [cadence.virtuoso.ade.simulationMonitor] - Finished simulating for one point {"hostname": "dtvt_13", "processid": 25708, "history": "ExplorerRun.0", "testname": "my_lib_ota_amp_tb_1", "cornername": "Nominal", "point": 1, "logfile": "/home/dtvt_13/truong/logs_dtvt_13/logs0/Job11.log", "simid": "6"}
[2026-04-19 12:45:07.752 +0700] [INFO] [cadence.virtuoso.ade.simulationMonitor] - Peak resident memory used = 95.6 Mbytes. {"history": "ExplorerRun.0", "point": 1, "testname": "my_lib_ota_amp_tb_1", "cornername": "Nominal"}
[2026-04-19 12:45:07.752 +0700] [INFO] [cadence.virtuoso.ade.simulationMonitor] - Peak resident memory used = 104 Mbytes. {"history": "ExplorerRun.0", "point": 1, "testname": "my_lib_ota_amp_tb_1", "cornername": "Nominal"}
[2026-04-19 12:45:07.752 +0700] [INFO] [cadence.virtuoso.ade.simulationMonitor] - Notice from spectre during hierarchy flattening.
    The value 'psf' specified for the 'checklimitdest' option will no longer be supported in future releases. Use 'spectre -h' to see other recommended values for the 'checklimitdest' option. {"history": "ExplorerRun.0", "point": 1, "testname": "my_lib_ota_amp_tb_1", "cornername": "Nominal"}
[2026-04-19 12:45:07.752 +0700] [INFO] [cadence.virtuoso.ade.simulationMonitor] - Peak resident memory used = 105 Mbytes. {"history": "ExplorerRun.0", "point": 1, "testname": "my_lib_ota_amp_tb_1", "cornername": "Nominal"}
[2026-04-19 12:45:07.753 +0700] [INFO] [cadence.virtuoso.ade.simulationMonitor] - Notice from spectre during initial setup.
    Multithreading is disabled due to the size of the design being too small. {"history": "ExplorerRun.0", "point": 1, "testname": "my_lib_ota_amp_tb_1", "cornername": "Nominal"}
[2026-04-19 12:45:07.753 +0700] [INFO] [cadence.virtuoso.ade.simulationMonitor] -               nodes 43 {"history": "ExplorerRun.0", "point": 1, "testname": "my_lib_ota_amp_tb_1", "cornername": "Nominal"}
[2026-04-19 12:45:07.753 +0700] [INFO] [cadence.virtuoso.ade.simulationMonitor] - Notice from spectre during initial setup.
    APS enabled. {"history": "ExplorerRun.0", "point": 1, "testname": "my_lib_ota_amp_tb_1", "cornername": "Nominal"}
[2026-04-19 12:45:07.754 +0700] [INFO] [cadence.virtuoso.ade.simulationMonitor] - Peak resident memory used = 107 Mbytes. {"history": "ExplorerRun.0", "point": 1, "testname": "my_lib_ota_amp_tb_1", "cornername": "Nominal"}
[2026-04-19 12:45:07.754 +0700] [INFO] [cadence.virtuoso.ade.simulationMonitor] -    -   (APS) Multi-threading. The recommended number of threads is 1, consider adding +mt=1 on command line. {"history": "ExplorerRun.0", "point": 1, "testname": "my_lib_ota_amp_tb_1", "cornername": "Nominal"}
[2026-04-19 12:45:07.754 +0700] [INFO] [cadence.virtuoso.ade.simulationMonitor] - Total time required for ac analysis `ac': CPU = 4.978 ms, elapsed = 5.91803 ms. {"history": "ExplorerRun.0", "point": 1, "testname": "my_lib_ota_amp_tb_1", "cornername": "Nominal"}
[2026-04-19 12:45:07.754 +0700] [INFO] [cadence.virtuoso.ade.simulationMonitor] - Peak resident memory used = 109 Mbytes. {"history": "ExplorerRun.0", "point": 1, "testname": "my_lib_ota_amp_tb_1", "cornername": "Nominal"}
[2026-04-19 12:45:07.754 +0700] [INFO] [cadence.virtuoso.ade.simulationMonitor] - Total time required for dc analysis `dcOp': CPU = 3.235 ms, elapsed = 4.20904 ms. {"history": "ExplorerRun.0", "point": 1, "testname": "my_lib_ota_amp_tb_1", "cornername": "Nominal"}
[2026-04-19 12:45:07.754 +0700] [INFO] [cadence.virtuoso.ade.simulationMonitor] - Peak resident memory used = 109 Mbytes. {"history": "ExplorerRun.0", "point": 1, "testname": "my_lib_ota_amp_tb_1", "cornername": "Nominal"}
[2026-04-19 12:45:07.754 +0700] [INFO] [cadence.virtuoso.ade.simulationMonitor] - Time used: CPU = 545 ms, elapsed = 20.8 s, util. = 2.62%. {"history": "ExplorerRun.0", "point": 1, "testname": "my_lib_ota_amp_tb_1", "cornername": "Nominal"}
[2026-04-19 12:45:07.755 +0700] [INFO] [cadence.virtuoso.ade.simulationMonitor] - Time spent in licensing: elapsed = 20.3 s, percentage of total = 97.5%. {"history": "ExplorerRun.0", "point": 1, "testname": "my_lib_ota_amp_tb_1", "cornername": "Nominal"}
[2026-04-19 12:45:07.755 +0700] [INFO] [cadence.virtuoso.ade.simulationMonitor] - Peak memory used = 111 Mbytes. {"history": "ExplorerRun.0", "point": 1, "testname": "my_lib_ota_amp_tb_1", "cornername": "Nominal"}
[2026-04-19 12:45:07.755 +0700] [PROCESS] [cadence.virtuoso.ade.simulationMonitor] - Simulation started at: 12:44:46 PM, Sun Apr 19, 2026, ended at: 12:45:07 PM, Sun Apr 19, 2026, with elapsed time (wall clock): 20.8 s. {"history": "ExplorerRun.0", "point": 1, "testname": "my_lib_ota_amp_tb_1", "cornername": "Nominal"}
[2026-04-19 12:45:07.755 +0700] [PROCESS] [cadence.virtuoso.ade.simulationMonitor] - spectre completes with 0 errors, 0 warnings, and 4 notices. {"history": "ExplorerRun.0", "point": 1, "testname": "my_lib_ota_amp_tb_1", "cornername": "Nominal"}
[2026-04-19 12:45:07.755 +0700] [PROCESS] [cadence.virtuoso.ade.simulationMonitor] - Simulator exited {"hostname": "dtvt_13", "processid": 25708, "history": "ExplorerRun.0", "testname": "my_lib_ota_amp_tb_1", "cornername": "Nominal", "point": 1, "logfile": "/home/dtvt_13/truong/logs_dtvt_13/logs0/Job11.log", "exitStatus": "0"}
[2026-04-19 12:45:07.755 +0700] [PROCESS] [cadence.virtuoso.ade.simulationMonitor] - Finished Simulation {"hostname": "dtvt_13", "processid": 25708, "history": "ExplorerRun.0", "testname": "my_lib_ota_amp_tb_1", "cornername": "Nominal", "point": 1, "logfile": "/home/dtvt_13/truong/logs_dtvt_13/logs0/Job11.log", "simid": "6"}
[2026-04-19 12:45:08.768 +0700] [PROCESS] [cadence.virtuoso.ade.simulationMonitor] - Point Finished {"hostname": "dtvt_13", "processid": 25708, "history": "ExplorerRun.0", "testname": "my_lib_ota_amp_tb_1", "cornername": "Nominal", "point": 1, "logfile": "/home/dtvt_13/truong/logs_dtvt_13/logs0/Job11.log"}
[2026-04-19 12:45:56.925 +0700] [INFO] [cadence.virtuoso.ade.simulationMonitor] - SimulationMonitor has terminated the vds process '29340', reason: 'Force to stop the expression evalutor process because of new run' {"history": "ExplorerRun.0", "point": 1, "testname": "my_lib_ota_amp_tb_1", "cornername": "Nominal"}
[2026-04-19 12:45:56.926 +0700] [PROCESS] [cadence.virtuoso.ade.simulationMonitor] - HostInfo:
Host name (type):	dtvt_13 (x86_64)
Operating system:	Linux 3.10.0-1160.118.1.el7.x86_64 #1 SMP Wed Apr 24 16:01:50 UTC 2024 {"hostname": "dtvt_13", "processid": 25708, "history": "ExplorerRun.0", "testname": "my_lib_ota_amp_tb_1", "cornername": "Nominal", "point": 1, "logfile": "/home/dtvt_13/truong/logs_dtvt_13/logs0/Job11.log", "nodename": "dtvt_13", "domainname": "(none)", "machine": "x86_64", "sysname": "Linux", "release": "3.10.0-1160.118.1.el7.x86_64", "version": "#1 SMP Wed Apr 24 16:01:50 UTC 2024"}
[2026-04-19 12:45:56.926 +0700] [PROCESS] [cadence.virtuoso.ade.simulationMonitor] - UsageInfo:
pid=25708
totalPhysicalMemory=15.208324GB,Used=14.304535GB,totalVirtualMemory=22.895821GB,Used=14.352142GB
Cpu: Cores=24, Load average:0.580000,0.520000,0.440000 {"hostname": "dtvt_13", "processid": 25708, "history": "ExplorerRun.0", "testname": "my_lib_ota_amp_tb_1", "cornername": "Nominal", "point": 1, "logfile": "/home/dtvt_13/truong/logs_dtvt_13/logs0/Job11.log", "pid": "25708", "totalPhysicalMemory": "15.208324", "physicalMemoryUsed": "14.304535", "totalVirtualMemory": "22.895821", "virtualMemoryUsed": "14.352142", "cpuCores": "24", "processes": "2556", "loadAverage1": "0.580000", "loadAverage5": "0.520000", "loadAverage15": "0.440000", "loadAverage1Percent": "0.024167"}
[2026-04-19 12:45:56.926 +0700] [EVENT] [cadence.virtuoso.ade.simulationMonitor] - NewPoint {"history": "ExplorerRun.0", "point": 1, "testname": "my_lib_ota_amp_tb_1", "cornername": "Nominal", "event": "NewPoint", "EventSource": "Simulation Monitor", "HistoryName": "ExplorerRun.0", "logFile": "/home/dtvt_13/truong/logs_dtvt_13/logs0/Job11.log", "logFileSize": "58368"}
[2026-04-19 12:45:57.027 +0700] [EVENT] [cadence.virtuoso.ade.simulationMonitor] - NewPoint {"history": "ExplorerRun.0", "point": 1, "testname": "my_lib_ota_amp_tb_1", "cornername": "Nominal", "event": "NewPoint", "EventSource": "spectre", "HistoryName": "ExplorerRun.0", "logFile": "/home/dtvt_13/simulation/my_lib/ota_amp_tb/maestro/results/maestro/ExplorerRun.0/1/my_lib_ota_amp_tb_1/psf/spectre.out", "logFileSize": "-1"}
[2026-04-19 12:45:57.029 +0700] [PROCESS] [cadence.virtuoso.ade.simulationMonitor] - Simulator launched {"hostname": "dtvt_13", "processid": 25708, "history": "ExplorerRun.0", "testname": "my_lib_ota_amp_tb_1", "cornername": "Nominal", "point": 1, "logfile": "/home/dtvt_13/truong/logs_dtvt_13/logs0/Job11.log", "simid": "7"}
[2026-04-19 12:45:57.032 +0700] [PROCESS] [cadence.virtuoso.ade.simulationMonitor] - Expression evaluator launched {"hostname": "dtvt_13", "processid": 25708, "history": "ExplorerRun.0", "testname": "my_lib_ota_amp_tb_1", "cornername": "Nominal", "point": 1, "logfile": "/home/dtvt_13/truong/logs_dtvt_13/logs0/Job11.log"}
[2026-04-19 12:45:57.036 +0700] [PROCESS] [cadence.virtuoso.ade.simulationMonitor] - Started Simulation {"hostname": "dtvt_13", "processid": 25708, "history": "ExplorerRun.0", "testname": "my_lib_ota_amp_tb_1", "cornername": "Nominal", "point": 1, "logfile": "/home/dtvt_13/truong/logs_dtvt_13/logs0/Job11.log"}
[2026-04-19 12:46:18.336 +0700] [INFO] [cadence.virtuoso.ade.simulationMonitor] - Peak resident memory used = 95.6 Mbytes. {"history": "ExplorerRun.0", "point": 1, "testname": "my_lib_ota_amp_tb_1", "cornername": "Nominal"}
[2026-04-19 12:46:18.337 +0700] [INFO] [cadence.virtuoso.ade.simulationMonitor] - Peak resident memory used = 104 Mbytes. {"history": "ExplorerRun.0", "point": 1, "testname": "my_lib_ota_amp_tb_1", "cornername": "Nominal"}
[2026-04-19 12:46:18.337 +0700] [INFO] [cadence.virtuoso.ade.simulationMonitor] - Notice from spectre during hierarchy flattening.
    The value 'psf' specified for the 'checklimitdest' option will no longer be supported in future releases. Use 'spectre -h' to see other recommended values for the 'checklimitdest' option. {"history": "ExplorerRun.0", "point": 1, "testname": "my_lib_ota_amp_tb_1", "cornername": "Nominal"}
[2026-04-19 12:46:18.337 +0700] [INFO] [cadence.virtuoso.ade.simulationMonitor] - Peak resident memory used = 105 Mbytes. {"history": "ExplorerRun.0", "point": 1, "testname": "my_lib_ota_amp_tb_1", "cornername": "Nominal"}
[2026-04-19 12:46:18.338 +0700] [INFO] [cadence.virtuoso.ade.simulationMonitor] - Notice from spectre during initial setup.
    Multithreading is disabled due to the size of the design being too small. {"history": "ExplorerRun.0", "point": 1, "testname": "my_lib_ota_amp_tb_1", "cornername": "Nominal"}
[2026-04-19 12:46:18.339 +0700] [INFO] [cadence.virtuoso.ade.simulationMonitor] -               nodes 43 {"history": "ExplorerRun.0", "point": 1, "testname": "my_lib_ota_amp_tb_1", "cornername": "Nominal"}
[2026-04-19 12:46:18.339 +0700] [INFO] [cadence.virtuoso.ade.simulationMonitor] - Notice from spectre during initial setup.
    APS enabled. {"history": "ExplorerRun.0", "point": 1, "testname": "my_lib_ota_amp_tb_1", "cornername": "Nominal"}
[2026-04-19 12:46:18.339 +0700] [INFO] [cadence.virtuoso.ade.simulationMonitor] - Peak resident memory used = 107 Mbytes. {"history": "ExplorerRun.0", "point": 1, "testname": "my_lib_ota_amp_tb_1", "cornername": "Nominal"}
[2026-04-19 12:46:18.339 +0700] [INFO] [cadence.virtuoso.ade.simulationMonitor] -    -   (APS) Multi-threading. The recommended number of threads is 1, consider adding +mt=1 on command line. {"history": "ExplorerRun.0", "point": 1, "testname": "my_lib_ota_amp_tb_1", "cornername": "Nominal"}
[2026-04-19 12:46:18.340 +0700] [INFO] [cadence.virtuoso.ade.simulationMonitor] - Total time required for ac analysis `ac': CPU = 4.214 ms, elapsed = 5.21111 ms. {"history": "ExplorerRun.0", "point": 1, "testname": "my_lib_ota_amp_tb_1", "cornername": "Nominal"}
[2026-04-19 12:46:18.340 +0700] [INFO] [cadence.virtuoso.ade.simulationMonitor] - Peak resident memory used = 109 Mbytes. {"history": "ExplorerRun.0", "point": 1, "testname": "my_lib_ota_amp_tb_1", "cornername": "Nominal"}
[2026-04-19 12:46:18.340 +0700] [INFO] [cadence.virtuoso.ade.simulationMonitor] - Total time required for dc analysis `dcOp': CPU = 1.383 ms, elapsed = 2.29287 ms. {"history": "ExplorerRun.0", "point": 1, "testname": "my_lib_ota_amp_tb_1", "cornername": "Nominal"}
[2026-04-19 12:46:18.340 +0700] [INFO] [cadence.virtuoso.ade.simulationMonitor] - Peak resident memory used = 109 Mbytes. {"history": "ExplorerRun.0", "point": 1, "testname": "my_lib_ota_amp_tb_1", "cornername": "Nominal"}
[2026-04-19 12:46:18.841 +0700] [PROCESS] [cadence.virtuoso.ade.simulationMonitor] - Finished simulating for one point {"hostname": "dtvt_13", "processid": 25708, "history": "ExplorerRun.0", "testname": "my_lib_ota_amp_tb_1", "cornername": "Nominal", "point": 1, "logfile": "/home/dtvt_13/truong/logs_dtvt_13/logs0/Job11.log", "simid": "7"}
[2026-04-19 12:46:18.841 +0700] [INFO] [cadence.virtuoso.ade.simulationMonitor] - Time used: CPU = 510 ms, elapsed = 21.2 s, util. = 2.41%. {"history": "ExplorerRun.0", "point": 1, "testname": "my_lib_ota_amp_tb_1", "cornername": "Nominal"}
[2026-04-19 12:46:18.842 +0700] [INFO] [cadence.virtuoso.ade.simulationMonitor] - Time spent in licensing: elapsed = 20.6 s, percentage of total = 97.4%. {"history": "ExplorerRun.0", "point": 1, "testname": "my_lib_ota_amp_tb_1", "cornername": "Nominal"}
[2026-04-19 12:46:18.842 +0700] [INFO] [cadence.virtuoso.ade.simulationMonitor] - Peak memory used = 111 Mbytes. {"history": "ExplorerRun.0", "point": 1, "testname": "my_lib_ota_amp_tb_1", "cornername": "Nominal"}
[2026-04-19 12:46:18.842 +0700] [PROCESS] [cadence.virtuoso.ade.simulationMonitor] - Simulation started at: 12:45:57 PM, Sun Apr 19, 2026, ended at: 12:46:18 PM, Sun Apr 19, 2026, with elapsed time (wall clock): 21.2 s. {"history": "ExplorerRun.0", "point": 1, "testname": "my_lib_ota_amp_tb_1", "cornername": "Nominal"}
[2026-04-19 12:46:18.843 +0700] [PROCESS] [cadence.virtuoso.ade.simulationMonitor] - spectre completes with 0 errors, 0 warnings, and 4 notices. {"history": "ExplorerRun.0", "point": 1, "testname": "my_lib_ota_amp_tb_1", "cornername": "Nominal"}
[2026-04-19 12:46:18.843 +0700] [PROCESS] [cadence.virtuoso.ade.simulationMonitor] - Simulator exited {"hostname": "dtvt_13", "processid": 25708, "history": "ExplorerRun.0", "testname": "my_lib_ota_amp_tb_1", "cornername": "Nominal", "point": 1, "logfile": "/home/dtvt_13/truong/logs_dtvt_13/logs0/Job11.log", "exitStatus": "0"}
[2026-04-19 12:46:18.843 +0700] [PROCESS] [cadence.virtuoso.ade.simulationMonitor] - Finished Simulation {"hostname": "dtvt_13", "processid": 25708, "history": "ExplorerRun.0", "testname": "my_lib_ota_amp_tb_1", "cornername": "Nominal", "point": 1, "logfile": "/home/dtvt_13/truong/logs_dtvt_13/logs0/Job11.log", "simid": "7"}
[2026-04-19 12:46:19.858 +0700] [PROCESS] [cadence.virtuoso.ade.simulationMonitor] - Point Finished {"hostname": "dtvt_13", "processid": 25708, "history": "ExplorerRun.0", "testname": "my_lib_ota_amp_tb_1", "cornername": "Nominal", "point": 1, "logfile": "/home/dtvt_13/truong/logs_dtvt_13/logs0/Job11.log"}
[2026-04-19 12:51:20.416 +0700] [PROCESS] [cadence.virtuoso.ade.simulationMonitor] - Current memory used: 32.2422 MBytes, peak memory used: 32.2422 MBytes {"hostname": "dtvt_13", "processid": 25708, "history": "ExplorerRun.0", "testname": "my_lib_ota_amp_tb_1", "cornername": "Nominal", "point": 1, "logfile": "/home/dtvt_13/truong/logs_dtvt_13/logs0/Job11.log"}
[2026-04-19 12:51:20.417 +0700] [PROCESS] [cadence.virtuoso.ade.simulationMonitor] - Simulation Monitor process exit. {"hostname": "dtvt_13", "processid": 25708, "history": "ExplorerRun.0", "testname": "my_lib_ota_amp_tb_1", "cornername": "Nominal", "point": 1, "logfile": "/home/dtvt_13/truong/logs_dtvt_13/logs0/Job11.log"}
