[Simulation Monitor: 34]
[2026-04-08 23:56:57.540 +0700] [PROCESS] [cadence.virtuoso.ade.simulationMonitor] - Simulation Monitor has successfully started up. Trying to set up communication channels to other components ... {"hostname": "dtvt_13", "processid": 17316, "logfile": "/home/dtvt_13/truong/logs_dtvt_13/logs0/Job34.log"}
[2026-04-08 23:56:57.540 +0700] [PROCESS] [cadence.virtuoso.ade.simulationMonitor] - Communication channels have been successfully set up. Start processing events ... {"hostname": "dtvt_13", "processid": 17316, "logfile": "/home/dtvt_13/truong/logs_dtvt_13/logs0/Job34.log"}
[2026-04-08 23:56:57.540 +0700] [PROCESS] [cadence.virtuoso.ade.simulationMonitor] - Considering to start history {"hostname": "dtvt_13", "processid": 17316, "history": "ExplorerRun.0", "logfile": "/home/dtvt_13/truong/logs_dtvt_13/logs0/Job34.log"}
[2026-04-08 23:56:57.542 +0700] [PROCESS] [cadence.virtuoso.ade.simulationMonitor] - HostInfo:
Host name (type):	dtvt_13 (x86_64)
Operating system:	Linux 3.10.0-1160.118.1.el7.x86_64 #1 SMP Wed Apr 24 16:01:50 UTC 2024 {"hostname": "dtvt_13", "processid": 17316, "history": "ExplorerRun.0", "logfile": "/home/dtvt_13/truong/logs_dtvt_13/logs0/Job34.log", "nodename": "dtvt_13", "domainname": "(none)", "machine": "x86_64", "sysname": "Linux", "release": "3.10.0-1160.118.1.el7.x86_64", "version": "#1 SMP Wed Apr 24 16:01:50 UTC 2024"}
[2026-04-08 23:56:57.542 +0700] [PROCESS] [cadence.virtuoso.ade.simulationMonitor] - UsageInfo:
pid=17316
totalPhysicalMemory=15.208324GB,Used=13.869629GB,totalVirtualMemory=22.895821GB,Used=13.902832GB
Cpu: Cores=24, Load average:0.570000,0.270000,0.250000 {"hostname": "dtvt_13", "processid": 17316, "history": "ExplorerRun.0", "logfile": "/home/dtvt_13/truong/logs_dtvt_13/logs0/Job34.log", "pid": "17316", "totalPhysicalMemory": "15.208324", "physicalMemoryUsed": "13.869629", "totalVirtualMemory": "22.895821", "virtualMemoryUsed": "13.902832", "cpuCores": "24", "processes": "2519", "loadAverage1": "0.570000", "loadAverage5": "0.270000", "loadAverage15": "0.250000", "loadAverage1Percent": "0.023750"}
[2026-04-08 23:56:57.542 +0700] [EVENT] [cadence.virtuoso.ade.simulationMonitor] - NewPoint {"history": "ExplorerRun.0", "point": 1, "testname": "my_lib_cs_amp_1", "cornername": "Nominal", "event": "NewPoint", "EventSource": "Simulation Monitor", "HistoryName": "ExplorerRun.0", "logFile": "/home/dtvt_13/truong/logs_dtvt_13/logs0/Job34.log", "logFileSize": "2100"}
[2026-04-08 23:56:57.643 +0700] [EVENT] [cadence.virtuoso.ade.simulationMonitor] - NewPoint {"history": "ExplorerRun.0", "point": 1, "testname": "my_lib_cs_amp_1", "cornername": "Nominal", "event": "NewPoint", "EventSource": "spectre", "HistoryName": "ExplorerRun.0", "logFile": "/home/dtvt_13/simulation/my_lib/cs_amp/maestro/results/maestro/ExplorerRun.0/1/my_lib_cs_amp_1/psf/spectre.out", "logFileSize": "-1"}
[2026-04-08 23:56:57.653 +0700] [PROCESS] [cadence.virtuoso.ade.simulationMonitor] - Simulator launched {"hostname": "dtvt_13", "processid": 17316, "history": "ExplorerRun.0", "testname": "my_lib_cs_amp_1", "cornername": "Nominal", "point": 1, "logfile": "/home/dtvt_13/truong/logs_dtvt_13/logs0/Job34.log", "simid": "1"}
[2026-04-08 23:56:57.657 +0700] [PROCESS] [cadence.virtuoso.ade.simulationMonitor] - Expression evaluator launched {"hostname": "dtvt_13", "processid": 17316, "history": "ExplorerRun.0", "testname": "my_lib_cs_amp_1", "cornername": "Nominal", "point": 1, "logfile": "/home/dtvt_13/truong/logs_dtvt_13/logs0/Job34.log"}
[2026-04-08 23:56:57.671 +0700] [PROCESS] [cadence.virtuoso.ade.simulationMonitor] - Started Simulation {"hostname": "dtvt_13", "processid": 17316, "history": "ExplorerRun.0", "testname": "my_lib_cs_amp_1", "cornername": "Nominal", "point": 1, "logfile": "/home/dtvt_13/truong/logs_dtvt_13/logs0/Job34.log"}
[2026-04-08 23:57:19.517 +0700] [PROCESS] [cadence.virtuoso.ade.simulationMonitor] - Finished simulating for one point {"hostname": "dtvt_13", "processid": 17316, "history": "ExplorerRun.0", "testname": "my_lib_cs_amp_1", "cornername": "Nominal", "point": 1, "logfile": "/home/dtvt_13/truong/logs_dtvt_13/logs0/Job34.log", "simid": "1"}
[2026-04-08 23:57:19.517 +0700] [INFO] [cadence.virtuoso.ade.simulationMonitor] - Peak resident memory used = 95.5 Mbytes. {"history": "ExplorerRun.0", "point": 1, "testname": "my_lib_cs_amp_1", "cornername": "Nominal"}
[2026-04-08 23:57:19.518 +0700] [INFO] [cadence.virtuoso.ade.simulationMonitor] - Peak resident memory used = 104 Mbytes. {"history": "ExplorerRun.0", "point": 1, "testname": "my_lib_cs_amp_1", "cornername": "Nominal"}
[2026-04-08 23:57:19.518 +0700] [INFO] [cadence.virtuoso.ade.simulationMonitor] - Notice from spectre during hierarchy flattening.
    The value 'psf' specified for the 'checklimitdest' option will no longer be supported in future releases. Use 'spectre -h' to see other recommended values for the 'checklimitdest' option. {"history": "ExplorerRun.0", "point": 1, "testname": "my_lib_cs_amp_1", "cornername": "Nominal"}
[2026-04-08 23:57:19.518 +0700] [INFO] [cadence.virtuoso.ade.simulationMonitor] - Peak resident memory used = 105 Mbytes. {"history": "ExplorerRun.0", "point": 1, "testname": "my_lib_cs_amp_1", "cornername": "Nominal"}
[2026-04-08 23:57:19.518 +0700] [INFO] [cadence.virtuoso.ade.simulationMonitor] - Notice from spectre during initial setup.
    Multithreading is disabled due to the size of the design being too small. {"history": "ExplorerRun.0", "point": 1, "testname": "my_lib_cs_amp_1", "cornername": "Nominal"}
[2026-04-08 23:57:19.519 +0700] [INFO] [cadence.virtuoso.ade.simulationMonitor] -               nodes 4 {"history": "ExplorerRun.0", "point": 1, "testname": "my_lib_cs_amp_1", "cornername": "Nominal"}
[2026-04-08 23:57:19.519 +0700] [INFO] [cadence.virtuoso.ade.simulationMonitor] - Notice from spectre during initial setup.
    APS enabled. {"history": "ExplorerRun.0", "point": 1, "testname": "my_lib_cs_amp_1", "cornername": "Nominal"}
[2026-04-08 23:57:19.519 +0700] [INFO] [cadence.virtuoso.ade.simulationMonitor] - Peak resident memory used = 106 Mbytes. {"history": "ExplorerRun.0", "point": 1, "testname": "my_lib_cs_amp_1", "cornername": "Nominal"}
[2026-04-08 23:57:19.520 +0700] [INFO] [cadence.virtuoso.ade.simulationMonitor] -    -   (APS) Multi-threading. The recommended number of threads is 1, consider adding +mt=1 on command line. {"history": "ExplorerRun.0", "point": 1, "testname": "my_lib_cs_amp_1", "cornername": "Nominal"}
[2026-04-08 23:57:19.520 +0700] [INFO] [cadence.virtuoso.ade.simulationMonitor] - Total time required for dc analysis `dcOp': CPU = 1.678 ms, elapsed = 2.69318 ms. {"history": "ExplorerRun.0", "point": 1, "testname": "my_lib_cs_amp_1", "cornername": "Nominal"}
[2026-04-08 23:57:19.520 +0700] [INFO] [cadence.virtuoso.ade.simulationMonitor] - Peak resident memory used = 108 Mbytes. {"history": "ExplorerRun.0", "point": 1, "testname": "my_lib_cs_amp_1", "cornername": "Nominal"}
[2026-04-08 23:57:19.520 +0700] [INFO] [cadence.virtuoso.ade.simulationMonitor] - Time used: CPU = 525 ms, elapsed = 21.3 s, util. = 2.47%. {"history": "ExplorerRun.0", "point": 1, "testname": "my_lib_cs_amp_1", "cornername": "Nominal"}
[2026-04-08 23:57:19.520 +0700] [INFO] [cadence.virtuoso.ade.simulationMonitor] - Time spent in licensing: elapsed = 20.7 s, percentage of total = 97.2%. {"history": "ExplorerRun.0", "point": 1, "testname": "my_lib_cs_amp_1", "cornername": "Nominal"}
[2026-04-08 23:57:19.520 +0700] [INFO] [cadence.virtuoso.ade.simulationMonitor] - Peak memory used = 110 Mbytes. {"history": "ExplorerRun.0", "point": 1, "testname": "my_lib_cs_amp_1", "cornername": "Nominal"}
[2026-04-08 23:57:19.521 +0700] [PROCESS] [cadence.virtuoso.ade.simulationMonitor] - Simulation started at: 11:56:57 PM, Wed Apr 8, 2026, ended at: 11:57:19 PM, Wed Apr 8, 2026, with elapsed time (wall clock): 21.3 s. {"history": "ExplorerRun.0", "point": 1, "testname": "my_lib_cs_amp_1", "cornername": "Nominal"}
[2026-04-08 23:57:19.521 +0700] [PROCESS] [cadence.virtuoso.ade.simulationMonitor] - spectre completes with 0 errors, 0 warnings, and 4 notices. {"history": "ExplorerRun.0", "point": 1, "testname": "my_lib_cs_amp_1", "cornername": "Nominal"}
[2026-04-08 23:57:19.521 +0700] [PROCESS] [cadence.virtuoso.ade.simulationMonitor] - Simulator exited {"hostname": "dtvt_13", "processid": 17316, "history": "ExplorerRun.0", "testname": "my_lib_cs_amp_1", "cornername": "Nominal", "point": 1, "logfile": "/home/dtvt_13/truong/logs_dtvt_13/logs0/Job34.log", "exitStatus": "0"}
[2026-04-08 23:57:19.521 +0700] [PROCESS] [cadence.virtuoso.ade.simulationMonitor] - Finished Simulation {"hostname": "dtvt_13", "processid": 17316, "history": "ExplorerRun.0", "testname": "my_lib_cs_amp_1", "cornername": "Nominal", "point": 1, "logfile": "/home/dtvt_13/truong/logs_dtvt_13/logs0/Job34.log", "simid": "1"}
[2026-04-08 23:57:20.534 +0700] [PROCESS] [cadence.virtuoso.ade.simulationMonitor] - Point Finished {"hostname": "dtvt_13", "processid": 17316, "history": "ExplorerRun.0", "testname": "my_lib_cs_amp_1", "cornername": "Nominal", "point": 1, "logfile": "/home/dtvt_13/truong/logs_dtvt_13/logs0/Job34.log"}
[2026-04-08 23:58:01.677 +0700] [INFO] [cadence.virtuoso.ade.simulationMonitor] - SimulationMonitor has terminated the vds process '17397', reason: 'Force to stop the expression evalutor process because of new run' {"history": "ExplorerRun.0", "point": 1, "testname": "my_lib_cs_amp_1", "cornername": "Nominal"}
[2026-04-08 23:58:01.677 +0700] [PROCESS] [cadence.virtuoso.ade.simulationMonitor] - HostInfo:
Host name (type):	dtvt_13 (x86_64)
Operating system:	Linux 3.10.0-1160.118.1.el7.x86_64 #1 SMP Wed Apr 24 16:01:50 UTC 2024 {"hostname": "dtvt_13", "processid": 17316, "history": "ExplorerRun.0", "testname": "my_lib_cs_amp_1", "cornername": "Nominal", "point": 1, "logfile": "/home/dtvt_13/truong/logs_dtvt_13/logs0/Job34.log", "nodename": "dtvt_13", "domainname": "(none)", "machine": "x86_64", "sysname": "Linux", "release": "3.10.0-1160.118.1.el7.x86_64", "version": "#1 SMP Wed Apr 24 16:01:50 UTC 2024"}
[2026-04-08 23:58:01.678 +0700] [PROCESS] [cadence.virtuoso.ade.simulationMonitor] - UsageInfo:
pid=17316
totalPhysicalMemory=15.208324GB,Used=13.876656GB,totalVirtualMemory=22.895821GB,Used=13.909859GB
Cpu: Cores=24, Load average:0.370000,0.270000,0.250000 {"hostname": "dtvt_13", "processid": 17316, "history": "ExplorerRun.0", "testname": "my_lib_cs_amp_1", "cornername": "Nominal", "point": 1, "logfile": "/home/dtvt_13/truong/logs_dtvt_13/logs0/Job34.log", "pid": "17316", "totalPhysicalMemory": "15.208324", "physicalMemoryUsed": "13.876656", "totalVirtualMemory": "22.895821", "virtualMemoryUsed": "13.909859", "cpuCores": "24", "processes": "2523", "loadAverage1": "0.370000", "loadAverage5": "0.270000", "loadAverage15": "0.250000", "loadAverage1Percent": "0.015417"}
[2026-04-08 23:58:01.678 +0700] [EVENT] [cadence.virtuoso.ade.simulationMonitor] - NewPoint {"history": "ExplorerRun.0", "point": 1, "testname": "my_lib_cs_amp_1", "cornername": "Nominal", "event": "NewPoint", "EventSource": "Simulation Monitor", "HistoryName": "ExplorerRun.0", "logFile": "/home/dtvt_13/truong/logs_dtvt_13/logs0/Job34.log", "logFileSize": "10869"}
[2026-04-08 23:58:01.778 +0700] [EVENT] [cadence.virtuoso.ade.simulationMonitor] - NewPoint {"history": "ExplorerRun.0", "point": 1, "testname": "my_lib_cs_amp_1", "cornername": "Nominal", "event": "NewPoint", "EventSource": "spectre", "HistoryName": "ExplorerRun.0", "logFile": "/home/dtvt_13/simulation/my_lib/cs_amp/maestro/results/maestro/ExplorerRun.0/1/my_lib_cs_amp_1/psf/spectre.out", "logFileSize": "-1"}
[2026-04-08 23:58:01.781 +0700] [PROCESS] [cadence.virtuoso.ade.simulationMonitor] - Simulator launched {"hostname": "dtvt_13", "processid": 17316, "history": "ExplorerRun.0", "testname": "my_lib_cs_amp_1", "cornername": "Nominal", "point": 1, "logfile": "/home/dtvt_13/truong/logs_dtvt_13/logs0/Job34.log", "simid": "2"}
[2026-04-08 23:58:01.786 +0700] [PROCESS] [cadence.virtuoso.ade.simulationMonitor] - Expression evaluator launched {"hostname": "dtvt_13", "processid": 17316, "history": "ExplorerRun.0", "testname": "my_lib_cs_amp_1", "cornername": "Nominal", "point": 1, "logfile": "/home/dtvt_13/truong/logs_dtvt_13/logs0/Job34.log"}
[2026-04-08 23:58:01.791 +0700] [PROCESS] [cadence.virtuoso.ade.simulationMonitor] - Started Simulation {"hostname": "dtvt_13", "processid": 17316, "history": "ExplorerRun.0", "testname": "my_lib_cs_amp_1", "cornername": "Nominal", "point": 1, "logfile": "/home/dtvt_13/truong/logs_dtvt_13/logs0/Job34.log"}
[2026-04-08 23:58:23.238 +0700] [INFO] [cadence.virtuoso.ade.simulationMonitor] - Peak resident memory used = 95.5 Mbytes. {"history": "ExplorerRun.0", "point": 1, "testname": "my_lib_cs_amp_1", "cornername": "Nominal"}
[2026-04-08 23:58:23.739 +0700] [PROCESS] [cadence.virtuoso.ade.simulationMonitor] - Finished simulating for one point {"hostname": "dtvt_13", "processid": 17316, "history": "ExplorerRun.0", "testname": "my_lib_cs_amp_1", "cornername": "Nominal", "point": 1, "logfile": "/home/dtvt_13/truong/logs_dtvt_13/logs0/Job34.log", "simid": "2"}
[2026-04-08 23:58:23.740 +0700] [INFO] [cadence.virtuoso.ade.simulationMonitor] - Peak resident memory used = 104 Mbytes. {"history": "ExplorerRun.0", "point": 1, "testname": "my_lib_cs_amp_1", "cornername": "Nominal"}
[2026-04-08 23:58:23.740 +0700] [INFO] [cadence.virtuoso.ade.simulationMonitor] - Notice from spectre during hierarchy flattening.
    The value 'psf' specified for the 'checklimitdest' option will no longer be supported in future releases. Use 'spectre -h' to see other recommended values for the 'checklimitdest' option. {"history": "ExplorerRun.0", "point": 1, "testname": "my_lib_cs_amp_1", "cornername": "Nominal"}
[2026-04-08 23:58:23.741 +0700] [INFO] [cadence.virtuoso.ade.simulationMonitor] - Peak resident memory used = 105 Mbytes. {"history": "ExplorerRun.0", "point": 1, "testname": "my_lib_cs_amp_1", "cornername": "Nominal"}
[2026-04-08 23:58:23.741 +0700] [INFO] [cadence.virtuoso.ade.simulationMonitor] - Notice from spectre during initial setup.
    Multithreading is disabled due to the size of the design being too small. {"history": "ExplorerRun.0", "point": 1, "testname": "my_lib_cs_amp_1", "cornername": "Nominal"}
[2026-04-08 23:58:23.741 +0700] [INFO] [cadence.virtuoso.ade.simulationMonitor] -               nodes 4 {"history": "ExplorerRun.0", "point": 1, "testname": "my_lib_cs_amp_1", "cornername": "Nominal"}
[2026-04-08 23:58:23.742 +0700] [INFO] [cadence.virtuoso.ade.simulationMonitor] - Notice from spectre during initial setup.
    APS enabled. {"history": "ExplorerRun.0", "point": 1, "testname": "my_lib_cs_amp_1", "cornername": "Nominal"}
[2026-04-08 23:58:23.742 +0700] [INFO] [cadence.virtuoso.ade.simulationMonitor] - Peak resident memory used = 106 Mbytes. {"history": "ExplorerRun.0", "point": 1, "testname": "my_lib_cs_amp_1", "cornername": "Nominal"}
[2026-04-08 23:58:23.742 +0700] [INFO] [cadence.virtuoso.ade.simulationMonitor] -    -   (APS) Multi-threading. The recommended number of threads is 1, consider adding +mt=1 on command line. {"history": "ExplorerRun.0", "point": 1, "testname": "my_lib_cs_amp_1", "cornername": "Nominal"}
[2026-04-08 23:58:23.742 +0700] [INFO] [cadence.virtuoso.ade.simulationMonitor] - Total time required for dc analysis `dcOp': CPU = 2.021 ms, elapsed = 3.07393 ms. {"history": "ExplorerRun.0", "point": 1, "testname": "my_lib_cs_amp_1", "cornername": "Nominal"}
[2026-04-08 23:58:23.743 +0700] [INFO] [cadence.virtuoso.ade.simulationMonitor] - Peak resident memory used = 108 Mbytes. {"history": "ExplorerRun.0", "point": 1, "testname": "my_lib_cs_amp_1", "cornername": "Nominal"}
[2026-04-08 23:58:23.743 +0700] [INFO] [cadence.virtuoso.ade.simulationMonitor] - Time used: CPU = 561 ms, elapsed = 21.2 s, util. = 2.65%. {"history": "ExplorerRun.0", "point": 1, "testname": "my_lib_cs_amp_1", "cornername": "Nominal"}
[2026-04-08 23:58:23.743 +0700] [INFO] [cadence.virtuoso.ade.simulationMonitor] - Time spent in licensing: elapsed = 20.6 s, percentage of total = 97.2%. {"history": "ExplorerRun.0", "point": 1, "testname": "my_lib_cs_amp_1", "cornername": "Nominal"}
[2026-04-08 23:58:23.743 +0700] [INFO] [cadence.virtuoso.ade.simulationMonitor] - Peak memory used = 110 Mbytes. {"history": "ExplorerRun.0", "point": 1, "testname": "my_lib_cs_amp_1", "cornername": "Nominal"}
[2026-04-08 23:58:23.743 +0700] [PROCESS] [cadence.virtuoso.ade.simulationMonitor] - Simulation started at: 11:58:02 PM, Wed Apr 8, 2026, ended at: 11:58:23 PM, Wed Apr 8, 2026, with elapsed time (wall clock): 21.2 s. {"history": "ExplorerRun.0", "point": 1, "testname": "my_lib_cs_amp_1", "cornername": "Nominal"}
[2026-04-08 23:58:23.743 +0700] [PROCESS] [cadence.virtuoso.ade.simulationMonitor] - spectre completes with 0 errors, 0 warnings, and 4 notices. {"history": "ExplorerRun.0", "point": 1, "testname": "my_lib_cs_amp_1", "cornername": "Nominal"}
[2026-04-08 23:58:23.744 +0700] [PROCESS] [cadence.virtuoso.ade.simulationMonitor] - Simulator exited {"hostname": "dtvt_13", "processid": 17316, "history": "ExplorerRun.0", "testname": "my_lib_cs_amp_1", "cornername": "Nominal", "point": 1, "logfile": "/home/dtvt_13/truong/logs_dtvt_13/logs0/Job34.log", "exitStatus": "0"}
[2026-04-08 23:58:23.744 +0700] [PROCESS] [cadence.virtuoso.ade.simulationMonitor] - Finished Simulation {"hostname": "dtvt_13", "processid": 17316, "history": "ExplorerRun.0", "testname": "my_lib_cs_amp_1", "cornername": "Nominal", "point": 1, "logfile": "/home/dtvt_13/truong/logs_dtvt_13/logs0/Job34.log", "simid": "2"}
[2026-04-08 23:58:24.259 +0700] [PROCESS] [cadence.virtuoso.ade.simulationMonitor] - Point Finished {"hostname": "dtvt_13", "processid": 17316, "history": "ExplorerRun.0", "testname": "my_lib_cs_amp_1", "cornername": "Nominal", "point": 1, "logfile": "/home/dtvt_13/truong/logs_dtvt_13/logs0/Job34.log"}
[2026-04-09 00:00:02.828 +0700] [INFO] [cadence.virtuoso.ade.simulationMonitor] - SimulationMonitor has terminated the vds process '18067', reason: 'Force to stop the expression evalutor process because of new run' {"history": "ExplorerRun.0", "point": 1, "testname": "my_lib_cs_amp_1", "cornername": "Nominal"}
[2026-04-09 00:00:02.829 +0700] [PROCESS] [cadence.virtuoso.ade.simulationMonitor] - HostInfo:
Host name (type):	dtvt_13 (x86_64)
Operating system:	Linux 3.10.0-1160.118.1.el7.x86_64 #1 SMP Wed Apr 24 16:01:50 UTC 2024 {"hostname": "dtvt_13", "processid": 17316, "history": "ExplorerRun.0", "testname": "my_lib_cs_amp_1", "cornername": "Nominal", "point": 1, "logfile": "/home/dtvt_13/truong/logs_dtvt_13/logs0/Job34.log", "nodename": "dtvt_13", "domainname": "(none)", "machine": "x86_64", "sysname": "Linux", "release": "3.10.0-1160.118.1.el7.x86_64", "version": "#1 SMP Wed Apr 24 16:01:50 UTC 2024"}
[2026-04-09 00:00:02.829 +0700] [PROCESS] [cadence.virtuoso.ade.simulationMonitor] - UsageInfo:
pid=17316
totalPhysicalMemory=15.208324GB,Used=13.880672GB,totalVirtualMemory=22.895821GB,Used=13.913876GB
Cpu: Cores=24, Load average:0.120000,0.230000,0.240000 {"hostname": "dtvt_13", "processid": 17316, "history": "ExplorerRun.0", "testname": "my_lib_cs_amp_1", "cornername": "Nominal", "point": 1, "logfile": "/home/dtvt_13/truong/logs_dtvt_13/logs0/Job34.log", "pid": "17316", "totalPhysicalMemory": "15.208324", "physicalMemoryUsed": "13.880672", "totalVirtualMemory": "22.895821", "virtualMemoryUsed": "13.913876", "cpuCores": "24", "processes": "2524", "loadAverage1": "0.120000", "loadAverage5": "0.230000", "loadAverage15": "0.240000", "loadAverage1Percent": "0.005000"}
[2026-04-09 00:00:02.829 +0700] [EVENT] [cadence.virtuoso.ade.simulationMonitor] - NewPoint {"history": "ExplorerRun.0", "point": 1, "testname": "my_lib_cs_amp_1", "cornername": "Nominal", "event": "NewPoint", "EventSource": "Simulation Monitor", "HistoryName": "ExplorerRun.0", "logFile": "/home/dtvt_13/truong/logs_dtvt_13/logs0/Job34.log", "logFileSize": "19639"}
[2026-04-09 00:00:02.930 +0700] [EVENT] [cadence.virtuoso.ade.simulationMonitor] - NewPoint {"history": "ExplorerRun.0", "point": 1, "testname": "my_lib_cs_amp_1", "cornername": "Nominal", "event": "NewPoint", "EventSource": "spectre", "HistoryName": "ExplorerRun.0", "logFile": "/home/dtvt_13/simulation/my_lib/cs_amp/maestro/results/maestro/ExplorerRun.0/1/my_lib_cs_amp_1/psf/spectre.out", "logFileSize": "-1"}
[2026-04-09 00:00:02.940 +0700] [PROCESS] [cadence.virtuoso.ade.simulationMonitor] - Simulator launched {"hostname": "dtvt_13", "processid": 17316, "history": "ExplorerRun.0", "testname": "my_lib_cs_amp_1", "cornername": "Nominal", "point": 1, "logfile": "/home/dtvt_13/truong/logs_dtvt_13/logs0/Job34.log", "simid": "3"}
[2026-04-09 00:00:02.946 +0700] [PROCESS] [cadence.virtuoso.ade.simulationMonitor] - Expression evaluator launched {"hostname": "dtvt_13", "processid": 17316, "history": "ExplorerRun.0", "testname": "my_lib_cs_amp_1", "cornername": "Nominal", "point": 1, "logfile": "/home/dtvt_13/truong/logs_dtvt_13/logs0/Job34.log"}
[2026-04-09 00:00:02.959 +0700] [PROCESS] [cadence.virtuoso.ade.simulationMonitor] - Started Simulation {"hostname": "dtvt_13", "processid": 17316, "history": "ExplorerRun.0", "testname": "my_lib_cs_amp_1", "cornername": "Nominal", "point": 1, "logfile": "/home/dtvt_13/truong/logs_dtvt_13/logs0/Job34.log"}
[2026-04-09 00:00:24.833 +0700] [PROCESS] [cadence.virtuoso.ade.simulationMonitor] - Finished simulating for one point {"hostname": "dtvt_13", "processid": 17316, "history": "ExplorerRun.0", "testname": "my_lib_cs_amp_1", "cornername": "Nominal", "point": 1, "logfile": "/home/dtvt_13/truong/logs_dtvt_13/logs0/Job34.log", "simid": "3"}
[2026-04-09 00:00:24.834 +0700] [INFO] [cadence.virtuoso.ade.simulationMonitor] - Peak resident memory used = 95.5 Mbytes. {"history": "ExplorerRun.0", "point": 1, "testname": "my_lib_cs_amp_1", "cornername": "Nominal"}
[2026-04-09 00:00:24.834 +0700] [INFO] [cadence.virtuoso.ade.simulationMonitor] - Peak resident memory used = 104 Mbytes. {"history": "ExplorerRun.0", "point": 1, "testname": "my_lib_cs_amp_1", "cornername": "Nominal"}
[2026-04-09 00:00:24.834 +0700] [INFO] [cadence.virtuoso.ade.simulationMonitor] - Notice from spectre during hierarchy flattening.
    The value 'psf' specified for the 'checklimitdest' option will no longer be supported in future releases. Use 'spectre -h' to see other recommended values for the 'checklimitdest' option. {"history": "ExplorerRun.0", "point": 1, "testname": "my_lib_cs_amp_1", "cornername": "Nominal"}
[2026-04-09 00:00:24.835 +0700] [INFO] [cadence.virtuoso.ade.simulationMonitor] - Peak resident memory used = 105 Mbytes. {"history": "ExplorerRun.0", "point": 1, "testname": "my_lib_cs_amp_1", "cornername": "Nominal"}
[2026-04-09 00:00:24.835 +0700] [INFO] [cadence.virtuoso.ade.simulationMonitor] - Notice from spectre during initial setup.
    Multithreading is disabled due to the size of the design being too small. {"history": "ExplorerRun.0", "point": 1, "testname": "my_lib_cs_amp_1", "cornername": "Nominal"}
[2026-04-09 00:00:24.836 +0700] [INFO] [cadence.virtuoso.ade.simulationMonitor] -               nodes 4 {"history": "ExplorerRun.0", "point": 1, "testname": "my_lib_cs_amp_1", "cornername": "Nominal"}
[2026-04-09 00:00:24.836 +0700] [INFO] [cadence.virtuoso.ade.simulationMonitor] - Notice from spectre during initial setup.
    APS enabled. {"history": "ExplorerRun.0", "point": 1, "testname": "my_lib_cs_amp_1", "cornername": "Nominal"}
[2026-04-09 00:00:24.836 +0700] [INFO] [cadence.virtuoso.ade.simulationMonitor] - Peak resident memory used = 106 Mbytes. {"history": "ExplorerRun.0", "point": 1, "testname": "my_lib_cs_amp_1", "cornername": "Nominal"}
[2026-04-09 00:00:24.836 +0700] [INFO] [cadence.virtuoso.ade.simulationMonitor] -    -   (APS) Multi-threading. The recommended number of threads is 1, consider adding +mt=1 on command line. {"history": "ExplorerRun.0", "point": 1, "testname": "my_lib_cs_amp_1", "cornername": "Nominal"}
[2026-04-09 00:00:24.836 +0700] [INFO] [cadence.virtuoso.ade.simulationMonitor] - Total time required for dc analysis `dcOp': CPU = 892 us, elapsed = 1.80888 ms. {"history": "ExplorerRun.0", "point": 1, "testname": "my_lib_cs_amp_1", "cornername": "Nominal"}
[2026-04-09 00:00:24.836 +0700] [INFO] [cadence.virtuoso.ade.simulationMonitor] - Peak resident memory used = 108 Mbytes. {"history": "ExplorerRun.0", "point": 1, "testname": "my_lib_cs_amp_1", "cornername": "Nominal"}
[2026-04-09 00:00:24.837 +0700] [INFO] [cadence.virtuoso.ade.simulationMonitor] - Time used: CPU = 519 ms, elapsed = 21 s, util. = 2.47%. {"history": "ExplorerRun.0", "point": 1, "testname": "my_lib_cs_amp_1", "cornername": "Nominal"}
[2026-04-09 00:00:24.837 +0700] [INFO] [cadence.virtuoso.ade.simulationMonitor] - Time spent in licensing: elapsed = 20.5 s, percentage of total = 97.5%. {"history": "ExplorerRun.0", "point": 1, "testname": "my_lib_cs_amp_1", "cornername": "Nominal"}
[2026-04-09 00:00:24.837 +0700] [INFO] [cadence.virtuoso.ade.simulationMonitor] - Peak memory used = 110 Mbytes. {"history": "ExplorerRun.0", "point": 1, "testname": "my_lib_cs_amp_1", "cornername": "Nominal"}
[2026-04-09 00:00:24.837 +0700] [PROCESS] [cadence.virtuoso.ade.simulationMonitor] - Simulation started at: 12:00:03 AM, Thur Apr 9, 2026, ended at: 12:00:24 AM, Thur Apr 9, 2026, with elapsed time (wall clock): 21 s. {"history": "ExplorerRun.0", "point": 1, "testname": "my_lib_cs_amp_1", "cornername": "Nominal"}
[2026-04-09 00:00:24.837 +0700] [PROCESS] [cadence.virtuoso.ade.simulationMonitor] - spectre completes with 0 errors, 0 warnings, and 4 notices. {"history": "ExplorerRun.0", "point": 1, "testname": "my_lib_cs_amp_1", "cornername": "Nominal"}
[2026-04-09 00:00:24.837 +0700] [PROCESS] [cadence.virtuoso.ade.simulationMonitor] - Simulator exited {"hostname": "dtvt_13", "processid": 17316, "history": "ExplorerRun.0", "testname": "my_lib_cs_amp_1", "cornername": "Nominal", "point": 1, "logfile": "/home/dtvt_13/truong/logs_dtvt_13/logs0/Job34.log", "exitStatus": "0"}
[2026-04-09 00:00:24.838 +0700] [PROCESS] [cadence.virtuoso.ade.simulationMonitor] - Finished Simulation {"hostname": "dtvt_13", "processid": 17316, "history": "ExplorerRun.0", "testname": "my_lib_cs_amp_1", "cornername": "Nominal", "point": 1, "logfile": "/home/dtvt_13/truong/logs_dtvt_13/logs0/Job34.log", "simid": "3"}
[2026-04-09 00:00:25.350 +0700] [PROCESS] [cadence.virtuoso.ade.simulationMonitor] - Point Finished {"hostname": "dtvt_13", "processid": 17316, "history": "ExplorerRun.0", "testname": "my_lib_cs_amp_1", "cornername": "Nominal", "point": 1, "logfile": "/home/dtvt_13/truong/logs_dtvt_13/logs0/Job34.log"}
[2026-04-09 00:01:02.842 +0700] [INFO] [cadence.virtuoso.ade.simulationMonitor] - SimulationMonitor has terminated the vds process '18985', reason: 'Force to stop the expression evalutor process because of new run' {"history": "ExplorerRun.0", "point": 1, "testname": "my_lib_cs_amp_1", "cornername": "Nominal"}
[2026-04-09 00:01:02.843 +0700] [PROCESS] [cadence.virtuoso.ade.simulationMonitor] - HostInfo:
Host name (type):	dtvt_13 (x86_64)
Operating system:	Linux 3.10.0-1160.118.1.el7.x86_64 #1 SMP Wed Apr 24 16:01:50 UTC 2024 {"hostname": "dtvt_13", "processid": 17316, "history": "ExplorerRun.0", "testname": "my_lib_cs_amp_1", "cornername": "Nominal", "point": 1, "logfile": "/home/dtvt_13/truong/logs_dtvt_13/logs0/Job34.log", "nodename": "dtvt_13", "domainname": "(none)", "machine": "x86_64", "sysname": "Linux", "release": "3.10.0-1160.118.1.el7.x86_64", "version": "#1 SMP Wed Apr 24 16:01:50 UTC 2024"}
[2026-04-09 00:01:02.843 +0700] [PROCESS] [cadence.virtuoso.ade.simulationMonitor] - UsageInfo:
pid=17316
totalPhysicalMemory=15.208324GB,Used=13.886860GB,totalVirtualMemory=22.895821GB,Used=13.920063GB
Cpu: Cores=24, Load average:0.120000,0.210000,0.230000 {"hostname": "dtvt_13", "processid": 17316, "history": "ExplorerRun.0", "testname": "my_lib_cs_amp_1", "cornername": "Nominal", "point": 1, "logfile": "/home/dtvt_13/truong/logs_dtvt_13/logs0/Job34.log", "pid": "17316", "totalPhysicalMemory": "15.208324", "physicalMemoryUsed": "13.886860", "totalVirtualMemory": "22.895821", "virtualMemoryUsed": "13.920063", "cpuCores": "24", "processes": "2527", "loadAverage1": "0.120000", "loadAverage5": "0.210000", "loadAverage15": "0.230000", "loadAverage1Percent": "0.005000"}
[2026-04-09 00:01:02.843 +0700] [EVENT] [cadence.virtuoso.ade.simulationMonitor] - NewPoint {"history": "ExplorerRun.0", "point": 1, "testname": "my_lib_cs_amp_1", "cornername": "Nominal", "event": "NewPoint", "EventSource": "Simulation Monitor", "HistoryName": "ExplorerRun.0", "logFile": "/home/dtvt_13/truong/logs_dtvt_13/logs0/Job34.log", "logFileSize": "28405"}
[2026-04-09 00:01:02.945 +0700] [EVENT] [cadence.virtuoso.ade.simulationMonitor] - NewPoint {"history": "ExplorerRun.0", "point": 1, "testname": "my_lib_cs_amp_1", "cornername": "Nominal", "event": "NewPoint", "EventSource": "spectre", "HistoryName": "ExplorerRun.0", "logFile": "/home/dtvt_13/simulation/my_lib/cs_amp/maestro/results/maestro/ExplorerRun.0/1/my_lib_cs_amp_1/psf/spectre.out", "logFileSize": "-1"}
[2026-04-09 00:01:02.949 +0700] [PROCESS] [cadence.virtuoso.ade.simulationMonitor] - Simulator launched {"hostname": "dtvt_13", "processid": 17316, "history": "ExplorerRun.0", "testname": "my_lib_cs_amp_1", "cornername": "Nominal", "point": 1, "logfile": "/home/dtvt_13/truong/logs_dtvt_13/logs0/Job34.log", "simid": "4"}
[2026-04-09 00:01:02.954 +0700] [PROCESS] [cadence.virtuoso.ade.simulationMonitor] - Expression evaluator launched {"hostname": "dtvt_13", "processid": 17316, "history": "ExplorerRun.0", "testname": "my_lib_cs_amp_1", "cornername": "Nominal", "point": 1, "logfile": "/home/dtvt_13/truong/logs_dtvt_13/logs0/Job34.log"}
[2026-04-09 00:01:02.958 +0700] [PROCESS] [cadence.virtuoso.ade.simulationMonitor] - Started Simulation {"hostname": "dtvt_13", "processid": 17316, "history": "ExplorerRun.0", "testname": "my_lib_cs_amp_1", "cornername": "Nominal", "point": 1, "logfile": "/home/dtvt_13/truong/logs_dtvt_13/logs0/Job34.log"}
[2026-04-09 00:01:24.831 +0700] [PROCESS] [cadence.virtuoso.ade.simulationMonitor] - Finished simulating for one point {"hostname": "dtvt_13", "processid": 17316, "history": "ExplorerRun.0", "testname": "my_lib_cs_amp_1", "cornername": "Nominal", "point": 1, "logfile": "/home/dtvt_13/truong/logs_dtvt_13/logs0/Job34.log", "simid": "4"}
[2026-04-09 00:01:24.832 +0700] [INFO] [cadence.virtuoso.ade.simulationMonitor] - Peak resident memory used = 95.5 Mbytes. {"history": "ExplorerRun.0", "point": 1, "testname": "my_lib_cs_amp_1", "cornername": "Nominal"}
[2026-04-09 00:01:24.832 +0700] [INFO] [cadence.virtuoso.ade.simulationMonitor] - Peak resident memory used = 104 Mbytes. {"history": "ExplorerRun.0", "point": 1, "testname": "my_lib_cs_amp_1", "cornername": "Nominal"}
[2026-04-09 00:01:24.833 +0700] [INFO] [cadence.virtuoso.ade.simulationMonitor] - Notice from spectre during hierarchy flattening.
    The value 'psf' specified for the 'checklimitdest' option will no longer be supported in future releases. Use 'spectre -h' to see other recommended values for the 'checklimitdest' option. {"history": "ExplorerRun.0", "point": 1, "testname": "my_lib_cs_amp_1", "cornername": "Nominal"}
[2026-04-09 00:01:24.833 +0700] [INFO] [cadence.virtuoso.ade.simulationMonitor] - Peak resident memory used = 105 Mbytes. {"history": "ExplorerRun.0", "point": 1, "testname": "my_lib_cs_amp_1", "cornername": "Nominal"}
[2026-04-09 00:01:24.833 +0700] [INFO] [cadence.virtuoso.ade.simulationMonitor] - Notice from spectre during initial setup.
    Multithreading is disabled due to the size of the design being too small. {"history": "ExplorerRun.0", "point": 1, "testname": "my_lib_cs_amp_1", "cornername": "Nominal"}
[2026-04-09 00:01:24.834 +0700] [INFO] [cadence.virtuoso.ade.simulationMonitor] -               nodes 4 {"history": "ExplorerRun.0", "point": 1, "testname": "my_lib_cs_amp_1", "cornername": "Nominal"}
[2026-04-09 00:01:24.834 +0700] [INFO] [cadence.virtuoso.ade.simulationMonitor] - Notice from spectre during initial setup.
    APS enabled. {"history": "ExplorerRun.0", "point": 1, "testname": "my_lib_cs_amp_1", "cornername": "Nominal"}
[2026-04-09 00:01:24.834 +0700] [INFO] [cadence.virtuoso.ade.simulationMonitor] - Peak resident memory used = 106 Mbytes. {"history": "ExplorerRun.0", "point": 1, "testname": "my_lib_cs_amp_1", "cornername": "Nominal"}
[2026-04-09 00:01:24.834 +0700] [INFO] [cadence.virtuoso.ade.simulationMonitor] -    -   (APS) Multi-threading. The recommended number of threads is 1, consider adding +mt=1 on command line. {"history": "ExplorerRun.0", "point": 1, "testname": "my_lib_cs_amp_1", "cornername": "Nominal"}
[2026-04-09 00:01:24.834 +0700] [INFO] [cadence.virtuoso.ade.simulationMonitor] - Total time required for dc analysis `dcOp': CPU = 1.636 ms, elapsed = 2.55609 ms. {"history": "ExplorerRun.0", "point": 1, "testname": "my_lib_cs_amp_1", "cornername": "Nominal"}
[2026-04-09 00:01:24.835 +0700] [INFO] [cadence.virtuoso.ade.simulationMonitor] - Peak resident memory used = 108 Mbytes. {"history": "ExplorerRun.0", "point": 1, "testname": "my_lib_cs_amp_1", "cornername": "Nominal"}
[2026-04-09 00:01:24.835 +0700] [INFO] [cadence.virtuoso.ade.simulationMonitor] - Time used: CPU = 558 ms, elapsed = 21.1 s, util. = 2.65%. {"history": "ExplorerRun.0", "point": 1, "testname": "my_lib_cs_amp_1", "cornername": "Nominal"}
[2026-04-09 00:01:24.835 +0700] [INFO] [cadence.virtuoso.ade.simulationMonitor] - Time spent in licensing: elapsed = 20.5 s, percentage of total = 97.2%. {"history": "ExplorerRun.0", "point": 1, "testname": "my_lib_cs_amp_1", "cornername": "Nominal"}
[2026-04-09 00:01:24.835 +0700] [INFO] [cadence.virtuoso.ade.simulationMonitor] - Peak memory used = 110 Mbytes. {"history": "ExplorerRun.0", "point": 1, "testname": "my_lib_cs_amp_1", "cornername": "Nominal"}
[2026-04-09 00:01:24.835 +0700] [PROCESS] [cadence.virtuoso.ade.simulationMonitor] - Simulation started at: 12:01:03 AM, Thur Apr 9, 2026, ended at: 12:01:24 AM, Thur Apr 9, 2026, with elapsed time (wall clock): 21.1 s. {"history": "ExplorerRun.0", "point": 1, "testname": "my_lib_cs_amp_1", "cornername": "Nominal"}
[2026-04-09 00:01:24.835 +0700] [PROCESS] [cadence.virtuoso.ade.simulationMonitor] - spectre completes with 0 errors, 0 warnings, and 4 notices. {"history": "ExplorerRun.0", "point": 1, "testname": "my_lib_cs_amp_1", "cornername": "Nominal"}
[2026-04-09 00:01:24.835 +0700] [PROCESS] [cadence.virtuoso.ade.simulationMonitor] - Simulator exited {"hostname": "dtvt_13", "processid": 17316, "history": "ExplorerRun.0", "testname": "my_lib_cs_amp_1", "cornername": "Nominal", "point": 1, "logfile": "/home/dtvt_13/truong/logs_dtvt_13/logs0/Job34.log", "exitStatus": "0"}
[2026-04-09 00:01:24.836 +0700] [PROCESS] [cadence.virtuoso.ade.simulationMonitor] - Finished Simulation {"hostname": "dtvt_13", "processid": 17316, "history": "ExplorerRun.0", "testname": "my_lib_cs_amp_1", "cornername": "Nominal", "point": 1, "logfile": "/home/dtvt_13/truong/logs_dtvt_13/logs0/Job34.log", "simid": "4"}
[2026-04-09 00:01:25.848 +0700] [PROCESS] [cadence.virtuoso.ade.simulationMonitor] - Point Finished {"hostname": "dtvt_13", "processid": 17316, "history": "ExplorerRun.0", "testname": "my_lib_cs_amp_1", "cornername": "Nominal", "point": 1, "logfile": "/home/dtvt_13/truong/logs_dtvt_13/logs0/Job34.log"}
[2026-04-09 00:01:33.883 +0700] [INFO] [cadence.virtuoso.ade.simulationMonitor] - SimulationMonitor has terminated the vds process '19740', reason: 'Force to stop the expression evalutor process because of new run' {"history": "ExplorerRun.0", "point": 1, "testname": "my_lib_cs_amp_1", "cornername": "Nominal"}
[2026-04-09 00:01:33.883 +0700] [PROCESS] [cadence.virtuoso.ade.simulationMonitor] - HostInfo:
Host name (type):	dtvt_13 (x86_64)
Operating system:	Linux 3.10.0-1160.118.1.el7.x86_64 #1 SMP Wed Apr 24 16:01:50 UTC 2024 {"hostname": "dtvt_13", "processid": 17316, "history": "ExplorerRun.0", "testname": "my_lib_cs_amp_1", "cornername": "Nominal", "point": 1, "logfile": "/home/dtvt_13/truong/logs_dtvt_13/logs0/Job34.log", "nodename": "dtvt_13", "domainname": "(none)", "machine": "x86_64", "sysname": "Linux", "release": "3.10.0-1160.118.1.el7.x86_64", "version": "#1 SMP Wed Apr 24 16:01:50 UTC 2024"}
[2026-04-09 00:01:33.884 +0700] [PROCESS] [cadence.virtuoso.ade.simulationMonitor] - UsageInfo:
pid=17316
totalPhysicalMemory=15.208324GB,Used=13.890514GB,totalVirtualMemory=22.895821GB,Used=13.923717GB
Cpu: Cores=24, Load average:1.550000,0.500000,0.320000 {"hostname": "dtvt_13", "processid": 17316, "history": "ExplorerRun.0", "testname": "my_lib_cs_amp_1", "cornername": "Nominal", "point": 1, "logfile": "/home/dtvt_13/truong/logs_dtvt_13/logs0/Job34.log", "pid": "17316", "totalPhysicalMemory": "15.208324", "physicalMemoryUsed": "13.890514", "totalVirtualMemory": "22.895821", "virtualMemoryUsed": "13.923717", "cpuCores": "24", "processes": "2528", "loadAverage1": "1.550000", "loadAverage5": "0.500000", "loadAverage15": "0.320000", "loadAverage1Percent": "0.064583"}
[2026-04-09 00:01:33.884 +0700] [EVENT] [cadence.virtuoso.ade.simulationMonitor] - NewPoint {"history": "ExplorerRun.0", "point": 1, "testname": "my_lib_cs_amp_1", "cornername": "Nominal", "event": "NewPoint", "EventSource": "Simulation Monitor", "HistoryName": "ExplorerRun.0", "logFile": "/home/dtvt_13/truong/logs_dtvt_13/logs0/Job34.log", "logFileSize": "37177"}
[2026-04-09 00:01:33.985 +0700] [EVENT] [cadence.virtuoso.ade.simulationMonitor] - NewPoint {"history": "ExplorerRun.0", "point": 1, "testname": "my_lib_cs_amp_1", "cornername": "Nominal", "event": "NewPoint", "EventSource": "spectre", "HistoryName": "ExplorerRun.0", "logFile": "/home/dtvt_13/simulation/my_lib/cs_amp/maestro/results/maestro/ExplorerRun.0/1/my_lib_cs_amp_1/psf/spectre.out", "logFileSize": "-1"}
[2026-04-09 00:01:33.994 +0700] [PROCESS] [cadence.virtuoso.ade.simulationMonitor] - Simulator launched {"hostname": "dtvt_13", "processid": 17316, "history": "ExplorerRun.0", "testname": "my_lib_cs_amp_1", "cornername": "Nominal", "point": 1, "logfile": "/home/dtvt_13/truong/logs_dtvt_13/logs0/Job34.log", "simid": "5"}
[2026-04-09 00:01:33.997 +0700] [PROCESS] [cadence.virtuoso.ade.simulationMonitor] - Expression evaluator launched {"hostname": "dtvt_13", "processid": 17316, "history": "ExplorerRun.0", "testname": "my_lib_cs_amp_1", "cornername": "Nominal", "point": 1, "logfile": "/home/dtvt_13/truong/logs_dtvt_13/logs0/Job34.log"}
[2026-04-09 00:01:34.009 +0700] [PROCESS] [cadence.virtuoso.ade.simulationMonitor] - Started Simulation {"hostname": "dtvt_13", "processid": 17316, "history": "ExplorerRun.0", "testname": "my_lib_cs_amp_1", "cornername": "Nominal", "point": 1, "logfile": "/home/dtvt_13/truong/logs_dtvt_13/logs0/Job34.log"}
[2026-04-09 00:01:55.387 +0700] [INFO] [cadence.virtuoso.ade.simulationMonitor] - Peak resident memory used = 95.5 Mbytes. {"history": "ExplorerRun.0", "point": 1, "testname": "my_lib_cs_amp_1", "cornername": "Nominal"}
[2026-04-09 00:01:55.888 +0700] [PROCESS] [cadence.virtuoso.ade.simulationMonitor] - Finished simulating for one point {"hostname": "dtvt_13", "processid": 17316, "history": "ExplorerRun.0", "testname": "my_lib_cs_amp_1", "cornername": "Nominal", "point": 1, "logfile": "/home/dtvt_13/truong/logs_dtvt_13/logs0/Job34.log", "simid": "5"}
[2026-04-09 00:01:55.889 +0700] [INFO] [cadence.virtuoso.ade.simulationMonitor] - Peak resident memory used = 104 Mbytes. {"history": "ExplorerRun.0", "point": 1, "testname": "my_lib_cs_amp_1", "cornername": "Nominal"}
[2026-04-09 00:01:55.889 +0700] [INFO] [cadence.virtuoso.ade.simulationMonitor] - Notice from spectre during hierarchy flattening.
    The value 'psf' specified for the 'checklimitdest' option will no longer be supported in future releases. Use 'spectre -h' to see other recommended values for the 'checklimitdest' option. {"history": "ExplorerRun.0", "point": 1, "testname": "my_lib_cs_amp_1", "cornername": "Nominal"}
[2026-04-09 00:01:55.890 +0700] [INFO] [cadence.virtuoso.ade.simulationMonitor] - Peak resident memory used = 105 Mbytes. {"history": "ExplorerRun.0", "point": 1, "testname": "my_lib_cs_amp_1", "cornername": "Nominal"}
[2026-04-09 00:01:55.890 +0700] [INFO] [cadence.virtuoso.ade.simulationMonitor] - Notice from spectre during initial setup.
    Multithreading is disabled due to the size of the design being too small. {"history": "ExplorerRun.0", "point": 1, "testname": "my_lib_cs_amp_1", "cornername": "Nominal"}
[2026-04-09 00:01:55.890 +0700] [INFO] [cadence.virtuoso.ade.simulationMonitor] -               nodes 4 {"history": "ExplorerRun.0", "point": 1, "testname": "my_lib_cs_amp_1", "cornername": "Nominal"}
[2026-04-09 00:01:55.891 +0700] [INFO] [cadence.virtuoso.ade.simulationMonitor] - Notice from spectre during initial setup.
    APS enabled. {"history": "ExplorerRun.0", "point": 1, "testname": "my_lib_cs_amp_1", "cornername": "Nominal"}
[2026-04-09 00:01:55.891 +0700] [INFO] [cadence.virtuoso.ade.simulationMonitor] - Peak resident memory used = 106 Mbytes. {"history": "ExplorerRun.0", "point": 1, "testname": "my_lib_cs_amp_1", "cornername": "Nominal"}
[2026-04-09 00:01:55.891 +0700] [INFO] [cadence.virtuoso.ade.simulationMonitor] -    -   (APS) Multi-threading. The recommended number of threads is 1, consider adding +mt=1 on command line. {"history": "ExplorerRun.0", "point": 1, "testname": "my_lib_cs_amp_1", "cornername": "Nominal"}
[2026-04-09 00:01:55.891 +0700] [INFO] [cadence.virtuoso.ade.simulationMonitor] - Total time required for dc analysis `dcOp': CPU = 2.232 ms, elapsed = 3.25298 ms. {"history": "ExplorerRun.0", "point": 1, "testname": "my_lib_cs_amp_1", "cornername": "Nominal"}
[2026-04-09 00:01:55.891 +0700] [INFO] [cadence.virtuoso.ade.simulationMonitor] - Peak resident memory used = 108 Mbytes. {"history": "ExplorerRun.0", "point": 1, "testname": "my_lib_cs_amp_1", "cornername": "Nominal"}
[2026-04-09 00:01:55.891 +0700] [INFO] [cadence.virtuoso.ade.simulationMonitor] - Time used: CPU = 524 ms, elapsed = 21.1 s, util. = 2.49%. {"history": "ExplorerRun.0", "point": 1, "testname": "my_lib_cs_amp_1", "cornername": "Nominal"}
[2026-04-09 00:01:55.892 +0700] [INFO] [cadence.virtuoso.ade.simulationMonitor] - Time spent in licensing: elapsed = 20.5 s, percentage of total = 97.3%. {"history": "ExplorerRun.0", "point": 1, "testname": "my_lib_cs_amp_1", "cornername": "Nominal"}
[2026-04-09 00:01:55.892 +0700] [INFO] [cadence.virtuoso.ade.simulationMonitor] - Peak memory used = 110 Mbytes. {"history": "ExplorerRun.0", "point": 1, "testname": "my_lib_cs_amp_1", "cornername": "Nominal"}
[2026-04-09 00:01:55.892 +0700] [PROCESS] [cadence.virtuoso.ade.simulationMonitor] - Simulation started at: 12:01:34 AM, Thur Apr 9, 2026, ended at: 12:01:55 AM, Thur Apr 9, 2026, with elapsed time (wall clock): 21.1 s. {"history": "ExplorerRun.0", "point": 1, "testname": "my_lib_cs_amp_1", "cornername": "Nominal"}
[2026-04-09 00:01:55.892 +0700] [PROCESS] [cadence.virtuoso.ade.simulationMonitor] - spectre completes with 0 errors, 0 warnings, and 4 notices. {"history": "ExplorerRun.0", "point": 1, "testname": "my_lib_cs_amp_1", "cornername": "Nominal"}
[2026-04-09 00:01:55.892 +0700] [PROCESS] [cadence.virtuoso.ade.simulationMonitor] - Simulator exited {"hostname": "dtvt_13", "processid": 17316, "history": "ExplorerRun.0", "testname": "my_lib_cs_amp_1", "cornername": "Nominal", "point": 1, "logfile": "/home/dtvt_13/truong/logs_dtvt_13/logs0/Job34.log", "exitStatus": "0"}
[2026-04-09 00:01:55.892 +0700] [PROCESS] [cadence.virtuoso.ade.simulationMonitor] - Finished Simulation {"hostname": "dtvt_13", "processid": 17316, "history": "ExplorerRun.0", "testname": "my_lib_cs_amp_1", "cornername": "Nominal", "point": 1, "logfile": "/home/dtvt_13/truong/logs_dtvt_13/logs0/Job34.log", "simid": "5"}
[2026-04-09 00:01:56.406 +0700] [PROCESS] [cadence.virtuoso.ade.simulationMonitor] - Point Finished {"hostname": "dtvt_13", "processid": 17316, "history": "ExplorerRun.0", "testname": "my_lib_cs_amp_1", "cornername": "Nominal", "point": 1, "logfile": "/home/dtvt_13/truong/logs_dtvt_13/logs0/Job34.log"}
[2026-04-09 00:02:49.355 +0700] [INFO] [cadence.virtuoso.ade.simulationMonitor] - SimulationMonitor has terminated the vds process '20613', reason: 'Force to stop the expression evalutor process because of new run' {"history": "ExplorerRun.0", "point": 1, "testname": "my_lib_cs_amp_1", "cornername": "Nominal"}
[2026-04-09 00:02:49.355 +0700] [PROCESS] [cadence.virtuoso.ade.simulationMonitor] - HostInfo:
Host name (type):	dtvt_13 (x86_64)
Operating system:	Linux 3.10.0-1160.118.1.el7.x86_64 #1 SMP Wed Apr 24 16:01:50 UTC 2024 {"hostname": "dtvt_13", "processid": 17316, "history": "ExplorerRun.0", "testname": "my_lib_cs_amp_1", "cornername": "Nominal", "point": 1, "logfile": "/home/dtvt_13/truong/logs_dtvt_13/logs0/Job34.log", "nodename": "dtvt_13", "domainname": "(none)", "machine": "x86_64", "sysname": "Linux", "release": "3.10.0-1160.118.1.el7.x86_64", "version": "#1 SMP Wed Apr 24 16:01:50 UTC 2024"}
[2026-04-09 00:02:49.355 +0700] [PROCESS] [cadence.virtuoso.ade.simulationMonitor] - UsageInfo:
pid=17316
totalPhysicalMemory=15.208324GB,Used=13.840622GB,totalVirtualMemory=22.895821GB,Used=13.873825GB
Cpu: Cores=24, Load average:0.520000,0.420000,0.310000 {"hostname": "dtvt_13", "processid": 17316, "history": "ExplorerRun.0", "testname": "my_lib_cs_amp_1", "cornername": "Nominal", "point": 1, "logfile": "/home/dtvt_13/truong/logs_dtvt_13/logs0/Job34.log", "pid": "17316", "totalPhysicalMemory": "15.208324", "physicalMemoryUsed": "13.840622", "totalVirtualMemory": "22.895821", "virtualMemoryUsed": "13.873825", "cpuCores": "24", "processes": "2535", "loadAverage1": "0.520000", "loadAverage5": "0.420000", "loadAverage15": "0.310000", "loadAverage1Percent": "0.021667"}
[2026-04-09 00:02:49.356 +0700] [EVENT] [cadence.virtuoso.ade.simulationMonitor] - NewPoint {"history": "ExplorerRun.0", "point": 1, "testname": "my_lib_cs_amp_1", "cornername": "Nominal", "event": "NewPoint", "EventSource": "Simulation Monitor", "HistoryName": "ExplorerRun.0", "logFile": "/home/dtvt_13/truong/logs_dtvt_13/logs0/Job34.log", "logFileSize": "45949"}
[2026-04-09 00:02:49.456 +0700] [EVENT] [cadence.virtuoso.ade.simulationMonitor] - NewPoint {"history": "ExplorerRun.0", "point": 1, "testname": "my_lib_cs_amp_1", "cornername": "Nominal", "event": "NewPoint", "EventSource": "spectre", "HistoryName": "ExplorerRun.0", "logFile": "/home/dtvt_13/simulation/my_lib/cs_amp/maestro/results/maestro/ExplorerRun.0/1/my_lib_cs_amp_1/psf/spectre.out", "logFileSize": "-1"}
[2026-04-09 00:02:49.465 +0700] [PROCESS] [cadence.virtuoso.ade.simulationMonitor] - Simulator launched {"hostname": "dtvt_13", "processid": 17316, "history": "ExplorerRun.0", "testname": "my_lib_cs_amp_1", "cornername": "Nominal", "point": 1, "logfile": "/home/dtvt_13/truong/logs_dtvt_13/logs0/Job34.log", "simid": "6"}
[2026-04-09 00:02:49.471 +0700] [PROCESS] [cadence.virtuoso.ade.simulationMonitor] - Expression evaluator launched {"hostname": "dtvt_13", "processid": 17316, "history": "ExplorerRun.0", "testname": "my_lib_cs_amp_1", "cornername": "Nominal", "point": 1, "logfile": "/home/dtvt_13/truong/logs_dtvt_13/logs0/Job34.log"}
[2026-04-09 00:02:49.482 +0700] [PROCESS] [cadence.virtuoso.ade.simulationMonitor] - Started Simulation {"hostname": "dtvt_13", "processid": 17316, "history": "ExplorerRun.0", "testname": "my_lib_cs_amp_1", "cornername": "Nominal", "point": 1, "logfile": "/home/dtvt_13/truong/logs_dtvt_13/logs0/Job34.log"}
[2026-04-09 00:03:10.903 +0700] [PROCESS] [cadence.virtuoso.ade.simulationMonitor] - Finished simulating for one point {"hostname": "dtvt_13", "processid": 17316, "history": "ExplorerRun.0", "testname": "my_lib_cs_amp_1", "cornername": "Nominal", "point": 1, "logfile": "/home/dtvt_13/truong/logs_dtvt_13/logs0/Job34.log", "simid": "6"}
[2026-04-09 00:03:10.904 +0700] [INFO] [cadence.virtuoso.ade.simulationMonitor] - Peak resident memory used = 95.5 Mbytes. {"history": "ExplorerRun.0", "point": 1, "testname": "my_lib_cs_amp_1", "cornername": "Nominal"}
[2026-04-09 00:03:10.904 +0700] [INFO] [cadence.virtuoso.ade.simulationMonitor] - Peak resident memory used = 104 Mbytes. {"history": "ExplorerRun.0", "point": 1, "testname": "my_lib_cs_amp_1", "cornername": "Nominal"}
[2026-04-09 00:03:10.904 +0700] [INFO] [cadence.virtuoso.ade.simulationMonitor] - Notice from spectre during hierarchy flattening.
    The value 'psf' specified for the 'checklimitdest' option will no longer be supported in future releases. Use 'spectre -h' to see other recommended values for the 'checklimitdest' option. {"history": "ExplorerRun.0", "point": 1, "testname": "my_lib_cs_amp_1", "cornername": "Nominal"}
[2026-04-09 00:03:10.904 +0700] [INFO] [cadence.virtuoso.ade.simulationMonitor] - Peak resident memory used = 105 Mbytes. {"history": "ExplorerRun.0", "point": 1, "testname": "my_lib_cs_amp_1", "cornername": "Nominal"}
[2026-04-09 00:03:10.905 +0700] [INFO] [cadence.virtuoso.ade.simulationMonitor] - Notice from spectre during initial setup.
    Multithreading is disabled due to the size of the design being too small. {"history": "ExplorerRun.0", "point": 1, "testname": "my_lib_cs_amp_1", "cornername": "Nominal"}
[2026-04-09 00:03:10.905 +0700] [INFO] [cadence.virtuoso.ade.simulationMonitor] -               nodes 4 {"history": "ExplorerRun.0", "point": 1, "testname": "my_lib_cs_amp_1", "cornername": "Nominal"}
[2026-04-09 00:03:10.905 +0700] [INFO] [cadence.virtuoso.ade.simulationMonitor] - Notice from spectre during initial setup.
    APS enabled. {"history": "ExplorerRun.0", "point": 1, "testname": "my_lib_cs_amp_1", "cornername": "Nominal"}
[2026-04-09 00:03:10.905 +0700] [INFO] [cadence.virtuoso.ade.simulationMonitor] - Peak resident memory used = 106 Mbytes. {"history": "ExplorerRun.0", "point": 1, "testname": "my_lib_cs_amp_1", "cornername": "Nominal"}
[2026-04-09 00:03:10.906 +0700] [INFO] [cadence.virtuoso.ade.simulationMonitor] -    -   (APS) Multi-threading. The recommended number of threads is 1, consider adding +mt=1 on command line. {"history": "ExplorerRun.0", "point": 1, "testname": "my_lib_cs_amp_1", "cornername": "Nominal"}
[2026-04-09 00:03:10.906 +0700] [INFO] [cadence.virtuoso.ade.simulationMonitor] - Total time required for dc analysis `dcOp': CPU = 1.595 ms, elapsed = 2.58708 ms. {"history": "ExplorerRun.0", "point": 1, "testname": "my_lib_cs_amp_1", "cornername": "Nominal"}
[2026-04-09 00:03:10.906 +0700] [INFO] [cadence.virtuoso.ade.simulationMonitor] - Peak resident memory used = 108 Mbytes. {"history": "ExplorerRun.0", "point": 1, "testname": "my_lib_cs_amp_1", "cornername": "Nominal"}
[2026-04-09 00:03:10.906 +0700] [INFO] [cadence.virtuoso.ade.simulationMonitor] - Time used: CPU = 532 ms, elapsed = 20.8 s, util. = 2.55%. {"history": "ExplorerRun.0", "point": 1, "testname": "my_lib_cs_amp_1", "cornername": "Nominal"}
[2026-04-09 00:03:10.906 +0700] [INFO] [cadence.virtuoso.ade.simulationMonitor] - Time spent in licensing: elapsed = 20.3 s, percentage of total = 97.5%. {"history": "ExplorerRun.0", "point": 1, "testname": "my_lib_cs_amp_1", "cornername": "Nominal"}
[2026-04-09 00:03:10.906 +0700] [INFO] [cadence.virtuoso.ade.simulationMonitor] - Peak memory used = 110 Mbytes. {"history": "ExplorerRun.0", "point": 1, "testname": "my_lib_cs_amp_1", "cornername": "Nominal"}
[2026-04-09 00:03:10.906 +0700] [PROCESS] [cadence.virtuoso.ade.simulationMonitor] - Simulation started at: 12:02:49 AM, Thur Apr 9, 2026, ended at: 12:03:10 AM, Thur Apr 9, 2026, with elapsed time (wall clock): 20.8 s. {"history": "ExplorerRun.0", "point": 1, "testname": "my_lib_cs_amp_1", "cornername": "Nominal"}
[2026-04-09 00:03:10.906 +0700] [PROCESS] [cadence.virtuoso.ade.simulationMonitor] - spectre completes with 0 errors, 0 warnings, and 4 notices. {"history": "ExplorerRun.0", "point": 1, "testname": "my_lib_cs_amp_1", "cornername": "Nominal"}
[2026-04-09 00:03:10.907 +0700] [PROCESS] [cadence.virtuoso.ade.simulationMonitor] - Simulator exited {"hostname": "dtvt_13", "processid": 17316, "history": "ExplorerRun.0", "testname": "my_lib_cs_amp_1", "cornername": "Nominal", "point": 1, "logfile": "/home/dtvt_13/truong/logs_dtvt_13/logs0/Job34.log", "exitStatus": "0"}
[2026-04-09 00:03:10.907 +0700] [PROCESS] [cadence.virtuoso.ade.simulationMonitor] - Finished Simulation {"hostname": "dtvt_13", "processid": 17316, "history": "ExplorerRun.0", "testname": "my_lib_cs_amp_1", "cornername": "Nominal", "point": 1, "logfile": "/home/dtvt_13/truong/logs_dtvt_13/logs0/Job34.log", "simid": "6"}
[2026-04-09 00:03:11.915 +0700] [PROCESS] [cadence.virtuoso.ade.simulationMonitor] - Point Finished {"hostname": "dtvt_13", "processid": 17316, "history": "ExplorerRun.0", "testname": "my_lib_cs_amp_1", "cornername": "Nominal", "point": 1, "logfile": "/home/dtvt_13/truong/logs_dtvt_13/logs0/Job34.log"}
[2026-04-09 00:05:00.888 +0700] [INFO] [cadence.virtuoso.ade.simulationMonitor] - SimulationMonitor has terminated the vds process '21357', reason: 'Force to stop the expression evalutor process because of new run' {"history": "ExplorerRun.0", "point": 1, "testname": "my_lib_cs_amp_1", "cornername": "Nominal"}
[2026-04-09 00:05:00.888 +0700] [PROCESS] [cadence.virtuoso.ade.simulationMonitor] - HostInfo:
Host name (type):	dtvt_13 (x86_64)
Operating system:	Linux 3.10.0-1160.118.1.el7.x86_64 #1 SMP Wed Apr 24 16:01:50 UTC 2024 {"hostname": "dtvt_13", "processid": 17316, "history": "ExplorerRun.0", "testname": "my_lib_cs_amp_1", "cornername": "Nominal", "point": 1, "logfile": "/home/dtvt_13/truong/logs_dtvt_13/logs0/Job34.log", "nodename": "dtvt_13", "domainname": "(none)", "machine": "x86_64", "sysname": "Linux", "release": "3.10.0-1160.118.1.el7.x86_64", "version": "#1 SMP Wed Apr 24 16:01:50 UTC 2024"}
[2026-04-09 00:05:00.889 +0700] [PROCESS] [cadence.virtuoso.ade.simulationMonitor] - UsageInfo:
pid=17316
totalPhysicalMemory=15.208324GB,Used=13.840866GB,totalVirtualMemory=22.895821GB,Used=13.874069GB
Cpu: Cores=24, Load average:0.330000,0.360000,0.300000 {"hostname": "dtvt_13", "processid": 17316, "history": "ExplorerRun.0", "testname": "my_lib_cs_amp_1", "cornername": "Nominal", "point": 1, "logfile": "/home/dtvt_13/truong/logs_dtvt_13/logs0/Job34.log", "pid": "17316", "totalPhysicalMemory": "15.208324", "physicalMemoryUsed": "13.840866", "totalVirtualMemory": "22.895821", "virtualMemoryUsed": "13.874069", "cpuCores": "24", "processes": "2530", "loadAverage1": "0.330000", "loadAverage5": "0.360000", "loadAverage15": "0.300000", "loadAverage1Percent": "0.013750"}
[2026-04-09 00:05:00.889 +0700] [EVENT] [cadence.virtuoso.ade.simulationMonitor] - NewPoint {"history": "ExplorerRun.0", "point": 1, "testname": "my_lib_cs_amp_1", "cornername": "Nominal", "event": "NewPoint", "EventSource": "Simulation Monitor", "HistoryName": "ExplorerRun.0", "logFile": "/home/dtvt_13/truong/logs_dtvt_13/logs0/Job34.log", "logFileSize": "54721"}
[2026-04-09 00:05:00.990 +0700] [EVENT] [cadence.virtuoso.ade.simulationMonitor] - NewPoint {"history": "ExplorerRun.0", "point": 1, "testname": "my_lib_cs_amp_1", "cornername": "Nominal", "event": "NewPoint", "EventSource": "spectre", "HistoryName": "ExplorerRun.0", "logFile": "/home/dtvt_13/simulation/my_lib/cs_amp/maestro/results/maestro/ExplorerRun.0/1/my_lib_cs_amp_1/psf/spectre.out", "logFileSize": "-1"}
[2026-04-09 00:05:00.999 +0700] [PROCESS] [cadence.virtuoso.ade.simulationMonitor] - Simulator launched {"hostname": "dtvt_13", "processid": 17316, "history": "ExplorerRun.0", "testname": "my_lib_cs_amp_1", "cornername": "Nominal", "point": 1, "logfile": "/home/dtvt_13/truong/logs_dtvt_13/logs0/Job34.log", "simid": "7"}
[2026-04-09 00:05:01.006 +0700] [PROCESS] [cadence.virtuoso.ade.simulationMonitor] - Expression evaluator launched {"hostname": "dtvt_13", "processid": 17316, "history": "ExplorerRun.0", "testname": "my_lib_cs_amp_1", "cornername": "Nominal", "point": 1, "logfile": "/home/dtvt_13/truong/logs_dtvt_13/logs0/Job34.log"}
[2026-04-09 00:05:01.019 +0700] [PROCESS] [cadence.virtuoso.ade.simulationMonitor] - Started Simulation {"hostname": "dtvt_13", "processid": 17316, "history": "ExplorerRun.0", "testname": "my_lib_cs_amp_1", "cornername": "Nominal", "point": 1, "logfile": "/home/dtvt_13/truong/logs_dtvt_13/logs0/Job34.log"}
[2026-04-09 00:05:22.457 +0700] [PROCESS] [cadence.virtuoso.ade.simulationMonitor] - Finished simulating for one point {"hostname": "dtvt_13", "processid": 17316, "history": "ExplorerRun.0", "testname": "my_lib_cs_amp_1", "cornername": "Nominal", "point": 1, "logfile": "/home/dtvt_13/truong/logs_dtvt_13/logs0/Job34.log", "simid": "7"}
[2026-04-09 00:05:22.457 +0700] [INFO] [cadence.virtuoso.ade.simulationMonitor] - Peak resident memory used = 96.9 Mbytes. {"history": "ExplorerRun.0", "point": 1, "testname": "my_lib_cs_amp_1", "cornername": "Nominal"}
[2026-04-09 00:05:22.458 +0700] [INFO] [cadence.virtuoso.ade.simulationMonitor] - Peak resident memory used = 105 Mbytes. {"history": "ExplorerRun.0", "point": 1, "testname": "my_lib_cs_amp_1", "cornername": "Nominal"}
[2026-04-09 00:05:22.458 +0700] [INFO] [cadence.virtuoso.ade.simulationMonitor] - Notice from spectre during hierarchy flattening.
    The value 'psf' specified for the 'checklimitdest' option will no longer be supported in future releases. Use 'spectre -h' to see other recommended values for the 'checklimitdest' option. {"history": "ExplorerRun.0", "point": 1, "testname": "my_lib_cs_amp_1", "cornername": "Nominal"}
[2026-04-09 00:05:22.458 +0700] [INFO] [cadence.virtuoso.ade.simulationMonitor] - Peak resident memory used = 106 Mbytes. {"history": "ExplorerRun.0", "point": 1, "testname": "my_lib_cs_amp_1", "cornername": "Nominal"}
[2026-04-09 00:05:22.458 +0700] [INFO] [cadence.virtuoso.ade.simulationMonitor] - Notice from spectre during initial setup.
    Multithreading is disabled due to the size of the design being too small. {"history": "ExplorerRun.0", "point": 1, "testname": "my_lib_cs_amp_1", "cornername": "Nominal"}
[2026-04-09 00:05:22.459 +0700] [INFO] [cadence.virtuoso.ade.simulationMonitor] -               nodes 4 {"history": "ExplorerRun.0", "point": 1, "testname": "my_lib_cs_amp_1", "cornername": "Nominal"}
[2026-04-09 00:05:22.459 +0700] [INFO] [cadence.virtuoso.ade.simulationMonitor] - Notice from spectre during initial setup.
    APS enabled. {"history": "ExplorerRun.0", "point": 1, "testname": "my_lib_cs_amp_1", "cornername": "Nominal"}
[2026-04-09 00:05:22.459 +0700] [INFO] [cadence.virtuoso.ade.simulationMonitor] - Peak resident memory used = 108 Mbytes. {"history": "ExplorerRun.0", "point": 1, "testname": "my_lib_cs_amp_1", "cornername": "Nominal"}
[2026-04-09 00:05:22.460 +0700] [INFO] [cadence.virtuoso.ade.simulationMonitor] -    -   (APS) Multi-threading. The recommended number of threads is 1, consider adding +mt=1 on command line. {"history": "ExplorerRun.0", "point": 1, "testname": "my_lib_cs_amp_1", "cornername": "Nominal"}
[2026-04-09 00:05:22.460 +0700] [INFO] [cadence.virtuoso.ade.simulationMonitor] - Total time required for dc analysis `dcOp': CPU = 2.195 ms, elapsed = 6.845 ms. {"history": "ExplorerRun.0", "point": 1, "testname": "my_lib_cs_amp_1", "cornername": "Nominal"}
[2026-04-09 00:05:22.460 +0700] [INFO] [cadence.virtuoso.ade.simulationMonitor] - Peak resident memory used = 109 Mbytes. {"history": "ExplorerRun.0", "point": 1, "testname": "my_lib_cs_amp_1", "cornername": "Nominal"}
[2026-04-09 00:05:22.460 +0700] [INFO] [cadence.virtuoso.ade.simulationMonitor] - Time used: CPU = 576 ms, elapsed = 21 s, util. = 2.74%. {"history": "ExplorerRun.0", "point": 1, "testname": "my_lib_cs_amp_1", "cornername": "Nominal"}
[2026-04-09 00:05:22.461 +0700] [INFO] [cadence.virtuoso.ade.simulationMonitor] - Time spent in licensing: elapsed = 20.4 s, percentage of total = 97.1%. {"history": "ExplorerRun.0", "point": 1, "testname": "my_lib_cs_amp_1", "cornername": "Nominal"}
[2026-04-09 00:05:22.461 +0700] [INFO] [cadence.virtuoso.ade.simulationMonitor] - Peak memory used = 111 Mbytes. {"history": "ExplorerRun.0", "point": 1, "testname": "my_lib_cs_amp_1", "cornername": "Nominal"}
[2026-04-09 00:05:22.461 +0700] [PROCESS] [cadence.virtuoso.ade.simulationMonitor] - Simulation started at: 12:05:01 AM, Thur Apr 9, 2026, ended at: 12:05:22 AM, Thur Apr 9, 2026, with elapsed time (wall clock): 21 s. {"history": "ExplorerRun.0", "point": 1, "testname": "my_lib_cs_amp_1", "cornername": "Nominal"}
[2026-04-09 00:05:22.462 +0700] [PROCESS] [cadence.virtuoso.ade.simulationMonitor] - spectre completes with 0 errors, 0 warnings, and 4 notices. {"history": "ExplorerRun.0", "point": 1, "testname": "my_lib_cs_amp_1", "cornername": "Nominal"}
[2026-04-09 00:05:22.462 +0700] [PROCESS] [cadence.virtuoso.ade.simulationMonitor] - Simulator exited {"hostname": "dtvt_13", "processid": 17316, "history": "ExplorerRun.0", "testname": "my_lib_cs_amp_1", "cornername": "Nominal", "point": 1, "logfile": "/home/dtvt_13/truong/logs_dtvt_13/logs0/Job34.log", "exitStatus": "0"}
[2026-04-09 00:05:22.462 +0700] [PROCESS] [cadence.virtuoso.ade.simulationMonitor] - Finished Simulation {"hostname": "dtvt_13", "processid": 17316, "history": "ExplorerRun.0", "testname": "my_lib_cs_amp_1", "cornername": "Nominal", "point": 1, "logfile": "/home/dtvt_13/truong/logs_dtvt_13/logs0/Job34.log", "simid": "7"}
[2026-04-09 00:05:22.977 +0700] [PROCESS] [cadence.virtuoso.ade.simulationMonitor] - Point Finished {"hostname": "dtvt_13", "processid": 17316, "history": "ExplorerRun.0", "testname": "my_lib_cs_amp_1", "cornername": "Nominal", "point": 1, "logfile": "/home/dtvt_13/truong/logs_dtvt_13/logs0/Job34.log"}
[2026-04-09 00:05:41.530 +0700] [INFO] [cadence.virtuoso.ade.simulationMonitor] - SimulationMonitor has terminated the vds process '22227', reason: 'Force to stop the expression evalutor process because of new run' {"history": "ExplorerRun.0", "point": 1, "testname": "my_lib_cs_amp_1", "cornername": "Nominal"}
[2026-04-09 00:05:41.530 +0700] [PROCESS] [cadence.virtuoso.ade.simulationMonitor] - HostInfo:
Host name (type):	dtvt_13 (x86_64)
Operating system:	Linux 3.10.0-1160.118.1.el7.x86_64 #1 SMP Wed Apr 24 16:01:50 UTC 2024 {"hostname": "dtvt_13", "processid": 17316, "history": "ExplorerRun.0", "testname": "my_lib_cs_amp_1", "cornername": "Nominal", "point": 1, "logfile": "/home/dtvt_13/truong/logs_dtvt_13/logs0/Job34.log", "nodename": "dtvt_13", "domainname": "(none)", "machine": "x86_64", "sysname": "Linux", "release": "3.10.0-1160.118.1.el7.x86_64", "version": "#1 SMP Wed Apr 24 16:01:50 UTC 2024"}
[2026-04-09 00:05:41.530 +0700] [PROCESS] [cadence.virtuoso.ade.simulationMonitor] - UsageInfo:
pid=17316
totalPhysicalMemory=15.208324GB,Used=13.845585GB,totalVirtualMemory=22.895821GB,Used=13.878788GB
Cpu: Cores=24, Load average:0.470000,0.390000,0.320000 {"hostname": "dtvt_13", "processid": 17316, "history": "ExplorerRun.0", "testname": "my_lib_cs_amp_1", "cornername": "Nominal", "point": 1, "logfile": "/home/dtvt_13/truong/logs_dtvt_13/logs0/Job34.log", "pid": "17316", "totalPhysicalMemory": "15.208324", "physicalMemoryUsed": "13.845585", "totalVirtualMemory": "22.895821", "virtualMemoryUsed": "13.878788", "cpuCores": "24", "processes": "2528", "loadAverage1": "0.470000", "loadAverage5": "0.390000", "loadAverage15": "0.320000", "loadAverage1Percent": "0.019583"}
[2026-04-09 00:05:41.531 +0700] [EVENT] [cadence.virtuoso.ade.simulationMonitor] - NewPoint {"history": "ExplorerRun.0", "point": 1, "testname": "my_lib_cs_amp_1", "cornername": "Nominal", "event": "NewPoint", "EventSource": "Simulation Monitor", "HistoryName": "ExplorerRun.0", "logFile": "/home/dtvt_13/truong/logs_dtvt_13/logs0/Job34.log", "logFileSize": "63487"}
[2026-04-09 00:05:41.632 +0700] [EVENT] [cadence.virtuoso.ade.simulationMonitor] - NewPoint {"history": "ExplorerRun.0", "point": 1, "testname": "my_lib_cs_amp_1", "cornername": "Nominal", "event": "NewPoint", "EventSource": "spectre", "HistoryName": "ExplorerRun.0", "logFile": "/home/dtvt_13/simulation/my_lib/cs_amp/maestro/results/maestro/ExplorerRun.0/1/my_lib_cs_amp_1/psf/spectre.out", "logFileSize": "-1"}
[2026-04-09 00:05:41.636 +0700] [PROCESS] [cadence.virtuoso.ade.simulationMonitor] - Simulator launched {"hostname": "dtvt_13", "processid": 17316, "history": "ExplorerRun.0", "testname": "my_lib_cs_amp_1", "cornername": "Nominal", "point": 1, "logfile": "/home/dtvt_13/truong/logs_dtvt_13/logs0/Job34.log", "simid": "8"}
[2026-04-09 00:05:41.637 +0700] [PROCESS] [cadence.virtuoso.ade.simulationMonitor] - Expression evaluator launched {"hostname": "dtvt_13", "processid": 17316, "history": "ExplorerRun.0", "testname": "my_lib_cs_amp_1", "cornername": "Nominal", "point": 1, "logfile": "/home/dtvt_13/truong/logs_dtvt_13/logs0/Job34.log"}
[2026-04-09 00:05:41.643 +0700] [PROCESS] [cadence.virtuoso.ade.simulationMonitor] - Started Simulation {"hostname": "dtvt_13", "processid": 17316, "history": "ExplorerRun.0", "testname": "my_lib_cs_amp_1", "cornername": "Nominal", "point": 1, "logfile": "/home/dtvt_13/truong/logs_dtvt_13/logs0/Job34.log"}
[2026-04-09 00:06:02.971 +0700] [PROCESS] [cadence.virtuoso.ade.simulationMonitor] - Finished simulating for one point {"hostname": "dtvt_13", "processid": 17316, "history": "ExplorerRun.0", "testname": "my_lib_cs_amp_1", "cornername": "Nominal", "point": 1, "logfile": "/home/dtvt_13/truong/logs_dtvt_13/logs0/Job34.log", "simid": "8"}
[2026-04-09 00:06:02.972 +0700] [INFO] [cadence.virtuoso.ade.simulationMonitor] - Peak resident memory used = 95.5 Mbytes. {"history": "ExplorerRun.0", "point": 1, "testname": "my_lib_cs_amp_1", "cornername": "Nominal"}
[2026-04-09 00:06:02.972 +0700] [INFO] [cadence.virtuoso.ade.simulationMonitor] - Peak resident memory used = 104 Mbytes. {"history": "ExplorerRun.0", "point": 1, "testname": "my_lib_cs_amp_1", "cornername": "Nominal"}
[2026-04-09 00:06:02.973 +0700] [INFO] [cadence.virtuoso.ade.simulationMonitor] - Notice from spectre during hierarchy flattening.
    The value 'psf' specified for the 'checklimitdest' option will no longer be supported in future releases. Use 'spectre -h' to see other recommended values for the 'checklimitdest' option. {"history": "ExplorerRun.0", "point": 1, "testname": "my_lib_cs_amp_1", "cornername": "Nominal"}
[2026-04-09 00:06:02.973 +0700] [INFO] [cadence.virtuoso.ade.simulationMonitor] - Peak resident memory used = 105 Mbytes. {"history": "ExplorerRun.0", "point": 1, "testname": "my_lib_cs_amp_1", "cornername": "Nominal"}
[2026-04-09 00:06:02.973 +0700] [INFO] [cadence.virtuoso.ade.simulationMonitor] - Notice from spectre during initial setup.
    Multithreading is disabled due to the size of the design being too small. {"history": "ExplorerRun.0", "point": 1, "testname": "my_lib_cs_amp_1", "cornername": "Nominal"}
[2026-04-09 00:06:02.974 +0700] [INFO] [cadence.virtuoso.ade.simulationMonitor] -               nodes 4 {"history": "ExplorerRun.0", "point": 1, "testname": "my_lib_cs_amp_1", "cornername": "Nominal"}
[2026-04-09 00:06:02.974 +0700] [INFO] [cadence.virtuoso.ade.simulationMonitor] - Notice from spectre during initial setup.
    APS enabled. {"history": "ExplorerRun.0", "point": 1, "testname": "my_lib_cs_amp_1", "cornername": "Nominal"}
[2026-04-09 00:06:02.975 +0700] [INFO] [cadence.virtuoso.ade.simulationMonitor] - Peak resident memory used = 106 Mbytes. {"history": "ExplorerRun.0", "point": 1, "testname": "my_lib_cs_amp_1", "cornername": "Nominal"}
[2026-04-09 00:06:02.975 +0700] [INFO] [cadence.virtuoso.ade.simulationMonitor] -    -   (APS) Multi-threading. The recommended number of threads is 1, consider adding +mt=1 on command line. {"history": "ExplorerRun.0", "point": 1, "testname": "my_lib_cs_amp_1", "cornername": "Nominal"}
[2026-04-09 00:06:02.975 +0700] [INFO] [cadence.virtuoso.ade.simulationMonitor] - Total time required for dc analysis `dcOp': CPU = 1.617 ms, elapsed = 2.66504 ms. {"history": "ExplorerRun.0", "point": 1, "testname": "my_lib_cs_amp_1", "cornername": "Nominal"}
[2026-04-09 00:06:02.975 +0700] [INFO] [cadence.virtuoso.ade.simulationMonitor] - Peak resident memory used = 108 Mbytes. {"history": "ExplorerRun.0", "point": 1, "testname": "my_lib_cs_amp_1", "cornername": "Nominal"}
[2026-04-09 00:06:02.975 +0700] [INFO] [cadence.virtuoso.ade.simulationMonitor] - Time used: CPU = 489 ms, elapsed = 20.8 s, util. = 2.35%. {"history": "ExplorerRun.0", "point": 1, "testname": "my_lib_cs_amp_1", "cornername": "Nominal"}
[2026-04-09 00:06:02.976 +0700] [INFO] [cadence.virtuoso.ade.simulationMonitor] - Time spent in licensing: elapsed = 20.3 s, percentage of total = 97.4%. {"history": "ExplorerRun.0", "point": 1, "testname": "my_lib_cs_amp_1", "cornername": "Nominal"}
[2026-04-09 00:06:02.976 +0700] [INFO] [cadence.virtuoso.ade.simulationMonitor] - Peak memory used = 110 Mbytes. {"history": "ExplorerRun.0", "point": 1, "testname": "my_lib_cs_amp_1", "cornername": "Nominal"}
[2026-04-09 00:06:02.976 +0700] [PROCESS] [cadence.virtuoso.ade.simulationMonitor] - Simulation started at: 12:05:41 AM, Thur Apr 9, 2026, ended at: 12:06:02 AM, Thur Apr 9, 2026, with elapsed time (wall clock): 20.8 s. {"history": "ExplorerRun.0", "point": 1, "testname": "my_lib_cs_amp_1", "cornername": "Nominal"}
[2026-04-09 00:06:02.976 +0700] [PROCESS] [cadence.virtuoso.ade.simulationMonitor] - spectre completes with 0 errors, 0 warnings, and 4 notices. {"history": "ExplorerRun.0", "point": 1, "testname": "my_lib_cs_amp_1", "cornername": "Nominal"}
[2026-04-09 00:06:02.977 +0700] [PROCESS] [cadence.virtuoso.ade.simulationMonitor] - Simulator exited {"hostname": "dtvt_13", "processid": 17316, "history": "ExplorerRun.0", "testname": "my_lib_cs_amp_1", "cornername": "Nominal", "point": 1, "logfile": "/home/dtvt_13/truong/logs_dtvt_13/logs0/Job34.log", "exitStatus": "0"}
[2026-04-09 00:06:02.977 +0700] [PROCESS] [cadence.virtuoso.ade.simulationMonitor] - Finished Simulation {"hostname": "dtvt_13", "processid": 17316, "history": "ExplorerRun.0", "testname": "my_lib_cs_amp_1", "cornername": "Nominal", "point": 1, "logfile": "/home/dtvt_13/truong/logs_dtvt_13/logs0/Job34.log", "simid": "8"}
[2026-04-09 00:06:03.491 +0700] [PROCESS] [cadence.virtuoso.ade.simulationMonitor] - Point Finished {"hostname": "dtvt_13", "processid": 17316, "history": "ExplorerRun.0", "testname": "my_lib_cs_amp_1", "cornername": "Nominal", "point": 1, "logfile": "/home/dtvt_13/truong/logs_dtvt_13/logs0/Job34.log"}
[2026-04-09 00:06:04.498 +0700] [PROCESS] [cadence.virtuoso.ade.simulationMonitor] - Stay with the runId '41', Linger time '300', currentRunSyn '83', currentTestSyn '83' {"hostname": "dtvt_13", "processid": 17316, "history": "ExplorerRun.0", "testname": "my_lib_cs_amp_1", "cornername": "Nominal", "point": 1, "logfile": "/home/dtvt_13/truong/logs_dtvt_13/logs0/Job34.log"}
[2026-04-09 00:11:04.532 +0700] [PROCESS] [cadence.virtuoso.ade.simulationMonitor] - Current memory used: 32.2461 MBytes, peak memory used: 32.2461 MBytes {"hostname": "dtvt_13", "processid": 17316, "history": "ExplorerRun.0", "testname": "my_lib_cs_amp_1", "cornername": "Nominal", "point": 1, "logfile": "/home/dtvt_13/truong/logs_dtvt_13/logs0/Job34.log"}
[2026-04-09 00:11:04.532 +0700] [PROCESS] [cadence.virtuoso.ade.simulationMonitor] - Simulation Monitor process exit. {"hostname": "dtvt_13", "processid": 17316, "history": "ExplorerRun.0", "testname": "my_lib_cs_amp_1", "cornername": "Nominal", "point": 1, "logfile": "/home/dtvt_13/truong/logs_dtvt_13/logs0/Job34.log"}
