[Simulation Monitor: 32]
[2026-04-08 22:52:40.691 +0700] [PROCESS] [cadence.virtuoso.ade.simulationMonitor] - Simulation Monitor has successfully started up. Trying to set up communication channels to other components ... {"hostname": "dtvt_13", "processid": 20115, "logfile": "/home/dtvt_13/truong/logs_dtvt_13/logs0/Job32.log"}
[2026-04-08 22:52:40.692 +0700] [PROCESS] [cadence.virtuoso.ade.simulationMonitor] - Communication channels have been successfully set up. Start processing events ... {"hostname": "dtvt_13", "processid": 20115, "logfile": "/home/dtvt_13/truong/logs_dtvt_13/logs0/Job32.log"}
[2026-04-08 22:52:40.692 +0700] [PROCESS] [cadence.virtuoso.ade.simulationMonitor] - Considering to start history {"hostname": "dtvt_13", "processid": 20115, "history": "ExplorerRun.0", "logfile": "/home/dtvt_13/truong/logs_dtvt_13/logs0/Job32.log"}
[2026-04-08 22:52:40.694 +0700] [PROCESS] [cadence.virtuoso.ade.simulationMonitor] - HostInfo:
Host name (type):	dtvt_13 (x86_64)
Operating system:	Linux 3.10.0-1160.118.1.el7.x86_64 #1 SMP Wed Apr 24 16:01:50 UTC 2024 {"hostname": "dtvt_13", "processid": 20115, "history": "ExplorerRun.0", "logfile": "/home/dtvt_13/truong/logs_dtvt_13/logs0/Job32.log", "nodename": "dtvt_13", "domainname": "(none)", "machine": "x86_64", "sysname": "Linux", "release": "3.10.0-1160.118.1.el7.x86_64", "version": "#1 SMP Wed Apr 24 16:01:50 UTC 2024"}
[2026-04-08 22:52:40.694 +0700] [PROCESS] [cadence.virtuoso.ade.simulationMonitor] - UsageInfo:
pid=20115
totalPhysicalMemory=15.208324GB,Used=13.715805GB,totalVirtualMemory=22.895821GB,Used=13.749008GB
Cpu: Cores=24, Load average:0.300000,0.220000,0.260000 {"hostname": "dtvt_13", "processid": 20115, "history": "ExplorerRun.0", "logfile": "/home/dtvt_13/truong/logs_dtvt_13/logs0/Job32.log", "pid": "20115", "totalPhysicalMemory": "15.208324", "physicalMemoryUsed": "13.715805", "totalVirtualMemory": "22.895821", "virtualMemoryUsed": "13.749008", "cpuCores": "24", "processes": "2524", "loadAverage1": "0.300000", "loadAverage5": "0.220000", "loadAverage15": "0.260000", "loadAverage1Percent": "0.012500"}
[2026-04-08 22:52:40.694 +0700] [EVENT] [cadence.virtuoso.ade.simulationMonitor] - NewPoint {"history": "ExplorerRun.0", "point": 1, "testname": "my_lib_cs_amp_1", "cornername": "Nominal", "event": "NewPoint", "EventSource": "Simulation Monitor", "HistoryName": "ExplorerRun.0", "logFile": "/home/dtvt_13/truong/logs_dtvt_13/logs0/Job32.log", "logFileSize": "2100"}
[2026-04-08 22:52:40.797 +0700] [EVENT] [cadence.virtuoso.ade.simulationMonitor] - NewPoint {"history": "ExplorerRun.0", "point": 1, "testname": "my_lib_cs_amp_1", "cornername": "Nominal", "event": "NewPoint", "EventSource": "spectre", "HistoryName": "ExplorerRun.0", "logFile": "/home/dtvt_13/simulation/my_lib/cs_amp/maestro/results/maestro/ExplorerRun.0/1/my_lib_cs_amp_1/psf/spectre.out", "logFileSize": "-1"}
[2026-04-08 22:52:40.807 +0700] [PROCESS] [cadence.virtuoso.ade.simulationMonitor] - Simulator launched {"hostname": "dtvt_13", "processid": 20115, "history": "ExplorerRun.0", "testname": "my_lib_cs_amp_1", "cornername": "Nominal", "point": 1, "logfile": "/home/dtvt_13/truong/logs_dtvt_13/logs0/Job32.log", "simid": "1"}
[2026-04-08 22:52:40.811 +0700] [PROCESS] [cadence.virtuoso.ade.simulationMonitor] - Expression evaluator launched {"hostname": "dtvt_13", "processid": 20115, "history": "ExplorerRun.0", "testname": "my_lib_cs_amp_1", "cornername": "Nominal", "point": 1, "logfile": "/home/dtvt_13/truong/logs_dtvt_13/logs0/Job32.log"}
[2026-04-08 22:52:40.824 +0700] [PROCESS] [cadence.virtuoso.ade.simulationMonitor] - Started Simulation {"hostname": "dtvt_13", "processid": 20115, "history": "ExplorerRun.0", "testname": "my_lib_cs_amp_1", "cornername": "Nominal", "point": 1, "logfile": "/home/dtvt_13/truong/logs_dtvt_13/logs0/Job32.log"}
[2026-04-08 22:53:02.625 +0700] [PROCESS] [cadence.virtuoso.ade.simulationMonitor] - Finished simulating for one point {"hostname": "dtvt_13", "processid": 20115, "history": "ExplorerRun.0", "testname": "my_lib_cs_amp_1", "cornername": "Nominal", "point": 1, "logfile": "/home/dtvt_13/truong/logs_dtvt_13/logs0/Job32.log", "simid": "1"}
[2026-04-08 22:53:02.626 +0700] [INFO] [cadence.virtuoso.ade.simulationMonitor] - Peak resident memory used = 95.5 Mbytes. {"history": "ExplorerRun.0", "point": 1, "testname": "my_lib_cs_amp_1", "cornername": "Nominal"}
[2026-04-08 22:53:02.626 +0700] [INFO] [cadence.virtuoso.ade.simulationMonitor] - Peak resident memory used = 104 Mbytes. {"history": "ExplorerRun.0", "point": 1, "testname": "my_lib_cs_amp_1", "cornername": "Nominal"}
[2026-04-08 22:53:02.626 +0700] [INFO] [cadence.virtuoso.ade.simulationMonitor] - Notice from spectre during hierarchy flattening.
    The value 'psf' specified for the 'checklimitdest' option will no longer be supported in future releases. Use 'spectre -h' to see other recommended values for the 'checklimitdest' option. {"history": "ExplorerRun.0", "point": 1, "testname": "my_lib_cs_amp_1", "cornername": "Nominal"}
[2026-04-08 22:53:02.626 +0700] [INFO] [cadence.virtuoso.ade.simulationMonitor] - Peak resident memory used = 105 Mbytes. {"history": "ExplorerRun.0", "point": 1, "testname": "my_lib_cs_amp_1", "cornername": "Nominal"}
[2026-04-08 22:53:02.627 +0700] [INFO] [cadence.virtuoso.ade.simulationMonitor] - Notice from spectre during initial setup.
    Multithreading is disabled due to the size of the design being too small. {"history": "ExplorerRun.0", "point": 1, "testname": "my_lib_cs_amp_1", "cornername": "Nominal"}
[2026-04-08 22:53:02.627 +0700] [INFO] [cadence.virtuoso.ade.simulationMonitor] -               nodes 4 {"history": "ExplorerRun.0", "point": 1, "testname": "my_lib_cs_amp_1", "cornername": "Nominal"}
[2026-04-08 22:53:02.628 +0700] [INFO] [cadence.virtuoso.ade.simulationMonitor] - Notice from spectre during initial setup.
    APS enabled. {"history": "ExplorerRun.0", "point": 1, "testname": "my_lib_cs_amp_1", "cornername": "Nominal"}
[2026-04-08 22:53:02.628 +0700] [INFO] [cadence.virtuoso.ade.simulationMonitor] - Peak resident memory used = 106 Mbytes. {"history": "ExplorerRun.0", "point": 1, "testname": "my_lib_cs_amp_1", "cornername": "Nominal"}
[2026-04-08 22:53:02.628 +0700] [INFO] [cadence.virtuoso.ade.simulationMonitor] -    -   (APS) Multi-threading. The recommended number of threads is 1, consider adding +mt=1 on command line. {"history": "ExplorerRun.0", "point": 1, "testname": "my_lib_cs_amp_1", "cornername": "Nominal"}
[2026-04-08 22:53:02.628 +0700] [INFO] [cadence.virtuoso.ade.simulationMonitor] - Total time required for dc analysis `dcOp': CPU = 1.439 ms, elapsed = 2.33006 ms. {"history": "ExplorerRun.0", "point": 1, "testname": "my_lib_cs_amp_1", "cornername": "Nominal"}
[2026-04-08 22:53:02.628 +0700] [INFO] [cadence.virtuoso.ade.simulationMonitor] - Peak resident memory used = 108 Mbytes. {"history": "ExplorerRun.0", "point": 1, "testname": "my_lib_cs_amp_1", "cornername": "Nominal"}
[2026-04-08 22:53:02.628 +0700] [INFO] [cadence.virtuoso.ade.simulationMonitor] - Time used: CPU = 540 ms, elapsed = 21.1 s, util. = 2.55%. {"history": "ExplorerRun.0", "point": 1, "testname": "my_lib_cs_amp_1", "cornername": "Nominal"}
[2026-04-08 22:53:02.629 +0700] [INFO] [cadence.virtuoso.ade.simulationMonitor] - Time spent in licensing: elapsed = 20.6 s, percentage of total = 97.4%. {"history": "ExplorerRun.0", "point": 1, "testname": "my_lib_cs_amp_1", "cornername": "Nominal"}
[2026-04-08 22:53:02.629 +0700] [INFO] [cadence.virtuoso.ade.simulationMonitor] - Peak memory used = 110 Mbytes. {"history": "ExplorerRun.0", "point": 1, "testname": "my_lib_cs_amp_1", "cornername": "Nominal"}
[2026-04-08 22:53:02.629 +0700] [PROCESS] [cadence.virtuoso.ade.simulationMonitor] - Simulation started at: 10:52:41 PM, Wed Apr 8, 2026, ended at: 10:53:02 PM, Wed Apr 8, 2026, with elapsed time (wall clock): 21.1 s. {"history": "ExplorerRun.0", "point": 1, "testname": "my_lib_cs_amp_1", "cornername": "Nominal"}
[2026-04-08 22:53:02.629 +0700] [PROCESS] [cadence.virtuoso.ade.simulationMonitor] - spectre completes with 0 errors, 0 warnings, and 4 notices. {"history": "ExplorerRun.0", "point": 1, "testname": "my_lib_cs_amp_1", "cornername": "Nominal"}
[2026-04-08 22:53:02.629 +0700] [PROCESS] [cadence.virtuoso.ade.simulationMonitor] - Simulator exited {"hostname": "dtvt_13", "processid": 20115, "history": "ExplorerRun.0", "testname": "my_lib_cs_amp_1", "cornername": "Nominal", "point": 1, "logfile": "/home/dtvt_13/truong/logs_dtvt_13/logs0/Job32.log", "exitStatus": "0"}
[2026-04-08 22:53:02.630 +0700] [PROCESS] [cadence.virtuoso.ade.simulationMonitor] - Finished Simulation {"hostname": "dtvt_13", "processid": 20115, "history": "ExplorerRun.0", "testname": "my_lib_cs_amp_1", "cornername": "Nominal", "point": 1, "logfile": "/home/dtvt_13/truong/logs_dtvt_13/logs0/Job32.log", "simid": "1"}
[2026-04-08 22:53:03.144 +0700] [PROCESS] [cadence.virtuoso.ade.simulationMonitor] - Point Finished {"hostname": "dtvt_13", "processid": 20115, "history": "ExplorerRun.0", "testname": "my_lib_cs_amp_1", "cornername": "Nominal", "point": 1, "logfile": "/home/dtvt_13/truong/logs_dtvt_13/logs0/Job32.log"}
[2026-04-08 22:54:30.047 +0700] [INFO] [cadence.virtuoso.ade.simulationMonitor] - SimulationMonitor has terminated the vds process '20302', reason: 'Force to stop the expression evalutor process because of new run' {"history": "ExplorerRun.0", "point": 1, "testname": "my_lib_cs_amp_1", "cornername": "Nominal"}
[2026-04-08 22:54:30.048 +0700] [PROCESS] [cadence.virtuoso.ade.simulationMonitor] - HostInfo:
Host name (type):	dtvt_13 (x86_64)
Operating system:	Linux 3.10.0-1160.118.1.el7.x86_64 #1 SMP Wed Apr 24 16:01:50 UTC 2024 {"hostname": "dtvt_13", "processid": 20115, "history": "ExplorerRun.0", "testname": "my_lib_cs_amp_1", "cornername": "Nominal", "point": 1, "logfile": "/home/dtvt_13/truong/logs_dtvt_13/logs0/Job32.log", "nodename": "dtvt_13", "domainname": "(none)", "machine": "x86_64", "sysname": "Linux", "release": "3.10.0-1160.118.1.el7.x86_64", "version": "#1 SMP Wed Apr 24 16:01:50 UTC 2024"}
[2026-04-08 22:54:30.048 +0700] [PROCESS] [cadence.virtuoso.ade.simulationMonitor] - UsageInfo:
pid=20115
totalPhysicalMemory=15.208324GB,Used=13.719990GB,totalVirtualMemory=22.895821GB,Used=13.753193GB
Cpu: Cores=24, Load average:0.280000,0.240000,0.260000 {"hostname": "dtvt_13", "processid": 20115, "history": "ExplorerRun.0", "testname": "my_lib_cs_amp_1", "cornername": "Nominal", "point": 1, "logfile": "/home/dtvt_13/truong/logs_dtvt_13/logs0/Job32.log", "pid": "20115", "totalPhysicalMemory": "15.208324", "physicalMemoryUsed": "13.719990", "totalVirtualMemory": "22.895821", "virtualMemoryUsed": "13.753193", "cpuCores": "24", "processes": "2529", "loadAverage1": "0.280000", "loadAverage5": "0.240000", "loadAverage15": "0.260000", "loadAverage1Percent": "0.011667"}
[2026-04-08 22:54:30.048 +0700] [EVENT] [cadence.virtuoso.ade.simulationMonitor] - NewPoint {"history": "ExplorerRun.0", "point": 1, "testname": "my_lib_cs_amp_1", "cornername": "Nominal", "event": "NewPoint", "EventSource": "Simulation Monitor", "HistoryName": "ExplorerRun.0", "logFile": "/home/dtvt_13/truong/logs_dtvt_13/logs0/Job32.log", "logFileSize": "10869"}
[2026-04-08 22:54:30.149 +0700] [EVENT] [cadence.virtuoso.ade.simulationMonitor] - NewPoint {"history": "ExplorerRun.0", "point": 1, "testname": "my_lib_cs_amp_1", "cornername": "Nominal", "event": "NewPoint", "EventSource": "spectre", "HistoryName": "ExplorerRun.0", "logFile": "/home/dtvt_13/simulation/my_lib/cs_amp/maestro/results/maestro/ExplorerRun.0/1/my_lib_cs_amp_1/psf/spectre.out", "logFileSize": "-1"}
[2026-04-08 22:54:30.159 +0700] [PROCESS] [cadence.virtuoso.ade.simulationMonitor] - Simulator launched {"hostname": "dtvt_13", "processid": 20115, "history": "ExplorerRun.0", "testname": "my_lib_cs_amp_1", "cornername": "Nominal", "point": 1, "logfile": "/home/dtvt_13/truong/logs_dtvt_13/logs0/Job32.log", "simid": "2"}
[2026-04-08 22:54:30.167 +0700] [PROCESS] [cadence.virtuoso.ade.simulationMonitor] - Expression evaluator launched {"hostname": "dtvt_13", "processid": 20115, "history": "ExplorerRun.0", "testname": "my_lib_cs_amp_1", "cornername": "Nominal", "point": 1, "logfile": "/home/dtvt_13/truong/logs_dtvt_13/logs0/Job32.log"}
[2026-04-08 22:54:30.181 +0700] [PROCESS] [cadence.virtuoso.ade.simulationMonitor] - Started Simulation {"hostname": "dtvt_13", "processid": 20115, "history": "ExplorerRun.0", "testname": "my_lib_cs_amp_1", "cornername": "Nominal", "point": 1, "logfile": "/home/dtvt_13/truong/logs_dtvt_13/logs0/Job32.log"}
[2026-04-08 22:54:51.514 +0700] [INFO] [cadence.virtuoso.ade.simulationMonitor] - Peak resident memory used = 95.5 Mbytes. {"history": "ExplorerRun.0", "point": 1, "testname": "my_lib_cs_amp_1", "cornername": "Nominal"}
[2026-04-08 22:54:51.515 +0700] [INFO] [cadence.virtuoso.ade.simulationMonitor] - Peak resident memory used = 104 Mbytes. {"history": "ExplorerRun.0", "point": 1, "testname": "my_lib_cs_amp_1", "cornername": "Nominal"}
[2026-04-08 22:54:51.515 +0700] [INFO] [cadence.virtuoso.ade.simulationMonitor] - Notice from spectre during hierarchy flattening.
    The value 'psf' specified for the 'checklimitdest' option will no longer be supported in future releases. Use 'spectre -h' to see other recommended values for the 'checklimitdest' option. {"history": "ExplorerRun.0", "point": 1, "testname": "my_lib_cs_amp_1", "cornername": "Nominal"}
[2026-04-08 22:54:51.515 +0700] [INFO] [cadence.virtuoso.ade.simulationMonitor] - Peak resident memory used = 105 Mbytes. {"history": "ExplorerRun.0", "point": 1, "testname": "my_lib_cs_amp_1", "cornername": "Nominal"}
[2026-04-08 22:54:51.516 +0700] [INFO] [cadence.virtuoso.ade.simulationMonitor] - Notice from spectre during initial setup.
    Multithreading is disabled due to the size of the design being too small. {"history": "ExplorerRun.0", "point": 1, "testname": "my_lib_cs_amp_1", "cornername": "Nominal"}
[2026-04-08 22:54:51.516 +0700] [INFO] [cadence.virtuoso.ade.simulationMonitor] -               nodes 4 {"history": "ExplorerRun.0", "point": 1, "testname": "my_lib_cs_amp_1", "cornername": "Nominal"}
[2026-04-08 22:54:51.516 +0700] [INFO] [cadence.virtuoso.ade.simulationMonitor] - Notice from spectre during initial setup.
    APS enabled. {"history": "ExplorerRun.0", "point": 1, "testname": "my_lib_cs_amp_1", "cornername": "Nominal"}
[2026-04-08 22:54:51.517 +0700] [INFO] [cadence.virtuoso.ade.simulationMonitor] - Peak resident memory used = 106 Mbytes. {"history": "ExplorerRun.0", "point": 1, "testname": "my_lib_cs_amp_1", "cornername": "Nominal"}
[2026-04-08 22:54:51.517 +0700] [INFO] [cadence.virtuoso.ade.simulationMonitor] -    -   (APS) Multi-threading. The recommended number of threads is 1, consider adding +mt=1 on command line. {"history": "ExplorerRun.0", "point": 1, "testname": "my_lib_cs_amp_1", "cornername": "Nominal"}
[2026-04-08 22:54:51.517 +0700] [INFO] [cadence.virtuoso.ade.simulationMonitor] - Total time required for dc analysis `dcOp': CPU = 1.798 ms, elapsed = 2.72393 ms. {"history": "ExplorerRun.0", "point": 1, "testname": "my_lib_cs_amp_1", "cornername": "Nominal"}
[2026-04-08 22:54:51.517 +0700] [INFO] [cadence.virtuoso.ade.simulationMonitor] - Peak resident memory used = 108 Mbytes. {"history": "ExplorerRun.0", "point": 1, "testname": "my_lib_cs_amp_1", "cornername": "Nominal"}
[2026-04-08 22:54:51.517 +0700] [INFO] [cadence.virtuoso.ade.simulationMonitor] - Time used: CPU = 537 ms, elapsed = 20.9 s, util. = 2.58%. {"history": "ExplorerRun.0", "point": 1, "testname": "my_lib_cs_amp_1", "cornername": "Nominal"}
[2026-04-08 22:54:51.518 +0700] [INFO] [cadence.virtuoso.ade.simulationMonitor] - Time spent in licensing: elapsed = 20.3 s, percentage of total = 97.3%. {"history": "ExplorerRun.0", "point": 1, "testname": "my_lib_cs_amp_1", "cornername": "Nominal"}
[2026-04-08 22:54:51.518 +0700] [INFO] [cadence.virtuoso.ade.simulationMonitor] - Peak memory used = 110 Mbytes. {"history": "ExplorerRun.0", "point": 1, "testname": "my_lib_cs_amp_1", "cornername": "Nominal"}
[2026-04-08 22:54:51.518 +0700] [PROCESS] [cadence.virtuoso.ade.simulationMonitor] - Simulation started at: 10:54:30 PM, Wed Apr 8, 2026, ended at: 10:54:51 PM, Wed Apr 8, 2026, with elapsed time (wall clock): 20.9 s. {"history": "ExplorerRun.0", "point": 1, "testname": "my_lib_cs_amp_1", "cornername": "Nominal"}
[2026-04-08 22:54:51.518 +0700] [PROCESS] [cadence.virtuoso.ade.simulationMonitor] - spectre completes with 0 errors, 0 warnings, and 4 notices. {"history": "ExplorerRun.0", "point": 1, "testname": "my_lib_cs_amp_1", "cornername": "Nominal"}
[2026-04-08 22:54:52.019 +0700] [PROCESS] [cadence.virtuoso.ade.simulationMonitor] - Finished simulating for one point {"hostname": "dtvt_13", "processid": 20115, "history": "ExplorerRun.0", "testname": "my_lib_cs_amp_1", "cornername": "Nominal", "point": 1, "logfile": "/home/dtvt_13/truong/logs_dtvt_13/logs0/Job32.log", "simid": "2"}
[2026-04-08 22:54:52.019 +0700] [PROCESS] [cadence.virtuoso.ade.simulationMonitor] - Simulator exited {"hostname": "dtvt_13", "processid": 20115, "history": "ExplorerRun.0", "testname": "my_lib_cs_amp_1", "cornername": "Nominal", "point": 1, "logfile": "/home/dtvt_13/truong/logs_dtvt_13/logs0/Job32.log", "exitStatus": "0"}
[2026-04-08 22:54:52.020 +0700] [PROCESS] [cadence.virtuoso.ade.simulationMonitor] - Finished Simulation {"hostname": "dtvt_13", "processid": 20115, "history": "ExplorerRun.0", "testname": "my_lib_cs_amp_1", "cornername": "Nominal", "point": 1, "logfile": "/home/dtvt_13/truong/logs_dtvt_13/logs0/Job32.log", "simid": "2"}
[2026-04-08 22:54:53.035 +0700] [PROCESS] [cadence.virtuoso.ade.simulationMonitor] - Point Finished {"hostname": "dtvt_13", "processid": 20115, "history": "ExplorerRun.0", "testname": "my_lib_cs_amp_1", "cornername": "Nominal", "point": 1, "logfile": "/home/dtvt_13/truong/logs_dtvt_13/logs0/Job32.log"}
[2026-04-08 22:56:00.156 +0700] [INFO] [cadence.virtuoso.ade.simulationMonitor] - SimulationMonitor has terminated the vds process '21234', reason: 'Force to stop the expression evalutor process because of new run' {"history": "ExplorerRun.0", "point": 1, "testname": "my_lib_cs_amp_1", "cornername": "Nominal"}
[2026-04-08 22:56:00.156 +0700] [PROCESS] [cadence.virtuoso.ade.simulationMonitor] - HostInfo:
Host name (type):	dtvt_13 (x86_64)
Operating system:	Linux 3.10.0-1160.118.1.el7.x86_64 #1 SMP Wed Apr 24 16:01:50 UTC 2024 {"hostname": "dtvt_13", "processid": 20115, "history": "ExplorerRun.0", "testname": "my_lib_cs_amp_1", "cornername": "Nominal", "point": 1, "logfile": "/home/dtvt_13/truong/logs_dtvt_13/logs0/Job32.log", "nodename": "dtvt_13", "domainname": "(none)", "machine": "x86_64", "sysname": "Linux", "release": "3.10.0-1160.118.1.el7.x86_64", "version": "#1 SMP Wed Apr 24 16:01:50 UTC 2024"}
[2026-04-08 22:56:00.157 +0700] [PROCESS] [cadence.virtuoso.ade.simulationMonitor] - UsageInfo:
pid=20115
totalPhysicalMemory=15.208324GB,Used=13.722595GB,totalVirtualMemory=22.895821GB,Used=13.755798GB
Cpu: Cores=24, Load average:0.400000,0.330000,0.290000 {"hostname": "dtvt_13", "processid": 20115, "history": "ExplorerRun.0", "testname": "my_lib_cs_amp_1", "cornername": "Nominal", "point": 1, "logfile": "/home/dtvt_13/truong/logs_dtvt_13/logs0/Job32.log", "pid": "20115", "totalPhysicalMemory": "15.208324", "physicalMemoryUsed": "13.722595", "totalVirtualMemory": "22.895821", "virtualMemoryUsed": "13.755798", "cpuCores": "24", "processes": "2531", "loadAverage1": "0.400000", "loadAverage5": "0.330000", "loadAverage15": "0.290000", "loadAverage1Percent": "0.016667"}
[2026-04-08 22:56:00.157 +0700] [EVENT] [cadence.virtuoso.ade.simulationMonitor] - NewPoint {"history": "ExplorerRun.0", "point": 1, "testname": "my_lib_cs_amp_1", "cornername": "Nominal", "event": "NewPoint", "EventSource": "Simulation Monitor", "HistoryName": "ExplorerRun.0", "logFile": "/home/dtvt_13/truong/logs_dtvt_13/logs0/Job32.log", "logFileSize": "19639"}
[2026-04-08 22:56:00.258 +0700] [EVENT] [cadence.virtuoso.ade.simulationMonitor] - NewPoint {"history": "ExplorerRun.0", "point": 1, "testname": "my_lib_cs_amp_1", "cornername": "Nominal", "event": "NewPoint", "EventSource": "spectre", "HistoryName": "ExplorerRun.0", "logFile": "/home/dtvt_13/simulation/my_lib/cs_amp/maestro/results/maestro/ExplorerRun.0/1/my_lib_cs_amp_1/psf/spectre.out", "logFileSize": "-1"}
[2026-04-08 22:56:00.262 +0700] [PROCESS] [cadence.virtuoso.ade.simulationMonitor] - Simulator launched {"hostname": "dtvt_13", "processid": 20115, "history": "ExplorerRun.0", "testname": "my_lib_cs_amp_1", "cornername": "Nominal", "point": 1, "logfile": "/home/dtvt_13/truong/logs_dtvt_13/logs0/Job32.log", "simid": "3"}
[2026-04-08 22:56:00.268 +0700] [PROCESS] [cadence.virtuoso.ade.simulationMonitor] - Expression evaluator launched {"hostname": "dtvt_13", "processid": 20115, "history": "ExplorerRun.0", "testname": "my_lib_cs_amp_1", "cornername": "Nominal", "point": 1, "logfile": "/home/dtvt_13/truong/logs_dtvt_13/logs0/Job32.log"}
[2026-04-08 22:56:00.273 +0700] [PROCESS] [cadence.virtuoso.ade.simulationMonitor] - Started Simulation {"hostname": "dtvt_13", "processid": 20115, "history": "ExplorerRun.0", "testname": "my_lib_cs_amp_1", "cornername": "Nominal", "point": 1, "logfile": "/home/dtvt_13/truong/logs_dtvt_13/logs0/Job32.log"}
[2026-04-08 22:56:21.688 +0700] [INFO] [cadence.virtuoso.ade.simulationMonitor] - Peak resident memory used = 95.5 Mbytes. {"history": "ExplorerRun.0", "point": 1, "testname": "my_lib_cs_amp_1", "cornername": "Nominal"}
[2026-04-08 22:56:21.688 +0700] [INFO] [cadence.virtuoso.ade.simulationMonitor] - Peak resident memory used = 104 Mbytes. {"history": "ExplorerRun.0", "point": 1, "testname": "my_lib_cs_amp_1", "cornername": "Nominal"}
[2026-04-08 22:56:21.688 +0700] [INFO] [cadence.virtuoso.ade.simulationMonitor] - Notice from spectre during hierarchy flattening.
    The value 'psf' specified for the 'checklimitdest' option will no longer be supported in future releases. Use 'spectre -h' to see other recommended values for the 'checklimitdest' option. {"history": "ExplorerRun.0", "point": 1, "testname": "my_lib_cs_amp_1", "cornername": "Nominal"}
[2026-04-08 22:56:21.689 +0700] [INFO] [cadence.virtuoso.ade.simulationMonitor] - Peak resident memory used = 105 Mbytes. {"history": "ExplorerRun.0", "point": 1, "testname": "my_lib_cs_amp_1", "cornername": "Nominal"}
[2026-04-08 22:56:21.689 +0700] [INFO] [cadence.virtuoso.ade.simulationMonitor] - Notice from spectre during initial setup.
    Multithreading is disabled due to the size of the design being too small. {"history": "ExplorerRun.0", "point": 1, "testname": "my_lib_cs_amp_1", "cornername": "Nominal"}
[2026-04-08 22:56:21.690 +0700] [INFO] [cadence.virtuoso.ade.simulationMonitor] -               nodes 4 {"history": "ExplorerRun.0", "point": 1, "testname": "my_lib_cs_amp_1", "cornername": "Nominal"}
[2026-04-08 22:56:21.690 +0700] [INFO] [cadence.virtuoso.ade.simulationMonitor] - Notice from spectre during initial setup.
    APS enabled. {"history": "ExplorerRun.0", "point": 1, "testname": "my_lib_cs_amp_1", "cornername": "Nominal"}
[2026-04-08 22:56:21.690 +0700] [INFO] [cadence.virtuoso.ade.simulationMonitor] - Peak resident memory used = 106 Mbytes. {"history": "ExplorerRun.0", "point": 1, "testname": "my_lib_cs_amp_1", "cornername": "Nominal"}
[2026-04-08 22:56:21.690 +0700] [INFO] [cadence.virtuoso.ade.simulationMonitor] -    -   (APS) Multi-threading. The recommended number of threads is 1, consider adding +mt=1 on command line. {"history": "ExplorerRun.0", "point": 1, "testname": "my_lib_cs_amp_1", "cornername": "Nominal"}
[2026-04-08 22:56:21.690 +0700] [INFO] [cadence.virtuoso.ade.simulationMonitor] - Total time required for dc analysis `dcOp': CPU = 1.435 ms, elapsed = 2.32601 ms. {"history": "ExplorerRun.0", "point": 1, "testname": "my_lib_cs_amp_1", "cornername": "Nominal"}
[2026-04-08 22:56:21.691 +0700] [INFO] [cadence.virtuoso.ade.simulationMonitor] - Peak resident memory used = 108 Mbytes. {"history": "ExplorerRun.0", "point": 1, "testname": "my_lib_cs_amp_1", "cornername": "Nominal"}
[2026-04-08 22:56:21.691 +0700] [INFO] [cadence.virtuoso.ade.simulationMonitor] - Time used: CPU = 538 ms, elapsed = 20.9 s, util. = 2.58%. {"history": "ExplorerRun.0", "point": 1, "testname": "my_lib_cs_amp_1", "cornername": "Nominal"}
[2026-04-08 22:56:21.691 +0700] [INFO] [cadence.virtuoso.ade.simulationMonitor] - Time spent in licensing: elapsed = 20.3 s, percentage of total = 97.2%. {"history": "ExplorerRun.0", "point": 1, "testname": "my_lib_cs_amp_1", "cornername": "Nominal"}
[2026-04-08 22:56:21.691 +0700] [INFO] [cadence.virtuoso.ade.simulationMonitor] - Peak memory used = 110 Mbytes. {"history": "ExplorerRun.0", "point": 1, "testname": "my_lib_cs_amp_1", "cornername": "Nominal"}
[2026-04-08 22:56:21.691 +0700] [PROCESS] [cadence.virtuoso.ade.simulationMonitor] - Simulation started at: 10:56:00 PM, Wed Apr 8, 2026, ended at: 10:56:21 PM, Wed Apr 8, 2026, with elapsed time (wall clock): 20.9 s. {"history": "ExplorerRun.0", "point": 1, "testname": "my_lib_cs_amp_1", "cornername": "Nominal"}
[2026-04-08 22:56:21.691 +0700] [PROCESS] [cadence.virtuoso.ade.simulationMonitor] - spectre completes with 0 errors, 0 warnings, and 4 notices. {"history": "ExplorerRun.0", "point": 1, "testname": "my_lib_cs_amp_1", "cornername": "Nominal"}
[2026-04-08 22:56:22.192 +0700] [PROCESS] [cadence.virtuoso.ade.simulationMonitor] - Finished simulating for one point {"hostname": "dtvt_13", "processid": 20115, "history": "ExplorerRun.0", "testname": "my_lib_cs_amp_1", "cornername": "Nominal", "point": 1, "logfile": "/home/dtvt_13/truong/logs_dtvt_13/logs0/Job32.log", "simid": "3"}
[2026-04-08 22:56:22.193 +0700] [PROCESS] [cadence.virtuoso.ade.simulationMonitor] - Simulator exited {"hostname": "dtvt_13", "processid": 20115, "history": "ExplorerRun.0", "testname": "my_lib_cs_amp_1", "cornername": "Nominal", "point": 1, "logfile": "/home/dtvt_13/truong/logs_dtvt_13/logs0/Job32.log", "exitStatus": "0"}
[2026-04-08 22:56:22.193 +0700] [PROCESS] [cadence.virtuoso.ade.simulationMonitor] - Finished Simulation {"hostname": "dtvt_13", "processid": 20115, "history": "ExplorerRun.0", "testname": "my_lib_cs_amp_1", "cornername": "Nominal", "point": 1, "logfile": "/home/dtvt_13/truong/logs_dtvt_13/logs0/Job32.log", "simid": "3"}
[2026-04-08 22:56:23.206 +0700] [PROCESS] [cadence.virtuoso.ade.simulationMonitor] - Point Finished {"hostname": "dtvt_13", "processid": 20115, "history": "ExplorerRun.0", "testname": "my_lib_cs_amp_1", "cornername": "Nominal", "point": 1, "logfile": "/home/dtvt_13/truong/logs_dtvt_13/logs0/Job32.log"}
[2026-04-08 22:56:57.141 +0700] [INFO] [cadence.virtuoso.ade.simulationMonitor] - SimulationMonitor has terminated the vds process '21978', reason: 'Force to stop the expression evalutor process because of new run' {"history": "ExplorerRun.0", "point": 1, "testname": "my_lib_cs_amp_1", "cornername": "Nominal"}
[2026-04-08 22:56:57.142 +0700] [PROCESS] [cadence.virtuoso.ade.simulationMonitor] - HostInfo:
Host name (type):	dtvt_13 (x86_64)
Operating system:	Linux 3.10.0-1160.118.1.el7.x86_64 #1 SMP Wed Apr 24 16:01:50 UTC 2024 {"hostname": "dtvt_13", "processid": 20115, "history": "ExplorerRun.0", "testname": "my_lib_cs_amp_1", "cornername": "Nominal", "point": 1, "logfile": "/home/dtvt_13/truong/logs_dtvt_13/logs0/Job32.log", "nodename": "dtvt_13", "domainname": "(none)", "machine": "x86_64", "sysname": "Linux", "release": "3.10.0-1160.118.1.el7.x86_64", "version": "#1 SMP Wed Apr 24 16:01:50 UTC 2024"}
[2026-04-08 22:56:57.142 +0700] [PROCESS] [cadence.virtuoso.ade.simulationMonitor] - UsageInfo:
pid=20115
totalPhysicalMemory=15.208324GB,Used=13.727169GB,totalVirtualMemory=22.895821GB,Used=13.760372GB
Cpu: Cores=24, Load average:0.270000,0.300000,0.290000 {"hostname": "dtvt_13", "processid": 20115, "history": "ExplorerRun.0", "testname": "my_lib_cs_amp_1", "cornername": "Nominal", "point": 1, "logfile": "/home/dtvt_13/truong/logs_dtvt_13/logs0/Job32.log", "pid": "20115", "totalPhysicalMemory": "15.208324", "physicalMemoryUsed": "13.727169", "totalVirtualMemory": "22.895821", "virtualMemoryUsed": "13.760372", "cpuCores": "24", "processes": "2530", "loadAverage1": "0.270000", "loadAverage5": "0.300000", "loadAverage15": "0.290000", "loadAverage1Percent": "0.011250"}
[2026-04-08 22:56:57.142 +0700] [EVENT] [cadence.virtuoso.ade.simulationMonitor] - NewPoint {"history": "ExplorerRun.0", "point": 1, "testname": "my_lib_cs_amp_1", "cornername": "Nominal", "event": "NewPoint", "EventSource": "Simulation Monitor", "HistoryName": "ExplorerRun.0", "logFile": "/home/dtvt_13/truong/logs_dtvt_13/logs0/Job32.log", "logFileSize": "28409"}
[2026-04-08 22:56:57.243 +0700] [EVENT] [cadence.virtuoso.ade.simulationMonitor] - NewPoint {"history": "ExplorerRun.0", "point": 1, "testname": "my_lib_cs_amp_1", "cornername": "Nominal", "event": "NewPoint", "EventSource": "spectre", "HistoryName": "ExplorerRun.0", "logFile": "/home/dtvt_13/simulation/my_lib/cs_amp/maestro/results/maestro/ExplorerRun.0/1/my_lib_cs_amp_1/psf/spectre.out", "logFileSize": "-1"}
[2026-04-08 22:56:57.253 +0700] [PROCESS] [cadence.virtuoso.ade.simulationMonitor] - Simulator launched {"hostname": "dtvt_13", "processid": 20115, "history": "ExplorerRun.0", "testname": "my_lib_cs_amp_1", "cornername": "Nominal", "point": 1, "logfile": "/home/dtvt_13/truong/logs_dtvt_13/logs0/Job32.log", "simid": "4"}
[2026-04-08 22:56:57.256 +0700] [PROCESS] [cadence.virtuoso.ade.simulationMonitor] - Expression evaluator launched {"hostname": "dtvt_13", "processid": 20115, "history": "ExplorerRun.0", "testname": "my_lib_cs_amp_1", "cornername": "Nominal", "point": 1, "logfile": "/home/dtvt_13/truong/logs_dtvt_13/logs0/Job32.log"}
[2026-04-08 22:56:57.270 +0700] [PROCESS] [cadence.virtuoso.ade.simulationMonitor] - Started Simulation {"hostname": "dtvt_13", "processid": 20115, "history": "ExplorerRun.0", "testname": "my_lib_cs_amp_1", "cornername": "Nominal", "point": 1, "logfile": "/home/dtvt_13/truong/logs_dtvt_13/logs0/Job32.log"}
[2026-04-08 22:57:18.691 +0700] [PROCESS] [cadence.virtuoso.ade.simulationMonitor] - Finished simulating for one point {"hostname": "dtvt_13", "processid": 20115, "history": "ExplorerRun.0", "testname": "my_lib_cs_amp_1", "cornername": "Nominal", "point": 1, "logfile": "/home/dtvt_13/truong/logs_dtvt_13/logs0/Job32.log", "simid": "4"}
[2026-04-08 22:57:18.692 +0700] [INFO] [cadence.virtuoso.ade.simulationMonitor] - Peak resident memory used = 95.5 Mbytes. {"history": "ExplorerRun.0", "point": 1, "testname": "my_lib_cs_amp_1", "cornername": "Nominal"}
[2026-04-08 22:57:18.692 +0700] [INFO] [cadence.virtuoso.ade.simulationMonitor] - Peak resident memory used = 104 Mbytes. {"history": "ExplorerRun.0", "point": 1, "testname": "my_lib_cs_amp_1", "cornername": "Nominal"}
[2026-04-08 22:57:18.693 +0700] [INFO] [cadence.virtuoso.ade.simulationMonitor] - Notice from spectre during hierarchy flattening.
    The value 'psf' specified for the 'checklimitdest' option will no longer be supported in future releases. Use 'spectre -h' to see other recommended values for the 'checklimitdest' option. {"history": "ExplorerRun.0", "point": 1, "testname": "my_lib_cs_amp_1", "cornername": "Nominal"}
[2026-04-08 22:57:18.693 +0700] [INFO] [cadence.virtuoso.ade.simulationMonitor] - Peak resident memory used = 105 Mbytes. {"history": "ExplorerRun.0", "point": 1, "testname": "my_lib_cs_amp_1", "cornername": "Nominal"}
[2026-04-08 22:57:18.694 +0700] [INFO] [cadence.virtuoso.ade.simulationMonitor] - Notice from spectre during initial setup.
    Multithreading is disabled due to the size of the design being too small. {"history": "ExplorerRun.0", "point": 1, "testname": "my_lib_cs_amp_1", "cornername": "Nominal"}
[2026-04-08 22:57:18.694 +0700] [INFO] [cadence.virtuoso.ade.simulationMonitor] -               nodes 4 {"history": "ExplorerRun.0", "point": 1, "testname": "my_lib_cs_amp_1", "cornername": "Nominal"}
[2026-04-08 22:57:18.695 +0700] [INFO] [cadence.virtuoso.ade.simulationMonitor] - Notice from spectre during initial setup.
    APS enabled. {"history": "ExplorerRun.0", "point": 1, "testname": "my_lib_cs_amp_1", "cornername": "Nominal"}
[2026-04-08 22:57:18.695 +0700] [INFO] [cadence.virtuoso.ade.simulationMonitor] - Peak resident memory used = 106 Mbytes. {"history": "ExplorerRun.0", "point": 1, "testname": "my_lib_cs_amp_1", "cornername": "Nominal"}
[2026-04-08 22:57:18.695 +0700] [INFO] [cadence.virtuoso.ade.simulationMonitor] -    -   (APS) Multi-threading. The recommended number of threads is 1, consider adding +mt=1 on command line. {"history": "ExplorerRun.0", "point": 1, "testname": "my_lib_cs_amp_1", "cornername": "Nominal"}
[2026-04-08 22:57:18.695 +0700] [INFO] [cadence.virtuoso.ade.simulationMonitor] - Total time required for dc analysis `dcOp': CPU = 1.544 ms, elapsed = 2.496 ms. {"history": "ExplorerRun.0", "point": 1, "testname": "my_lib_cs_amp_1", "cornername": "Nominal"}
[2026-04-08 22:57:18.695 +0700] [INFO] [cadence.virtuoso.ade.simulationMonitor] - Peak resident memory used = 108 Mbytes. {"history": "ExplorerRun.0", "point": 1, "testname": "my_lib_cs_amp_1", "cornername": "Nominal"}
[2026-04-08 22:57:18.695 +0700] [INFO] [cadence.virtuoso.ade.simulationMonitor] - Time used: CPU = 525 ms, elapsed = 20.8 s, util. = 2.53%. {"history": "ExplorerRun.0", "point": 1, "testname": "my_lib_cs_amp_1", "cornername": "Nominal"}
[2026-04-08 22:57:18.696 +0700] [INFO] [cadence.virtuoso.ade.simulationMonitor] - Time spent in licensing: elapsed = 20.3 s, percentage of total = 97.6%. {"history": "ExplorerRun.0", "point": 1, "testname": "my_lib_cs_amp_1", "cornername": "Nominal"}
[2026-04-08 22:57:18.696 +0700] [INFO] [cadence.virtuoso.ade.simulationMonitor] - Peak memory used = 110 Mbytes. {"history": "ExplorerRun.0", "point": 1, "testname": "my_lib_cs_amp_1", "cornername": "Nominal"}
[2026-04-08 22:57:18.696 +0700] [PROCESS] [cadence.virtuoso.ade.simulationMonitor] - Simulation started at: 10:56:57 PM, Wed Apr 8, 2026, ended at: 10:57:18 PM, Wed Apr 8, 2026, with elapsed time (wall clock): 20.8 s. {"history": "ExplorerRun.0", "point": 1, "testname": "my_lib_cs_amp_1", "cornername": "Nominal"}
[2026-04-08 22:57:18.696 +0700] [PROCESS] [cadence.virtuoso.ade.simulationMonitor] - spectre completes with 0 errors, 0 warnings, and 4 notices. {"history": "ExplorerRun.0", "point": 1, "testname": "my_lib_cs_amp_1", "cornername": "Nominal"}
[2026-04-08 22:57:18.696 +0700] [PROCESS] [cadence.virtuoso.ade.simulationMonitor] - Simulator exited {"hostname": "dtvt_13", "processid": 20115, "history": "ExplorerRun.0", "testname": "my_lib_cs_amp_1", "cornername": "Nominal", "point": 1, "logfile": "/home/dtvt_13/truong/logs_dtvt_13/logs0/Job32.log", "exitStatus": "0"}
[2026-04-08 22:57:18.696 +0700] [PROCESS] [cadence.virtuoso.ade.simulationMonitor] - Finished Simulation {"hostname": "dtvt_13", "processid": 20115, "history": "ExplorerRun.0", "testname": "my_lib_cs_amp_1", "cornername": "Nominal", "point": 1, "logfile": "/home/dtvt_13/truong/logs_dtvt_13/logs0/Job32.log", "simid": "4"}
[2026-04-08 22:57:19.209 +0700] [PROCESS] [cadence.virtuoso.ade.simulationMonitor] - Point Finished {"hostname": "dtvt_13", "processid": 20115, "history": "ExplorerRun.0", "testname": "my_lib_cs_amp_1", "cornername": "Nominal", "point": 1, "logfile": "/home/dtvt_13/truong/logs_dtvt_13/logs0/Job32.log"}
[2026-04-08 22:57:45.921 +0700] [INFO] [cadence.virtuoso.ade.simulationMonitor] - SimulationMonitor has terminated the vds process '22631', reason: 'Force to stop the expression evalutor process because of new run' {"history": "ExplorerRun.0", "point": 1, "testname": "my_lib_cs_amp_1", "cornername": "Nominal"}
[2026-04-08 22:57:45.921 +0700] [PROCESS] [cadence.virtuoso.ade.simulationMonitor] - HostInfo:
Host name (type):	dtvt_13 (x86_64)
Operating system:	Linux 3.10.0-1160.118.1.el7.x86_64 #1 SMP Wed Apr 24 16:01:50 UTC 2024 {"hostname": "dtvt_13", "processid": 20115, "history": "ExplorerRun.0", "testname": "my_lib_cs_amp_1", "cornername": "Nominal", "point": 1, "logfile": "/home/dtvt_13/truong/logs_dtvt_13/logs0/Job32.log", "nodename": "dtvt_13", "domainname": "(none)", "machine": "x86_64", "sysname": "Linux", "release": "3.10.0-1160.118.1.el7.x86_64", "version": "#1 SMP Wed Apr 24 16:01:50 UTC 2024"}
[2026-04-08 22:57:45.921 +0700] [PROCESS] [cadence.virtuoso.ade.simulationMonitor] - UsageInfo:
pid=20115
totalPhysicalMemory=15.208324GB,Used=13.729401GB,totalVirtualMemory=22.895821GB,Used=13.762604GB
Cpu: Cores=24, Load average:0.210000,0.270000,0.280000 {"hostname": "dtvt_13", "processid": 20115, "history": "ExplorerRun.0", "testname": "my_lib_cs_amp_1", "cornername": "Nominal", "point": 1, "logfile": "/home/dtvt_13/truong/logs_dtvt_13/logs0/Job32.log", "pid": "20115", "totalPhysicalMemory": "15.208324", "physicalMemoryUsed": "13.729401", "totalVirtualMemory": "22.895821", "virtualMemoryUsed": "13.762604", "cpuCores": "24", "processes": "2528", "loadAverage1": "0.210000", "loadAverage5": "0.270000", "loadAverage15": "0.280000", "loadAverage1Percent": "0.008750"}
[2026-04-08 22:57:45.921 +0700] [EVENT] [cadence.virtuoso.ade.simulationMonitor] - NewPoint {"history": "ExplorerRun.0", "point": 1, "testname": "my_lib_cs_amp_1", "cornername": "Nominal", "event": "NewPoint", "EventSource": "Simulation Monitor", "HistoryName": "ExplorerRun.0", "logFile": "/home/dtvt_13/truong/logs_dtvt_13/logs0/Job32.log", "logFileSize": "37177"}
[2026-04-08 22:57:46.022 +0700] [EVENT] [cadence.virtuoso.ade.simulationMonitor] - NewPoint {"history": "ExplorerRun.0", "point": 1, "testname": "my_lib_cs_amp_1", "cornername": "Nominal", "event": "NewPoint", "EventSource": "spectre", "HistoryName": "ExplorerRun.0", "logFile": "/home/dtvt_13/simulation/my_lib/cs_amp/maestro/results/maestro/ExplorerRun.0/1/my_lib_cs_amp_1/psf/spectre.out", "logFileSize": "-1"}
[2026-04-08 22:57:46.025 +0700] [PROCESS] [cadence.virtuoso.ade.simulationMonitor] - Simulator launched {"hostname": "dtvt_13", "processid": 20115, "history": "ExplorerRun.0", "testname": "my_lib_cs_amp_1", "cornername": "Nominal", "point": 1, "logfile": "/home/dtvt_13/truong/logs_dtvt_13/logs0/Job32.log", "simid": "5"}
[2026-04-08 22:57:46.029 +0700] [PROCESS] [cadence.virtuoso.ade.simulationMonitor] - Expression evaluator launched {"hostname": "dtvt_13", "processid": 20115, "history": "ExplorerRun.0", "testname": "my_lib_cs_amp_1", "cornername": "Nominal", "point": 1, "logfile": "/home/dtvt_13/truong/logs_dtvt_13/logs0/Job32.log"}
[2026-04-08 22:57:46.033 +0700] [PROCESS] [cadence.virtuoso.ade.simulationMonitor] - Started Simulation {"hostname": "dtvt_13", "processid": 20115, "history": "ExplorerRun.0", "testname": "my_lib_cs_amp_1", "cornername": "Nominal", "point": 1, "logfile": "/home/dtvt_13/truong/logs_dtvt_13/logs0/Job32.log"}
[2026-04-08 22:58:07.435 +0700] [INFO] [cadence.virtuoso.ade.simulationMonitor] - Peak resident memory used = 95.5 Mbytes. {"history": "ExplorerRun.0", "point": 1, "testname": "my_lib_cs_amp_1", "cornername": "Nominal"}
[2026-04-08 22:58:07.436 +0700] [INFO] [cadence.virtuoso.ade.simulationMonitor] - Peak resident memory used = 104 Mbytes. {"history": "ExplorerRun.0", "point": 1, "testname": "my_lib_cs_amp_1", "cornername": "Nominal"}
[2026-04-08 22:58:07.436 +0700] [INFO] [cadence.virtuoso.ade.simulationMonitor] - Notice from spectre during hierarchy flattening.
    The value 'psf' specified for the 'checklimitdest' option will no longer be supported in future releases. Use 'spectre -h' to see other recommended values for the 'checklimitdest' option. {"history": "ExplorerRun.0", "point": 1, "testname": "my_lib_cs_amp_1", "cornername": "Nominal"}
[2026-04-08 22:58:07.437 +0700] [INFO] [cadence.virtuoso.ade.simulationMonitor] - Peak resident memory used = 105 Mbytes. {"history": "ExplorerRun.0", "point": 1, "testname": "my_lib_cs_amp_1", "cornername": "Nominal"}
[2026-04-08 22:58:07.437 +0700] [INFO] [cadence.virtuoso.ade.simulationMonitor] - Notice from spectre during initial setup.
    Multithreading is disabled due to the size of the design being too small. {"history": "ExplorerRun.0", "point": 1, "testname": "my_lib_cs_amp_1", "cornername": "Nominal"}
[2026-04-08 22:58:07.438 +0700] [INFO] [cadence.virtuoso.ade.simulationMonitor] -               nodes 4 {"history": "ExplorerRun.0", "point": 1, "testname": "my_lib_cs_amp_1", "cornername": "Nominal"}
[2026-04-08 22:58:07.438 +0700] [INFO] [cadence.virtuoso.ade.simulationMonitor] - Notice from spectre during initial setup.
    APS enabled. {"history": "ExplorerRun.0", "point": 1, "testname": "my_lib_cs_amp_1", "cornername": "Nominal"}
[2026-04-08 22:58:07.439 +0700] [INFO] [cadence.virtuoso.ade.simulationMonitor] - Peak resident memory used = 106 Mbytes. {"history": "ExplorerRun.0", "point": 1, "testname": "my_lib_cs_amp_1", "cornername": "Nominal"}
[2026-04-08 22:58:07.439 +0700] [INFO] [cadence.virtuoso.ade.simulationMonitor] -    -   (APS) Multi-threading. The recommended number of threads is 1, consider adding +mt=1 on command line. {"history": "ExplorerRun.0", "point": 1, "testname": "my_lib_cs_amp_1", "cornername": "Nominal"}
[2026-04-08 22:58:07.439 +0700] [INFO] [cadence.virtuoso.ade.simulationMonitor] - Total time required for dc analysis `dcOp': CPU = 1.863 ms, elapsed = 2.89512 ms. {"history": "ExplorerRun.0", "point": 1, "testname": "my_lib_cs_amp_1", "cornername": "Nominal"}
[2026-04-08 22:58:07.439 +0700] [INFO] [cadence.virtuoso.ade.simulationMonitor] - Peak resident memory used = 108 Mbytes. {"history": "ExplorerRun.0", "point": 1, "testname": "my_lib_cs_amp_1", "cornername": "Nominal"}
[2026-04-08 22:58:07.940 +0700] [PROCESS] [cadence.virtuoso.ade.simulationMonitor] - Finished simulating for one point {"hostname": "dtvt_13", "processid": 20115, "history": "ExplorerRun.0", "testname": "my_lib_cs_amp_1", "cornername": "Nominal", "point": 1, "logfile": "/home/dtvt_13/truong/logs_dtvt_13/logs0/Job32.log", "simid": "5"}
[2026-04-08 22:58:07.940 +0700] [INFO] [cadence.virtuoso.ade.simulationMonitor] - Time used: CPU = 533 ms, elapsed = 20.9 s, util. = 2.54%. {"history": "ExplorerRun.0", "point": 1, "testname": "my_lib_cs_amp_1", "cornername": "Nominal"}
[2026-04-08 22:58:07.941 +0700] [INFO] [cadence.virtuoso.ade.simulationMonitor] - Time spent in licensing: elapsed = 20.4 s, percentage of total = 97.3%. {"history": "ExplorerRun.0", "point": 1, "testname": "my_lib_cs_amp_1", "cornername": "Nominal"}
[2026-04-08 22:58:07.941 +0700] [INFO] [cadence.virtuoso.ade.simulationMonitor] - Peak memory used = 110 Mbytes. {"history": "ExplorerRun.0", "point": 1, "testname": "my_lib_cs_amp_1", "cornername": "Nominal"}
[2026-04-08 22:58:07.941 +0700] [PROCESS] [cadence.virtuoso.ade.simulationMonitor] - Simulation started at: 10:57:46 PM, Wed Apr 8, 2026, ended at: 10:58:07 PM, Wed Apr 8, 2026, with elapsed time (wall clock): 20.9 s. {"history": "ExplorerRun.0", "point": 1, "testname": "my_lib_cs_amp_1", "cornername": "Nominal"}
[2026-04-08 22:58:07.942 +0700] [PROCESS] [cadence.virtuoso.ade.simulationMonitor] - spectre completes with 0 errors, 0 warnings, and 4 notices. {"history": "ExplorerRun.0", "point": 1, "testname": "my_lib_cs_amp_1", "cornername": "Nominal"}
[2026-04-08 22:58:07.942 +0700] [PROCESS] [cadence.virtuoso.ade.simulationMonitor] - Simulator exited {"hostname": "dtvt_13", "processid": 20115, "history": "ExplorerRun.0", "testname": "my_lib_cs_amp_1", "cornername": "Nominal", "point": 1, "logfile": "/home/dtvt_13/truong/logs_dtvt_13/logs0/Job32.log", "exitStatus": "0"}
[2026-04-08 22:58:07.942 +0700] [PROCESS] [cadence.virtuoso.ade.simulationMonitor] - Finished Simulation {"hostname": "dtvt_13", "processid": 20115, "history": "ExplorerRun.0", "testname": "my_lib_cs_amp_1", "cornername": "Nominal", "point": 1, "logfile": "/home/dtvt_13/truong/logs_dtvt_13/logs0/Job32.log", "simid": "5"}
[2026-04-08 22:58:08.956 +0700] [PROCESS] [cadence.virtuoso.ade.simulationMonitor] - Point Finished {"hostname": "dtvt_13", "processid": 20115, "history": "ExplorerRun.0", "testname": "my_lib_cs_amp_1", "cornername": "Nominal", "point": 1, "logfile": "/home/dtvt_13/truong/logs_dtvt_13/logs0/Job32.log"}
[2026-04-08 22:59:42.574 +0700] [INFO] [cadence.virtuoso.ade.simulationMonitor] - SimulationMonitor has terminated the vds process '23260', reason: 'Force to stop the expression evalutor process because of new run' {"history": "ExplorerRun.0", "point": 1, "testname": "my_lib_cs_amp_1", "cornername": "Nominal"}
[2026-04-08 22:59:42.575 +0700] [PROCESS] [cadence.virtuoso.ade.simulationMonitor] - HostInfo:
Host name (type):	dtvt_13 (x86_64)
Operating system:	Linux 3.10.0-1160.118.1.el7.x86_64 #1 SMP Wed Apr 24 16:01:50 UTC 2024 {"hostname": "dtvt_13", "processid": 20115, "history": "ExplorerRun.0", "testname": "my_lib_cs_amp_1", "cornername": "Nominal", "point": 1, "logfile": "/home/dtvt_13/truong/logs_dtvt_13/logs0/Job32.log", "nodename": "dtvt_13", "domainname": "(none)", "machine": "x86_64", "sysname": "Linux", "release": "3.10.0-1160.118.1.el7.x86_64", "version": "#1 SMP Wed Apr 24 16:01:50 UTC 2024"}
[2026-04-08 22:59:42.575 +0700] [PROCESS] [cadence.virtuoso.ade.simulationMonitor] - UsageInfo:
pid=20115
totalPhysicalMemory=15.208324GB,Used=13.735123GB,totalVirtualMemory=22.895821GB,Used=13.768326GB
Cpu: Cores=24, Load average:0.200000,0.270000,0.280000 {"hostname": "dtvt_13", "processid": 20115, "history": "ExplorerRun.0", "testname": "my_lib_cs_amp_1", "cornername": "Nominal", "point": 1, "logfile": "/home/dtvt_13/truong/logs_dtvt_13/logs0/Job32.log", "pid": "20115", "totalPhysicalMemory": "15.208324", "physicalMemoryUsed": "13.735123", "totalVirtualMemory": "22.895821", "virtualMemoryUsed": "13.768326", "cpuCores": "24", "processes": "2527", "loadAverage1": "0.200000", "loadAverage5": "0.270000", "loadAverage15": "0.280000", "loadAverage1Percent": "0.008333"}
[2026-04-08 22:59:42.575 +0700] [EVENT] [cadence.virtuoso.ade.simulationMonitor] - NewPoint {"history": "ExplorerRun.0", "point": 1, "testname": "my_lib_cs_amp_1", "cornername": "Nominal", "event": "NewPoint", "EventSource": "Simulation Monitor", "HistoryName": "ExplorerRun.0", "logFile": "/home/dtvt_13/truong/logs_dtvt_13/logs0/Job32.log", "logFileSize": "45947"}
[2026-04-08 22:59:42.676 +0700] [EVENT] [cadence.virtuoso.ade.simulationMonitor] - NewPoint {"history": "ExplorerRun.0", "point": 1, "testname": "my_lib_cs_amp_1", "cornername": "Nominal", "event": "NewPoint", "EventSource": "spectre", "HistoryName": "ExplorerRun.0", "logFile": "/home/dtvt_13/simulation/my_lib/cs_amp/maestro/results/maestro/ExplorerRun.0/1/my_lib_cs_amp_1/psf/spectre.out", "logFileSize": "-1"}
[2026-04-08 22:59:42.679 +0700] [PROCESS] [cadence.virtuoso.ade.simulationMonitor] - Simulator launched {"hostname": "dtvt_13", "processid": 20115, "history": "ExplorerRun.0", "testname": "my_lib_cs_amp_1", "cornername": "Nominal", "point": 1, "logfile": "/home/dtvt_13/truong/logs_dtvt_13/logs0/Job32.log", "simid": "6"}
[2026-04-08 22:59:42.685 +0700] [PROCESS] [cadence.virtuoso.ade.simulationMonitor] - Expression evaluator launched {"hostname": "dtvt_13", "processid": 20115, "history": "ExplorerRun.0", "testname": "my_lib_cs_amp_1", "cornername": "Nominal", "point": 1, "logfile": "/home/dtvt_13/truong/logs_dtvt_13/logs0/Job32.log"}
[2026-04-08 22:59:42.689 +0700] [PROCESS] [cadence.virtuoso.ade.simulationMonitor] - Started Simulation {"hostname": "dtvt_13", "processid": 20115, "history": "ExplorerRun.0", "testname": "my_lib_cs_amp_1", "cornername": "Nominal", "point": 1, "logfile": "/home/dtvt_13/truong/logs_dtvt_13/logs0/Job32.log"}
[2026-04-08 23:00:04.586 +0700] [PROCESS] [cadence.virtuoso.ade.simulationMonitor] - Finished simulating for one point {"hostname": "dtvt_13", "processid": 20115, "history": "ExplorerRun.0", "testname": "my_lib_cs_amp_1", "cornername": "Nominal", "point": 1, "logfile": "/home/dtvt_13/truong/logs_dtvt_13/logs0/Job32.log", "simid": "6"}
[2026-04-08 23:00:04.587 +0700] [INFO] [cadence.virtuoso.ade.simulationMonitor] - Peak resident memory used = 95.5 Mbytes. {"history": "ExplorerRun.0", "point": 1, "testname": "my_lib_cs_amp_1", "cornername": "Nominal"}
[2026-04-08 23:00:04.587 +0700] [INFO] [cadence.virtuoso.ade.simulationMonitor] - Peak resident memory used = 104 Mbytes. {"history": "ExplorerRun.0", "point": 1, "testname": "my_lib_cs_amp_1", "cornername": "Nominal"}
[2026-04-08 23:00:04.587 +0700] [INFO] [cadence.virtuoso.ade.simulationMonitor] - Notice from spectre during hierarchy flattening.
    The value 'psf' specified for the 'checklimitdest' option will no longer be supported in future releases. Use 'spectre -h' to see other recommended values for the 'checklimitdest' option. {"history": "ExplorerRun.0", "point": 1, "testname": "my_lib_cs_amp_1", "cornername": "Nominal"}
[2026-04-08 23:00:04.587 +0700] [INFO] [cadence.virtuoso.ade.simulationMonitor] - Peak resident memory used = 105 Mbytes. {"history": "ExplorerRun.0", "point": 1, "testname": "my_lib_cs_amp_1", "cornername": "Nominal"}
[2026-04-08 23:00:04.587 +0700] [INFO] [cadence.virtuoso.ade.simulationMonitor] - Notice from spectre during initial setup.
    Multithreading is disabled due to the size of the design being too small. {"history": "ExplorerRun.0", "point": 1, "testname": "my_lib_cs_amp_1", "cornername": "Nominal"}
[2026-04-08 23:00:04.588 +0700] [INFO] [cadence.virtuoso.ade.simulationMonitor] -               nodes 4 {"history": "ExplorerRun.0", "point": 1, "testname": "my_lib_cs_amp_1", "cornername": "Nominal"}
[2026-04-08 23:00:04.588 +0700] [INFO] [cadence.virtuoso.ade.simulationMonitor] - Notice from spectre during initial setup.
    APS enabled. {"history": "ExplorerRun.0", "point": 1, "testname": "my_lib_cs_amp_1", "cornername": "Nominal"}
[2026-04-08 23:00:04.588 +0700] [INFO] [cadence.virtuoso.ade.simulationMonitor] - Peak resident memory used = 106 Mbytes. {"history": "ExplorerRun.0", "point": 1, "testname": "my_lib_cs_amp_1", "cornername": "Nominal"}
[2026-04-08 23:00:04.588 +0700] [INFO] [cadence.virtuoso.ade.simulationMonitor] -    -   (APS) Multi-threading. The recommended number of threads is 1, consider adding +mt=1 on command line. {"history": "ExplorerRun.0", "point": 1, "testname": "my_lib_cs_amp_1", "cornername": "Nominal"}
[2026-04-08 23:00:04.588 +0700] [INFO] [cadence.virtuoso.ade.simulationMonitor] - Total time required for dc analysis `dcOp': CPU = 2.176 ms, elapsed = 3.15499 ms. {"history": "ExplorerRun.0", "point": 1, "testname": "my_lib_cs_amp_1", "cornername": "Nominal"}
[2026-04-08 23:00:04.588 +0700] [INFO] [cadence.virtuoso.ade.simulationMonitor] - Peak resident memory used = 108 Mbytes. {"history": "ExplorerRun.0", "point": 1, "testname": "my_lib_cs_amp_1", "cornername": "Nominal"}
[2026-04-08 23:00:04.588 +0700] [INFO] [cadence.virtuoso.ade.simulationMonitor] - Time used: CPU = 558 ms, elapsed = 21.3 s, util. = 2.62%. {"history": "ExplorerRun.0", "point": 1, "testname": "my_lib_cs_amp_1", "cornername": "Nominal"}
[2026-04-08 23:00:04.588 +0700] [INFO] [cadence.virtuoso.ade.simulationMonitor] - Time spent in licensing: elapsed = 20.7 s, percentage of total = 97.2%. {"history": "ExplorerRun.0", "point": 1, "testname": "my_lib_cs_amp_1", "cornername": "Nominal"}
[2026-04-08 23:00:04.588 +0700] [INFO] [cadence.virtuoso.ade.simulationMonitor] - Peak memory used = 110 Mbytes. {"history": "ExplorerRun.0", "point": 1, "testname": "my_lib_cs_amp_1", "cornername": "Nominal"}
[2026-04-08 23:00:04.588 +0700] [PROCESS] [cadence.virtuoso.ade.simulationMonitor] - Simulation started at: 10:59:43 PM, Wed Apr 8, 2026, ended at: 11:00:04 PM, Wed Apr 8, 2026, with elapsed time (wall clock): 21.3 s. {"history": "ExplorerRun.0", "point": 1, "testname": "my_lib_cs_amp_1", "cornername": "Nominal"}
[2026-04-08 23:00:04.589 +0700] [PROCESS] [cadence.virtuoso.ade.simulationMonitor] - spectre completes with 0 errors, 0 warnings, and 4 notices. {"history": "ExplorerRun.0", "point": 1, "testname": "my_lib_cs_amp_1", "cornername": "Nominal"}
[2026-04-08 23:00:04.589 +0700] [PROCESS] [cadence.virtuoso.ade.simulationMonitor] - Simulator exited {"hostname": "dtvt_13", "processid": 20115, "history": "ExplorerRun.0", "testname": "my_lib_cs_amp_1", "cornername": "Nominal", "point": 1, "logfile": "/home/dtvt_13/truong/logs_dtvt_13/logs0/Job32.log", "exitStatus": "0"}
[2026-04-08 23:00:04.589 +0700] [PROCESS] [cadence.virtuoso.ade.simulationMonitor] - Finished Simulation {"hostname": "dtvt_13", "processid": 20115, "history": "ExplorerRun.0", "testname": "my_lib_cs_amp_1", "cornername": "Nominal", "point": 1, "logfile": "/home/dtvt_13/truong/logs_dtvt_13/logs0/Job32.log", "simid": "6"}
[2026-04-08 23:00:05.598 +0700] [PROCESS] [cadence.virtuoso.ade.simulationMonitor] - Point Finished {"hostname": "dtvt_13", "processid": 20115, "history": "ExplorerRun.0", "testname": "my_lib_cs_amp_1", "cornername": "Nominal", "point": 1, "logfile": "/home/dtvt_13/truong/logs_dtvt_13/logs0/Job32.log"}
[2026-04-08 23:01:26.771 +0700] [INFO] [cadence.virtuoso.ade.simulationMonitor] - SimulationMonitor has terminated the vds process '24102', reason: 'Force to stop the expression evalutor process because of new run' {"history": "ExplorerRun.0", "point": 1, "testname": "my_lib_cs_amp_1", "cornername": "Nominal"}
[2026-04-08 23:01:26.771 +0700] [PROCESS] [cadence.virtuoso.ade.simulationMonitor] - HostInfo:
Host name (type):	dtvt_13 (x86_64)
Operating system:	Linux 3.10.0-1160.118.1.el7.x86_64 #1 SMP Wed Apr 24 16:01:50 UTC 2024 {"hostname": "dtvt_13", "processid": 20115, "history": "ExplorerRun.0", "testname": "my_lib_cs_amp_1", "cornername": "Nominal", "point": 1, "logfile": "/home/dtvt_13/truong/logs_dtvt_13/logs0/Job32.log", "nodename": "dtvt_13", "domainname": "(none)", "machine": "x86_64", "sysname": "Linux", "release": "3.10.0-1160.118.1.el7.x86_64", "version": "#1 SMP Wed Apr 24 16:01:50 UTC 2024"}
[2026-04-08 23:01:26.771 +0700] [PROCESS] [cadence.virtuoso.ade.simulationMonitor] - UsageInfo:
pid=20115
totalPhysicalMemory=15.208324GB,Used=13.740685GB,totalVirtualMemory=22.895821GB,Used=13.773888GB
Cpu: Cores=24, Load average:0.310000,0.270000,0.280000 {"hostname": "dtvt_13", "processid": 20115, "history": "ExplorerRun.0", "testname": "my_lib_cs_amp_1", "cornername": "Nominal", "point": 1, "logfile": "/home/dtvt_13/truong/logs_dtvt_13/logs0/Job32.log", "pid": "20115", "totalPhysicalMemory": "15.208324", "physicalMemoryUsed": "13.740685", "totalVirtualMemory": "22.895821", "virtualMemoryUsed": "13.773888", "cpuCores": "24", "processes": "2526", "loadAverage1": "0.310000", "loadAverage5": "0.270000", "loadAverage15": "0.280000", "loadAverage1Percent": "0.012917"}
[2026-04-08 23:01:26.772 +0700] [EVENT] [cadence.virtuoso.ade.simulationMonitor] - NewPoint {"history": "ExplorerRun.0", "point": 1, "testname": "my_lib_cs_amp_1", "cornername": "Nominal", "event": "NewPoint", "EventSource": "Simulation Monitor", "HistoryName": "ExplorerRun.0", "logFile": "/home/dtvt_13/truong/logs_dtvt_13/logs0/Job32.log", "logFileSize": "54717"}
[2026-04-08 23:01:26.873 +0700] [EVENT] [cadence.virtuoso.ade.simulationMonitor] - NewPoint {"history": "ExplorerRun.0", "point": 1, "testname": "my_lib_cs_amp_1", "cornername": "Nominal", "event": "NewPoint", "EventSource": "spectre", "HistoryName": "ExplorerRun.0", "logFile": "/home/dtvt_13/simulation/my_lib/cs_amp/maestro/results/maestro/ExplorerRun.0/1/my_lib_cs_amp_1/psf/spectre.out", "logFileSize": "-1"}
[2026-04-08 23:01:26.881 +0700] [PROCESS] [cadence.virtuoso.ade.simulationMonitor] - Simulator launched {"hostname": "dtvt_13", "processid": 20115, "history": "ExplorerRun.0", "testname": "my_lib_cs_amp_1", "cornername": "Nominal", "point": 1, "logfile": "/home/dtvt_13/truong/logs_dtvt_13/logs0/Job32.log", "simid": "7"}
[2026-04-08 23:01:26.887 +0700] [PROCESS] [cadence.virtuoso.ade.simulationMonitor] - Expression evaluator launched {"hostname": "dtvt_13", "processid": 20115, "history": "ExplorerRun.0", "testname": "my_lib_cs_amp_1", "cornername": "Nominal", "point": 1, "logfile": "/home/dtvt_13/truong/logs_dtvt_13/logs0/Job32.log"}
[2026-04-08 23:01:26.899 +0700] [PROCESS] [cadence.virtuoso.ade.simulationMonitor] - Started Simulation {"hostname": "dtvt_13", "processid": 20115, "history": "ExplorerRun.0", "testname": "my_lib_cs_amp_1", "cornername": "Nominal", "point": 1, "logfile": "/home/dtvt_13/truong/logs_dtvt_13/logs0/Job32.log"}
[2026-04-08 23:01:48.804 +0700] [PROCESS] [cadence.virtuoso.ade.simulationMonitor] - Finished simulating for one point {"hostname": "dtvt_13", "processid": 20115, "history": "ExplorerRun.0", "testname": "my_lib_cs_amp_1", "cornername": "Nominal", "point": 1, "logfile": "/home/dtvt_13/truong/logs_dtvt_13/logs0/Job32.log", "simid": "7"}
[2026-04-08 23:01:48.805 +0700] [INFO] [cadence.virtuoso.ade.simulationMonitor] - Peak resident memory used = 95.5 Mbytes. {"history": "ExplorerRun.0", "point": 1, "testname": "my_lib_cs_amp_1", "cornername": "Nominal"}
[2026-04-08 23:01:48.805 +0700] [INFO] [cadence.virtuoso.ade.simulationMonitor] - Peak resident memory used = 104 Mbytes. {"history": "ExplorerRun.0", "point": 1, "testname": "my_lib_cs_amp_1", "cornername": "Nominal"}
[2026-04-08 23:01:48.805 +0700] [INFO] [cadence.virtuoso.ade.simulationMonitor] - Notice from spectre during hierarchy flattening.
    The value 'psf' specified for the 'checklimitdest' option will no longer be supported in future releases. Use 'spectre -h' to see other recommended values for the 'checklimitdest' option. {"history": "ExplorerRun.0", "point": 1, "testname": "my_lib_cs_amp_1", "cornername": "Nominal"}
[2026-04-08 23:01:48.806 +0700] [INFO] [cadence.virtuoso.ade.simulationMonitor] - Peak resident memory used = 105 Mbytes. {"history": "ExplorerRun.0", "point": 1, "testname": "my_lib_cs_amp_1", "cornername": "Nominal"}
[2026-04-08 23:01:48.806 +0700] [INFO] [cadence.virtuoso.ade.simulationMonitor] - Notice from spectre during initial setup.
    Multithreading is disabled due to the size of the design being too small. {"history": "ExplorerRun.0", "point": 1, "testname": "my_lib_cs_amp_1", "cornername": "Nominal"}
[2026-04-08 23:01:48.806 +0700] [INFO] [cadence.virtuoso.ade.simulationMonitor] -               nodes 4 {"history": "ExplorerRun.0", "point": 1, "testname": "my_lib_cs_amp_1", "cornername": "Nominal"}
[2026-04-08 23:01:48.807 +0700] [INFO] [cadence.virtuoso.ade.simulationMonitor] - Notice from spectre during initial setup.
    APS enabled. {"history": "ExplorerRun.0", "point": 1, "testname": "my_lib_cs_amp_1", "cornername": "Nominal"}
[2026-04-08 23:01:48.807 +0700] [INFO] [cadence.virtuoso.ade.simulationMonitor] - Peak resident memory used = 106 Mbytes. {"history": "ExplorerRun.0", "point": 1, "testname": "my_lib_cs_amp_1", "cornername": "Nominal"}
[2026-04-08 23:01:48.807 +0700] [INFO] [cadence.virtuoso.ade.simulationMonitor] -    -   (APS) Multi-threading. The recommended number of threads is 1, consider adding +mt=1 on command line. {"history": "ExplorerRun.0", "point": 1, "testname": "my_lib_cs_amp_1", "cornername": "Nominal"}
[2026-04-08 23:01:48.807 +0700] [INFO] [cadence.virtuoso.ade.simulationMonitor] - Total time required for dc analysis `dcOp': CPU = 1.537 ms, elapsed = 2.52891 ms. {"history": "ExplorerRun.0", "point": 1, "testname": "my_lib_cs_amp_1", "cornername": "Nominal"}
[2026-04-08 23:01:48.807 +0700] [INFO] [cadence.virtuoso.ade.simulationMonitor] - Peak resident memory used = 108 Mbytes. {"history": "ExplorerRun.0", "point": 1, "testname": "my_lib_cs_amp_1", "cornername": "Nominal"}
[2026-04-08 23:01:48.807 +0700] [INFO] [cadence.virtuoso.ade.simulationMonitor] - Time used: CPU = 553 ms, elapsed = 21.1 s, util. = 2.62%. {"history": "ExplorerRun.0", "point": 1, "testname": "my_lib_cs_amp_1", "cornername": "Nominal"}
[2026-04-08 23:01:48.808 +0700] [INFO] [cadence.virtuoso.ade.simulationMonitor] - Time spent in licensing: elapsed = 20.5 s, percentage of total = 97.2%. {"history": "ExplorerRun.0", "point": 1, "testname": "my_lib_cs_amp_1", "cornername": "Nominal"}
[2026-04-08 23:01:48.808 +0700] [INFO] [cadence.virtuoso.ade.simulationMonitor] - Peak memory used = 110 Mbytes. {"history": "ExplorerRun.0", "point": 1, "testname": "my_lib_cs_amp_1", "cornername": "Nominal"}
[2026-04-08 23:01:48.808 +0700] [PROCESS] [cadence.virtuoso.ade.simulationMonitor] - Simulation started at: 11:01:27 PM, Wed Apr 8, 2026, ended at: 11:01:48 PM, Wed Apr 8, 2026, with elapsed time (wall clock): 21.1 s. {"history": "ExplorerRun.0", "point": 1, "testname": "my_lib_cs_amp_1", "cornername": "Nominal"}
[2026-04-08 23:01:48.808 +0700] [PROCESS] [cadence.virtuoso.ade.simulationMonitor] - spectre completes with 0 errors, 0 warnings, and 4 notices. {"history": "ExplorerRun.0", "point": 1, "testname": "my_lib_cs_amp_1", "cornername": "Nominal"}
[2026-04-08 23:01:48.808 +0700] [PROCESS] [cadence.virtuoso.ade.simulationMonitor] - Simulator exited {"hostname": "dtvt_13", "processid": 20115, "history": "ExplorerRun.0", "testname": "my_lib_cs_amp_1", "cornername": "Nominal", "point": 1, "logfile": "/home/dtvt_13/truong/logs_dtvt_13/logs0/Job32.log", "exitStatus": "0"}
[2026-04-08 23:01:48.808 +0700] [PROCESS] [cadence.virtuoso.ade.simulationMonitor] - Finished Simulation {"hostname": "dtvt_13", "processid": 20115, "history": "ExplorerRun.0", "testname": "my_lib_cs_amp_1", "cornername": "Nominal", "point": 1, "logfile": "/home/dtvt_13/truong/logs_dtvt_13/logs0/Job32.log", "simid": "7"}
[2026-04-08 23:01:49.321 +0700] [PROCESS] [cadence.virtuoso.ade.simulationMonitor] - Point Finished {"hostname": "dtvt_13", "processid": 20115, "history": "ExplorerRun.0", "testname": "my_lib_cs_amp_1", "cornername": "Nominal", "point": 1, "logfile": "/home/dtvt_13/truong/logs_dtvt_13/logs0/Job32.log"}
[2026-04-08 23:04:36.793 +0700] [INFO] [cadence.virtuoso.ade.simulationMonitor] - SimulationMonitor has terminated the vds process '25043', reason: 'Force to stop the expression evalutor process because of new run' {"history": "ExplorerRun.0", "point": 1, "testname": "my_lib_cs_amp_1", "cornername": "Nominal"}
[2026-04-08 23:04:36.794 +0700] [PROCESS] [cadence.virtuoso.ade.simulationMonitor] - HostInfo:
Host name (type):	dtvt_13 (x86_64)
Operating system:	Linux 3.10.0-1160.118.1.el7.x86_64 #1 SMP Wed Apr 24 16:01:50 UTC 2024 {"hostname": "dtvt_13", "processid": 20115, "history": "ExplorerRun.0", "testname": "my_lib_cs_amp_1", "cornername": "Nominal", "point": 1, "logfile": "/home/dtvt_13/truong/logs_dtvt_13/logs0/Job32.log", "nodename": "dtvt_13", "domainname": "(none)", "machine": "x86_64", "sysname": "Linux", "release": "3.10.0-1160.118.1.el7.x86_64", "version": "#1 SMP Wed Apr 24 16:01:50 UTC 2024"}
[2026-04-08 23:04:36.794 +0700] [PROCESS] [cadence.virtuoso.ade.simulationMonitor] - UsageInfo:
pid=20115
totalPhysicalMemory=15.208324GB,Used=13.691887GB,totalVirtualMemory=22.895821GB,Used=13.725090GB
Cpu: Cores=24, Load average:0.150000,0.200000,0.250000 {"hostname": "dtvt_13", "processid": 20115, "history": "ExplorerRun.0", "testname": "my_lib_cs_amp_1", "cornername": "Nominal", "point": 1, "logfile": "/home/dtvt_13/truong/logs_dtvt_13/logs0/Job32.log", "pid": "20115", "totalPhysicalMemory": "15.208324", "physicalMemoryUsed": "13.691887", "totalVirtualMemory": "22.895821", "virtualMemoryUsed": "13.725090", "cpuCores": "24", "processes": "2532", "loadAverage1": "0.150000", "loadAverage5": "0.200000", "loadAverage15": "0.250000", "loadAverage1Percent": "0.006250"}
[2026-04-08 23:04:36.794 +0700] [EVENT] [cadence.virtuoso.ade.simulationMonitor] - NewPoint {"history": "ExplorerRun.0", "point": 1, "testname": "my_lib_cs_amp_1", "cornername": "Nominal", "event": "NewPoint", "EventSource": "Simulation Monitor", "HistoryName": "ExplorerRun.0", "logFile": "/home/dtvt_13/truong/logs_dtvt_13/logs0/Job32.log", "logFileSize": "63487"}
[2026-04-08 23:04:36.895 +0700] [EVENT] [cadence.virtuoso.ade.simulationMonitor] - NewPoint {"history": "ExplorerRun.0", "point": 1, "testname": "my_lib_cs_amp_1", "cornername": "Nominal", "event": "NewPoint", "EventSource": "spectre", "HistoryName": "ExplorerRun.0", "logFile": "/home/dtvt_13/simulation/my_lib/cs_amp/maestro/results/maestro/ExplorerRun.0/1/my_lib_cs_amp_1/psf/spectre.out", "logFileSize": "-1"}
[2026-04-08 23:04:36.904 +0700] [PROCESS] [cadence.virtuoso.ade.simulationMonitor] - Simulator launched {"hostname": "dtvt_13", "processid": 20115, "history": "ExplorerRun.0", "testname": "my_lib_cs_amp_1", "cornername": "Nominal", "point": 1, "logfile": "/home/dtvt_13/truong/logs_dtvt_13/logs0/Job32.log", "simid": "8"}
[2026-04-08 23:04:36.911 +0700] [PROCESS] [cadence.virtuoso.ade.simulationMonitor] - Expression evaluator launched {"hostname": "dtvt_13", "processid": 20115, "history": "ExplorerRun.0", "testname": "my_lib_cs_amp_1", "cornername": "Nominal", "point": 1, "logfile": "/home/dtvt_13/truong/logs_dtvt_13/logs0/Job32.log"}
[2026-04-08 23:04:36.923 +0700] [PROCESS] [cadence.virtuoso.ade.simulationMonitor] - Started Simulation {"hostname": "dtvt_13", "processid": 20115, "history": "ExplorerRun.0", "testname": "my_lib_cs_amp_1", "cornername": "Nominal", "point": 1, "logfile": "/home/dtvt_13/truong/logs_dtvt_13/logs0/Job32.log"}
[2026-04-08 23:04:58.719 +0700] [PROCESS] [cadence.virtuoso.ade.simulationMonitor] - Finished simulating for one point {"hostname": "dtvt_13", "processid": 20115, "history": "ExplorerRun.0", "testname": "my_lib_cs_amp_1", "cornername": "Nominal", "point": 1, "logfile": "/home/dtvt_13/truong/logs_dtvt_13/logs0/Job32.log", "simid": "8"}
[2026-04-08 23:04:58.720 +0700] [INFO] [cadence.virtuoso.ade.simulationMonitor] - Peak resident memory used = 97.4 Mbytes. {"history": "ExplorerRun.0", "point": 1, "testname": "my_lib_cs_amp_1", "cornername": "Nominal"}
[2026-04-08 23:04:58.720 +0700] [INFO] [cadence.virtuoso.ade.simulationMonitor] - Peak resident memory used = 106 Mbytes. {"history": "ExplorerRun.0", "point": 1, "testname": "my_lib_cs_amp_1", "cornername": "Nominal"}
[2026-04-08 23:04:58.721 +0700] [INFO] [cadence.virtuoso.ade.simulationMonitor] - Notice from spectre during hierarchy flattening.
    The value 'psf' specified for the 'checklimitdest' option will no longer be supported in future releases. Use 'spectre -h' to see other recommended values for the 'checklimitdest' option. {"history": "ExplorerRun.0", "point": 1, "testname": "my_lib_cs_amp_1", "cornername": "Nominal"}
[2026-04-08 23:04:58.721 +0700] [INFO] [cadence.virtuoso.ade.simulationMonitor] - Peak resident memory used = 107 Mbytes. {"history": "ExplorerRun.0", "point": 1, "testname": "my_lib_cs_amp_1", "cornername": "Nominal"}
[2026-04-08 23:04:58.721 +0700] [INFO] [cadence.virtuoso.ade.simulationMonitor] - Notice from spectre during initial setup.
    Multithreading is disabled due to the size of the design being too small. {"history": "ExplorerRun.0", "point": 1, "testname": "my_lib_cs_amp_1", "cornername": "Nominal"}
[2026-04-08 23:04:58.722 +0700] [INFO] [cadence.virtuoso.ade.simulationMonitor] -               nodes 4 {"history": "ExplorerRun.0", "point": 1, "testname": "my_lib_cs_amp_1", "cornername": "Nominal"}
[2026-04-08 23:04:58.722 +0700] [INFO] [cadence.virtuoso.ade.simulationMonitor] - Notice from spectre during initial setup.
    APS enabled. {"history": "ExplorerRun.0", "point": 1, "testname": "my_lib_cs_amp_1", "cornername": "Nominal"}
[2026-04-08 23:04:58.723 +0700] [INFO] [cadence.virtuoso.ade.simulationMonitor] - Peak resident memory used = 108 Mbytes. {"history": "ExplorerRun.0", "point": 1, "testname": "my_lib_cs_amp_1", "cornername": "Nominal"}
[2026-04-08 23:04:58.723 +0700] [INFO] [cadence.virtuoso.ade.simulationMonitor] -    -   (APS) Multi-threading. The recommended number of threads is 1, consider adding +mt=1 on command line. {"history": "ExplorerRun.0", "point": 1, "testname": "my_lib_cs_amp_1", "cornername": "Nominal"}
[2026-04-08 23:04:58.723 +0700] [INFO] [cadence.virtuoso.ade.simulationMonitor] - Total time required for dc analysis `dcOp': CPU = 1.923 ms, elapsed = 2.90394 ms. {"history": "ExplorerRun.0", "point": 1, "testname": "my_lib_cs_amp_1", "cornername": "Nominal"}
[2026-04-08 23:04:58.723 +0700] [INFO] [cadence.virtuoso.ade.simulationMonitor] - Peak resident memory used = 110 Mbytes. {"history": "ExplorerRun.0", "point": 1, "testname": "my_lib_cs_amp_1", "cornername": "Nominal"}
[2026-04-08 23:04:58.723 +0700] [INFO] [cadence.virtuoso.ade.simulationMonitor] - Time used: CPU = 576 ms, elapsed = 21.1 s, util. = 2.74%. {"history": "ExplorerRun.0", "point": 1, "testname": "my_lib_cs_amp_1", "cornername": "Nominal"}
[2026-04-08 23:04:58.724 +0700] [INFO] [cadence.virtuoso.ade.simulationMonitor] - Time spent in licensing: elapsed = 20.5 s, percentage of total = 97.3%. {"history": "ExplorerRun.0", "point": 1, "testname": "my_lib_cs_amp_1", "cornername": "Nominal"}
[2026-04-08 23:04:58.724 +0700] [INFO] [cadence.virtuoso.ade.simulationMonitor] - Peak memory used = 112 Mbytes. {"history": "ExplorerRun.0", "point": 1, "testname": "my_lib_cs_amp_1", "cornername": "Nominal"}
[2026-04-08 23:04:58.724 +0700] [PROCESS] [cadence.virtuoso.ade.simulationMonitor] - Simulation started at: 11:04:37 PM, Wed Apr 8, 2026, ended at: 11:04:58 PM, Wed Apr 8, 2026, with elapsed time (wall clock): 21.1 s. {"history": "ExplorerRun.0", "point": 1, "testname": "my_lib_cs_amp_1", "cornername": "Nominal"}
[2026-04-08 23:04:58.724 +0700] [PROCESS] [cadence.virtuoso.ade.simulationMonitor] - spectre completes with 0 errors, 0 warnings, and 4 notices. {"history": "ExplorerRun.0", "point": 1, "testname": "my_lib_cs_amp_1", "cornername": "Nominal"}
[2026-04-08 23:04:58.724 +0700] [PROCESS] [cadence.virtuoso.ade.simulationMonitor] - Simulator exited {"hostname": "dtvt_13", "processid": 20115, "history": "ExplorerRun.0", "testname": "my_lib_cs_amp_1", "cornername": "Nominal", "point": 1, "logfile": "/home/dtvt_13/truong/logs_dtvt_13/logs0/Job32.log", "exitStatus": "0"}
[2026-04-08 23:04:58.725 +0700] [PROCESS] [cadence.virtuoso.ade.simulationMonitor] - Finished Simulation {"hostname": "dtvt_13", "processid": 20115, "history": "ExplorerRun.0", "testname": "my_lib_cs_amp_1", "cornername": "Nominal", "point": 1, "logfile": "/home/dtvt_13/truong/logs_dtvt_13/logs0/Job32.log", "simid": "8"}
[2026-04-08 23:04:59.738 +0700] [PROCESS] [cadence.virtuoso.ade.simulationMonitor] - Point Finished {"hostname": "dtvt_13", "processid": 20115, "history": "ExplorerRun.0", "testname": "my_lib_cs_amp_1", "cornername": "Nominal", "point": 1, "logfile": "/home/dtvt_13/truong/logs_dtvt_13/logs0/Job32.log"}
[2026-04-08 23:05:56.557 +0700] [INFO] [cadence.virtuoso.ade.simulationMonitor] - SimulationMonitor has terminated the vds process '26110', reason: 'Force to stop the expression evalutor process because of new run' {"history": "ExplorerRun.0", "point": 1, "testname": "my_lib_cs_amp_1", "cornername": "Nominal"}
[2026-04-08 23:05:56.558 +0700] [PROCESS] [cadence.virtuoso.ade.simulationMonitor] - HostInfo:
Host name (type):	dtvt_13 (x86_64)
Operating system:	Linux 3.10.0-1160.118.1.el7.x86_64 #1 SMP Wed Apr 24 16:01:50 UTC 2024 {"hostname": "dtvt_13", "processid": 20115, "history": "ExplorerRun.0", "testname": "my_lib_cs_amp_1", "cornername": "Nominal", "point": 1, "logfile": "/home/dtvt_13/truong/logs_dtvt_13/logs0/Job32.log", "nodename": "dtvt_13", "domainname": "(none)", "machine": "x86_64", "sysname": "Linux", "release": "3.10.0-1160.118.1.el7.x86_64", "version": "#1 SMP Wed Apr 24 16:01:50 UTC 2024"}
[2026-04-08 23:05:56.558 +0700] [PROCESS] [cadence.virtuoso.ade.simulationMonitor] - UsageInfo:
pid=20115
totalPhysicalMemory=15.208324GB,Used=13.665955GB,totalVirtualMemory=22.895821GB,Used=13.699158GB
Cpu: Cores=24, Load average:0.070000,0.170000,0.230000 {"hostname": "dtvt_13", "processid": 20115, "history": "ExplorerRun.0", "testname": "my_lib_cs_amp_1", "cornername": "Nominal", "point": 1, "logfile": "/home/dtvt_13/truong/logs_dtvt_13/logs0/Job32.log", "pid": "20115", "totalPhysicalMemory": "15.208324", "physicalMemoryUsed": "13.665955", "totalVirtualMemory": "22.895821", "virtualMemoryUsed": "13.699158", "cpuCores": "24", "processes": "2530", "loadAverage1": "0.070000", "loadAverage5": "0.170000", "loadAverage15": "0.230000", "loadAverage1Percent": "0.002917"}
[2026-04-08 23:05:56.558 +0700] [EVENT] [cadence.virtuoso.ade.simulationMonitor] - NewPoint {"history": "ExplorerRun.0", "point": 1, "testname": "my_lib_cs_amp_1", "cornername": "Nominal", "event": "NewPoint", "EventSource": "Simulation Monitor", "HistoryName": "ExplorerRun.0", "logFile": "/home/dtvt_13/truong/logs_dtvt_13/logs0/Job32.log", "logFileSize": "72257"}
[2026-04-08 23:05:56.659 +0700] [EVENT] [cadence.virtuoso.ade.simulationMonitor] - NewPoint {"history": "ExplorerRun.0", "point": 1, "testname": "my_lib_cs_amp_1", "cornername": "Nominal", "event": "NewPoint", "EventSource": "spectre", "HistoryName": "ExplorerRun.0", "logFile": "/home/dtvt_13/simulation/my_lib/cs_amp/maestro/results/maestro/ExplorerRun.0/1/my_lib_cs_amp_1/psf/spectre.out", "logFileSize": "-1"}
[2026-04-08 23:05:56.663 +0700] [PROCESS] [cadence.virtuoso.ade.simulationMonitor] - Simulator launched {"hostname": "dtvt_13", "processid": 20115, "history": "ExplorerRun.0", "testname": "my_lib_cs_amp_1", "cornername": "Nominal", "point": 1, "logfile": "/home/dtvt_13/truong/logs_dtvt_13/logs0/Job32.log", "simid": "9"}
[2026-04-08 23:05:56.667 +0700] [PROCESS] [cadence.virtuoso.ade.simulationMonitor] - Expression evaluator launched {"hostname": "dtvt_13", "processid": 20115, "history": "ExplorerRun.0", "testname": "my_lib_cs_amp_1", "cornername": "Nominal", "point": 1, "logfile": "/home/dtvt_13/truong/logs_dtvt_13/logs0/Job32.log"}
[2026-04-08 23:05:56.671 +0700] [PROCESS] [cadence.virtuoso.ade.simulationMonitor] - Started Simulation {"hostname": "dtvt_13", "processid": 20115, "history": "ExplorerRun.0", "testname": "my_lib_cs_amp_1", "cornername": "Nominal", "point": 1, "logfile": "/home/dtvt_13/truong/logs_dtvt_13/logs0/Job32.log"}
[2026-04-08 23:06:18.488 +0700] [INFO] [cadence.virtuoso.ade.simulationMonitor] - Peak resident memory used = 95.5 Mbytes. {"history": "ExplorerRun.0", "point": 1, "testname": "my_lib_cs_amp_1", "cornername": "Nominal"}
[2026-04-08 23:06:18.489 +0700] [INFO] [cadence.virtuoso.ade.simulationMonitor] - Peak resident memory used = 104 Mbytes. {"history": "ExplorerRun.0", "point": 1, "testname": "my_lib_cs_amp_1", "cornername": "Nominal"}
[2026-04-08 23:06:18.489 +0700] [INFO] [cadence.virtuoso.ade.simulationMonitor] - Notice from spectre during hierarchy flattening.
    The value 'psf' specified for the 'checklimitdest' option will no longer be supported in future releases. Use 'spectre -h' to see other recommended values for the 'checklimitdest' option. {"history": "ExplorerRun.0", "point": 1, "testname": "my_lib_cs_amp_1", "cornername": "Nominal"}
[2026-04-08 23:06:18.489 +0700] [INFO] [cadence.virtuoso.ade.simulationMonitor] - Peak resident memory used = 105 Mbytes. {"history": "ExplorerRun.0", "point": 1, "testname": "my_lib_cs_amp_1", "cornername": "Nominal"}
[2026-04-08 23:06:18.490 +0700] [INFO] [cadence.virtuoso.ade.simulationMonitor] - Notice from spectre during initial setup.
    Multithreading is disabled due to the size of the design being too small. {"history": "ExplorerRun.0", "point": 1, "testname": "my_lib_cs_amp_1", "cornername": "Nominal"}
[2026-04-08 23:06:18.491 +0700] [INFO] [cadence.virtuoso.ade.simulationMonitor] -               nodes 4 {"history": "ExplorerRun.0", "point": 1, "testname": "my_lib_cs_amp_1", "cornername": "Nominal"}
[2026-04-08 23:06:18.491 +0700] [INFO] [cadence.virtuoso.ade.simulationMonitor] - Notice from spectre during initial setup.
    APS enabled. {"history": "ExplorerRun.0", "point": 1, "testname": "my_lib_cs_amp_1", "cornername": "Nominal"}
[2026-04-08 23:06:18.491 +0700] [INFO] [cadence.virtuoso.ade.simulationMonitor] - Peak resident memory used = 106 Mbytes. {"history": "ExplorerRun.0", "point": 1, "testname": "my_lib_cs_amp_1", "cornername": "Nominal"}
[2026-04-08 23:06:18.491 +0700] [INFO] [cadence.virtuoso.ade.simulationMonitor] -    -   (APS) Multi-threading. The recommended number of threads is 1, consider adding +mt=1 on command line. {"history": "ExplorerRun.0", "point": 1, "testname": "my_lib_cs_amp_1", "cornername": "Nominal"}
[2026-04-08 23:06:18.492 +0700] [INFO] [cadence.virtuoso.ade.simulationMonitor] - Total time required for dc analysis `dcOp': CPU = 1.842 ms, elapsed = 2.84481 ms. {"history": "ExplorerRun.0", "point": 1, "testname": "my_lib_cs_amp_1", "cornername": "Nominal"}
[2026-04-08 23:06:18.492 +0700] [INFO] [cadence.virtuoso.ade.simulationMonitor] - Peak resident memory used = 108 Mbytes. {"history": "ExplorerRun.0", "point": 1, "testname": "my_lib_cs_amp_1", "cornername": "Nominal"}
[2026-04-08 23:06:18.492 +0700] [INFO] [cadence.virtuoso.ade.simulationMonitor] - Time used: CPU = 554 ms, elapsed = 21.3 s, util. = 2.6%. {"history": "ExplorerRun.0", "point": 1, "testname": "my_lib_cs_amp_1", "cornername": "Nominal"}
[2026-04-08 23:06:18.492 +0700] [INFO] [cadence.virtuoso.ade.simulationMonitor] - Time spent in licensing: elapsed = 20.7 s, percentage of total = 97.4%. {"history": "ExplorerRun.0", "point": 1, "testname": "my_lib_cs_amp_1", "cornername": "Nominal"}
[2026-04-08 23:06:18.492 +0700] [INFO] [cadence.virtuoso.ade.simulationMonitor] - Peak memory used = 110 Mbytes. {"history": "ExplorerRun.0", "point": 1, "testname": "my_lib_cs_amp_1", "cornername": "Nominal"}
[2026-04-08 23:06:18.493 +0700] [PROCESS] [cadence.virtuoso.ade.simulationMonitor] - Simulation started at: 11:05:57 PM, Wed Apr 8, 2026, ended at: 11:06:18 PM, Wed Apr 8, 2026, with elapsed time (wall clock): 21.3 s. {"history": "ExplorerRun.0", "point": 1, "testname": "my_lib_cs_amp_1", "cornername": "Nominal"}
[2026-04-08 23:06:18.493 +0700] [PROCESS] [cadence.virtuoso.ade.simulationMonitor] - spectre completes with 0 errors, 0 warnings, and 4 notices. {"history": "ExplorerRun.0", "point": 1, "testname": "my_lib_cs_amp_1", "cornername": "Nominal"}
[2026-04-08 23:06:18.994 +0700] [PROCESS] [cadence.virtuoso.ade.simulationMonitor] - Finished simulating for one point {"hostname": "dtvt_13", "processid": 20115, "history": "ExplorerRun.0", "testname": "my_lib_cs_amp_1", "cornername": "Nominal", "point": 1, "logfile": "/home/dtvt_13/truong/logs_dtvt_13/logs0/Job32.log", "simid": "9"}
[2026-04-08 23:06:18.995 +0700] [PROCESS] [cadence.virtuoso.ade.simulationMonitor] - Simulator exited {"hostname": "dtvt_13", "processid": 20115, "history": "ExplorerRun.0", "testname": "my_lib_cs_amp_1", "cornername": "Nominal", "point": 1, "logfile": "/home/dtvt_13/truong/logs_dtvt_13/logs0/Job32.log", "exitStatus": "0"}
[2026-04-08 23:06:18.995 +0700] [PROCESS] [cadence.virtuoso.ade.simulationMonitor] - Finished Simulation {"hostname": "dtvt_13", "processid": 20115, "history": "ExplorerRun.0", "testname": "my_lib_cs_amp_1", "cornername": "Nominal", "point": 1, "logfile": "/home/dtvt_13/truong/logs_dtvt_13/logs0/Job32.log", "simid": "9"}
[2026-04-08 23:06:20.009 +0700] [PROCESS] [cadence.virtuoso.ade.simulationMonitor] - Point Finished {"hostname": "dtvt_13", "processid": 20115, "history": "ExplorerRun.0", "testname": "my_lib_cs_amp_1", "cornername": "Nominal", "point": 1, "logfile": "/home/dtvt_13/truong/logs_dtvt_13/logs0/Job32.log"}
[2026-04-08 23:11:20.505 +0700] [PROCESS] [cadence.virtuoso.ade.simulationMonitor] - Current memory used: 32.2500 MBytes, peak memory used: 32.2500 MBytes {"hostname": "dtvt_13", "processid": 20115, "history": "ExplorerRun.0", "testname": "my_lib_cs_amp_1", "cornername": "Nominal", "point": 1, "logfile": "/home/dtvt_13/truong/logs_dtvt_13/logs0/Job32.log"}
[2026-04-08 23:11:20.506 +0700] [PROCESS] [cadence.virtuoso.ade.simulationMonitor] - Simulation Monitor process exit. {"hostname": "dtvt_13", "processid": 20115, "history": "ExplorerRun.0", "testname": "my_lib_cs_amp_1", "cornername": "Nominal", "point": 1, "logfile": "/home/dtvt_13/truong/logs_dtvt_13/logs0/Job32.log"}
