[Simulation Monitor: 31]
[2026-04-08 22:43:08.821 +0700] [PROCESS] [cadence.virtuoso.ade.simulationMonitor] - Simulation Monitor has successfully started up. Trying to set up communication channels to other components ... {"hostname": "dtvt_13", "processid": 16766, "logfile": "/home/dtvt_13/truong/logs_dtvt_13/logs0/Job31.log"}
[2026-04-08 22:43:08.822 +0700] [PROCESS] [cadence.virtuoso.ade.simulationMonitor] - Communication channels have been successfully set up. Start processing events ... {"hostname": "dtvt_13", "processid": 16766, "logfile": "/home/dtvt_13/truong/logs_dtvt_13/logs0/Job31.log"}
[2026-04-08 22:43:08.822 +0700] [PROCESS] [cadence.virtuoso.ade.simulationMonitor] - Considering to start history {"hostname": "dtvt_13", "processid": 16766, "history": "ExplorerRun.0", "logfile": "/home/dtvt_13/truong/logs_dtvt_13/logs0/Job31.log"}
[2026-04-08 22:43:08.823 +0700] [PROCESS] [cadence.virtuoso.ade.simulationMonitor] - HostInfo:
Host name (type):	dtvt_13 (x86_64)
Operating system:	Linux 3.10.0-1160.118.1.el7.x86_64 #1 SMP Wed Apr 24 16:01:50 UTC 2024 {"hostname": "dtvt_13", "processid": 16766, "history": "ExplorerRun.0", "logfile": "/home/dtvt_13/truong/logs_dtvt_13/logs0/Job31.log", "nodename": "dtvt_13", "domainname": "(none)", "machine": "x86_64", "sysname": "Linux", "release": "3.10.0-1160.118.1.el7.x86_64", "version": "#1 SMP Wed Apr 24 16:01:50 UTC 2024"}
[2026-04-08 22:43:08.823 +0700] [PROCESS] [cadence.virtuoso.ade.simulationMonitor] - UsageInfo:
pid=16766
totalPhysicalMemory=15.208324GB,Used=13.785004GB,totalVirtualMemory=22.895821GB,Used=13.818207GB
Cpu: Cores=24, Load average:0.330000,0.330000,0.320000 {"hostname": "dtvt_13", "processid": 16766, "history": "ExplorerRun.0", "logfile": "/home/dtvt_13/truong/logs_dtvt_13/logs0/Job31.log", "pid": "16766", "totalPhysicalMemory": "15.208324", "physicalMemoryUsed": "13.785004", "totalVirtualMemory": "22.895821", "virtualMemoryUsed": "13.818207", "cpuCores": "24", "processes": "2596", "loadAverage1": "0.330000", "loadAverage5": "0.330000", "loadAverage15": "0.320000", "loadAverage1Percent": "0.013750"}
[2026-04-08 22:43:08.823 +0700] [EVENT] [cadence.virtuoso.ade.simulationMonitor] - NewPoint {"history": "ExplorerRun.0", "point": 1, "testname": "my_lib_cs_amp_1", "cornername": "Nominal", "event": "NewPoint", "EventSource": "Simulation Monitor", "HistoryName": "ExplorerRun.0", "logFile": "/home/dtvt_13/truong/logs_dtvt_13/logs0/Job31.log", "logFileSize": "2100"}
[2026-04-08 22:43:08.925 +0700] [EVENT] [cadence.virtuoso.ade.simulationMonitor] - NewPoint {"history": "ExplorerRun.0", "point": 1, "testname": "my_lib_cs_amp_1", "cornername": "Nominal", "event": "NewPoint", "EventSource": "spectre", "HistoryName": "ExplorerRun.0", "logFile": "/home/dtvt_13/simulation/my_lib/cs_amp/maestro/results/maestro/ExplorerRun.0/1/my_lib_cs_amp_1/psf/spectre.out", "logFileSize": "-1"}
[2026-04-08 22:43:08.934 +0700] [PROCESS] [cadence.virtuoso.ade.simulationMonitor] - Simulator launched {"hostname": "dtvt_13", "processid": 16766, "history": "ExplorerRun.0", "testname": "my_lib_cs_amp_1", "cornername": "Nominal", "point": 1, "logfile": "/home/dtvt_13/truong/logs_dtvt_13/logs0/Job31.log", "simid": "1"}
[2026-04-08 22:43:08.937 +0700] [PROCESS] [cadence.virtuoso.ade.simulationMonitor] - Expression evaluator launched {"hostname": "dtvt_13", "processid": 16766, "history": "ExplorerRun.0", "testname": "my_lib_cs_amp_1", "cornername": "Nominal", "point": 1, "logfile": "/home/dtvt_13/truong/logs_dtvt_13/logs0/Job31.log"}
[2026-04-08 22:43:08.960 +0700] [PROCESS] [cadence.virtuoso.ade.simulationMonitor] - Started Simulation {"hostname": "dtvt_13", "processid": 16766, "history": "ExplorerRun.0", "testname": "my_lib_cs_amp_1", "cornername": "Nominal", "point": 1, "logfile": "/home/dtvt_13/truong/logs_dtvt_13/logs0/Job31.log"}
[2026-04-08 22:43:32.777 +0700] [PROCESS] [cadence.virtuoso.ade.simulationMonitor] - Finished simulating for one point {"hostname": "dtvt_13", "processid": 16766, "history": "ExplorerRun.0", "testname": "my_lib_cs_amp_1", "cornername": "Nominal", "point": 1, "logfile": "/home/dtvt_13/truong/logs_dtvt_13/logs0/Job31.log", "simid": "1"}
[2026-04-08 22:43:32.777 +0700] [INFO] [cadence.virtuoso.ade.simulationMonitor] - Peak resident memory used = 97 Mbytes. {"history": "ExplorerRun.0", "point": 1, "testname": "my_lib_cs_amp_1", "cornername": "Nominal"}
[2026-04-08 22:43:32.778 +0700] [INFO] [cadence.virtuoso.ade.simulationMonitor] - Peak resident memory used = 105 Mbytes. {"history": "ExplorerRun.0", "point": 1, "testname": "my_lib_cs_amp_1", "cornername": "Nominal"}
[2026-04-08 22:43:32.778 +0700] [INFO] [cadence.virtuoso.ade.simulationMonitor] - Notice from spectre during hierarchy flattening.
    The value 'psf' specified for the 'checklimitdest' option will no longer be supported in future releases. Use 'spectre -h' to see other recommended values for the 'checklimitdest' option. {"history": "ExplorerRun.0", "point": 1, "testname": "my_lib_cs_amp_1", "cornername": "Nominal"}
[2026-04-08 22:43:32.778 +0700] [INFO] [cadence.virtuoso.ade.simulationMonitor] - Peak resident memory used = 106 Mbytes. {"history": "ExplorerRun.0", "point": 1, "testname": "my_lib_cs_amp_1", "cornername": "Nominal"}
[2026-04-08 22:43:32.779 +0700] [INFO] [cadence.virtuoso.ade.simulationMonitor] - Notice from spectre during initial setup.
    Multithreading is disabled due to the size of the design being too small. {"history": "ExplorerRun.0", "point": 1, "testname": "my_lib_cs_amp_1", "cornername": "Nominal"}
[2026-04-08 22:43:32.780 +0700] [INFO] [cadence.virtuoso.ade.simulationMonitor] -               nodes 4 {"history": "ExplorerRun.0", "point": 1, "testname": "my_lib_cs_amp_1", "cornername": "Nominal"}
[2026-04-08 22:43:32.780 +0700] [INFO] [cadence.virtuoso.ade.simulationMonitor] - Notice from spectre during initial setup.
    APS enabled. {"history": "ExplorerRun.0", "point": 1, "testname": "my_lib_cs_amp_1", "cornername": "Nominal"}
[2026-04-08 22:43:32.780 +0700] [INFO] [cadence.virtuoso.ade.simulationMonitor] - Peak resident memory used = 108 Mbytes. {"history": "ExplorerRun.0", "point": 1, "testname": "my_lib_cs_amp_1", "cornername": "Nominal"}
[2026-04-08 22:43:32.781 +0700] [INFO] [cadence.virtuoso.ade.simulationMonitor] -    -   (APS) Multi-threading. The recommended number of threads is 1, consider adding +mt=1 on command line. {"history": "ExplorerRun.0", "point": 1, "testname": "my_lib_cs_amp_1", "cornername": "Nominal"}
[2026-04-08 22:43:32.781 +0700] [INFO] [cadence.virtuoso.ade.simulationMonitor] - Total time required for dc analysis `dcOp': CPU = 2.491 ms, elapsed = 3.50809 ms. {"history": "ExplorerRun.0", "point": 1, "testname": "my_lib_cs_amp_1", "cornername": "Nominal"}
[2026-04-08 22:43:32.781 +0700] [INFO] [cadence.virtuoso.ade.simulationMonitor] - Peak resident memory used = 109 Mbytes. {"history": "ExplorerRun.0", "point": 1, "testname": "my_lib_cs_amp_1", "cornername": "Nominal"}
[2026-04-08 22:43:32.781 +0700] [INFO] [cadence.virtuoso.ade.simulationMonitor] - Time used: CPU = 579 ms, elapsed = 22.7 s, util. = 2.55%. {"history": "ExplorerRun.0", "point": 1, "testname": "my_lib_cs_amp_1", "cornername": "Nominal"}
[2026-04-08 22:43:32.781 +0700] [INFO] [cadence.virtuoso.ade.simulationMonitor] - Time spent in licensing: elapsed = 20.9 s, percentage of total = 92%. {"history": "ExplorerRun.0", "point": 1, "testname": "my_lib_cs_amp_1", "cornername": "Nominal"}
[2026-04-08 22:43:32.781 +0700] [INFO] [cadence.virtuoso.ade.simulationMonitor] - Peak memory used = 111 Mbytes. {"history": "ExplorerRun.0", "point": 1, "testname": "my_lib_cs_amp_1", "cornername": "Nominal"}
[2026-04-08 22:43:32.781 +0700] [PROCESS] [cadence.virtuoso.ade.simulationMonitor] - Simulation started at: 10:43:09 PM, Wed Apr 8, 2026, ended at: 10:43:32 PM, Wed Apr 8, 2026, with elapsed time (wall clock): 22.7 s. {"history": "ExplorerRun.0", "point": 1, "testname": "my_lib_cs_amp_1", "cornername": "Nominal"}
[2026-04-08 22:43:32.782 +0700] [PROCESS] [cadence.virtuoso.ade.simulationMonitor] - spectre completes with 0 errors, 0 warnings, and 4 notices. {"history": "ExplorerRun.0", "point": 1, "testname": "my_lib_cs_amp_1", "cornername": "Nominal"}
[2026-04-08 22:43:32.782 +0700] [PROCESS] [cadence.virtuoso.ade.simulationMonitor] - Simulator exited {"hostname": "dtvt_13", "processid": 16766, "history": "ExplorerRun.0", "testname": "my_lib_cs_amp_1", "cornername": "Nominal", "point": 1, "logfile": "/home/dtvt_13/truong/logs_dtvt_13/logs0/Job31.log", "exitStatus": "0"}
[2026-04-08 22:43:32.782 +0700] [PROCESS] [cadence.virtuoso.ade.simulationMonitor] - Finished Simulation {"hostname": "dtvt_13", "processid": 16766, "history": "ExplorerRun.0", "testname": "my_lib_cs_amp_1", "cornername": "Nominal", "point": 1, "logfile": "/home/dtvt_13/truong/logs_dtvt_13/logs0/Job31.log", "simid": "1"}
[2026-04-08 22:43:37.295 +0700] [PROCESS] [cadence.virtuoso.ade.simulationMonitor] - Point Finished {"hostname": "dtvt_13", "processid": 16766, "history": "ExplorerRun.0", "testname": "my_lib_cs_amp_1", "cornername": "Nominal", "point": 1, "logfile": "/home/dtvt_13/truong/logs_dtvt_13/logs0/Job31.log"}
[2026-04-08 22:46:36.428 +0700] [INFO] [cadence.virtuoso.ade.simulationMonitor] - SimulationMonitor has terminated the vds process '16848', reason: 'Force to stop the expression evalutor process because of new run' {"history": "ExplorerRun.0", "point": 1, "testname": "my_lib_cs_amp_1", "cornername": "Nominal"}
[2026-04-08 22:46:36.428 +0700] [PROCESS] [cadence.virtuoso.ade.simulationMonitor] - HostInfo:
Host name (type):	dtvt_13 (x86_64)
Operating system:	Linux 3.10.0-1160.118.1.el7.x86_64 #1 SMP Wed Apr 24 16:01:50 UTC 2024 {"hostname": "dtvt_13", "processid": 16766, "history": "ExplorerRun.0", "testname": "my_lib_cs_amp_1", "cornername": "Nominal", "point": 1, "logfile": "/home/dtvt_13/truong/logs_dtvt_13/logs0/Job31.log", "nodename": "dtvt_13", "domainname": "(none)", "machine": "x86_64", "sysname": "Linux", "release": "3.10.0-1160.118.1.el7.x86_64", "version": "#1 SMP Wed Apr 24 16:01:50 UTC 2024"}
[2026-04-08 22:46:36.429 +0700] [PROCESS] [cadence.virtuoso.ade.simulationMonitor] - UsageInfo:
pid=16766
totalPhysicalMemory=15.208324GB,Used=13.863586GB,totalVirtualMemory=22.895821GB,Used=13.896790GB
Cpu: Cores=24, Load average:0.210000,0.270000,0.300000 {"hostname": "dtvt_13", "processid": 16766, "history": "ExplorerRun.0", "testname": "my_lib_cs_amp_1", "cornername": "Nominal", "point": 1, "logfile": "/home/dtvt_13/truong/logs_dtvt_13/logs0/Job31.log", "pid": "16766", "totalPhysicalMemory": "15.208324", "physicalMemoryUsed": "13.863586", "totalVirtualMemory": "22.895821", "virtualMemoryUsed": "13.896790", "cpuCores": "24", "processes": "2596", "loadAverage1": "0.210000", "loadAverage5": "0.270000", "loadAverage15": "0.300000", "loadAverage1Percent": "0.008750"}
[2026-04-08 22:46:36.429 +0700] [EVENT] [cadence.virtuoso.ade.simulationMonitor] - NewPoint {"history": "ExplorerRun.0", "point": 1, "testname": "my_lib_cs_amp_1", "cornername": "Nominal", "event": "NewPoint", "EventSource": "Simulation Monitor", "HistoryName": "ExplorerRun.0", "logFile": "/home/dtvt_13/truong/logs_dtvt_13/logs0/Job31.log", "logFileSize": "10865"}
[2026-04-08 22:46:36.530 +0700] [EVENT] [cadence.virtuoso.ade.simulationMonitor] - NewPoint {"history": "ExplorerRun.0", "point": 1, "testname": "my_lib_cs_amp_1", "cornername": "Nominal", "event": "NewPoint", "EventSource": "spectre", "HistoryName": "ExplorerRun.0", "logFile": "/home/dtvt_13/simulation/my_lib/cs_amp/maestro/results/maestro/ExplorerRun.0/1/my_lib_cs_amp_1/psf/spectre.out", "logFileSize": "-1"}
[2026-04-08 22:46:36.540 +0700] [PROCESS] [cadence.virtuoso.ade.simulationMonitor] - Simulator launched {"hostname": "dtvt_13", "processid": 16766, "history": "ExplorerRun.0", "testname": "my_lib_cs_amp_1", "cornername": "Nominal", "point": 1, "logfile": "/home/dtvt_13/truong/logs_dtvt_13/logs0/Job31.log", "simid": "2"}
[2026-04-08 22:46:36.548 +0700] [PROCESS] [cadence.virtuoso.ade.simulationMonitor] - Expression evaluator launched {"hostname": "dtvt_13", "processid": 16766, "history": "ExplorerRun.0", "testname": "my_lib_cs_amp_1", "cornername": "Nominal", "point": 1, "logfile": "/home/dtvt_13/truong/logs_dtvt_13/logs0/Job31.log"}
[2026-04-08 22:46:36.562 +0700] [PROCESS] [cadence.virtuoso.ade.simulationMonitor] - Started Simulation {"hostname": "dtvt_13", "processid": 16766, "history": "ExplorerRun.0", "testname": "my_lib_cs_amp_1", "cornername": "Nominal", "point": 1, "logfile": "/home/dtvt_13/truong/logs_dtvt_13/logs0/Job31.log"}
[2026-04-08 22:46:58.447 +0700] [PROCESS] [cadence.virtuoso.ade.simulationMonitor] - Finished simulating for one point {"hostname": "dtvt_13", "processid": 16766, "history": "ExplorerRun.0", "testname": "my_lib_cs_amp_1", "cornername": "Nominal", "point": 1, "logfile": "/home/dtvt_13/truong/logs_dtvt_13/logs0/Job31.log", "simid": "2"}
[2026-04-08 22:46:58.447 +0700] [INFO] [cadence.virtuoso.ade.simulationMonitor] - Peak resident memory used = 95.5 Mbytes. {"history": "ExplorerRun.0", "point": 1, "testname": "my_lib_cs_amp_1", "cornername": "Nominal"}
[2026-04-08 22:46:58.448 +0700] [INFO] [cadence.virtuoso.ade.simulationMonitor] - Peak resident memory used = 104 Mbytes. {"history": "ExplorerRun.0", "point": 1, "testname": "my_lib_cs_amp_1", "cornername": "Nominal"}
[2026-04-08 22:46:58.448 +0700] [INFO] [cadence.virtuoso.ade.simulationMonitor] - Notice from spectre during hierarchy flattening.
    The value 'psf' specified for the 'checklimitdest' option will no longer be supported in future releases. Use 'spectre -h' to see other recommended values for the 'checklimitdest' option. {"history": "ExplorerRun.0", "point": 1, "testname": "my_lib_cs_amp_1", "cornername": "Nominal"}
[2026-04-08 22:46:58.448 +0700] [INFO] [cadence.virtuoso.ade.simulationMonitor] - Peak resident memory used = 105 Mbytes. {"history": "ExplorerRun.0", "point": 1, "testname": "my_lib_cs_amp_1", "cornername": "Nominal"}
[2026-04-08 22:46:58.449 +0700] [INFO] [cadence.virtuoso.ade.simulationMonitor] - Notice from spectre during initial setup.
    Multithreading is disabled due to the size of the design being too small. {"history": "ExplorerRun.0", "point": 1, "testname": "my_lib_cs_amp_1", "cornername": "Nominal"}
[2026-04-08 22:46:58.449 +0700] [INFO] [cadence.virtuoso.ade.simulationMonitor] -               nodes 4 {"history": "ExplorerRun.0", "point": 1, "testname": "my_lib_cs_amp_1", "cornername": "Nominal"}
[2026-04-08 22:46:58.449 +0700] [INFO] [cadence.virtuoso.ade.simulationMonitor] - Notice from spectre during initial setup.
    APS enabled. {"history": "ExplorerRun.0", "point": 1, "testname": "my_lib_cs_amp_1", "cornername": "Nominal"}
[2026-04-08 22:46:58.450 +0700] [INFO] [cadence.virtuoso.ade.simulationMonitor] - Peak resident memory used = 106 Mbytes. {"history": "ExplorerRun.0", "point": 1, "testname": "my_lib_cs_amp_1", "cornername": "Nominal"}
[2026-04-08 22:46:58.450 +0700] [INFO] [cadence.virtuoso.ade.simulationMonitor] -    -   (APS) Multi-threading. The recommended number of threads is 1, consider adding +mt=1 on command line. {"history": "ExplorerRun.0", "point": 1, "testname": "my_lib_cs_amp_1", "cornername": "Nominal"}
[2026-04-08 22:46:58.450 +0700] [INFO] [cadence.virtuoso.ade.simulationMonitor] - Total time required for dc analysis `dcOp': CPU = 1.447 ms, elapsed = 2.352 ms. {"history": "ExplorerRun.0", "point": 1, "testname": "my_lib_cs_amp_1", "cornername": "Nominal"}
[2026-04-08 22:46:58.450 +0700] [INFO] [cadence.virtuoso.ade.simulationMonitor] - Peak resident memory used = 108 Mbytes. {"history": "ExplorerRun.0", "point": 1, "testname": "my_lib_cs_amp_1", "cornername": "Nominal"}
[2026-04-08 22:46:58.450 +0700] [INFO] [cadence.virtuoso.ade.simulationMonitor] - Time used: CPU = 535 ms, elapsed = 20.9 s, util. = 2.56%. {"history": "ExplorerRun.0", "point": 1, "testname": "my_lib_cs_amp_1", "cornername": "Nominal"}
[2026-04-08 22:46:58.451 +0700] [INFO] [cadence.virtuoso.ade.simulationMonitor] - Time spent in licensing: elapsed = 20.4 s, percentage of total = 97.4%. {"history": "ExplorerRun.0", "point": 1, "testname": "my_lib_cs_amp_1", "cornername": "Nominal"}
[2026-04-08 22:46:58.451 +0700] [INFO] [cadence.virtuoso.ade.simulationMonitor] - Peak memory used = 110 Mbytes. {"history": "ExplorerRun.0", "point": 1, "testname": "my_lib_cs_amp_1", "cornername": "Nominal"}
[2026-04-08 22:46:58.451 +0700] [PROCESS] [cadence.virtuoso.ade.simulationMonitor] - Simulation started at: 10:46:37 PM, Wed Apr 8, 2026, ended at: 10:46:58 PM, Wed Apr 8, 2026, with elapsed time (wall clock): 20.9 s. {"history": "ExplorerRun.0", "point": 1, "testname": "my_lib_cs_amp_1", "cornername": "Nominal"}
[2026-04-08 22:46:58.451 +0700] [PROCESS] [cadence.virtuoso.ade.simulationMonitor] - spectre completes with 0 errors, 0 warnings, and 4 notices. {"history": "ExplorerRun.0", "point": 1, "testname": "my_lib_cs_amp_1", "cornername": "Nominal"}
[2026-04-08 22:46:58.452 +0700] [PROCESS] [cadence.virtuoso.ade.simulationMonitor] - Simulator exited {"hostname": "dtvt_13", "processid": 16766, "history": "ExplorerRun.0", "testname": "my_lib_cs_amp_1", "cornername": "Nominal", "point": 1, "logfile": "/home/dtvt_13/truong/logs_dtvt_13/logs0/Job31.log", "exitStatus": "0"}
[2026-04-08 22:46:58.452 +0700] [PROCESS] [cadence.virtuoso.ade.simulationMonitor] - Finished Simulation {"hostname": "dtvt_13", "processid": 16766, "history": "ExplorerRun.0", "testname": "my_lib_cs_amp_1", "cornername": "Nominal", "point": 1, "logfile": "/home/dtvt_13/truong/logs_dtvt_13/logs0/Job31.log", "simid": "2"}
[2026-04-08 22:46:59.466 +0700] [PROCESS] [cadence.virtuoso.ade.simulationMonitor] - Point Finished {"hostname": "dtvt_13", "processid": 16766, "history": "ExplorerRun.0", "testname": "my_lib_cs_amp_1", "cornername": "Nominal", "point": 1, "logfile": "/home/dtvt_13/truong/logs_dtvt_13/logs0/Job31.log"}
[2026-04-08 22:52:00.012 +0700] [PROCESS] [cadence.virtuoso.ade.simulationMonitor] - Current memory used: 32.2148 MBytes, peak memory used: 32.2148 MBytes {"hostname": "dtvt_13", "processid": 16766, "history": "ExplorerRun.0", "testname": "my_lib_cs_amp_1", "cornername": "Nominal", "point": 1, "logfile": "/home/dtvt_13/truong/logs_dtvt_13/logs0/Job31.log"}
[2026-04-08 22:52:00.012 +0700] [PROCESS] [cadence.virtuoso.ade.simulationMonitor] - Simulation Monitor process exit. {"hostname": "dtvt_13", "processid": 16766, "history": "ExplorerRun.0", "testname": "my_lib_cs_amp_1", "cornername": "Nominal", "point": 1, "logfile": "/home/dtvt_13/truong/logs_dtvt_13/logs0/Job31.log"}
