[Simulation Monitor: 4]
[2026-04-07 16:07:46.573 +0700] [PROCESS] [cadence.virtuoso.ade.simulationMonitor] - Simulation Monitor has successfully started up. Trying to set up communication channels to other components ... {"hostname": "dtvt_13", "processid": 24503, "logfile": "/home/dtvt_13/truong/logs_dtvt_13/logs0/Job4.log"}
[2026-04-07 16:07:46.573 +0700] [PROCESS] [cadence.virtuoso.ade.simulationMonitor] - Communication channels have been successfully set up. Start processing events ... {"hostname": "dtvt_13", "processid": 24503, "logfile": "/home/dtvt_13/truong/logs_dtvt_13/logs0/Job4.log"}
[2026-04-07 16:07:46.573 +0700] [PROCESS] [cadence.virtuoso.ade.simulationMonitor] - Considering to start history {"hostname": "dtvt_13", "processid": 24503, "history": "ExplorerRun.0", "logfile": "/home/dtvt_13/truong/logs_dtvt_13/logs0/Job4.log"}
[2026-04-07 16:07:46.576 +0700] [PROCESS] [cadence.virtuoso.ade.simulationMonitor] - HostInfo:
Host name (type):	dtvt_13 (x86_64)
Operating system:	Linux 3.10.0-1160.118.1.el7.x86_64 #1 SMP Wed Apr 24 16:01:50 UTC 2024 {"hostname": "dtvt_13", "processid": 24503, "history": "ExplorerRun.0", "logfile": "/home/dtvt_13/truong/logs_dtvt_13/logs0/Job4.log", "nodename": "dtvt_13", "domainname": "(none)", "machine": "x86_64", "sysname": "Linux", "release": "3.10.0-1160.118.1.el7.x86_64", "version": "#1 SMP Wed Apr 24 16:01:50 UTC 2024"}
[2026-04-07 16:07:46.576 +0700] [PROCESS] [cadence.virtuoso.ade.simulationMonitor] - UsageInfo:
pid=24503
totalPhysicalMemory=15.208324GB,Used=15.006027GB,totalVirtualMemory=22.895821GB,Used=15.020920GB
Cpu: Cores=24, Load average:0.740000,0.400000,0.200000 {"hostname": "dtvt_13", "processid": 24503, "history": "ExplorerRun.0", "logfile": "/home/dtvt_13/truong/logs_dtvt_13/logs0/Job4.log", "pid": "24503", "totalPhysicalMemory": "15.208324", "physicalMemoryUsed": "15.006027", "totalVirtualMemory": "22.895821", "virtualMemoryUsed": "15.020920", "cpuCores": "24", "processes": "2686", "loadAverage1": "0.740000", "loadAverage5": "0.400000", "loadAverage15": "0.200000", "loadAverage1Percent": "0.030833"}
[2026-04-07 16:07:46.576 +0700] [EVENT] [cadence.virtuoso.ade.simulationMonitor] - NewPoint {"history": "ExplorerRun.0", "point": 1, "testname": "my_lib_cs_amp_tb_1", "cornername": "Nominal", "event": "NewPoint", "EventSource": "Simulation Monitor", "HistoryName": "ExplorerRun.0", "logFile": "/home/dtvt_13/truong/logs_dtvt_13/logs0/Job4.log", "logFileSize": "2094"}
[2026-04-07 16:07:46.678 +0700] [EVENT] [cadence.virtuoso.ade.simulationMonitor] - NewPoint {"history": "ExplorerRun.0", "point": 1, "testname": "my_lib_cs_amp_tb_1", "cornername": "Nominal", "event": "NewPoint", "EventSource": "spectre", "HistoryName": "ExplorerRun.0", "logFile": "/home/dtvt_13/simulation/my_lib/cs_amp_tb/maestro/results/maestro/ExplorerRun.0/1/my_lib_cs_amp_tb_1/psf/spectre.out", "logFileSize": "-1"}
[2026-04-07 16:07:46.688 +0700] [PROCESS] [cadence.virtuoso.ade.simulationMonitor] - Simulator launched {"hostname": "dtvt_13", "processid": 24503, "history": "ExplorerRun.0", "testname": "my_lib_cs_amp_tb_1", "cornername": "Nominal", "point": 1, "logfile": "/home/dtvt_13/truong/logs_dtvt_13/logs0/Job4.log", "simid": "1"}
[2026-04-07 16:07:46.691 +0700] [PROCESS] [cadence.virtuoso.ade.simulationMonitor] - Expression evaluator launched {"hostname": "dtvt_13", "processid": 24503, "history": "ExplorerRun.0", "testname": "my_lib_cs_amp_tb_1", "cornername": "Nominal", "point": 1, "logfile": "/home/dtvt_13/truong/logs_dtvt_13/logs0/Job4.log"}
[2026-04-07 16:07:46.704 +0700] [PROCESS] [cadence.virtuoso.ade.simulationMonitor] - Started Simulation {"hostname": "dtvt_13", "processid": 24503, "history": "ExplorerRun.0", "testname": "my_lib_cs_amp_tb_1", "cornername": "Nominal", "point": 1, "logfile": "/home/dtvt_13/truong/logs_dtvt_13/logs0/Job4.log"}
[2026-04-07 16:08:09.573 +0700] [PROCESS] [cadence.virtuoso.ade.simulationMonitor] - Finished simulating for one point {"hostname": "dtvt_13", "processid": 24503, "history": "ExplorerRun.0", "testname": "my_lib_cs_amp_tb_1", "cornername": "Nominal", "point": 1, "logfile": "/home/dtvt_13/truong/logs_dtvt_13/logs0/Job4.log", "simid": "1"}
[2026-04-07 16:08:09.573 +0700] [INFO] [cadence.virtuoso.ade.simulationMonitor] - Peak resident memory used = 97 Mbytes. {"history": "ExplorerRun.0", "point": 1, "testname": "my_lib_cs_amp_tb_1", "cornername": "Nominal"}
[2026-04-07 16:08:09.574 +0700] [INFO] [cadence.virtuoso.ade.simulationMonitor] - Peak resident memory used = 105 Mbytes. {"history": "ExplorerRun.0", "point": 1, "testname": "my_lib_cs_amp_tb_1", "cornername": "Nominal"}
[2026-04-07 16:08:09.574 +0700] [INFO] [cadence.virtuoso.ade.simulationMonitor] - Notice from spectre during hierarchy flattening.
    The value 'psf' specified for the 'checklimitdest' option will no longer be supported in future releases. Use 'spectre -h' to see other recommended values for the 'checklimitdest' option. {"history": "ExplorerRun.0", "point": 1, "testname": "my_lib_cs_amp_tb_1", "cornername": "Nominal"}
[2026-04-07 16:08:09.574 +0700] [INFO] [cadence.virtuoso.ade.simulationMonitor] - Peak resident memory used = 106 Mbytes. {"history": "ExplorerRun.0", "point": 1, "testname": "my_lib_cs_amp_tb_1", "cornername": "Nominal"}
[2026-04-07 16:08:09.574 +0700] [INFO] [cadence.virtuoso.ade.simulationMonitor] - Notice from spectre during initial setup.
    Multithreading is disabled due to the size of the design being too small. {"history": "ExplorerRun.0", "point": 1, "testname": "my_lib_cs_amp_tb_1", "cornername": "Nominal"}
[2026-04-07 16:08:09.575 +0700] [INFO] [cadence.virtuoso.ade.simulationMonitor] -               nodes 5 {"history": "ExplorerRun.0", "point": 1, "testname": "my_lib_cs_amp_tb_1", "cornername": "Nominal"}
[2026-04-07 16:08:09.575 +0700] [INFO] [cadence.virtuoso.ade.simulationMonitor] - Notice from spectre during initial setup.
    1 vsources are shorted because their absolute value is less than or equal to 'vabsshort'.
    APS enabled. {"history": "ExplorerRun.0", "point": 1, "testname": "my_lib_cs_amp_tb_1", "cornername": "Nominal"}
[2026-04-07 16:08:09.575 +0700] [INFO] [cadence.virtuoso.ade.simulationMonitor] - Peak resident memory used = 108 Mbytes. {"history": "ExplorerRun.0", "point": 1, "testname": "my_lib_cs_amp_tb_1", "cornername": "Nominal"}
[2026-04-07 16:08:09.576 +0700] [INFO] [cadence.virtuoso.ade.simulationMonitor] -    -   (APS) Multi-threading. The recommended number of threads is 1, consider adding +mt=1 on command line. {"history": "ExplorerRun.0", "point": 1, "testname": "my_lib_cs_amp_tb_1", "cornername": "Nominal"}
[2026-04-07 16:08:09.576 +0700] [INFO] [cadence.virtuoso.ade.simulationMonitor] - Total time required for dc analysis `dcOp': CPU = 1.155 ms, elapsed = 2.15197 ms. {"history": "ExplorerRun.0", "point": 1, "testname": "my_lib_cs_amp_tb_1", "cornername": "Nominal"}
[2026-04-07 16:08:09.576 +0700] [INFO] [cadence.virtuoso.ade.simulationMonitor] - Peak resident memory used = 109 Mbytes. {"history": "ExplorerRun.0", "point": 1, "testname": "my_lib_cs_amp_tb_1", "cornername": "Nominal"}
[2026-04-07 16:08:09.576 +0700] [INFO] [cadence.virtuoso.ade.simulationMonitor] - Time used: CPU = 759 ms, elapsed = 22.1 s, util. = 3.44%. {"history": "ExplorerRun.0", "point": 1, "testname": "my_lib_cs_amp_tb_1", "cornername": "Nominal"}
[2026-04-07 16:08:09.576 +0700] [INFO] [cadence.virtuoso.ade.simulationMonitor] - Time spent in licensing: elapsed = 20.7 s, percentage of total = 94%. {"history": "ExplorerRun.0", "point": 1, "testname": "my_lib_cs_amp_tb_1", "cornername": "Nominal"}
[2026-04-07 16:08:09.576 +0700] [INFO] [cadence.virtuoso.ade.simulationMonitor] - Peak memory used = 111 Mbytes. {"history": "ExplorerRun.0", "point": 1, "testname": "my_lib_cs_amp_tb_1", "cornername": "Nominal"}
[2026-04-07 16:08:09.577 +0700] [PROCESS] [cadence.virtuoso.ade.simulationMonitor] - Simulation started at: 4:07:46 PM, Tue Apr 7, 2026, ended at: 4:08:09 PM, Tue Apr 7, 2026, with elapsed time (wall clock): 22.1 s. {"history": "ExplorerRun.0", "point": 1, "testname": "my_lib_cs_amp_tb_1", "cornername": "Nominal"}
[2026-04-07 16:08:09.577 +0700] [PROCESS] [cadence.virtuoso.ade.simulationMonitor] - spectre completes with 0 errors, 0 warnings, and 5 notices. {"history": "ExplorerRun.0", "point": 1, "testname": "my_lib_cs_amp_tb_1", "cornername": "Nominal"}
[2026-04-07 16:08:09.577 +0700] [PROCESS] [cadence.virtuoso.ade.simulationMonitor] - Simulator exited {"hostname": "dtvt_13", "processid": 24503, "history": "ExplorerRun.0", "testname": "my_lib_cs_amp_tb_1", "cornername": "Nominal", "point": 1, "logfile": "/home/dtvt_13/truong/logs_dtvt_13/logs0/Job4.log", "exitStatus": "0"}
[2026-04-07 16:08:09.577 +0700] [PROCESS] [cadence.virtuoso.ade.simulationMonitor] - Finished Simulation {"hostname": "dtvt_13", "processid": 24503, "history": "ExplorerRun.0", "testname": "my_lib_cs_amp_tb_1", "cornername": "Nominal", "point": 1, "logfile": "/home/dtvt_13/truong/logs_dtvt_13/logs0/Job4.log", "simid": "1"}
[2026-04-07 16:08:10.593 +0700] [PROCESS] [cadence.virtuoso.ade.simulationMonitor] - Point Finished {"hostname": "dtvt_13", "processid": 24503, "history": "ExplorerRun.0", "testname": "my_lib_cs_amp_tb_1", "cornername": "Nominal", "point": 1, "logfile": "/home/dtvt_13/truong/logs_dtvt_13/logs0/Job4.log"}
[2026-04-07 16:09:32.805 +0700] [INFO] [cadence.virtuoso.ade.simulationMonitor] - SimulationMonitor has terminated the vds process '24585', reason: 'Force to stop the expression evalutor process because of new run' {"history": "ExplorerRun.0", "point": 1, "testname": "my_lib_cs_amp_tb_1", "cornername": "Nominal"}
[2026-04-07 16:09:32.806 +0700] [PROCESS] [cadence.virtuoso.ade.simulationMonitor] - HostInfo:
Host name (type):	dtvt_13 (x86_64)
Operating system:	Linux 3.10.0-1160.118.1.el7.x86_64 #1 SMP Wed Apr 24 16:01:50 UTC 2024 {"hostname": "dtvt_13", "processid": 24503, "history": "ExplorerRun.0", "testname": "my_lib_cs_amp_tb_1", "cornername": "Nominal", "point": 1, "logfile": "/home/dtvt_13/truong/logs_dtvt_13/logs0/Job4.log", "nodename": "dtvt_13", "domainname": "(none)", "machine": "x86_64", "sysname": "Linux", "release": "3.10.0-1160.118.1.el7.x86_64", "version": "#1 SMP Wed Apr 24 16:01:50 UTC 2024"}
[2026-04-07 16:09:32.806 +0700] [PROCESS] [cadence.virtuoso.ade.simulationMonitor] - UsageInfo:
pid=24503
totalPhysicalMemory=15.208324GB,Used=14.781910GB,totalVirtualMemory=22.895821GB,Used=14.797535GB
Cpu: Cores=24, Load average:0.270000,0.350000,0.210000 {"hostname": "dtvt_13", "processid": 24503, "history": "ExplorerRun.0", "testname": "my_lib_cs_amp_tb_1", "cornername": "Nominal", "point": 1, "logfile": "/home/dtvt_13/truong/logs_dtvt_13/logs0/Job4.log", "pid": "24503", "totalPhysicalMemory": "15.208324", "physicalMemoryUsed": "14.781910", "totalVirtualMemory": "22.895821", "virtualMemoryUsed": "14.797535", "cpuCores": "24", "processes": "2688", "loadAverage1": "0.270000", "loadAverage5": "0.350000", "loadAverage15": "0.210000", "loadAverage1Percent": "0.011250"}
[2026-04-07 16:09:32.806 +0700] [EVENT] [cadence.virtuoso.ade.simulationMonitor] - NewPoint {"history": "ExplorerRun.0", "point": 1, "testname": "my_lib_cs_amp_tb_1", "cornername": "Nominal", "event": "NewPoint", "EventSource": "Simulation Monitor", "HistoryName": "ExplorerRun.0", "logFile": "/home/dtvt_13/truong/logs_dtvt_13/logs0/Job4.log", "logFileSize": "11031"}
[2026-04-07 16:09:32.909 +0700] [EVENT] [cadence.virtuoso.ade.simulationMonitor] - NewPoint {"history": "ExplorerRun.0", "point": 1, "testname": "my_lib_cs_amp_tb_1", "cornername": "Nominal", "event": "NewPoint", "EventSource": "spectre", "HistoryName": "ExplorerRun.0", "logFile": "/home/dtvt_13/simulation/my_lib/cs_amp_tb/maestro/results/maestro/ExplorerRun.0/1/my_lib_cs_amp_tb_1/psf/spectre.out", "logFileSize": "-1"}
[2026-04-07 16:09:32.912 +0700] [PROCESS] [cadence.virtuoso.ade.simulationMonitor] - Simulator launched {"hostname": "dtvt_13", "processid": 24503, "history": "ExplorerRun.0", "testname": "my_lib_cs_amp_tb_1", "cornername": "Nominal", "point": 1, "logfile": "/home/dtvt_13/truong/logs_dtvt_13/logs0/Job4.log", "simid": "2"}
[2026-04-07 16:09:32.916 +0700] [PROCESS] [cadence.virtuoso.ade.simulationMonitor] - Expression evaluator launched {"hostname": "dtvt_13", "processid": 24503, "history": "ExplorerRun.0", "testname": "my_lib_cs_amp_tb_1", "cornername": "Nominal", "point": 1, "logfile": "/home/dtvt_13/truong/logs_dtvt_13/logs0/Job4.log"}
[2026-04-07 16:09:32.919 +0700] [PROCESS] [cadence.virtuoso.ade.simulationMonitor] - Started Simulation {"hostname": "dtvt_13", "processid": 24503, "history": "ExplorerRun.0", "testname": "my_lib_cs_amp_tb_1", "cornername": "Nominal", "point": 1, "logfile": "/home/dtvt_13/truong/logs_dtvt_13/logs0/Job4.log"}
[2026-04-07 16:09:54.824 +0700] [PROCESS] [cadence.virtuoso.ade.simulationMonitor] - Finished simulating for one point {"hostname": "dtvt_13", "processid": 24503, "history": "ExplorerRun.0", "testname": "my_lib_cs_amp_tb_1", "cornername": "Nominal", "point": 1, "logfile": "/home/dtvt_13/truong/logs_dtvt_13/logs0/Job4.log", "simid": "2"}
[2026-04-07 16:09:54.824 +0700] [INFO] [cadence.virtuoso.ade.simulationMonitor] - Peak resident memory used = 95.5 Mbytes. {"history": "ExplorerRun.0", "point": 1, "testname": "my_lib_cs_amp_tb_1", "cornername": "Nominal"}
[2026-04-07 16:09:54.825 +0700] [INFO] [cadence.virtuoso.ade.simulationMonitor] - Peak resident memory used = 104 Mbytes. {"history": "ExplorerRun.0", "point": 1, "testname": "my_lib_cs_amp_tb_1", "cornername": "Nominal"}
[2026-04-07 16:09:54.825 +0700] [INFO] [cadence.virtuoso.ade.simulationMonitor] - Notice from spectre during hierarchy flattening.
    The value 'psf' specified for the 'checklimitdest' option will no longer be supported in future releases. Use 'spectre -h' to see other recommended values for the 'checklimitdest' option. {"history": "ExplorerRun.0", "point": 1, "testname": "my_lib_cs_amp_tb_1", "cornername": "Nominal"}
[2026-04-07 16:09:54.825 +0700] [INFO] [cadence.virtuoso.ade.simulationMonitor] - Peak resident memory used = 105 Mbytes. {"history": "ExplorerRun.0", "point": 1, "testname": "my_lib_cs_amp_tb_1", "cornername": "Nominal"}
[2026-04-07 16:09:54.825 +0700] [INFO] [cadence.virtuoso.ade.simulationMonitor] - Notice from spectre during initial setup.
    Multithreading is disabled due to the size of the design being too small. {"history": "ExplorerRun.0", "point": 1, "testname": "my_lib_cs_amp_tb_1", "cornername": "Nominal"}
[2026-04-07 16:09:54.826 +0700] [INFO] [cadence.virtuoso.ade.simulationMonitor] -               nodes 5 {"history": "ExplorerRun.0", "point": 1, "testname": "my_lib_cs_amp_tb_1", "cornername": "Nominal"}
[2026-04-07 16:09:54.826 +0700] [INFO] [cadence.virtuoso.ade.simulationMonitor] - Notice from spectre during initial setup.
    1 vsources are shorted because their absolute value is less than or equal to 'vabsshort'.
    APS enabled. {"history": "ExplorerRun.0", "point": 1, "testname": "my_lib_cs_amp_tb_1", "cornername": "Nominal"}
[2026-04-07 16:09:54.826 +0700] [INFO] [cadence.virtuoso.ade.simulationMonitor] - Peak resident memory used = 106 Mbytes. {"history": "ExplorerRun.0", "point": 1, "testname": "my_lib_cs_amp_tb_1", "cornername": "Nominal"}
[2026-04-07 16:09:54.827 +0700] [INFO] [cadence.virtuoso.ade.simulationMonitor] -    -   (APS) Multi-threading. The recommended number of threads is 1, consider adding +mt=1 on command line. {"history": "ExplorerRun.0", "point": 1, "testname": "my_lib_cs_amp_tb_1", "cornername": "Nominal"}
[2026-04-07 16:09:54.827 +0700] [INFO] [cadence.virtuoso.ade.simulationMonitor] - Total time required for dc analysis `dcOp': CPU = 1.973 ms, elapsed = 2.97594 ms. {"history": "ExplorerRun.0", "point": 1, "testname": "my_lib_cs_amp_tb_1", "cornername": "Nominal"}
[2026-04-07 16:09:54.827 +0700] [INFO] [cadence.virtuoso.ade.simulationMonitor] - Peak resident memory used = 108 Mbytes. {"history": "ExplorerRun.0", "point": 1, "testname": "my_lib_cs_amp_tb_1", "cornername": "Nominal"}
[2026-04-07 16:09:54.827 +0700] [INFO] [cadence.virtuoso.ade.simulationMonitor] - Time used: CPU = 551 ms, elapsed = 21.1 s, util. = 2.61%. {"history": "ExplorerRun.0", "point": 1, "testname": "my_lib_cs_amp_tb_1", "cornername": "Nominal"}
[2026-04-07 16:09:54.827 +0700] [INFO] [cadence.virtuoso.ade.simulationMonitor] - Time spent in licensing: elapsed = 20.5 s, percentage of total = 97.2%. {"history": "ExplorerRun.0", "point": 1, "testname": "my_lib_cs_amp_tb_1", "cornername": "Nominal"}
[2026-04-07 16:09:54.827 +0700] [INFO] [cadence.virtuoso.ade.simulationMonitor] - Peak memory used = 110 Mbytes. {"history": "ExplorerRun.0", "point": 1, "testname": "my_lib_cs_amp_tb_1", "cornername": "Nominal"}
[2026-04-07 16:09:54.827 +0700] [PROCESS] [cadence.virtuoso.ade.simulationMonitor] - Simulation started at: 4:09:33 PM, Tue Apr 7, 2026, ended at: 4:09:54 PM, Tue Apr 7, 2026, with elapsed time (wall clock): 21.1 s. {"history": "ExplorerRun.0", "point": 1, "testname": "my_lib_cs_amp_tb_1", "cornername": "Nominal"}
[2026-04-07 16:09:54.828 +0700] [PROCESS] [cadence.virtuoso.ade.simulationMonitor] - spectre completes with 0 errors, 0 warnings, and 5 notices. {"history": "ExplorerRun.0", "point": 1, "testname": "my_lib_cs_amp_tb_1", "cornername": "Nominal"}
[2026-04-07 16:09:54.828 +0700] [PROCESS] [cadence.virtuoso.ade.simulationMonitor] - Simulator exited {"hostname": "dtvt_13", "processid": 24503, "history": "ExplorerRun.0", "testname": "my_lib_cs_amp_tb_1", "cornername": "Nominal", "point": 1, "logfile": "/home/dtvt_13/truong/logs_dtvt_13/logs0/Job4.log", "exitStatus": "0"}
[2026-04-07 16:09:54.828 +0700] [PROCESS] [cadence.virtuoso.ade.simulationMonitor] - Finished Simulation {"hostname": "dtvt_13", "processid": 24503, "history": "ExplorerRun.0", "testname": "my_lib_cs_amp_tb_1", "cornername": "Nominal", "point": 1, "logfile": "/home/dtvt_13/truong/logs_dtvt_13/logs0/Job4.log", "simid": "2"}
[2026-04-07 16:09:55.340 +0700] [PROCESS] [cadence.virtuoso.ade.simulationMonitor] - Point Finished {"hostname": "dtvt_13", "processid": 24503, "history": "ExplorerRun.0", "testname": "my_lib_cs_amp_tb_1", "cornername": "Nominal", "point": 1, "logfile": "/home/dtvt_13/truong/logs_dtvt_13/logs0/Job4.log"}
[2026-04-07 16:14:56.396 +0700] [PROCESS] [cadence.virtuoso.ade.simulationMonitor] - Current memory used: 32.2227 MBytes, peak memory used: 32.2227 MBytes {"hostname": "dtvt_13", "processid": 24503, "history": "ExplorerRun.0", "testname": "my_lib_cs_amp_tb_1", "cornername": "Nominal", "point": 1, "logfile": "/home/dtvt_13/truong/logs_dtvt_13/logs0/Job4.log"}
[2026-04-07 16:14:56.396 +0700] [PROCESS] [cadence.virtuoso.ade.simulationMonitor] - Simulation Monitor process exit. {"hostname": "dtvt_13", "processid": 24503, "history": "ExplorerRun.0", "testname": "my_lib_cs_amp_tb_1", "cornername": "Nominal", "point": 1, "logfile": "/home/dtvt_13/truong/logs_dtvt_13/logs0/Job4.log"}
