[Simulation Monitor: 61]
[2026-04-12 03:20:40.471 +0700] [PROCESS] [cadence.virtuoso.ade.simulationMonitor] - Simulation Monitor has successfully started up. Trying to set up communication channels to other components ... {"hostname": "dtvt_13", "processid": 3149, "logfile": "/home/dtvt_13/truong/logs_dtvt_13/logs0/Job61.log"}
[2026-04-12 03:20:40.472 +0700] [PROCESS] [cadence.virtuoso.ade.simulationMonitor] - Communication channels have been successfully set up. Start processing events ... {"hostname": "dtvt_13", "processid": 3149, "logfile": "/home/dtvt_13/truong/logs_dtvt_13/logs0/Job61.log"}
[2026-04-12 03:20:40.472 +0700] [PROCESS] [cadence.virtuoso.ade.simulationMonitor] - Considering to start history {"hostname": "dtvt_13", "processid": 3149, "history": "ExplorerRun.0", "logfile": "/home/dtvt_13/truong/logs_dtvt_13/logs0/Job61.log"}
[2026-04-12 03:20:40.473 +0700] [PROCESS] [cadence.virtuoso.ade.simulationMonitor] - HostInfo:
Host name (type):	dtvt_13 (x86_64)
Operating system:	Linux 3.10.0-1160.118.1.el7.x86_64 #1 SMP Wed Apr 24 16:01:50 UTC 2024 {"hostname": "dtvt_13", "processid": 3149, "history": "ExplorerRun.0", "logfile": "/home/dtvt_13/truong/logs_dtvt_13/logs0/Job61.log", "nodename": "dtvt_13", "domainname": "(none)", "machine": "x86_64", "sysname": "Linux", "release": "3.10.0-1160.118.1.el7.x86_64", "version": "#1 SMP Wed Apr 24 16:01:50 UTC 2024"}
[2026-04-12 03:20:40.473 +0700] [PROCESS] [cadence.virtuoso.ade.simulationMonitor] - UsageInfo:
pid=3149
totalPhysicalMemory=15.208324GB,Used=14.742023GB,totalVirtualMemory=22.895821GB,Used=14.800861GB
Cpu: Cores=24, Load average:0.460000,0.390000,0.360000 {"hostname": "dtvt_13", "processid": 3149, "history": "ExplorerRun.0", "logfile": "/home/dtvt_13/truong/logs_dtvt_13/logs0/Job61.log", "pid": "3149", "totalPhysicalMemory": "15.208324", "physicalMemoryUsed": "14.742023", "totalVirtualMemory": "22.895821", "virtualMemoryUsed": "14.800861", "cpuCores": "24", "processes": "2713", "loadAverage1": "0.460000", "loadAverage5": "0.390000", "loadAverage15": "0.360000", "loadAverage1Percent": "0.019167"}
[2026-04-12 03:20:40.473 +0700] [EVENT] [cadence.virtuoso.ade.simulationMonitor] - NewPoint {"history": "ExplorerRun.0", "point": 1, "testname": "my_lib_nmos_tb_1", "cornername": "Nominal", "event": "NewPoint", "EventSource": "Simulation Monitor", "HistoryName": "ExplorerRun.0", "logFile": "/home/dtvt_13/truong/logs_dtvt_13/logs0/Job61.log", "logFileSize": "2093"}
[2026-04-12 03:20:40.574 +0700] [EVENT] [cadence.virtuoso.ade.simulationMonitor] - NewPoint {"history": "ExplorerRun.0", "point": 1, "testname": "my_lib_nmos_tb_1", "cornername": "Nominal", "event": "NewPoint", "EventSource": "spectre", "HistoryName": "ExplorerRun.0", "logFile": "/home/dtvt_13/simulation/my_lib/nmos_tb/maestro/results/maestro/ExplorerRun.0/1/my_lib_nmos_tb_1/psf/spectre.out", "logFileSize": "-1"}
[2026-04-12 03:20:40.577 +0700] [PROCESS] [cadence.virtuoso.ade.simulationMonitor] - Simulator launched {"hostname": "dtvt_13", "processid": 3149, "history": "ExplorerRun.0", "testname": "my_lib_nmos_tb_1", "cornername": "Nominal", "point": 1, "logfile": "/home/dtvt_13/truong/logs_dtvt_13/logs0/Job61.log", "simid": "1"}
[2026-04-12 03:20:40.579 +0700] [PROCESS] [cadence.virtuoso.ade.simulationMonitor] - Expression evaluator launched {"hostname": "dtvt_13", "processid": 3149, "history": "ExplorerRun.0", "testname": "my_lib_nmos_tb_1", "cornername": "Nominal", "point": 1, "logfile": "/home/dtvt_13/truong/logs_dtvt_13/logs0/Job61.log"}
[2026-04-12 03:20:40.584 +0700] [PROCESS] [cadence.virtuoso.ade.simulationMonitor] - Started Simulation {"hostname": "dtvt_13", "processid": 3149, "history": "ExplorerRun.0", "testname": "my_lib_nmos_tb_1", "cornername": "Nominal", "point": 1, "logfile": "/home/dtvt_13/truong/logs_dtvt_13/logs0/Job61.log"}
[2026-04-12 03:21:06.623 +0700] [PROCESS] [cadence.virtuoso.ade.simulationMonitor] - Finished simulating for one point {"hostname": "dtvt_13", "processid": 3149, "history": "ExplorerRun.0", "testname": "my_lib_nmos_tb_1", "cornername": "Nominal", "point": 1, "logfile": "/home/dtvt_13/truong/logs_dtvt_13/logs0/Job61.log", "simid": "1"}
[2026-04-12 03:21:06.624 +0700] [INFO] [cadence.virtuoso.ade.simulationMonitor] - Peak resident memory used = 97.5 Mbytes. {"history": "ExplorerRun.0", "point": 1, "testname": "my_lib_nmos_tb_1", "cornername": "Nominal"}
[2026-04-12 03:21:06.624 +0700] [INFO] [cadence.virtuoso.ade.simulationMonitor] - Peak resident memory used = 106 Mbytes. {"history": "ExplorerRun.0", "point": 1, "testname": "my_lib_nmos_tb_1", "cornername": "Nominal"}
[2026-04-12 03:21:06.624 +0700] [INFO] [cadence.virtuoso.ade.simulationMonitor] - Notice from spectre during hierarchy flattening.
    The value 'psf' specified for the 'checklimitdest' option will no longer be supported in future releases. Use 'spectre -h' to see other recommended values for the 'checklimitdest' option. {"history": "ExplorerRun.0", "point": 1, "testname": "my_lib_nmos_tb_1", "cornername": "Nominal"}
[2026-04-12 03:21:06.625 +0700] [INFO] [cadence.virtuoso.ade.simulationMonitor] - Peak resident memory used = 107 Mbytes. {"history": "ExplorerRun.0", "point": 1, "testname": "my_lib_nmos_tb_1", "cornername": "Nominal"}
[2026-04-12 03:21:06.625 +0700] [INFO] [cadence.virtuoso.ade.simulationMonitor] - Notice from spectre during initial setup.
    Multithreading is disabled due to the size of the design being too small. {"history": "ExplorerRun.0", "point": 1, "testname": "my_lib_nmos_tb_1", "cornername": "Nominal"}
[2026-04-12 03:21:06.626 +0700] [INFO] [cadence.virtuoso.ade.simulationMonitor] -               nodes 8 {"history": "ExplorerRun.0", "point": 1, "testname": "my_lib_nmos_tb_1", "cornername": "Nominal"}
[2026-04-12 03:21:06.626 +0700] [INFO] [cadence.virtuoso.ade.simulationMonitor] - Notice from spectre during initial setup.
    APS enabled. {"history": "ExplorerRun.0", "point": 1, "testname": "my_lib_nmos_tb_1", "cornername": "Nominal"}
[2026-04-12 03:21:06.626 +0700] [INFO] [cadence.virtuoso.ade.simulationMonitor] - Peak resident memory used = 108 Mbytes. {"history": "ExplorerRun.0", "point": 1, "testname": "my_lib_nmos_tb_1", "cornername": "Nominal"}
[2026-04-12 03:21:06.626 +0700] [INFO] [cadence.virtuoso.ade.simulationMonitor] -    -   (APS) Multi-threading. The recommended number of threads is 1, consider adding +mt=1 on command line. {"history": "ExplorerRun.0", "point": 1, "testname": "my_lib_nmos_tb_1", "cornername": "Nominal"}
[2026-04-12 03:21:06.627 +0700] [INFO] [cadence.virtuoso.ade.simulationMonitor] - Total time required for dc analysis `dcOp': CPU = 1.769 ms, elapsed = 2.76899 ms. {"history": "ExplorerRun.0", "point": 1, "testname": "my_lib_nmos_tb_1", "cornername": "Nominal"}
[2026-04-12 03:21:06.627 +0700] [INFO] [cadence.virtuoso.ade.simulationMonitor] - Peak resident memory used = 110 Mbytes. {"history": "ExplorerRun.0", "point": 1, "testname": "my_lib_nmos_tb_1", "cornername": "Nominal"}
[2026-04-12 03:21:06.627 +0700] [INFO] [cadence.virtuoso.ade.simulationMonitor] - Notice from spectre at vg = 1.8 during DC analysis `dc'.
    The value of parameter 'vg' has been reset to the original value 0.9. {"history": "ExplorerRun.0", "point": 1, "testname": "my_lib_nmos_tb_1", "cornername": "Nominal"}
[2026-04-12 03:21:06.627 +0700] [INFO] [cadence.virtuoso.ade.simulationMonitor] - Total time required for dc analysis `dc': CPU = 5.407 ms, elapsed = 6.45804 ms. {"history": "ExplorerRun.0", "point": 1, "testname": "my_lib_nmos_tb_1", "cornername": "Nominal"}
[2026-04-12 03:21:06.627 +0700] [INFO] [cadence.virtuoso.ade.simulationMonitor] - Peak resident memory used = 111 Mbytes. {"history": "ExplorerRun.0", "point": 1, "testname": "my_lib_nmos_tb_1", "cornername": "Nominal"}
[2026-04-12 03:21:06.627 +0700] [INFO] [cadence.virtuoso.ade.simulationMonitor] - Time used: CPU = 679 ms, elapsed = 25.7 s, util. = 2.65%. {"history": "ExplorerRun.0", "point": 1, "testname": "my_lib_nmos_tb_1", "cornername": "Nominal"}
[2026-04-12 03:21:06.627 +0700] [INFO] [cadence.virtuoso.ade.simulationMonitor] - Time spent in licensing: elapsed = 20.3 s, percentage of total = 79%. {"history": "ExplorerRun.0", "point": 1, "testname": "my_lib_nmos_tb_1", "cornername": "Nominal"}
[2026-04-12 03:21:06.628 +0700] [INFO] [cadence.virtuoso.ade.simulationMonitor] - Peak memory used = 112 Mbytes. {"history": "ExplorerRun.0", "point": 1, "testname": "my_lib_nmos_tb_1", "cornername": "Nominal"}
[2026-04-12 03:21:06.628 +0700] [PROCESS] [cadence.virtuoso.ade.simulationMonitor] - Simulation started at: 3:20:40 AM, Sun Apr 12, 2026, ended at: 3:21:06 AM, Sun Apr 12, 2026, with elapsed time (wall clock): 25.7 s. {"history": "ExplorerRun.0", "point": 1, "testname": "my_lib_nmos_tb_1", "cornername": "Nominal"}
[2026-04-12 03:21:06.628 +0700] [PROCESS] [cadence.virtuoso.ade.simulationMonitor] - spectre completes with 0 errors, 0 warnings, and 5 notices. {"history": "ExplorerRun.0", "point": 1, "testname": "my_lib_nmos_tb_1", "cornername": "Nominal"}
[2026-04-12 03:21:06.628 +0700] [PROCESS] [cadence.virtuoso.ade.simulationMonitor] - Simulator exited {"hostname": "dtvt_13", "processid": 3149, "history": "ExplorerRun.0", "testname": "my_lib_nmos_tb_1", "cornername": "Nominal", "point": 1, "logfile": "/home/dtvt_13/truong/logs_dtvt_13/logs0/Job61.log", "exitStatus": "0"}
[2026-04-12 03:21:06.628 +0700] [PROCESS] [cadence.virtuoso.ade.simulationMonitor] - Finished Simulation {"hostname": "dtvt_13", "processid": 3149, "history": "ExplorerRun.0", "testname": "my_lib_nmos_tb_1", "cornername": "Nominal", "point": 1, "logfile": "/home/dtvt_13/truong/logs_dtvt_13/logs0/Job61.log", "simid": "1"}
[2026-04-12 03:21:07.141 +0700] [PROCESS] [cadence.virtuoso.ade.simulationMonitor] - Point Finished {"hostname": "dtvt_13", "processid": 3149, "history": "ExplorerRun.0", "testname": "my_lib_nmos_tb_1", "cornername": "Nominal", "point": 1, "logfile": "/home/dtvt_13/truong/logs_dtvt_13/logs0/Job61.log"}
[2026-04-12 03:21:07.174 +0700] [PROCESS] [cadence.virtuoso.ade.simulationMonitor] - HostInfo:
Host name (type):	dtvt_13 (x86_64)
Operating system:	Linux 3.10.0-1160.118.1.el7.x86_64 #1 SMP Wed Apr 24 16:01:50 UTC 2024 {"hostname": "dtvt_13", "processid": 3149, "history": "ExplorerRun.0", "testname": "my_lib_nmos_tb_1", "cornername": "Nominal", "point": 1, "logfile": "/home/dtvt_13/truong/logs_dtvt_13/logs0/Job61.log", "nodename": "dtvt_13", "domainname": "(none)", "machine": "x86_64", "sysname": "Linux", "release": "3.10.0-1160.118.1.el7.x86_64", "version": "#1 SMP Wed Apr 24 16:01:50 UTC 2024"}
[2026-04-12 03:21:07.175 +0700] [PROCESS] [cadence.virtuoso.ade.simulationMonitor] - UsageInfo:
pid=3149
totalPhysicalMemory=15.208324GB,Used=14.978844GB,totalVirtualMemory=22.895821GB,Used=15.037682GB
Cpu: Cores=24, Load average:0.420000,0.380000,0.360000 {"hostname": "dtvt_13", "processid": 3149, "history": "ExplorerRun.0", "testname": "my_lib_nmos_tb_1", "cornername": "Nominal", "point": 1, "logfile": "/home/dtvt_13/truong/logs_dtvt_13/logs0/Job61.log", "pid": "3149", "totalPhysicalMemory": "15.208324", "physicalMemoryUsed": "14.978844", "totalVirtualMemory": "22.895821", "virtualMemoryUsed": "15.037682", "cpuCores": "24", "processes": "2751", "loadAverage1": "0.420000", "loadAverage5": "0.380000", "loadAverage15": "0.360000", "loadAverage1Percent": "0.017500"}
[2026-04-12 03:21:07.175 +0700] [EVENT] [cadence.virtuoso.ade.simulationMonitor] - NewPoint {"history": "ExplorerRun.0", "point": 2, "testname": "my_lib_nmos_tb_1", "cornername": "Nominal", "event": "NewPoint", "EventSource": "Simulation Monitor", "HistoryName": "ExplorerRun.0", "logFile": "/home/dtvt_13/truong/logs_dtvt_13/logs0/Job61.log", "logFileSize": "11357"}
[2026-04-12 03:21:07.276 +0700] [EVENT] [cadence.virtuoso.ade.simulationMonitor] - NewPoint {"history": "ExplorerRun.0", "point": 2, "testname": "my_lib_nmos_tb_1", "cornername": "Nominal", "event": "NewPoint", "EventSource": "spectre", "HistoryName": "ExplorerRun.0", "logFile": "/home/dtvt_13/simulation/my_lib/nmos_tb/maestro/results/maestro/ExplorerRun.0/2/my_lib_nmos_tb_1/psf/spectre.out", "logFileSize": "-1"}
[2026-04-12 03:21:07.285 +0700] [PROCESS] [cadence.virtuoso.ade.simulationMonitor] - Simulator launched {"hostname": "dtvt_13", "processid": 3149, "history": "ExplorerRun.0", "testname": "my_lib_nmos_tb_1", "cornername": "Nominal", "point": 2, "logfile": "/home/dtvt_13/truong/logs_dtvt_13/logs0/Job61.log", "simid": "2"}
[2026-04-12 03:21:07.286 +0700] [PROCESS] [cadence.virtuoso.ade.simulationMonitor] - Started Simulation {"hostname": "dtvt_13", "processid": 3149, "history": "ExplorerRun.0", "testname": "my_lib_nmos_tb_1", "cornername": "Nominal", "point": 2, "logfile": "/home/dtvt_13/truong/logs_dtvt_13/logs0/Job61.log"}
[2026-04-12 03:21:28.682 +0700] [PROCESS] [cadence.virtuoso.ade.simulationMonitor] - Finished simulating for one point {"hostname": "dtvt_13", "processid": 3149, "history": "ExplorerRun.0", "testname": "my_lib_nmos_tb_1", "cornername": "Nominal", "point": 2, "logfile": "/home/dtvt_13/truong/logs_dtvt_13/logs0/Job61.log", "simid": "2"}
[2026-04-12 03:21:28.682 +0700] [INFO] [cadence.virtuoso.ade.simulationMonitor] - Peak resident memory used = 96 Mbytes. {"history": "ExplorerRun.0", "point": 2, "testname": "my_lib_nmos_tb_1", "cornername": "Nominal"}
[2026-04-12 03:21:28.683 +0700] [INFO] [cadence.virtuoso.ade.simulationMonitor] - Peak resident memory used = 105 Mbytes. {"history": "ExplorerRun.0", "point": 2, "testname": "my_lib_nmos_tb_1", "cornername": "Nominal"}
[2026-04-12 03:21:28.683 +0700] [INFO] [cadence.virtuoso.ade.simulationMonitor] - Notice from spectre during hierarchy flattening.
    The value 'psf' specified for the 'checklimitdest' option will no longer be supported in future releases. Use 'spectre -h' to see other recommended values for the 'checklimitdest' option. {"history": "ExplorerRun.0", "point": 2, "testname": "my_lib_nmos_tb_1", "cornername": "Nominal"}
[2026-04-12 03:21:28.683 +0700] [INFO] [cadence.virtuoso.ade.simulationMonitor] - Peak resident memory used = 105 Mbytes. {"history": "ExplorerRun.0", "point": 2, "testname": "my_lib_nmos_tb_1", "cornername": "Nominal"}
[2026-04-12 03:21:28.683 +0700] [INFO] [cadence.virtuoso.ade.simulationMonitor] - Notice from spectre during initial setup.
    Multithreading is disabled due to the size of the design being too small. {"history": "ExplorerRun.0", "point": 2, "testname": "my_lib_nmos_tb_1", "cornername": "Nominal"}
[2026-04-12 03:21:28.684 +0700] [INFO] [cadence.virtuoso.ade.simulationMonitor] -               nodes 8 {"history": "ExplorerRun.0", "point": 2, "testname": "my_lib_nmos_tb_1", "cornername": "Nominal"}
[2026-04-12 03:21:28.684 +0700] [INFO] [cadence.virtuoso.ade.simulationMonitor] - Notice from spectre during initial setup.
    APS enabled. {"history": "ExplorerRun.0", "point": 2, "testname": "my_lib_nmos_tb_1", "cornername": "Nominal"}
[2026-04-12 03:21:28.684 +0700] [INFO] [cadence.virtuoso.ade.simulationMonitor] - Peak resident memory used = 107 Mbytes. {"history": "ExplorerRun.0", "point": 2, "testname": "my_lib_nmos_tb_1", "cornername": "Nominal"}
[2026-04-12 03:21:28.684 +0700] [INFO] [cadence.virtuoso.ade.simulationMonitor] -    -   (APS) Multi-threading. The recommended number of threads is 1, consider adding +mt=1 on command line. {"history": "ExplorerRun.0", "point": 2, "testname": "my_lib_nmos_tb_1", "cornername": "Nominal"}
[2026-04-12 03:21:28.684 +0700] [INFO] [cadence.virtuoso.ade.simulationMonitor] - Total time required for dc analysis `dcOp': CPU = 1.177 ms, elapsed = 2.19798 ms. {"history": "ExplorerRun.0", "point": 2, "testname": "my_lib_nmos_tb_1", "cornername": "Nominal"}
[2026-04-12 03:21:28.685 +0700] [INFO] [cadence.virtuoso.ade.simulationMonitor] - Peak resident memory used = 109 Mbytes. {"history": "ExplorerRun.0", "point": 2, "testname": "my_lib_nmos_tb_1", "cornername": "Nominal"}
[2026-04-12 03:21:28.685 +0700] [INFO] [cadence.virtuoso.ade.simulationMonitor] - Notice from spectre at vg = 1.8 during DC analysis `dc'.
    The value of parameter 'vg' has been reset to the original value 0.9. {"history": "ExplorerRun.0", "point": 2, "testname": "my_lib_nmos_tb_1", "cornername": "Nominal"}
[2026-04-12 03:21:28.685 +0700] [INFO] [cadence.virtuoso.ade.simulationMonitor] - Total time required for dc analysis `dc': CPU = 5.362 ms, elapsed = 6.43206 ms. {"history": "ExplorerRun.0", "point": 2, "testname": "my_lib_nmos_tb_1", "cornername": "Nominal"}
[2026-04-12 03:21:28.685 +0700] [INFO] [cadence.virtuoso.ade.simulationMonitor] - Peak resident memory used = 110 Mbytes. {"history": "ExplorerRun.0", "point": 2, "testname": "my_lib_nmos_tb_1", "cornername": "Nominal"}
[2026-04-12 03:21:28.685 +0700] [INFO] [cadence.virtuoso.ade.simulationMonitor] - Time used: CPU = 536 ms, elapsed = 20.8 s, util. = 2.58%. {"history": "ExplorerRun.0", "point": 2, "testname": "my_lib_nmos_tb_1", "cornername": "Nominal"}
[2026-04-12 03:21:28.685 +0700] [INFO] [cadence.virtuoso.ade.simulationMonitor] - Time spent in licensing: elapsed = 20.3 s, percentage of total = 97.6%. {"history": "ExplorerRun.0", "point": 2, "testname": "my_lib_nmos_tb_1", "cornername": "Nominal"}
[2026-04-12 03:21:28.685 +0700] [INFO] [cadence.virtuoso.ade.simulationMonitor] - Peak memory used = 111 Mbytes. {"history": "ExplorerRun.0", "point": 2, "testname": "my_lib_nmos_tb_1", "cornername": "Nominal"}
[2026-04-12 03:21:28.686 +0700] [PROCESS] [cadence.virtuoso.ade.simulationMonitor] - Simulation started at: 3:21:07 AM, Sun Apr 12, 2026, ended at: 3:21:28 AM, Sun Apr 12, 2026, with elapsed time (wall clock): 20.8 s. {"history": "ExplorerRun.0", "point": 2, "testname": "my_lib_nmos_tb_1", "cornername": "Nominal"}
[2026-04-12 03:21:28.686 +0700] [PROCESS] [cadence.virtuoso.ade.simulationMonitor] - spectre completes with 0 errors, 0 warnings, and 5 notices. {"history": "ExplorerRun.0", "point": 2, "testname": "my_lib_nmos_tb_1", "cornername": "Nominal"}
[2026-04-12 03:21:28.686 +0700] [PROCESS] [cadence.virtuoso.ade.simulationMonitor] - Simulator exited {"hostname": "dtvt_13", "processid": 3149, "history": "ExplorerRun.0", "testname": "my_lib_nmos_tb_1", "cornername": "Nominal", "point": 2, "logfile": "/home/dtvt_13/truong/logs_dtvt_13/logs0/Job61.log", "exitStatus": "0"}
[2026-04-12 03:21:28.686 +0700] [PROCESS] [cadence.virtuoso.ade.simulationMonitor] - Finished Simulation {"hostname": "dtvt_13", "processid": 3149, "history": "ExplorerRun.0", "testname": "my_lib_nmos_tb_1", "cornername": "Nominal", "point": 2, "logfile": "/home/dtvt_13/truong/logs_dtvt_13/logs0/Job61.log", "simid": "2"}
[2026-04-12 03:21:29.199 +0700] [PROCESS] [cadence.virtuoso.ade.simulationMonitor] - Point Finished {"hostname": "dtvt_13", "processid": 3149, "history": "ExplorerRun.0", "testname": "my_lib_nmos_tb_1", "cornername": "Nominal", "point": 2, "logfile": "/home/dtvt_13/truong/logs_dtvt_13/logs0/Job61.log"}
[2026-04-12 03:21:29.206 +0700] [PROCESS] [cadence.virtuoso.ade.simulationMonitor] - HostInfo:
Host name (type):	dtvt_13 (x86_64)
Operating system:	Linux 3.10.0-1160.118.1.el7.x86_64 #1 SMP Wed Apr 24 16:01:50 UTC 2024 {"hostname": "dtvt_13", "processid": 3149, "history": "ExplorerRun.0", "testname": "my_lib_nmos_tb_1", "cornername": "Nominal", "point": 2, "logfile": "/home/dtvt_13/truong/logs_dtvt_13/logs0/Job61.log", "nodename": "dtvt_13", "domainname": "(none)", "machine": "x86_64", "sysname": "Linux", "release": "3.10.0-1160.118.1.el7.x86_64", "version": "#1 SMP Wed Apr 24 16:01:50 UTC 2024"}
[2026-04-12 03:21:29.207 +0700] [PROCESS] [cadence.virtuoso.ade.simulationMonitor] - UsageInfo:
pid=3149
totalPhysicalMemory=15.208324GB,Used=14.977322GB,totalVirtualMemory=22.895821GB,Used=15.036160GB
Cpu: Cores=24, Load average:0.300000,0.360000,0.350000 {"hostname": "dtvt_13", "processid": 3149, "history": "ExplorerRun.0", "testname": "my_lib_nmos_tb_1", "cornername": "Nominal", "point": 2, "logfile": "/home/dtvt_13/truong/logs_dtvt_13/logs0/Job61.log", "pid": "3149", "totalPhysicalMemory": "15.208324", "physicalMemoryUsed": "14.977322", "totalVirtualMemory": "22.895821", "virtualMemoryUsed": "15.036160", "cpuCores": "24", "processes": "2745", "loadAverage1": "0.300000", "loadAverage5": "0.360000", "loadAverage15": "0.350000", "loadAverage1Percent": "0.012500"}
[2026-04-12 03:21:29.208 +0700] [EVENT] [cadence.virtuoso.ade.simulationMonitor] - NewPoint {"history": "ExplorerRun.0", "point": 3, "testname": "my_lib_nmos_tb_1", "cornername": "Nominal", "event": "NewPoint", "EventSource": "Simulation Monitor", "HistoryName": "ExplorerRun.0", "logFile": "/home/dtvt_13/truong/logs_dtvt_13/logs0/Job61.log", "logFileSize": "20303"}
[2026-04-12 03:21:29.312 +0700] [EVENT] [cadence.virtuoso.ade.simulationMonitor] - NewPoint {"history": "ExplorerRun.0", "point": 3, "testname": "my_lib_nmos_tb_1", "cornername": "Nominal", "event": "NewPoint", "EventSource": "spectre", "HistoryName": "ExplorerRun.0", "logFile": "/home/dtvt_13/simulation/my_lib/nmos_tb/maestro/results/maestro/ExplorerRun.0/3/my_lib_nmos_tb_1/psf/spectre.out", "logFileSize": "-1"}
[2026-04-12 03:21:29.321 +0700] [PROCESS] [cadence.virtuoso.ade.simulationMonitor] - Simulator launched {"hostname": "dtvt_13", "processid": 3149, "history": "ExplorerRun.0", "testname": "my_lib_nmos_tb_1", "cornername": "Nominal", "point": 3, "logfile": "/home/dtvt_13/truong/logs_dtvt_13/logs0/Job61.log", "simid": "3"}
[2026-04-12 03:21:29.321 +0700] [PROCESS] [cadence.virtuoso.ade.simulationMonitor] - Started Simulation {"hostname": "dtvt_13", "processid": 3149, "history": "ExplorerRun.0", "testname": "my_lib_nmos_tb_1", "cornername": "Nominal", "point": 3, "logfile": "/home/dtvt_13/truong/logs_dtvt_13/logs0/Job61.log"}
[2026-04-12 03:21:50.714 +0700] [PROCESS] [cadence.virtuoso.ade.simulationMonitor] - Finished simulating for one point {"hostname": "dtvt_13", "processid": 3149, "history": "ExplorerRun.0", "testname": "my_lib_nmos_tb_1", "cornername": "Nominal", "point": 3, "logfile": "/home/dtvt_13/truong/logs_dtvt_13/logs0/Job61.log", "simid": "3"}
[2026-04-12 03:21:50.714 +0700] [INFO] [cadence.virtuoso.ade.simulationMonitor] - Peak resident memory used = 96 Mbytes. {"history": "ExplorerRun.0", "point": 3, "testname": "my_lib_nmos_tb_1", "cornername": "Nominal"}
[2026-04-12 03:21:50.714 +0700] [INFO] [cadence.virtuoso.ade.simulationMonitor] - Peak resident memory used = 105 Mbytes. {"history": "ExplorerRun.0", "point": 3, "testname": "my_lib_nmos_tb_1", "cornername": "Nominal"}
[2026-04-12 03:21:50.715 +0700] [INFO] [cadence.virtuoso.ade.simulationMonitor] - Notice from spectre during hierarchy flattening.
    The value 'psf' specified for the 'checklimitdest' option will no longer be supported in future releases. Use 'spectre -h' to see other recommended values for the 'checklimitdest' option. {"history": "ExplorerRun.0", "point": 3, "testname": "my_lib_nmos_tb_1", "cornername": "Nominal"}
[2026-04-12 03:21:50.715 +0700] [INFO] [cadence.virtuoso.ade.simulationMonitor] - Peak resident memory used = 105 Mbytes. {"history": "ExplorerRun.0", "point": 3, "testname": "my_lib_nmos_tb_1", "cornername": "Nominal"}
[2026-04-12 03:21:50.715 +0700] [ERROR] [cadence.virtuoso.ade.simulationMonitor] -     ERROR (CMI-2440): "/home/dtvt_13/WORK/65NTSMC/tsmcN65/../models/spectre/crn65gplus_2d5_lk_v1d0.scs" 5860: M0:  The length, width, or area of the instance does not fit the given lmax-lmin, wmax-wmin, or areamax-areamin range for any model in the `M0.nch_rf_18' group. The channel width is 6.000000e-06 and length is 4.800000e-07. Specify channel width and length that do not exceed the referenced maximal area Lmax=3.801000e-07, Lmin=2.600000e-07, Wmax=1.001000e-05,and Wmin=1.000000e-06. You can choose the ... {"history": "ExplorerRun.0", "point": 3, "testname": "my_lib_nmos_tb_1", "cornername": "Nominal"}
[2026-04-12 03:21:50.716 +0700] [INFO] [cadence.virtuoso.ade.simulationMonitor] - Time used: CPU = 499 ms, elapsed = 20.7 s, util. = 2.41%. {"history": "ExplorerRun.0", "point": 3, "testname": "my_lib_nmos_tb_1", "cornername": "Nominal"}
[2026-04-12 03:21:50.716 +0700] [INFO] [cadence.virtuoso.ade.simulationMonitor] - Time spent in licensing: elapsed = 20.3 s, percentage of total = 97.9%. {"history": "ExplorerRun.0", "point": 3, "testname": "my_lib_nmos_tb_1", "cornername": "Nominal"}
[2026-04-12 03:21:50.716 +0700] [INFO] [cadence.virtuoso.ade.simulationMonitor] - Peak memory used = 106 Mbytes. {"history": "ExplorerRun.0", "point": 3, "testname": "my_lib_nmos_tb_1", "cornername": "Nominal"}
[2026-04-12 03:21:50.717 +0700] [PROCESS] [cadence.virtuoso.ade.simulationMonitor] - Simulation started at: 3:21:29 AM, Sun Apr 12, 2026, ended at: 3:21:50 AM, Sun Apr 12, 2026, with elapsed time (wall clock): 20.7 s. {"history": "ExplorerRun.0", "point": 3, "testname": "my_lib_nmos_tb_1", "cornername": "Nominal"}
[2026-04-12 03:21:50.717 +0700] [PROCESS] [cadence.virtuoso.ade.simulationMonitor] - spectre completes with 1 error, 0 warnings, and 1 notice. {"history": "ExplorerRun.0", "point": 3, "testname": "my_lib_nmos_tb_1", "cornername": "Nominal"}
[2026-04-12 03:21:50.717 +0700] [FATAL] [cadence.virtuoso.ade.simulationMonitor] - spectre terminated prematurely due to fatal error. {"history": "ExplorerRun.0", "point": 3, "testname": "my_lib_nmos_tb_1", "cornername": "Nominal"}
[2026-04-12 03:21:50.717 +0700] [ERROR] [cadence.virtuoso.ade.simulationMonitor] - While simulating run ExplorerRun.0, point 3, test my_lib_nmos_tb_1, received error:
Simulation Error:
 The simulator process returned a non-zero exit code, indicating failure.
The simulator could have crashed or intentionally returned to indicate an error.
Check the simulator log file for more information.  Common causes:
1. Simulator may have crashed during exit even after reporting success in log file.
2. Abrupt automatic simulator termination (e.g., SIGKILL) because the simulator process has
   exceeded... {"history": "ExplorerRun.0", "point": 3, "testname": "my_lib_nmos_tb_1", "cornername": "Nominal"}
[2026-04-12 03:21:50.718 +0700] [PROCESS] [cadence.virtuoso.ade.simulationMonitor] - Finished Simulation {"hostname": "dtvt_13", "processid": 3149, "history": "ExplorerRun.0", "testname": "my_lib_nmos_tb_1", "cornername": "Nominal", "point": 3, "logfile": "/home/dtvt_13/truong/logs_dtvt_13/logs0/Job61.log", "simid": "3"}
[2026-04-12 03:25:28.745 +0700] [INFO] [cadence.virtuoso.ade.simulationMonitor] - SimulationMonitor has terminated the vds process '3230', reason: 'Force to stop the expression evalutor process because of new run' {"history": "ExplorerRun.0", "point": 3, "testname": "my_lib_nmos_tb_1", "cornername": "Nominal"}
[2026-04-12 03:25:28.746 +0700] [PROCESS] [cadence.virtuoso.ade.simulationMonitor] - HostInfo:
Host name (type):	dtvt_13 (x86_64)
Operating system:	Linux 3.10.0-1160.118.1.el7.x86_64 #1 SMP Wed Apr 24 16:01:50 UTC 2024 {"hostname": "dtvt_13", "processid": 3149, "history": "ExplorerRun.0", "testname": "my_lib_nmos_tb_1", "cornername": "Nominal", "point": 3, "logfile": "/home/dtvt_13/truong/logs_dtvt_13/logs0/Job61.log", "nodename": "dtvt_13", "domainname": "(none)", "machine": "x86_64", "sysname": "Linux", "release": "3.10.0-1160.118.1.el7.x86_64", "version": "#1 SMP Wed Apr 24 16:01:50 UTC 2024"}
[2026-04-12 03:25:28.746 +0700] [PROCESS] [cadence.virtuoso.ade.simulationMonitor] - UsageInfo:
pid=3149
totalPhysicalMemory=15.208324GB,Used=14.790726GB,totalVirtualMemory=22.895821GB,Used=14.849564GB
Cpu: Cores=24, Load average:0.370000,0.320000,0.340000 {"hostname": "dtvt_13", "processid": 3149, "history": "ExplorerRun.0", "testname": "my_lib_nmos_tb_1", "cornername": "Nominal", "point": 3, "logfile": "/home/dtvt_13/truong/logs_dtvt_13/logs0/Job61.log", "pid": "3149", "totalPhysicalMemory": "15.208324", "physicalMemoryUsed": "14.790726", "totalVirtualMemory": "22.895821", "virtualMemoryUsed": "14.849564", "cpuCores": "24", "processes": "2722", "loadAverage1": "0.370000", "loadAverage5": "0.320000", "loadAverage15": "0.340000", "loadAverage1Percent": "0.015417"}
[2026-04-12 03:25:28.746 +0700] [EVENT] [cadence.virtuoso.ade.simulationMonitor] - NewPoint {"history": "ExplorerRun.0", "point": 1, "testname": "my_lib_nmos_tb_1", "cornername": "Nominal", "event": "NewPoint", "EventSource": "Simulation Monitor", "HistoryName": "ExplorerRun.0", "logFile": "/home/dtvt_13/truong/logs_dtvt_13/logs0/Job61.log", "logFileSize": "28031"}
[2026-04-12 03:25:28.847 +0700] [EVENT] [cadence.virtuoso.ade.simulationMonitor] - NewPoint {"history": "ExplorerRun.0", "point": 1, "testname": "my_lib_nmos_tb_1", "cornername": "Nominal", "event": "NewPoint", "EventSource": "spectre", "HistoryName": "ExplorerRun.0", "logFile": "/home/dtvt_13/simulation/my_lib/nmos_tb/maestro/results/maestro/ExplorerRun.0/1/my_lib_nmos_tb_1/psf/spectre.out", "logFileSize": "-1"}
[2026-04-12 03:25:28.857 +0700] [PROCESS] [cadence.virtuoso.ade.simulationMonitor] - Simulator launched {"hostname": "dtvt_13", "processid": 3149, "history": "ExplorerRun.0", "testname": "my_lib_nmos_tb_1", "cornername": "Nominal", "point": 1, "logfile": "/home/dtvt_13/truong/logs_dtvt_13/logs0/Job61.log", "simid": "4"}
[2026-04-12 03:25:28.861 +0700] [PROCESS] [cadence.virtuoso.ade.simulationMonitor] - Expression evaluator launched {"hostname": "dtvt_13", "processid": 3149, "history": "ExplorerRun.0", "testname": "my_lib_nmos_tb_1", "cornername": "Nominal", "point": 1, "logfile": "/home/dtvt_13/truong/logs_dtvt_13/logs0/Job61.log"}
[2026-04-12 03:25:28.866 +0700] [PROCESS] [cadence.virtuoso.ade.simulationMonitor] - Started Simulation {"hostname": "dtvt_13", "processid": 3149, "history": "ExplorerRun.0", "testname": "my_lib_nmos_tb_1", "cornername": "Nominal", "point": 1, "logfile": "/home/dtvt_13/truong/logs_dtvt_13/logs0/Job61.log"}
[2026-04-12 03:25:50.745 +0700] [PROCESS] [cadence.virtuoso.ade.simulationMonitor] - Finished simulating for one point {"hostname": "dtvt_13", "processid": 3149, "history": "ExplorerRun.0", "testname": "my_lib_nmos_tb_1", "cornername": "Nominal", "point": 1, "logfile": "/home/dtvt_13/truong/logs_dtvt_13/logs0/Job61.log", "simid": "4"}
[2026-04-12 03:25:50.746 +0700] [INFO] [cadence.virtuoso.ade.simulationMonitor] - Peak resident memory used = 96 Mbytes. {"history": "ExplorerRun.0", "point": 1, "testname": "my_lib_nmos_tb_1", "cornername": "Nominal"}
[2026-04-12 03:25:50.746 +0700] [INFO] [cadence.virtuoso.ade.simulationMonitor] - Peak resident memory used = 104 Mbytes. {"history": "ExplorerRun.0", "point": 1, "testname": "my_lib_nmos_tb_1", "cornername": "Nominal"}
[2026-04-12 03:25:50.747 +0700] [INFO] [cadence.virtuoso.ade.simulationMonitor] - Notice from spectre during hierarchy flattening.
    The value 'psf' specified for the 'checklimitdest' option will no longer be supported in future releases. Use 'spectre -h' to see other recommended values for the 'checklimitdest' option. {"history": "ExplorerRun.0", "point": 1, "testname": "my_lib_nmos_tb_1", "cornername": "Nominal"}
[2026-04-12 03:25:50.747 +0700] [INFO] [cadence.virtuoso.ade.simulationMonitor] - Peak resident memory used = 105 Mbytes. {"history": "ExplorerRun.0", "point": 1, "testname": "my_lib_nmos_tb_1", "cornername": "Nominal"}
[2026-04-12 03:25:50.748 +0700] [INFO] [cadence.virtuoso.ade.simulationMonitor] - Notice from spectre during initial setup.
    Multithreading is disabled due to the size of the design being too small. {"history": "ExplorerRun.0", "point": 1, "testname": "my_lib_nmos_tb_1", "cornername": "Nominal"}
[2026-04-12 03:25:50.749 +0700] [INFO] [cadence.virtuoso.ade.simulationMonitor] -               nodes 8 {"history": "ExplorerRun.0", "point": 1, "testname": "my_lib_nmos_tb_1", "cornername": "Nominal"}
[2026-04-12 03:25:50.749 +0700] [INFO] [cadence.virtuoso.ade.simulationMonitor] - Notice from spectre during initial setup.
    APS enabled. {"history": "ExplorerRun.0", "point": 1, "testname": "my_lib_nmos_tb_1", "cornername": "Nominal"}
[2026-04-12 03:25:50.750 +0700] [INFO] [cadence.virtuoso.ade.simulationMonitor] - Peak resident memory used = 107 Mbytes. {"history": "ExplorerRun.0", "point": 1, "testname": "my_lib_nmos_tb_1", "cornername": "Nominal"}
[2026-04-12 03:25:50.750 +0700] [INFO] [cadence.virtuoso.ade.simulationMonitor] -    -   (APS) Multi-threading. The recommended number of threads is 1, consider adding +mt=1 on command line. {"history": "ExplorerRun.0", "point": 1, "testname": "my_lib_nmos_tb_1", "cornername": "Nominal"}
[2026-04-12 03:25:50.750 +0700] [INFO] [cadence.virtuoso.ade.simulationMonitor] - Total time required for dc analysis `dcOp': CPU = 2.098 ms, elapsed = 3.13711 ms. {"history": "ExplorerRun.0", "point": 1, "testname": "my_lib_nmos_tb_1", "cornername": "Nominal"}
[2026-04-12 03:25:50.750 +0700] [INFO] [cadence.virtuoso.ade.simulationMonitor] - Peak resident memory used = 109 Mbytes. {"history": "ExplorerRun.0", "point": 1, "testname": "my_lib_nmos_tb_1", "cornername": "Nominal"}
[2026-04-12 03:25:50.751 +0700] [INFO] [cadence.virtuoso.ade.simulationMonitor] - Notice from spectre at vg = 1.8 during DC analysis `dc'.
    The value of parameter 'vg' has been reset to the original value 0.9. {"history": "ExplorerRun.0", "point": 1, "testname": "my_lib_nmos_tb_1", "cornername": "Nominal"}
[2026-04-12 03:25:50.751 +0700] [INFO] [cadence.virtuoso.ade.simulationMonitor] - Total time required for dc analysis `dc': CPU = 10.642 ms, elapsed = 11.754 ms. {"history": "ExplorerRun.0", "point": 1, "testname": "my_lib_nmos_tb_1", "cornername": "Nominal"}
[2026-04-12 03:25:50.751 +0700] [INFO] [cadence.virtuoso.ade.simulationMonitor] - Peak resident memory used = 110 Mbytes. {"history": "ExplorerRun.0", "point": 1, "testname": "my_lib_nmos_tb_1", "cornername": "Nominal"}
[2026-04-12 03:25:50.751 +0700] [INFO] [cadence.virtuoso.ade.simulationMonitor] - Time used: CPU = 516 ms, elapsed = 21.3 s, util. = 2.43%. {"history": "ExplorerRun.0", "point": 1, "testname": "my_lib_nmos_tb_1", "cornername": "Nominal"}
[2026-04-12 03:25:50.751 +0700] [INFO] [cadence.virtuoso.ade.simulationMonitor] - Time spent in licensing: elapsed = 20.7 s, percentage of total = 97.3%. {"history": "ExplorerRun.0", "point": 1, "testname": "my_lib_nmos_tb_1", "cornername": "Nominal"}
[2026-04-12 03:25:50.752 +0700] [INFO] [cadence.virtuoso.ade.simulationMonitor] - Peak memory used = 111 Mbytes. {"history": "ExplorerRun.0", "point": 1, "testname": "my_lib_nmos_tb_1", "cornername": "Nominal"}
[2026-04-12 03:25:50.752 +0700] [PROCESS] [cadence.virtuoso.ade.simulationMonitor] - Simulation started at: 3:25:29 AM, Sun Apr 12, 2026, ended at: 3:25:50 AM, Sun Apr 12, 2026, with elapsed time (wall clock): 21.3 s. {"history": "ExplorerRun.0", "point": 1, "testname": "my_lib_nmos_tb_1", "cornername": "Nominal"}
[2026-04-12 03:25:50.752 +0700] [PROCESS] [cadence.virtuoso.ade.simulationMonitor] - spectre completes with 0 errors, 0 warnings, and 5 notices. {"history": "ExplorerRun.0", "point": 1, "testname": "my_lib_nmos_tb_1", "cornername": "Nominal"}
[2026-04-12 03:25:50.752 +0700] [PROCESS] [cadence.virtuoso.ade.simulationMonitor] - Simulator exited {"hostname": "dtvt_13", "processid": 3149, "history": "ExplorerRun.0", "testname": "my_lib_nmos_tb_1", "cornername": "Nominal", "point": 1, "logfile": "/home/dtvt_13/truong/logs_dtvt_13/logs0/Job61.log", "exitStatus": "0"}
[2026-04-12 03:25:50.752 +0700] [PROCESS] [cadence.virtuoso.ade.simulationMonitor] - Finished Simulation {"hostname": "dtvt_13", "processid": 3149, "history": "ExplorerRun.0", "testname": "my_lib_nmos_tb_1", "cornername": "Nominal", "point": 1, "logfile": "/home/dtvt_13/truong/logs_dtvt_13/logs0/Job61.log", "simid": "4"}
[2026-04-12 03:25:51.768 +0700] [PROCESS] [cadence.virtuoso.ade.simulationMonitor] - Point Finished {"hostname": "dtvt_13", "processid": 3149, "history": "ExplorerRun.0", "testname": "my_lib_nmos_tb_1", "cornername": "Nominal", "point": 1, "logfile": "/home/dtvt_13/truong/logs_dtvt_13/logs0/Job61.log"}
[2026-04-12 03:25:51.799 +0700] [PROCESS] [cadence.virtuoso.ade.simulationMonitor] - HostInfo:
Host name (type):	dtvt_13 (x86_64)
Operating system:	Linux 3.10.0-1160.118.1.el7.x86_64 #1 SMP Wed Apr 24 16:01:50 UTC 2024 {"hostname": "dtvt_13", "processid": 3149, "history": "ExplorerRun.0", "testname": "my_lib_nmos_tb_1", "cornername": "Nominal", "point": 1, "logfile": "/home/dtvt_13/truong/logs_dtvt_13/logs0/Job61.log", "nodename": "dtvt_13", "domainname": "(none)", "machine": "x86_64", "sysname": "Linux", "release": "3.10.0-1160.118.1.el7.x86_64", "version": "#1 SMP Wed Apr 24 16:01:50 UTC 2024"}
[2026-04-12 03:25:51.799 +0700] [PROCESS] [cadence.virtuoso.ade.simulationMonitor] - UsageInfo:
pid=3149
totalPhysicalMemory=15.208324GB,Used=14.952003GB,totalVirtualMemory=22.895821GB,Used=15.010841GB
Cpu: Cores=24, Load average:0.500000,0.360000,0.350000 {"hostname": "dtvt_13", "processid": 3149, "history": "ExplorerRun.0", "testname": "my_lib_nmos_tb_1", "cornername": "Nominal", "point": 1, "logfile": "/home/dtvt_13/truong/logs_dtvt_13/logs0/Job61.log", "pid": "3149", "totalPhysicalMemory": "15.208324", "physicalMemoryUsed": "14.952003", "totalVirtualMemory": "22.895821", "virtualMemoryUsed": "15.010841", "cpuCores": "24", "processes": "2752", "loadAverage1": "0.500000", "loadAverage5": "0.360000", "loadAverage15": "0.350000", "loadAverage1Percent": "0.020833"}
[2026-04-12 03:25:51.800 +0700] [EVENT] [cadence.virtuoso.ade.simulationMonitor] - NewPoint {"history": "ExplorerRun.0", "point": 2, "testname": "my_lib_nmos_tb_1", "cornername": "Nominal", "event": "NewPoint", "EventSource": "Simulation Monitor", "HistoryName": "ExplorerRun.0", "logFile": "/home/dtvt_13/truong/logs_dtvt_13/logs0/Job61.log", "logFileSize": "37296"}
[2026-04-12 03:25:51.901 +0700] [EVENT] [cadence.virtuoso.ade.simulationMonitor] - NewPoint {"history": "ExplorerRun.0", "point": 2, "testname": "my_lib_nmos_tb_1", "cornername": "Nominal", "event": "NewPoint", "EventSource": "spectre", "HistoryName": "ExplorerRun.0", "logFile": "/home/dtvt_13/simulation/my_lib/nmos_tb/maestro/results/maestro/ExplorerRun.0/2/my_lib_nmos_tb_1/psf/spectre.out", "logFileSize": "-1"}
[2026-04-12 03:25:51.916 +0700] [PROCESS] [cadence.virtuoso.ade.simulationMonitor] - Simulator launched {"hostname": "dtvt_13", "processid": 3149, "history": "ExplorerRun.0", "testname": "my_lib_nmos_tb_1", "cornername": "Nominal", "point": 2, "logfile": "/home/dtvt_13/truong/logs_dtvt_13/logs0/Job61.log", "simid": "5"}
[2026-04-12 03:25:51.916 +0700] [PROCESS] [cadence.virtuoso.ade.simulationMonitor] - Started Simulation {"hostname": "dtvt_13", "processid": 3149, "history": "ExplorerRun.0", "testname": "my_lib_nmos_tb_1", "cornername": "Nominal", "point": 2, "logfile": "/home/dtvt_13/truong/logs_dtvt_13/logs0/Job61.log"}
[2026-04-12 03:26:13.818 +0700] [PROCESS] [cadence.virtuoso.ade.simulationMonitor] - Finished simulating for one point {"hostname": "dtvt_13", "processid": 3149, "history": "ExplorerRun.0", "testname": "my_lib_nmos_tb_1", "cornername": "Nominal", "point": 2, "logfile": "/home/dtvt_13/truong/logs_dtvt_13/logs0/Job61.log", "simid": "5"}
[2026-04-12 03:26:13.818 +0700] [INFO] [cadence.virtuoso.ade.simulationMonitor] - Peak resident memory used = 96 Mbytes. {"history": "ExplorerRun.0", "point": 2, "testname": "my_lib_nmos_tb_1", "cornername": "Nominal"}
[2026-04-12 03:26:13.819 +0700] [INFO] [cadence.virtuoso.ade.simulationMonitor] - Peak resident memory used = 105 Mbytes. {"history": "ExplorerRun.0", "point": 2, "testname": "my_lib_nmos_tb_1", "cornername": "Nominal"}
[2026-04-12 03:26:13.819 +0700] [INFO] [cadence.virtuoso.ade.simulationMonitor] - Notice from spectre during hierarchy flattening.
    The value 'psf' specified for the 'checklimitdest' option will no longer be supported in future releases. Use 'spectre -h' to see other recommended values for the 'checklimitdest' option. {"history": "ExplorerRun.0", "point": 2, "testname": "my_lib_nmos_tb_1", "cornername": "Nominal"}
[2026-04-12 03:26:13.820 +0700] [INFO] [cadence.virtuoso.ade.simulationMonitor] - Peak resident memory used = 105 Mbytes. {"history": "ExplorerRun.0", "point": 2, "testname": "my_lib_nmos_tb_1", "cornername": "Nominal"}
[2026-04-12 03:26:13.820 +0700] [INFO] [cadence.virtuoso.ade.simulationMonitor] - Notice from spectre during initial setup.
    Multithreading is disabled due to the size of the design being too small. {"history": "ExplorerRun.0", "point": 2, "testname": "my_lib_nmos_tb_1", "cornername": "Nominal"}
[2026-04-12 03:26:13.820 +0700] [INFO] [cadence.virtuoso.ade.simulationMonitor] -               nodes 8 {"history": "ExplorerRun.0", "point": 2, "testname": "my_lib_nmos_tb_1", "cornername": "Nominal"}
[2026-04-12 03:26:13.821 +0700] [INFO] [cadence.virtuoso.ade.simulationMonitor] - Notice from spectre during initial setup.
    APS enabled. {"history": "ExplorerRun.0", "point": 2, "testname": "my_lib_nmos_tb_1", "cornername": "Nominal"}
[2026-04-12 03:26:13.821 +0700] [INFO] [cadence.virtuoso.ade.simulationMonitor] - Peak resident memory used = 107 Mbytes. {"history": "ExplorerRun.0", "point": 2, "testname": "my_lib_nmos_tb_1", "cornername": "Nominal"}
[2026-04-12 03:26:13.821 +0700] [INFO] [cadence.virtuoso.ade.simulationMonitor] -    -   (APS) Multi-threading. The recommended number of threads is 1, consider adding +mt=1 on command line. {"history": "ExplorerRun.0", "point": 2, "testname": "my_lib_nmos_tb_1", "cornername": "Nominal"}
[2026-04-12 03:26:13.821 +0700] [INFO] [cadence.virtuoso.ade.simulationMonitor] - Total time required for dc analysis `dcOp': CPU = 1.541 ms, elapsed = 2.53081 ms. {"history": "ExplorerRun.0", "point": 2, "testname": "my_lib_nmos_tb_1", "cornername": "Nominal"}
[2026-04-12 03:26:13.821 +0700] [INFO] [cadence.virtuoso.ade.simulationMonitor] - Peak resident memory used = 109 Mbytes. {"history": "ExplorerRun.0", "point": 2, "testname": "my_lib_nmos_tb_1", "cornername": "Nominal"}
[2026-04-12 03:26:13.822 +0700] [INFO] [cadence.virtuoso.ade.simulationMonitor] - Notice from spectre at vg = 1.8 during DC analysis `dc'.
    The value of parameter 'vg' has been reset to the original value 0.9. {"history": "ExplorerRun.0", "point": 2, "testname": "my_lib_nmos_tb_1", "cornername": "Nominal"}
[2026-04-12 03:26:13.822 +0700] [INFO] [cadence.virtuoso.ade.simulationMonitor] - Total time required for dc analysis `dc': CPU = 5.564 ms, elapsed = 6.63114 ms. {"history": "ExplorerRun.0", "point": 2, "testname": "my_lib_nmos_tb_1", "cornername": "Nominal"}
[2026-04-12 03:26:13.822 +0700] [INFO] [cadence.virtuoso.ade.simulationMonitor] - Peak resident memory used = 110 Mbytes. {"history": "ExplorerRun.0", "point": 2, "testname": "my_lib_nmos_tb_1", "cornername": "Nominal"}
[2026-04-12 03:26:13.822 +0700] [INFO] [cadence.virtuoso.ade.simulationMonitor] - Time used: CPU = 529 ms, elapsed = 21.2 s, util. = 2.5%. {"history": "ExplorerRun.0", "point": 2, "testname": "my_lib_nmos_tb_1", "cornername": "Nominal"}
[2026-04-12 03:26:13.822 +0700] [INFO] [cadence.virtuoso.ade.simulationMonitor] - Time spent in licensing: elapsed = 20.7 s, percentage of total = 97.7%. {"history": "ExplorerRun.0", "point": 2, "testname": "my_lib_nmos_tb_1", "cornername": "Nominal"}
[2026-04-12 03:26:13.823 +0700] [INFO] [cadence.virtuoso.ade.simulationMonitor] - Peak memory used = 111 Mbytes. {"history": "ExplorerRun.0", "point": 2, "testname": "my_lib_nmos_tb_1", "cornername": "Nominal"}
[2026-04-12 03:26:13.823 +0700] [PROCESS] [cadence.virtuoso.ade.simulationMonitor] - Simulation started at: 3:25:52 AM, Sun Apr 12, 2026, ended at: 3:26:13 AM, Sun Apr 12, 2026, with elapsed time (wall clock): 21.2 s. {"history": "ExplorerRun.0", "point": 2, "testname": "my_lib_nmos_tb_1", "cornername": "Nominal"}
[2026-04-12 03:26:13.823 +0700] [PROCESS] [cadence.virtuoso.ade.simulationMonitor] - spectre completes with 0 errors, 0 warnings, and 5 notices. {"history": "ExplorerRun.0", "point": 2, "testname": "my_lib_nmos_tb_1", "cornername": "Nominal"}
[2026-04-12 03:26:13.823 +0700] [PROCESS] [cadence.virtuoso.ade.simulationMonitor] - Simulator exited {"hostname": "dtvt_13", "processid": 3149, "history": "ExplorerRun.0", "testname": "my_lib_nmos_tb_1", "cornername": "Nominal", "point": 2, "logfile": "/home/dtvt_13/truong/logs_dtvt_13/logs0/Job61.log", "exitStatus": "0"}
[2026-04-12 03:26:13.823 +0700] [PROCESS] [cadence.virtuoso.ade.simulationMonitor] - Finished Simulation {"hostname": "dtvt_13", "processid": 3149, "history": "ExplorerRun.0", "testname": "my_lib_nmos_tb_1", "cornername": "Nominal", "point": 2, "logfile": "/home/dtvt_13/truong/logs_dtvt_13/logs0/Job61.log", "simid": "5"}
[2026-04-12 03:26:14.837 +0700] [PROCESS] [cadence.virtuoso.ade.simulationMonitor] - Point Finished {"hostname": "dtvt_13", "processid": 3149, "history": "ExplorerRun.0", "testname": "my_lib_nmos_tb_1", "cornername": "Nominal", "point": 2, "logfile": "/home/dtvt_13/truong/logs_dtvt_13/logs0/Job61.log"}
[2026-04-12 03:26:14.843 +0700] [PROCESS] [cadence.virtuoso.ade.simulationMonitor] - HostInfo:
Host name (type):	dtvt_13 (x86_64)
Operating system:	Linux 3.10.0-1160.118.1.el7.x86_64 #1 SMP Wed Apr 24 16:01:50 UTC 2024 {"hostname": "dtvt_13", "processid": 3149, "history": "ExplorerRun.0", "testname": "my_lib_nmos_tb_1", "cornername": "Nominal", "point": 2, "logfile": "/home/dtvt_13/truong/logs_dtvt_13/logs0/Job61.log", "nodename": "dtvt_13", "domainname": "(none)", "machine": "x86_64", "sysname": "Linux", "release": "3.10.0-1160.118.1.el7.x86_64", "version": "#1 SMP Wed Apr 24 16:01:50 UTC 2024"}
[2026-04-12 03:26:14.844 +0700] [PROCESS] [cadence.virtuoso.ade.simulationMonitor] - UsageInfo:
pid=3149
totalPhysicalMemory=15.208324GB,Used=14.953720GB,totalVirtualMemory=22.895821GB,Used=15.012558GB
Cpu: Cores=24, Load average:0.360000,0.340000,0.340000 {"hostname": "dtvt_13", "processid": 3149, "history": "ExplorerRun.0", "testname": "my_lib_nmos_tb_1", "cornername": "Nominal", "point": 2, "logfile": "/home/dtvt_13/truong/logs_dtvt_13/logs0/Job61.log", "pid": "3149", "totalPhysicalMemory": "15.208324", "physicalMemoryUsed": "14.953720", "totalVirtualMemory": "22.895821", "virtualMemoryUsed": "15.012558", "cpuCores": "24", "processes": "2751", "loadAverage1": "0.360000", "loadAverage5": "0.340000", "loadAverage15": "0.340000", "loadAverage1Percent": "0.015000"}
[2026-04-12 03:26:14.844 +0700] [EVENT] [cadence.virtuoso.ade.simulationMonitor] - NewPoint {"history": "ExplorerRun.0", "point": 3, "testname": "my_lib_nmos_tb_1", "cornername": "Nominal", "event": "NewPoint", "EventSource": "Simulation Monitor", "HistoryName": "ExplorerRun.0", "logFile": "/home/dtvt_13/truong/logs_dtvt_13/logs0/Job61.log", "logFileSize": "46241"}
[2026-04-12 03:26:14.946 +0700] [EVENT] [cadence.virtuoso.ade.simulationMonitor] - NewPoint {"history": "ExplorerRun.0", "point": 3, "testname": "my_lib_nmos_tb_1", "cornername": "Nominal", "event": "NewPoint", "EventSource": "spectre", "HistoryName": "ExplorerRun.0", "logFile": "/home/dtvt_13/simulation/my_lib/nmos_tb/maestro/results/maestro/ExplorerRun.0/3/my_lib_nmos_tb_1/psf/spectre.out", "logFileSize": "-1"}
[2026-04-12 03:26:14.956 +0700] [PROCESS] [cadence.virtuoso.ade.simulationMonitor] - Simulator launched {"hostname": "dtvt_13", "processid": 3149, "history": "ExplorerRun.0", "testname": "my_lib_nmos_tb_1", "cornername": "Nominal", "point": 3, "logfile": "/home/dtvt_13/truong/logs_dtvt_13/logs0/Job61.log", "simid": "6"}
[2026-04-12 03:26:14.957 +0700] [PROCESS] [cadence.virtuoso.ade.simulationMonitor] - Started Simulation {"hostname": "dtvt_13", "processid": 3149, "history": "ExplorerRun.0", "testname": "my_lib_nmos_tb_1", "cornername": "Nominal", "point": 3, "logfile": "/home/dtvt_13/truong/logs_dtvt_13/logs0/Job61.log"}
[2026-04-12 03:26:36.749 +0700] [PROCESS] [cadence.virtuoso.ade.simulationMonitor] - Finished simulating for one point {"hostname": "dtvt_13", "processid": 3149, "history": "ExplorerRun.0", "testname": "my_lib_nmos_tb_1", "cornername": "Nominal", "point": 3, "logfile": "/home/dtvt_13/truong/logs_dtvt_13/logs0/Job61.log", "simid": "6"}
[2026-04-12 03:26:36.749 +0700] [INFO] [cadence.virtuoso.ade.simulationMonitor] - Peak resident memory used = 96 Mbytes. {"history": "ExplorerRun.0", "point": 3, "testname": "my_lib_nmos_tb_1", "cornername": "Nominal"}
[2026-04-12 03:26:36.750 +0700] [INFO] [cadence.virtuoso.ade.simulationMonitor] - Peak resident memory used = 104 Mbytes. {"history": "ExplorerRun.0", "point": 3, "testname": "my_lib_nmos_tb_1", "cornername": "Nominal"}
[2026-04-12 03:26:36.750 +0700] [INFO] [cadence.virtuoso.ade.simulationMonitor] - Notice from spectre during hierarchy flattening.
    The value 'psf' specified for the 'checklimitdest' option will no longer be supported in future releases. Use 'spectre -h' to see other recommended values for the 'checklimitdest' option. {"history": "ExplorerRun.0", "point": 3, "testname": "my_lib_nmos_tb_1", "cornername": "Nominal"}
[2026-04-12 03:26:36.750 +0700] [INFO] [cadence.virtuoso.ade.simulationMonitor] - Peak resident memory used = 105 Mbytes. {"history": "ExplorerRun.0", "point": 3, "testname": "my_lib_nmos_tb_1", "cornername": "Nominal"}
[2026-04-12 03:26:36.750 +0700] [INFO] [cadence.virtuoso.ade.simulationMonitor] - Notice from spectre during initial setup.
    Multithreading is disabled due to the size of the design being too small. {"history": "ExplorerRun.0", "point": 3, "testname": "my_lib_nmos_tb_1", "cornername": "Nominal"}
[2026-04-12 03:26:36.751 +0700] [INFO] [cadence.virtuoso.ade.simulationMonitor] -               nodes 8 {"history": "ExplorerRun.0", "point": 3, "testname": "my_lib_nmos_tb_1", "cornername": "Nominal"}
[2026-04-12 03:26:36.751 +0700] [INFO] [cadence.virtuoso.ade.simulationMonitor] - Notice from spectre during initial setup.
    APS enabled. {"history": "ExplorerRun.0", "point": 3, "testname": "my_lib_nmos_tb_1", "cornername": "Nominal"}
[2026-04-12 03:26:36.751 +0700] [INFO] [cadence.virtuoso.ade.simulationMonitor] - Peak resident memory used = 107 Mbytes. {"history": "ExplorerRun.0", "point": 3, "testname": "my_lib_nmos_tb_1", "cornername": "Nominal"}
[2026-04-12 03:26:36.751 +0700] [INFO] [cadence.virtuoso.ade.simulationMonitor] -    -   (APS) Multi-threading. The recommended number of threads is 1, consider adding +mt=1 on command line. {"history": "ExplorerRun.0", "point": 3, "testname": "my_lib_nmos_tb_1", "cornername": "Nominal"}
[2026-04-12 03:26:36.751 +0700] [INFO] [cadence.virtuoso.ade.simulationMonitor] - Total time required for dc analysis `dcOp': CPU = 1.672 ms, elapsed = 2.61497 ms. {"history": "ExplorerRun.0", "point": 3, "testname": "my_lib_nmos_tb_1", "cornername": "Nominal"}
[2026-04-12 03:26:36.751 +0700] [INFO] [cadence.virtuoso.ade.simulationMonitor] - Peak resident memory used = 109 Mbytes. {"history": "ExplorerRun.0", "point": 3, "testname": "my_lib_nmos_tb_1", "cornername": "Nominal"}
[2026-04-12 03:26:36.751 +0700] [INFO] [cadence.virtuoso.ade.simulationMonitor] - Notice from spectre at vg = 1.8 during DC analysis `dc'.
    The value of parameter 'vg' has been reset to the original value 0.9. {"history": "ExplorerRun.0", "point": 3, "testname": "my_lib_nmos_tb_1", "cornername": "Nominal"}
[2026-04-12 03:26:36.751 +0700] [INFO] [cadence.virtuoso.ade.simulationMonitor] - Total time required for dc analysis `dc': CPU = 10.983 ms, elapsed = 12.09 ms. {"history": "ExplorerRun.0", "point": 3, "testname": "my_lib_nmos_tb_1", "cornername": "Nominal"}
[2026-04-12 03:26:36.752 +0700] [INFO] [cadence.virtuoso.ade.simulationMonitor] - Peak resident memory used = 110 Mbytes. {"history": "ExplorerRun.0", "point": 3, "testname": "my_lib_nmos_tb_1", "cornername": "Nominal"}
[2026-04-12 03:26:36.752 +0700] [INFO] [cadence.virtuoso.ade.simulationMonitor] - Time used: CPU = 569 ms, elapsed = 21.2 s, util. = 2.68%. {"history": "ExplorerRun.0", "point": 3, "testname": "my_lib_nmos_tb_1", "cornername": "Nominal"}
[2026-04-12 03:26:36.752 +0700] [INFO] [cadence.virtuoso.ade.simulationMonitor] - Time spent in licensing: elapsed = 20.6 s, percentage of total = 97.1%. {"history": "ExplorerRun.0", "point": 3, "testname": "my_lib_nmos_tb_1", "cornername": "Nominal"}
[2026-04-12 03:26:36.752 +0700] [INFO] [cadence.virtuoso.ade.simulationMonitor] - Peak memory used = 111 Mbytes. {"history": "ExplorerRun.0", "point": 3, "testname": "my_lib_nmos_tb_1", "cornername": "Nominal"}
[2026-04-12 03:26:36.752 +0700] [PROCESS] [cadence.virtuoso.ade.simulationMonitor] - Simulation started at: 3:26:15 AM, Sun Apr 12, 2026, ended at: 3:26:36 AM, Sun Apr 12, 2026, with elapsed time (wall clock): 21.2 s. {"history": "ExplorerRun.0", "point": 3, "testname": "my_lib_nmos_tb_1", "cornername": "Nominal"}
[2026-04-12 03:26:36.752 +0700] [PROCESS] [cadence.virtuoso.ade.simulationMonitor] - spectre completes with 0 errors, 0 warnings, and 5 notices. {"history": "ExplorerRun.0", "point": 3, "testname": "my_lib_nmos_tb_1", "cornername": "Nominal"}
[2026-04-12 03:26:36.752 +0700] [PROCESS] [cadence.virtuoso.ade.simulationMonitor] - Simulator exited {"hostname": "dtvt_13", "processid": 3149, "history": "ExplorerRun.0", "testname": "my_lib_nmos_tb_1", "cornername": "Nominal", "point": 3, "logfile": "/home/dtvt_13/truong/logs_dtvt_13/logs0/Job61.log", "exitStatus": "0"}
[2026-04-12 03:26:36.753 +0700] [PROCESS] [cadence.virtuoso.ade.simulationMonitor] - Finished Simulation {"hostname": "dtvt_13", "processid": 3149, "history": "ExplorerRun.0", "testname": "my_lib_nmos_tb_1", "cornername": "Nominal", "point": 3, "logfile": "/home/dtvt_13/truong/logs_dtvt_13/logs0/Job61.log", "simid": "6"}
[2026-04-12 03:26:37.765 +0700] [PROCESS] [cadence.virtuoso.ade.simulationMonitor] - Point Finished {"hostname": "dtvt_13", "processid": 3149, "history": "ExplorerRun.0", "testname": "my_lib_nmos_tb_1", "cornername": "Nominal", "point": 3, "logfile": "/home/dtvt_13/truong/logs_dtvt_13/logs0/Job61.log"}
[2026-04-12 03:26:37.770 +0700] [PROCESS] [cadence.virtuoso.ade.simulationMonitor] - HostInfo:
Host name (type):	dtvt_13 (x86_64)
Operating system:	Linux 3.10.0-1160.118.1.el7.x86_64 #1 SMP Wed Apr 24 16:01:50 UTC 2024 {"hostname": "dtvt_13", "processid": 3149, "history": "ExplorerRun.0", "testname": "my_lib_nmos_tb_1", "cornername": "Nominal", "point": 3, "logfile": "/home/dtvt_13/truong/logs_dtvt_13/logs0/Job61.log", "nodename": "dtvt_13", "domainname": "(none)", "machine": "x86_64", "sysname": "Linux", "release": "3.10.0-1160.118.1.el7.x86_64", "version": "#1 SMP Wed Apr 24 16:01:50 UTC 2024"}
[2026-04-12 03:26:37.771 +0700] [PROCESS] [cadence.virtuoso.ade.simulationMonitor] - UsageInfo:
pid=3149
totalPhysicalMemory=15.208324GB,Used=14.952106GB,totalVirtualMemory=22.895821GB,Used=15.010944GB
Cpu: Cores=24, Load average:0.460000,0.360000,0.350000 {"hostname": "dtvt_13", "processid": 3149, "history": "ExplorerRun.0", "testname": "my_lib_nmos_tb_1", "cornername": "Nominal", "point": 3, "logfile": "/home/dtvt_13/truong/logs_dtvt_13/logs0/Job61.log", "pid": "3149", "totalPhysicalMemory": "15.208324", "physicalMemoryUsed": "14.952106", "totalVirtualMemory": "22.895821", "virtualMemoryUsed": "15.010944", "cpuCores": "24", "processes": "2752", "loadAverage1": "0.460000", "loadAverage5": "0.360000", "loadAverage15": "0.350000", "loadAverage1Percent": "0.019167"}
[2026-04-12 03:26:37.772 +0700] [EVENT] [cadence.virtuoso.ade.simulationMonitor] - NewPoint {"history": "ExplorerRun.0", "point": 4, "testname": "my_lib_nmos_tb_1", "cornername": "Nominal", "event": "NewPoint", "EventSource": "Simulation Monitor", "HistoryName": "ExplorerRun.0", "logFile": "/home/dtvt_13/truong/logs_dtvt_13/logs0/Job61.log", "logFileSize": "55186"}
[2026-04-12 03:26:37.879 +0700] [EVENT] [cadence.virtuoso.ade.simulationMonitor] - NewPoint {"history": "ExplorerRun.0", "point": 4, "testname": "my_lib_nmos_tb_1", "cornername": "Nominal", "event": "NewPoint", "EventSource": "spectre", "HistoryName": "ExplorerRun.0", "logFile": "/home/dtvt_13/simulation/my_lib/nmos_tb/maestro/results/maestro/ExplorerRun.0/4/my_lib_nmos_tb_1/psf/spectre.out", "logFileSize": "-1"}
[2026-04-12 03:26:37.885 +0700] [PROCESS] [cadence.virtuoso.ade.simulationMonitor] - Simulator launched {"hostname": "dtvt_13", "processid": 3149, "history": "ExplorerRun.0", "testname": "my_lib_nmos_tb_1", "cornername": "Nominal", "point": 4, "logfile": "/home/dtvt_13/truong/logs_dtvt_13/logs0/Job61.log", "simid": "7"}
[2026-04-12 03:26:37.886 +0700] [PROCESS] [cadence.virtuoso.ade.simulationMonitor] - Started Simulation {"hostname": "dtvt_13", "processid": 3149, "history": "ExplorerRun.0", "testname": "my_lib_nmos_tb_1", "cornername": "Nominal", "point": 4, "logfile": "/home/dtvt_13/truong/logs_dtvt_13/logs0/Job61.log"}
[2026-04-12 03:26:59.702 +0700] [PROCESS] [cadence.virtuoso.ade.simulationMonitor] - Finished simulating for one point {"hostname": "dtvt_13", "processid": 3149, "history": "ExplorerRun.0", "testname": "my_lib_nmos_tb_1", "cornername": "Nominal", "point": 4, "logfile": "/home/dtvt_13/truong/logs_dtvt_13/logs0/Job61.log", "simid": "7"}
[2026-04-12 03:26:59.702 +0700] [INFO] [cadence.virtuoso.ade.simulationMonitor] - Peak resident memory used = 96 Mbytes. {"history": "ExplorerRun.0", "point": 4, "testname": "my_lib_nmos_tb_1", "cornername": "Nominal"}
[2026-04-12 03:26:59.702 +0700] [INFO] [cadence.virtuoso.ade.simulationMonitor] - Peak resident memory used = 105 Mbytes. {"history": "ExplorerRun.0", "point": 4, "testname": "my_lib_nmos_tb_1", "cornername": "Nominal"}
[2026-04-12 03:26:59.703 +0700] [INFO] [cadence.virtuoso.ade.simulationMonitor] - Notice from spectre during hierarchy flattening.
    The value 'psf' specified for the 'checklimitdest' option will no longer be supported in future releases. Use 'spectre -h' to see other recommended values for the 'checklimitdest' option. {"history": "ExplorerRun.0", "point": 4, "testname": "my_lib_nmos_tb_1", "cornername": "Nominal"}
[2026-04-12 03:26:59.703 +0700] [INFO] [cadence.virtuoso.ade.simulationMonitor] - Peak resident memory used = 105 Mbytes. {"history": "ExplorerRun.0", "point": 4, "testname": "my_lib_nmos_tb_1", "cornername": "Nominal"}
[2026-04-12 03:26:59.703 +0700] [INFO] [cadence.virtuoso.ade.simulationMonitor] - Notice from spectre during initial setup.
    Multithreading is disabled due to the size of the design being too small. {"history": "ExplorerRun.0", "point": 4, "testname": "my_lib_nmos_tb_1", "cornername": "Nominal"}
[2026-04-12 03:26:59.704 +0700] [INFO] [cadence.virtuoso.ade.simulationMonitor] -               nodes 8 {"history": "ExplorerRun.0", "point": 4, "testname": "my_lib_nmos_tb_1", "cornername": "Nominal"}
[2026-04-12 03:26:59.704 +0700] [INFO] [cadence.virtuoso.ade.simulationMonitor] - Notice from spectre during initial setup.
    APS enabled. {"history": "ExplorerRun.0", "point": 4, "testname": "my_lib_nmos_tb_1", "cornername": "Nominal"}
[2026-04-12 03:26:59.705 +0700] [INFO] [cadence.virtuoso.ade.simulationMonitor] - Peak resident memory used = 107 Mbytes. {"history": "ExplorerRun.0", "point": 4, "testname": "my_lib_nmos_tb_1", "cornername": "Nominal"}
[2026-04-12 03:26:59.705 +0700] [INFO] [cadence.virtuoso.ade.simulationMonitor] -    -   (APS) Multi-threading. The recommended number of threads is 1, consider adding +mt=1 on command line. {"history": "ExplorerRun.0", "point": 4, "testname": "my_lib_nmos_tb_1", "cornername": "Nominal"}
[2026-04-12 03:26:59.705 +0700] [INFO] [cadence.virtuoso.ade.simulationMonitor] - Total time required for dc analysis `dcOp': CPU = 2.222 ms, elapsed = 3.27516 ms. {"history": "ExplorerRun.0", "point": 4, "testname": "my_lib_nmos_tb_1", "cornername": "Nominal"}
[2026-04-12 03:26:59.705 +0700] [INFO] [cadence.virtuoso.ade.simulationMonitor] - Peak resident memory used = 109 Mbytes. {"history": "ExplorerRun.0", "point": 4, "testname": "my_lib_nmos_tb_1", "cornername": "Nominal"}
[2026-04-12 03:26:59.705 +0700] [INFO] [cadence.virtuoso.ade.simulationMonitor] - Notice from spectre at vg = 1.8 during DC analysis `dc'.
    The value of parameter 'vg' has been reset to the original value 0.9. {"history": "ExplorerRun.0", "point": 4, "testname": "my_lib_nmos_tb_1", "cornername": "Nominal"}
[2026-04-12 03:26:59.706 +0700] [INFO] [cadence.virtuoso.ade.simulationMonitor] - Total time required for dc analysis `dc': CPU = 10.779 ms, elapsed = 11.8649 ms. {"history": "ExplorerRun.0", "point": 4, "testname": "my_lib_nmos_tb_1", "cornername": "Nominal"}
[2026-04-12 03:26:59.706 +0700] [INFO] [cadence.virtuoso.ade.simulationMonitor] - Peak resident memory used = 110 Mbytes. {"history": "ExplorerRun.0", "point": 4, "testname": "my_lib_nmos_tb_1", "cornername": "Nominal"}
[2026-04-12 03:26:59.706 +0700] [INFO] [cadence.virtuoso.ade.simulationMonitor] - Time used: CPU = 545 ms, elapsed = 21.2 s, util. = 2.58%. {"history": "ExplorerRun.0", "point": 4, "testname": "my_lib_nmos_tb_1", "cornername": "Nominal"}
[2026-04-12 03:26:59.706 +0700] [INFO] [cadence.virtuoso.ade.simulationMonitor] - Time spent in licensing: elapsed = 20.6 s, percentage of total = 97.3%. {"history": "ExplorerRun.0", "point": 4, "testname": "my_lib_nmos_tb_1", "cornername": "Nominal"}
[2026-04-12 03:26:59.706 +0700] [INFO] [cadence.virtuoso.ade.simulationMonitor] - Peak memory used = 111 Mbytes. {"history": "ExplorerRun.0", "point": 4, "testname": "my_lib_nmos_tb_1", "cornername": "Nominal"}
[2026-04-12 03:26:59.707 +0700] [PROCESS] [cadence.virtuoso.ade.simulationMonitor] - Simulation started at: 3:26:38 AM, Sun Apr 12, 2026, ended at: 3:26:59 AM, Sun Apr 12, 2026, with elapsed time (wall clock): 21.2 s. {"history": "ExplorerRun.0", "point": 4, "testname": "my_lib_nmos_tb_1", "cornername": "Nominal"}
[2026-04-12 03:26:59.707 +0700] [PROCESS] [cadence.virtuoso.ade.simulationMonitor] - spectre completes with 0 errors, 0 warnings, and 5 notices. {"history": "ExplorerRun.0", "point": 4, "testname": "my_lib_nmos_tb_1", "cornername": "Nominal"}
[2026-04-12 03:26:59.707 +0700] [PROCESS] [cadence.virtuoso.ade.simulationMonitor] - Simulator exited {"hostname": "dtvt_13", "processid": 3149, "history": "ExplorerRun.0", "testname": "my_lib_nmos_tb_1", "cornername": "Nominal", "point": 4, "logfile": "/home/dtvt_13/truong/logs_dtvt_13/logs0/Job61.log", "exitStatus": "0"}
[2026-04-12 03:26:59.707 +0700] [PROCESS] [cadence.virtuoso.ade.simulationMonitor] - Finished Simulation {"hostname": "dtvt_13", "processid": 3149, "history": "ExplorerRun.0", "testname": "my_lib_nmos_tb_1", "cornername": "Nominal", "point": 4, "logfile": "/home/dtvt_13/truong/logs_dtvt_13/logs0/Job61.log", "simid": "7"}
[2026-04-12 03:27:00.224 +0700] [PROCESS] [cadence.virtuoso.ade.simulationMonitor] - Point Finished {"hostname": "dtvt_13", "processid": 3149, "history": "ExplorerRun.0", "testname": "my_lib_nmos_tb_1", "cornername": "Nominal", "point": 4, "logfile": "/home/dtvt_13/truong/logs_dtvt_13/logs0/Job61.log"}
[2026-04-12 03:27:00.231 +0700] [PROCESS] [cadence.virtuoso.ade.simulationMonitor] - HostInfo:
Host name (type):	dtvt_13 (x86_64)
Operating system:	Linux 3.10.0-1160.118.1.el7.x86_64 #1 SMP Wed Apr 24 16:01:50 UTC 2024 {"hostname": "dtvt_13", "processid": 3149, "history": "ExplorerRun.0", "testname": "my_lib_nmos_tb_1", "cornername": "Nominal", "point": 4, "logfile": "/home/dtvt_13/truong/logs_dtvt_13/logs0/Job61.log", "nodename": "dtvt_13", "domainname": "(none)", "machine": "x86_64", "sysname": "Linux", "release": "3.10.0-1160.118.1.el7.x86_64", "version": "#1 SMP Wed Apr 24 16:01:50 UTC 2024"}
[2026-04-12 03:27:00.231 +0700] [PROCESS] [cadence.virtuoso.ade.simulationMonitor] - UsageInfo:
pid=3149
totalPhysicalMemory=15.208324GB,Used=14.948879GB,totalVirtualMemory=22.895821GB,Used=15.007717GB
Cpu: Cores=24, Load average:0.330000,0.340000,0.340000 {"hostname": "dtvt_13", "processid": 3149, "history": "ExplorerRun.0", "testname": "my_lib_nmos_tb_1", "cornername": "Nominal", "point": 4, "logfile": "/home/dtvt_13/truong/logs_dtvt_13/logs0/Job61.log", "pid": "3149", "totalPhysicalMemory": "15.208324", "physicalMemoryUsed": "14.948879", "totalVirtualMemory": "22.895821", "virtualMemoryUsed": "15.007717", "cpuCores": "24", "processes": "2751", "loadAverage1": "0.330000", "loadAverage5": "0.340000", "loadAverage15": "0.340000", "loadAverage1Percent": "0.013750"}
[2026-04-12 03:27:00.232 +0700] [EVENT] [cadence.virtuoso.ade.simulationMonitor] - NewPoint {"history": "ExplorerRun.0", "point": 5, "testname": "my_lib_nmos_tb_1", "cornername": "Nominal", "event": "NewPoint", "EventSource": "Simulation Monitor", "HistoryName": "ExplorerRun.0", "logFile": "/home/dtvt_13/truong/logs_dtvt_13/logs0/Job61.log", "logFileSize": "64133"}
[2026-04-12 03:27:00.333 +0700] [EVENT] [cadence.virtuoso.ade.simulationMonitor] - NewPoint {"history": "ExplorerRun.0", "point": 5, "testname": "my_lib_nmos_tb_1", "cornername": "Nominal", "event": "NewPoint", "EventSource": "spectre", "HistoryName": "ExplorerRun.0", "logFile": "/home/dtvt_13/simulation/my_lib/nmos_tb/maestro/results/maestro/ExplorerRun.0/5/my_lib_nmos_tb_1/psf/spectre.out", "logFileSize": "-1"}
[2026-04-12 03:27:00.344 +0700] [PROCESS] [cadence.virtuoso.ade.simulationMonitor] - Simulator launched {"hostname": "dtvt_13", "processid": 3149, "history": "ExplorerRun.0", "testname": "my_lib_nmos_tb_1", "cornername": "Nominal", "point": 5, "logfile": "/home/dtvt_13/truong/logs_dtvt_13/logs0/Job61.log", "simid": "8"}
[2026-04-12 03:27:00.345 +0700] [PROCESS] [cadence.virtuoso.ade.simulationMonitor] - Started Simulation {"hostname": "dtvt_13", "processid": 3149, "history": "ExplorerRun.0", "testname": "my_lib_nmos_tb_1", "cornername": "Nominal", "point": 5, "logfile": "/home/dtvt_13/truong/logs_dtvt_13/logs0/Job61.log"}
[2026-04-12 03:27:21.682 +0700] [PROCESS] [cadence.virtuoso.ade.simulationMonitor] - Finished simulating for one point {"hostname": "dtvt_13", "processid": 3149, "history": "ExplorerRun.0", "testname": "my_lib_nmos_tb_1", "cornername": "Nominal", "point": 5, "logfile": "/home/dtvt_13/truong/logs_dtvt_13/logs0/Job61.log", "simid": "8"}
[2026-04-12 03:27:21.683 +0700] [INFO] [cadence.virtuoso.ade.simulationMonitor] - Peak resident memory used = 96 Mbytes. {"history": "ExplorerRun.0", "point": 5, "testname": "my_lib_nmos_tb_1", "cornername": "Nominal"}
[2026-04-12 03:27:21.683 +0700] [INFO] [cadence.virtuoso.ade.simulationMonitor] - Peak resident memory used = 104 Mbytes. {"history": "ExplorerRun.0", "point": 5, "testname": "my_lib_nmos_tb_1", "cornername": "Nominal"}
[2026-04-12 03:27:21.683 +0700] [INFO] [cadence.virtuoso.ade.simulationMonitor] - Notice from spectre during hierarchy flattening.
    The value 'psf' specified for the 'checklimitdest' option will no longer be supported in future releases. Use 'spectre -h' to see other recommended values for the 'checklimitdest' option. {"history": "ExplorerRun.0", "point": 5, "testname": "my_lib_nmos_tb_1", "cornername": "Nominal"}
[2026-04-12 03:27:21.684 +0700] [INFO] [cadence.virtuoso.ade.simulationMonitor] - Peak resident memory used = 105 Mbytes. {"history": "ExplorerRun.0", "point": 5, "testname": "my_lib_nmos_tb_1", "cornername": "Nominal"}
[2026-04-12 03:27:21.684 +0700] [INFO] [cadence.virtuoso.ade.simulationMonitor] - Notice from spectre during initial setup.
    Multithreading is disabled due to the size of the design being too small. {"history": "ExplorerRun.0", "point": 5, "testname": "my_lib_nmos_tb_1", "cornername": "Nominal"}
[2026-04-12 03:27:21.685 +0700] [INFO] [cadence.virtuoso.ade.simulationMonitor] -               nodes 8 {"history": "ExplorerRun.0", "point": 5, "testname": "my_lib_nmos_tb_1", "cornername": "Nominal"}
[2026-04-12 03:27:21.685 +0700] [INFO] [cadence.virtuoso.ade.simulationMonitor] - Notice from spectre during initial setup.
    APS enabled. {"history": "ExplorerRun.0", "point": 5, "testname": "my_lib_nmos_tb_1", "cornername": "Nominal"}
[2026-04-12 03:27:21.685 +0700] [INFO] [cadence.virtuoso.ade.simulationMonitor] - Peak resident memory used = 107 Mbytes. {"history": "ExplorerRun.0", "point": 5, "testname": "my_lib_nmos_tb_1", "cornername": "Nominal"}
[2026-04-12 03:27:21.686 +0700] [INFO] [cadence.virtuoso.ade.simulationMonitor] -    -   (APS) Multi-threading. The recommended number of threads is 1, consider adding +mt=1 on command line. {"history": "ExplorerRun.0", "point": 5, "testname": "my_lib_nmos_tb_1", "cornername": "Nominal"}
[2026-04-12 03:27:21.686 +0700] [INFO] [cadence.virtuoso.ade.simulationMonitor] - Total time required for dc analysis `dcOp': CPU = 1.627 ms, elapsed = 2.60401 ms. {"history": "ExplorerRun.0", "point": 5, "testname": "my_lib_nmos_tb_1", "cornername": "Nominal"}
[2026-04-12 03:27:21.686 +0700] [INFO] [cadence.virtuoso.ade.simulationMonitor] - Peak resident memory used = 109 Mbytes. {"history": "ExplorerRun.0", "point": 5, "testname": "my_lib_nmos_tb_1", "cornername": "Nominal"}
[2026-04-12 03:27:21.686 +0700] [INFO] [cadence.virtuoso.ade.simulationMonitor] - Notice from spectre at vg = 1.8 during DC analysis `dc'.
    The value of parameter 'vg' has been reset to the original value 0.9. {"history": "ExplorerRun.0", "point": 5, "testname": "my_lib_nmos_tb_1", "cornername": "Nominal"}
[2026-04-12 03:27:21.687 +0700] [INFO] [cadence.virtuoso.ade.simulationMonitor] - Total time required for dc analysis `dc': CPU = 2.873 ms, elapsed = 3.87788 ms. {"history": "ExplorerRun.0", "point": 5, "testname": "my_lib_nmos_tb_1", "cornername": "Nominal"}
[2026-04-12 03:27:21.687 +0700] [INFO] [cadence.virtuoso.ade.simulationMonitor] - Peak resident memory used = 110 Mbytes. {"history": "ExplorerRun.0", "point": 5, "testname": "my_lib_nmos_tb_1", "cornername": "Nominal"}
[2026-04-12 03:27:21.687 +0700] [INFO] [cadence.virtuoso.ade.simulationMonitor] - Time used: CPU = 540 ms, elapsed = 20.8 s, util. = 2.59%. {"history": "ExplorerRun.0", "point": 5, "testname": "my_lib_nmos_tb_1", "cornername": "Nominal"}
[2026-04-12 03:27:21.687 +0700] [INFO] [cadence.virtuoso.ade.simulationMonitor] - Time spent in licensing: elapsed = 20.3 s, percentage of total = 97.6%. {"history": "ExplorerRun.0", "point": 5, "testname": "my_lib_nmos_tb_1", "cornername": "Nominal"}
[2026-04-12 03:27:21.687 +0700] [INFO] [cadence.virtuoso.ade.simulationMonitor] - Peak memory used = 111 Mbytes. {"history": "ExplorerRun.0", "point": 5, "testname": "my_lib_nmos_tb_1", "cornername": "Nominal"}
[2026-04-12 03:27:21.687 +0700] [PROCESS] [cadence.virtuoso.ade.simulationMonitor] - Simulation started at: 3:27:00 AM, Sun Apr 12, 2026, ended at: 3:27:21 AM, Sun Apr 12, 2026, with elapsed time (wall clock): 20.8 s. {"history": "ExplorerRun.0", "point": 5, "testname": "my_lib_nmos_tb_1", "cornername": "Nominal"}
[2026-04-12 03:27:21.688 +0700] [PROCESS] [cadence.virtuoso.ade.simulationMonitor] - spectre completes with 0 errors, 0 warnings, and 5 notices. {"history": "ExplorerRun.0", "point": 5, "testname": "my_lib_nmos_tb_1", "cornername": "Nominal"}
[2026-04-12 03:27:21.688 +0700] [PROCESS] [cadence.virtuoso.ade.simulationMonitor] - Simulator exited {"hostname": "dtvt_13", "processid": 3149, "history": "ExplorerRun.0", "testname": "my_lib_nmos_tb_1", "cornername": "Nominal", "point": 5, "logfile": "/home/dtvt_13/truong/logs_dtvt_13/logs0/Job61.log", "exitStatus": "0"}
[2026-04-12 03:27:21.688 +0700] [PROCESS] [cadence.virtuoso.ade.simulationMonitor] - Finished Simulation {"hostname": "dtvt_13", "processid": 3149, "history": "ExplorerRun.0", "testname": "my_lib_nmos_tb_1", "cornername": "Nominal", "point": 5, "logfile": "/home/dtvt_13/truong/logs_dtvt_13/logs0/Job61.log", "simid": "8"}
[2026-04-12 03:27:22.204 +0700] [PROCESS] [cadence.virtuoso.ade.simulationMonitor] - Point Finished {"hostname": "dtvt_13", "processid": 3149, "history": "ExplorerRun.0", "testname": "my_lib_nmos_tb_1", "cornername": "Nominal", "point": 5, "logfile": "/home/dtvt_13/truong/logs_dtvt_13/logs0/Job61.log"}
[2026-04-12 03:32:23.183 +0700] [PROCESS] [cadence.virtuoso.ade.simulationMonitor] - Current memory used: 32.2930 MBytes, peak memory used: 32.2930 MBytes {"hostname": "dtvt_13", "processid": 3149, "history": "ExplorerRun.0", "testname": "my_lib_nmos_tb_1", "cornername": "Nominal", "point": 5, "logfile": "/home/dtvt_13/truong/logs_dtvt_13/logs0/Job61.log"}
[2026-04-12 03:32:23.183 +0700] [PROCESS] [cadence.virtuoso.ade.simulationMonitor] - Simulation Monitor process exit. {"hostname": "dtvt_13", "processid": 3149, "history": "ExplorerRun.0", "testname": "my_lib_nmos_tb_1", "cornername": "Nominal", "point": 5, "logfile": "/home/dtvt_13/truong/logs_dtvt_13/logs0/Job61.log"}
