[Simulation Monitor: 63]
[2026-04-12 03:34:58.578 +0700] [PROCESS] [cadence.virtuoso.ade.simulationMonitor] - Simulation Monitor has successfully started up. Trying to set up communication channels to other components ... {"hostname": "dtvt_13", "processid": 12281, "logfile": "/home/dtvt_13/truong/logs_dtvt_13/logs0/Job63.log"}
[2026-04-12 03:34:58.579 +0700] [PROCESS] [cadence.virtuoso.ade.simulationMonitor] - Communication channels have been successfully set up. Start processing events ... {"hostname": "dtvt_13", "processid": 12281, "logfile": "/home/dtvt_13/truong/logs_dtvt_13/logs0/Job63.log"}
[2026-04-12 03:34:58.579 +0700] [PROCESS] [cadence.virtuoso.ade.simulationMonitor] - Considering to start history {"hostname": "dtvt_13", "processid": 12281, "history": "ExplorerRun.0", "logfile": "/home/dtvt_13/truong/logs_dtvt_13/logs0/Job63.log"}
[2026-04-12 03:34:58.581 +0700] [PROCESS] [cadence.virtuoso.ade.simulationMonitor] - HostInfo:
Host name (type):	dtvt_13 (x86_64)
Operating system:	Linux 3.10.0-1160.118.1.el7.x86_64 #1 SMP Wed Apr 24 16:01:50 UTC 2024 {"hostname": "dtvt_13", "processid": 12281, "history": "ExplorerRun.0", "logfile": "/home/dtvt_13/truong/logs_dtvt_13/logs0/Job63.log", "nodename": "dtvt_13", "domainname": "(none)", "machine": "x86_64", "sysname": "Linux", "release": "3.10.0-1160.118.1.el7.x86_64", "version": "#1 SMP Wed Apr 24 16:01:50 UTC 2024"}
[2026-04-12 03:34:58.581 +0700] [PROCESS] [cadence.virtuoso.ade.simulationMonitor] - UsageInfo:
pid=12281
totalPhysicalMemory=15.208324GB,Used=14.759842GB,totalVirtualMemory=22.895821GB,Used=14.818680GB
Cpu: Cores=24, Load average:0.490000,0.410000,0.360000 {"hostname": "dtvt_13", "processid": 12281, "history": "ExplorerRun.0", "logfile": "/home/dtvt_13/truong/logs_dtvt_13/logs0/Job63.log", "pid": "12281", "totalPhysicalMemory": "15.208324", "physicalMemoryUsed": "14.759842", "totalVirtualMemory": "22.895821", "virtualMemoryUsed": "14.818680", "cpuCores": "24", "processes": "2705", "loadAverage1": "0.490000", "loadAverage5": "0.410000", "loadAverage15": "0.360000", "loadAverage1Percent": "0.020417"}
[2026-04-12 03:34:58.581 +0700] [EVENT] [cadence.virtuoso.ade.simulationMonitor] - NewPoint {"history": "ExplorerRun.0", "point": 1, "testname": "my_lib_nmos_tb_1", "cornername": "Nominal", "event": "NewPoint", "EventSource": "Simulation Monitor", "HistoryName": "ExplorerRun.0", "logFile": "/home/dtvt_13/truong/logs_dtvt_13/logs0/Job63.log", "logFileSize": "2100"}
[2026-04-12 03:34:58.682 +0700] [EVENT] [cadence.virtuoso.ade.simulationMonitor] - NewPoint {"history": "ExplorerRun.0", "point": 1, "testname": "my_lib_nmos_tb_1", "cornername": "Nominal", "event": "NewPoint", "EventSource": "spectre", "HistoryName": "ExplorerRun.0", "logFile": "/home/dtvt_13/simulation/my_lib/nmos_tb/maestro/results/maestro/ExplorerRun.0/1/my_lib_nmos_tb_1/psf/spectre.out", "logFileSize": "-1"}
[2026-04-12 03:34:58.692 +0700] [PROCESS] [cadence.virtuoso.ade.simulationMonitor] - Simulator launched {"hostname": "dtvt_13", "processid": 12281, "history": "ExplorerRun.0", "testname": "my_lib_nmos_tb_1", "cornername": "Nominal", "point": 1, "logfile": "/home/dtvt_13/truong/logs_dtvt_13/logs0/Job63.log", "simid": "1"}
[2026-04-12 03:34:58.694 +0700] [PROCESS] [cadence.virtuoso.ade.simulationMonitor] - Expression evaluator launched {"hostname": "dtvt_13", "processid": 12281, "history": "ExplorerRun.0", "testname": "my_lib_nmos_tb_1", "cornername": "Nominal", "point": 1, "logfile": "/home/dtvt_13/truong/logs_dtvt_13/logs0/Job63.log"}
[2026-04-12 03:34:58.699 +0700] [PROCESS] [cadence.virtuoso.ade.simulationMonitor] - Started Simulation {"hostname": "dtvt_13", "processid": 12281, "history": "ExplorerRun.0", "testname": "my_lib_nmos_tb_1", "cornername": "Nominal", "point": 1, "logfile": "/home/dtvt_13/truong/logs_dtvt_13/logs0/Job63.log"}
[2026-04-12 03:35:20.512 +0700] [INFO] [cadence.virtuoso.ade.simulationMonitor] - Peak resident memory used = 96 Mbytes. {"history": "ExplorerRun.0", "point": 1, "testname": "my_lib_nmos_tb_1", "cornername": "Nominal"}
[2026-04-12 03:35:20.513 +0700] [INFO] [cadence.virtuoso.ade.simulationMonitor] - Peak resident memory used = 105 Mbytes. {"history": "ExplorerRun.0", "point": 1, "testname": "my_lib_nmos_tb_1", "cornername": "Nominal"}
[2026-04-12 03:35:20.513 +0700] [INFO] [cadence.virtuoso.ade.simulationMonitor] - Notice from spectre during hierarchy flattening.
    The value 'psf' specified for the 'checklimitdest' option will no longer be supported in future releases. Use 'spectre -h' to see other recommended values for the 'checklimitdest' option. {"history": "ExplorerRun.0", "point": 1, "testname": "my_lib_nmos_tb_1", "cornername": "Nominal"}
[2026-04-12 03:35:20.513 +0700] [INFO] [cadence.virtuoso.ade.simulationMonitor] - Peak resident memory used = 106 Mbytes. {"history": "ExplorerRun.0", "point": 1, "testname": "my_lib_nmos_tb_1", "cornername": "Nominal"}
[2026-04-12 03:35:20.514 +0700] [INFO] [cadence.virtuoso.ade.simulationMonitor] - Notice from spectre during initial setup.
    Multithreading is disabled due to the size of the design being too small. {"history": "ExplorerRun.0", "point": 1, "testname": "my_lib_nmos_tb_1", "cornername": "Nominal"}
[2026-04-12 03:35:20.514 +0700] [INFO] [cadence.virtuoso.ade.simulationMonitor] -               nodes 8 {"history": "ExplorerRun.0", "point": 1, "testname": "my_lib_nmos_tb_1", "cornername": "Nominal"}
[2026-04-12 03:35:20.515 +0700] [INFO] [cadence.virtuoso.ade.simulationMonitor] - Notice from spectre during initial setup.
    APS enabled. {"history": "ExplorerRun.0", "point": 1, "testname": "my_lib_nmos_tb_1", "cornername": "Nominal"}
[2026-04-12 03:35:20.515 +0700] [INFO] [cadence.virtuoso.ade.simulationMonitor] - Peak resident memory used = 107 Mbytes. {"history": "ExplorerRun.0", "point": 1, "testname": "my_lib_nmos_tb_1", "cornername": "Nominal"}
[2026-04-12 03:35:20.515 +0700] [INFO] [cadence.virtuoso.ade.simulationMonitor] -    -   (APS) Multi-threading. The recommended number of threads is 1, consider adding +mt=1 on command line. {"history": "ExplorerRun.0", "point": 1, "testname": "my_lib_nmos_tb_1", "cornername": "Nominal"}
[2026-04-12 03:35:20.516 +0700] [INFO] [cadence.virtuoso.ade.simulationMonitor] - Total time required for dc analysis `dcOp': CPU = 2.33 ms, elapsed = 3.39103 ms. {"history": "ExplorerRun.0", "point": 1, "testname": "my_lib_nmos_tb_1", "cornername": "Nominal"}
[2026-04-12 03:35:20.516 +0700] [INFO] [cadence.virtuoso.ade.simulationMonitor] - Peak resident memory used = 109 Mbytes. {"history": "ExplorerRun.0", "point": 1, "testname": "my_lib_nmos_tb_1", "cornername": "Nominal"}
[2026-04-12 03:35:20.516 +0700] [INFO] [cadence.virtuoso.ade.simulationMonitor] - Notice from spectre at vg = 1.8 during DC analysis `dc'.
    The value of parameter 'vg' has been reset to the original value 0.9. {"history": "ExplorerRun.0", "point": 1, "testname": "my_lib_nmos_tb_1", "cornername": "Nominal"}
[2026-04-12 03:35:20.516 +0700] [INFO] [cadence.virtuoso.ade.simulationMonitor] - Total time required for dc analysis `dc': CPU = 9.134 ms, elapsed = 10.1359 ms. {"history": "ExplorerRun.0", "point": 1, "testname": "my_lib_nmos_tb_1", "cornername": "Nominal"}
[2026-04-12 03:35:20.516 +0700] [INFO] [cadence.virtuoso.ade.simulationMonitor] - Peak resident memory used = 110 Mbytes. {"history": "ExplorerRun.0", "point": 1, "testname": "my_lib_nmos_tb_1", "cornername": "Nominal"}
[2026-04-12 03:35:20.516 +0700] [INFO] [cadence.virtuoso.ade.simulationMonitor] - Time used: CPU = 550 ms, elapsed = 21.3 s, util. = 2.58%. {"history": "ExplorerRun.0", "point": 1, "testname": "my_lib_nmos_tb_1", "cornername": "Nominal"}
[2026-04-12 03:35:20.517 +0700] [INFO] [cadence.virtuoso.ade.simulationMonitor] - Time spent in licensing: elapsed = 20.7 s, percentage of total = 97.1%. {"history": "ExplorerRun.0", "point": 1, "testname": "my_lib_nmos_tb_1", "cornername": "Nominal"}
[2026-04-12 03:35:20.517 +0700] [INFO] [cadence.virtuoso.ade.simulationMonitor] - Peak memory used = 111 Mbytes. {"history": "ExplorerRun.0", "point": 1, "testname": "my_lib_nmos_tb_1", "cornername": "Nominal"}
[2026-04-12 03:35:20.517 +0700] [PROCESS] [cadence.virtuoso.ade.simulationMonitor] - Simulation started at: 3:34:58 AM, Sun Apr 12, 2026, ended at: 3:35:20 AM, Sun Apr 12, 2026, with elapsed time (wall clock): 21.3 s. {"history": "ExplorerRun.0", "point": 1, "testname": "my_lib_nmos_tb_1", "cornername": "Nominal"}
[2026-04-12 03:35:20.517 +0700] [PROCESS] [cadence.virtuoso.ade.simulationMonitor] - spectre completes with 0 errors, 0 warnings, and 5 notices. {"history": "ExplorerRun.0", "point": 1, "testname": "my_lib_nmos_tb_1", "cornername": "Nominal"}
[2026-04-12 03:35:21.018 +0700] [PROCESS] [cadence.virtuoso.ade.simulationMonitor] - Finished simulating for one point {"hostname": "dtvt_13", "processid": 12281, "history": "ExplorerRun.0", "testname": "my_lib_nmos_tb_1", "cornername": "Nominal", "point": 1, "logfile": "/home/dtvt_13/truong/logs_dtvt_13/logs0/Job63.log", "simid": "1"}
[2026-04-12 03:35:21.019 +0700] [PROCESS] [cadence.virtuoso.ade.simulationMonitor] - Simulator exited {"hostname": "dtvt_13", "processid": 12281, "history": "ExplorerRun.0", "testname": "my_lib_nmos_tb_1", "cornername": "Nominal", "point": 1, "logfile": "/home/dtvt_13/truong/logs_dtvt_13/logs0/Job63.log", "exitStatus": "0"}
[2026-04-12 03:35:21.020 +0700] [PROCESS] [cadence.virtuoso.ade.simulationMonitor] - Finished Simulation {"hostname": "dtvt_13", "processid": 12281, "history": "ExplorerRun.0", "testname": "my_lib_nmos_tb_1", "cornername": "Nominal", "point": 1, "logfile": "/home/dtvt_13/truong/logs_dtvt_13/logs0/Job63.log", "simid": "1"}
[2026-04-12 03:35:22.036 +0700] [PROCESS] [cadence.virtuoso.ade.simulationMonitor] - Point Finished {"hostname": "dtvt_13", "processid": 12281, "history": "ExplorerRun.0", "testname": "my_lib_nmos_tb_1", "cornername": "Nominal", "point": 1, "logfile": "/home/dtvt_13/truong/logs_dtvt_13/logs0/Job63.log"}
[2026-04-12 03:35:22.066 +0700] [PROCESS] [cadence.virtuoso.ade.simulationMonitor] - HostInfo:
Host name (type):	dtvt_13 (x86_64)
Operating system:	Linux 3.10.0-1160.118.1.el7.x86_64 #1 SMP Wed Apr 24 16:01:50 UTC 2024 {"hostname": "dtvt_13", "processid": 12281, "history": "ExplorerRun.0", "testname": "my_lib_nmos_tb_1", "cornername": "Nominal", "point": 1, "logfile": "/home/dtvt_13/truong/logs_dtvt_13/logs0/Job63.log", "nodename": "dtvt_13", "domainname": "(none)", "machine": "x86_64", "sysname": "Linux", "release": "3.10.0-1160.118.1.el7.x86_64", "version": "#1 SMP Wed Apr 24 16:01:50 UTC 2024"}
[2026-04-12 03:35:22.067 +0700] [PROCESS] [cadence.virtuoso.ade.simulationMonitor] - UsageInfo:
pid=12281
totalPhysicalMemory=15.208324GB,Used=14.987179GB,totalVirtualMemory=22.895821GB,Used=15.046017GB
Cpu: Cores=24, Load average:0.520000,0.420000,0.370000 {"hostname": "dtvt_13", "processid": 12281, "history": "ExplorerRun.0", "testname": "my_lib_nmos_tb_1", "cornername": "Nominal", "point": 1, "logfile": "/home/dtvt_13/truong/logs_dtvt_13/logs0/Job63.log", "pid": "12281", "totalPhysicalMemory": "15.208324", "physicalMemoryUsed": "14.987179", "totalVirtualMemory": "22.895821", "virtualMemoryUsed": "15.046017", "cpuCores": "24", "processes": "2741", "loadAverage1": "0.520000", "loadAverage5": "0.420000", "loadAverage15": "0.370000", "loadAverage1Percent": "0.021667"}
[2026-04-12 03:35:22.067 +0700] [EVENT] [cadence.virtuoso.ade.simulationMonitor] - NewPoint {"history": "ExplorerRun.0", "point": 2, "testname": "my_lib_nmos_tb_1", "cornername": "Nominal", "event": "NewPoint", "EventSource": "Simulation Monitor", "HistoryName": "ExplorerRun.0", "logFile": "/home/dtvt_13/truong/logs_dtvt_13/logs0/Job63.log", "logFileSize": "11374"}
[2026-04-12 03:35:22.168 +0700] [EVENT] [cadence.virtuoso.ade.simulationMonitor] - NewPoint {"history": "ExplorerRun.0", "point": 2, "testname": "my_lib_nmos_tb_1", "cornername": "Nominal", "event": "NewPoint", "EventSource": "spectre", "HistoryName": "ExplorerRun.0", "logFile": "/home/dtvt_13/simulation/my_lib/nmos_tb/maestro/results/maestro/ExplorerRun.0/2/my_lib_nmos_tb_1/psf/spectre.out", "logFileSize": "-1"}
[2026-04-12 03:35:22.178 +0700] [PROCESS] [cadence.virtuoso.ade.simulationMonitor] - Simulator launched {"hostname": "dtvt_13", "processid": 12281, "history": "ExplorerRun.0", "testname": "my_lib_nmos_tb_1", "cornername": "Nominal", "point": 2, "logfile": "/home/dtvt_13/truong/logs_dtvt_13/logs0/Job63.log", "simid": "2"}
[2026-04-12 03:35:22.179 +0700] [PROCESS] [cadence.virtuoso.ade.simulationMonitor] - Started Simulation {"hostname": "dtvt_13", "processid": 12281, "history": "ExplorerRun.0", "testname": "my_lib_nmos_tb_1", "cornername": "Nominal", "point": 2, "logfile": "/home/dtvt_13/truong/logs_dtvt_13/logs0/Job63.log"}
[2026-04-12 03:35:43.484 +0700] [PROCESS] [cadence.virtuoso.ade.simulationMonitor] - Finished simulating for one point {"hostname": "dtvt_13", "processid": 12281, "history": "ExplorerRun.0", "testname": "my_lib_nmos_tb_1", "cornername": "Nominal", "point": 2, "logfile": "/home/dtvt_13/truong/logs_dtvt_13/logs0/Job63.log", "simid": "2"}
[2026-04-12 03:35:43.484 +0700] [INFO] [cadence.virtuoso.ade.simulationMonitor] - Peak resident memory used = 96 Mbytes. {"history": "ExplorerRun.0", "point": 2, "testname": "my_lib_nmos_tb_1", "cornername": "Nominal"}
[2026-04-12 03:35:43.485 +0700] [INFO] [cadence.virtuoso.ade.simulationMonitor] - Peak resident memory used = 105 Mbytes. {"history": "ExplorerRun.0", "point": 2, "testname": "my_lib_nmos_tb_1", "cornername": "Nominal"}
[2026-04-12 03:35:43.485 +0700] [INFO] [cadence.virtuoso.ade.simulationMonitor] - Notice from spectre during hierarchy flattening.
    The value 'psf' specified for the 'checklimitdest' option will no longer be supported in future releases. Use 'spectre -h' to see other recommended values for the 'checklimitdest' option. {"history": "ExplorerRun.0", "point": 2, "testname": "my_lib_nmos_tb_1", "cornername": "Nominal"}
[2026-04-12 03:35:43.485 +0700] [INFO] [cadence.virtuoso.ade.simulationMonitor] - Peak resident memory used = 106 Mbytes. {"history": "ExplorerRun.0", "point": 2, "testname": "my_lib_nmos_tb_1", "cornername": "Nominal"}
[2026-04-12 03:35:43.486 +0700] [INFO] [cadence.virtuoso.ade.simulationMonitor] - Notice from spectre during initial setup.
    Multithreading is disabled due to the size of the design being too small. {"history": "ExplorerRun.0", "point": 2, "testname": "my_lib_nmos_tb_1", "cornername": "Nominal"}
[2026-04-12 03:35:43.486 +0700] [INFO] [cadence.virtuoso.ade.simulationMonitor] -               nodes 8 {"history": "ExplorerRun.0", "point": 2, "testname": "my_lib_nmos_tb_1", "cornername": "Nominal"}
[2026-04-12 03:35:43.486 +0700] [INFO] [cadence.virtuoso.ade.simulationMonitor] - Notice from spectre during initial setup.
    APS enabled. {"history": "ExplorerRun.0", "point": 2, "testname": "my_lib_nmos_tb_1", "cornername": "Nominal"}
[2026-04-12 03:35:43.487 +0700] [INFO] [cadence.virtuoso.ade.simulationMonitor] - Peak resident memory used = 107 Mbytes. {"history": "ExplorerRun.0", "point": 2, "testname": "my_lib_nmos_tb_1", "cornername": "Nominal"}
[2026-04-12 03:35:43.487 +0700] [INFO] [cadence.virtuoso.ade.simulationMonitor] -    -   (APS) Multi-threading. The recommended number of threads is 1, consider adding +mt=1 on command line. {"history": "ExplorerRun.0", "point": 2, "testname": "my_lib_nmos_tb_1", "cornername": "Nominal"}
[2026-04-12 03:35:43.487 +0700] [INFO] [cadence.virtuoso.ade.simulationMonitor] - Total time required for dc analysis `dcOp': CPU = 1.644 ms, elapsed = 2.57206 ms. {"history": "ExplorerRun.0", "point": 2, "testname": "my_lib_nmos_tb_1", "cornername": "Nominal"}
[2026-04-12 03:35:43.487 +0700] [INFO] [cadence.virtuoso.ade.simulationMonitor] - Peak resident memory used = 109 Mbytes. {"history": "ExplorerRun.0", "point": 2, "testname": "my_lib_nmos_tb_1", "cornername": "Nominal"}
[2026-04-12 03:35:43.487 +0700] [INFO] [cadence.virtuoso.ade.simulationMonitor] - Notice from spectre at vg = 1.8 during DC analysis `dc'.
    The value of parameter 'vg' has been reset to the original value 0.9. {"history": "ExplorerRun.0", "point": 2, "testname": "my_lib_nmos_tb_1", "cornername": "Nominal"}
[2026-04-12 03:35:43.488 +0700] [INFO] [cadence.virtuoso.ade.simulationMonitor] - Total time required for dc analysis `dc': CPU = 10.886 ms, elapsed = 11.9879 ms. {"history": "ExplorerRun.0", "point": 2, "testname": "my_lib_nmos_tb_1", "cornername": "Nominal"}
[2026-04-12 03:35:43.488 +0700] [INFO] [cadence.virtuoso.ade.simulationMonitor] - Peak resident memory used = 110 Mbytes. {"history": "ExplorerRun.0", "point": 2, "testname": "my_lib_nmos_tb_1", "cornername": "Nominal"}
[2026-04-12 03:35:43.488 +0700] [INFO] [cadence.virtuoso.ade.simulationMonitor] - Time used: CPU = 531 ms, elapsed = 20.8 s, util. = 2.55%. {"history": "ExplorerRun.0", "point": 2, "testname": "my_lib_nmos_tb_1", "cornername": "Nominal"}
[2026-04-12 03:35:43.488 +0700] [INFO] [cadence.virtuoso.ade.simulationMonitor] - Time spent in licensing: elapsed = 20.3 s, percentage of total = 97.4%. {"history": "ExplorerRun.0", "point": 2, "testname": "my_lib_nmos_tb_1", "cornername": "Nominal"}
[2026-04-12 03:35:43.488 +0700] [INFO] [cadence.virtuoso.ade.simulationMonitor] - Peak memory used = 111 Mbytes. {"history": "ExplorerRun.0", "point": 2, "testname": "my_lib_nmos_tb_1", "cornername": "Nominal"}
[2026-04-12 03:35:43.489 +0700] [PROCESS] [cadence.virtuoso.ade.simulationMonitor] - Simulation started at: 3:35:22 AM, Sun Apr 12, 2026, ended at: 3:35:43 AM, Sun Apr 12, 2026, with elapsed time (wall clock): 20.8 s. {"history": "ExplorerRun.0", "point": 2, "testname": "my_lib_nmos_tb_1", "cornername": "Nominal"}
[2026-04-12 03:35:43.489 +0700] [PROCESS] [cadence.virtuoso.ade.simulationMonitor] - spectre completes with 0 errors, 0 warnings, and 5 notices. {"history": "ExplorerRun.0", "point": 2, "testname": "my_lib_nmos_tb_1", "cornername": "Nominal"}
[2026-04-12 03:35:43.489 +0700] [PROCESS] [cadence.virtuoso.ade.simulationMonitor] - Simulator exited {"hostname": "dtvt_13", "processid": 12281, "history": "ExplorerRun.0", "testname": "my_lib_nmos_tb_1", "cornername": "Nominal", "point": 2, "logfile": "/home/dtvt_13/truong/logs_dtvt_13/logs0/Job63.log", "exitStatus": "0"}
[2026-04-12 03:35:43.489 +0700] [PROCESS] [cadence.virtuoso.ade.simulationMonitor] - Finished Simulation {"hostname": "dtvt_13", "processid": 12281, "history": "ExplorerRun.0", "testname": "my_lib_nmos_tb_1", "cornername": "Nominal", "point": 2, "logfile": "/home/dtvt_13/truong/logs_dtvt_13/logs0/Job63.log", "simid": "2"}
[2026-04-12 03:35:44.503 +0700] [PROCESS] [cadence.virtuoso.ade.simulationMonitor] - Point Finished {"hostname": "dtvt_13", "processid": 12281, "history": "ExplorerRun.0", "testname": "my_lib_nmos_tb_1", "cornername": "Nominal", "point": 2, "logfile": "/home/dtvt_13/truong/logs_dtvt_13/logs0/Job63.log"}
[2026-04-12 03:35:44.510 +0700] [PROCESS] [cadence.virtuoso.ade.simulationMonitor] - HostInfo:
Host name (type):	dtvt_13 (x86_64)
Operating system:	Linux 3.10.0-1160.118.1.el7.x86_64 #1 SMP Wed Apr 24 16:01:50 UTC 2024 {"hostname": "dtvt_13", "processid": 12281, "history": "ExplorerRun.0", "testname": "my_lib_nmos_tb_1", "cornername": "Nominal", "point": 2, "logfile": "/home/dtvt_13/truong/logs_dtvt_13/logs0/Job63.log", "nodename": "dtvt_13", "domainname": "(none)", "machine": "x86_64", "sysname": "Linux", "release": "3.10.0-1160.118.1.el7.x86_64", "version": "#1 SMP Wed Apr 24 16:01:50 UTC 2024"}
[2026-04-12 03:35:44.510 +0700] [PROCESS] [cadence.virtuoso.ade.simulationMonitor] - UsageInfo:
pid=12281
totalPhysicalMemory=15.208324GB,Used=14.974606GB,totalVirtualMemory=22.895821GB,Used=15.033443GB
Cpu: Cores=24, Load average:0.370000,0.400000,0.360000 {"hostname": "dtvt_13", "processid": 12281, "history": "ExplorerRun.0", "testname": "my_lib_nmos_tb_1", "cornername": "Nominal", "point": 2, "logfile": "/home/dtvt_13/truong/logs_dtvt_13/logs0/Job63.log", "pid": "12281", "totalPhysicalMemory": "15.208324", "physicalMemoryUsed": "14.974606", "totalVirtualMemory": "22.895821", "virtualMemoryUsed": "15.033443", "cpuCores": "24", "processes": "2740", "loadAverage1": "0.370000", "loadAverage5": "0.400000", "loadAverage15": "0.360000", "loadAverage1Percent": "0.015417"}
[2026-04-12 03:35:44.511 +0700] [EVENT] [cadence.virtuoso.ade.simulationMonitor] - NewPoint {"history": "ExplorerRun.0", "point": 3, "testname": "my_lib_nmos_tb_1", "cornername": "Nominal", "event": "NewPoint", "EventSource": "Simulation Monitor", "HistoryName": "ExplorerRun.0", "logFile": "/home/dtvt_13/truong/logs_dtvt_13/logs0/Job63.log", "logFileSize": "20331"}
[2026-04-12 03:35:44.618 +0700] [EVENT] [cadence.virtuoso.ade.simulationMonitor] - NewPoint {"history": "ExplorerRun.0", "point": 3, "testname": "my_lib_nmos_tb_1", "cornername": "Nominal", "event": "NewPoint", "EventSource": "spectre", "HistoryName": "ExplorerRun.0", "logFile": "/home/dtvt_13/simulation/my_lib/nmos_tb/maestro/results/maestro/ExplorerRun.0/3/my_lib_nmos_tb_1/psf/spectre.out", "logFileSize": "-1"}
[2026-04-12 03:35:44.628 +0700] [PROCESS] [cadence.virtuoso.ade.simulationMonitor] - Simulator launched {"hostname": "dtvt_13", "processid": 12281, "history": "ExplorerRun.0", "testname": "my_lib_nmos_tb_1", "cornername": "Nominal", "point": 3, "logfile": "/home/dtvt_13/truong/logs_dtvt_13/logs0/Job63.log", "simid": "3"}
[2026-04-12 03:35:44.628 +0700] [PROCESS] [cadence.virtuoso.ade.simulationMonitor] - Started Simulation {"hostname": "dtvt_13", "processid": 12281, "history": "ExplorerRun.0", "testname": "my_lib_nmos_tb_1", "cornername": "Nominal", "point": 3, "logfile": "/home/dtvt_13/truong/logs_dtvt_13/logs0/Job63.log"}
[2026-04-12 03:36:05.914 +0700] [PROCESS] [cadence.virtuoso.ade.simulationMonitor] - Finished simulating for one point {"hostname": "dtvt_13", "processid": 12281, "history": "ExplorerRun.0", "testname": "my_lib_nmos_tb_1", "cornername": "Nominal", "point": 3, "logfile": "/home/dtvt_13/truong/logs_dtvt_13/logs0/Job63.log", "simid": "3"}
[2026-04-12 03:36:05.915 +0700] [INFO] [cadence.virtuoso.ade.simulationMonitor] - Peak resident memory used = 96 Mbytes. {"history": "ExplorerRun.0", "point": 3, "testname": "my_lib_nmos_tb_1", "cornername": "Nominal"}
[2026-04-12 03:36:05.915 +0700] [INFO] [cadence.virtuoso.ade.simulationMonitor] - Peak resident memory used = 105 Mbytes. {"history": "ExplorerRun.0", "point": 3, "testname": "my_lib_nmos_tb_1", "cornername": "Nominal"}
[2026-04-12 03:36:05.915 +0700] [INFO] [cadence.virtuoso.ade.simulationMonitor] - Notice from spectre during hierarchy flattening.
    The value 'psf' specified for the 'checklimitdest' option will no longer be supported in future releases. Use 'spectre -h' to see other recommended values for the 'checklimitdest' option. {"history": "ExplorerRun.0", "point": 3, "testname": "my_lib_nmos_tb_1", "cornername": "Nominal"}
[2026-04-12 03:36:05.916 +0700] [INFO] [cadence.virtuoso.ade.simulationMonitor] - Peak resident memory used = 106 Mbytes. {"history": "ExplorerRun.0", "point": 3, "testname": "my_lib_nmos_tb_1", "cornername": "Nominal"}
[2026-04-12 03:36:05.916 +0700] [INFO] [cadence.virtuoso.ade.simulationMonitor] - Notice from spectre during initial setup.
    Multithreading is disabled due to the size of the design being too small. {"history": "ExplorerRun.0", "point": 3, "testname": "my_lib_nmos_tb_1", "cornername": "Nominal"}
[2026-04-12 03:36:05.917 +0700] [INFO] [cadence.virtuoso.ade.simulationMonitor] -               nodes 8 {"history": "ExplorerRun.0", "point": 3, "testname": "my_lib_nmos_tb_1", "cornername": "Nominal"}
[2026-04-12 03:36:05.917 +0700] [INFO] [cadence.virtuoso.ade.simulationMonitor] - Notice from spectre during initial setup.
    APS enabled. {"history": "ExplorerRun.0", "point": 3, "testname": "my_lib_nmos_tb_1", "cornername": "Nominal"}
[2026-04-12 03:36:05.917 +0700] [INFO] [cadence.virtuoso.ade.simulationMonitor] - Peak resident memory used = 107 Mbytes. {"history": "ExplorerRun.0", "point": 3, "testname": "my_lib_nmos_tb_1", "cornername": "Nominal"}
[2026-04-12 03:36:05.917 +0700] [INFO] [cadence.virtuoso.ade.simulationMonitor] -    -   (APS) Multi-threading. The recommended number of threads is 1, consider adding +mt=1 on command line. {"history": "ExplorerRun.0", "point": 3, "testname": "my_lib_nmos_tb_1", "cornername": "Nominal"}
[2026-04-12 03:36:05.917 +0700] [INFO] [cadence.virtuoso.ade.simulationMonitor] - Total time required for dc analysis `dcOp': CPU = 1.708 ms, elapsed = 2.75302 ms. {"history": "ExplorerRun.0", "point": 3, "testname": "my_lib_nmos_tb_1", "cornername": "Nominal"}
[2026-04-12 03:36:05.917 +0700] [INFO] [cadence.virtuoso.ade.simulationMonitor] - Peak resident memory used = 109 Mbytes. {"history": "ExplorerRun.0", "point": 3, "testname": "my_lib_nmos_tb_1", "cornername": "Nominal"}
[2026-04-12 03:36:05.918 +0700] [INFO] [cadence.virtuoso.ade.simulationMonitor] - Notice from spectre at vg = 1.8 during DC analysis `dc'.
    The value of parameter 'vg' has been reset to the original value 0.9. {"history": "ExplorerRun.0", "point": 3, "testname": "my_lib_nmos_tb_1", "cornername": "Nominal"}
[2026-04-12 03:36:05.918 +0700] [INFO] [cadence.virtuoso.ade.simulationMonitor] - Total time required for dc analysis `dc': CPU = 6.986 ms, elapsed = 7.97915 ms. {"history": "ExplorerRun.0", "point": 3, "testname": "my_lib_nmos_tb_1", "cornername": "Nominal"}
[2026-04-12 03:36:05.918 +0700] [INFO] [cadence.virtuoso.ade.simulationMonitor] - Peak resident memory used = 110 Mbytes. {"history": "ExplorerRun.0", "point": 3, "testname": "my_lib_nmos_tb_1", "cornername": "Nominal"}
[2026-04-12 03:36:05.918 +0700] [INFO] [cadence.virtuoso.ade.simulationMonitor] - Time used: CPU = 519 ms, elapsed = 20.8 s, util. = 2.49%. {"history": "ExplorerRun.0", "point": 3, "testname": "my_lib_nmos_tb_1", "cornername": "Nominal"}
[2026-04-12 03:36:05.918 +0700] [INFO] [cadence.virtuoso.ade.simulationMonitor] - Time spent in licensing: elapsed = 20.3 s, percentage of total = 97.5%. {"history": "ExplorerRun.0", "point": 3, "testname": "my_lib_nmos_tb_1", "cornername": "Nominal"}
[2026-04-12 03:36:05.919 +0700] [INFO] [cadence.virtuoso.ade.simulationMonitor] - Peak memory used = 111 Mbytes. {"history": "ExplorerRun.0", "point": 3, "testname": "my_lib_nmos_tb_1", "cornername": "Nominal"}
[2026-04-12 03:36:05.919 +0700] [PROCESS] [cadence.virtuoso.ade.simulationMonitor] - Simulation started at: 3:35:44 AM, Sun Apr 12, 2026, ended at: 3:36:05 AM, Sun Apr 12, 2026, with elapsed time (wall clock): 20.8 s. {"history": "ExplorerRun.0", "point": 3, "testname": "my_lib_nmos_tb_1", "cornername": "Nominal"}
[2026-04-12 03:36:05.919 +0700] [PROCESS] [cadence.virtuoso.ade.simulationMonitor] - spectre completes with 0 errors, 0 warnings, and 5 notices. {"history": "ExplorerRun.0", "point": 3, "testname": "my_lib_nmos_tb_1", "cornername": "Nominal"}
[2026-04-12 03:36:05.919 +0700] [PROCESS] [cadence.virtuoso.ade.simulationMonitor] - Simulator exited {"hostname": "dtvt_13", "processid": 12281, "history": "ExplorerRun.0", "testname": "my_lib_nmos_tb_1", "cornername": "Nominal", "point": 3, "logfile": "/home/dtvt_13/truong/logs_dtvt_13/logs0/Job63.log", "exitStatus": "0"}
[2026-04-12 03:36:05.919 +0700] [PROCESS] [cadence.virtuoso.ade.simulationMonitor] - Finished Simulation {"hostname": "dtvt_13", "processid": 12281, "history": "ExplorerRun.0", "testname": "my_lib_nmos_tb_1", "cornername": "Nominal", "point": 3, "logfile": "/home/dtvt_13/truong/logs_dtvt_13/logs0/Job63.log", "simid": "3"}
[2026-04-12 03:36:06.933 +0700] [PROCESS] [cadence.virtuoso.ade.simulationMonitor] - Point Finished {"hostname": "dtvt_13", "processid": 12281, "history": "ExplorerRun.0", "testname": "my_lib_nmos_tb_1", "cornername": "Nominal", "point": 3, "logfile": "/home/dtvt_13/truong/logs_dtvt_13/logs0/Job63.log"}
[2026-04-12 03:36:06.940 +0700] [PROCESS] [cadence.virtuoso.ade.simulationMonitor] - HostInfo:
Host name (type):	dtvt_13 (x86_64)
Operating system:	Linux 3.10.0-1160.118.1.el7.x86_64 #1 SMP Wed Apr 24 16:01:50 UTC 2024 {"hostname": "dtvt_13", "processid": 12281, "history": "ExplorerRun.0", "testname": "my_lib_nmos_tb_1", "cornername": "Nominal", "point": 3, "logfile": "/home/dtvt_13/truong/logs_dtvt_13/logs0/Job63.log", "nodename": "dtvt_13", "domainname": "(none)", "machine": "x86_64", "sysname": "Linux", "release": "3.10.0-1160.118.1.el7.x86_64", "version": "#1 SMP Wed Apr 24 16:01:50 UTC 2024"}
[2026-04-12 03:36:06.941 +0700] [PROCESS] [cadence.virtuoso.ade.simulationMonitor] - UsageInfo:
pid=12281
totalPhysicalMemory=15.208324GB,Used=14.973564GB,totalVirtualMemory=22.895821GB,Used=15.032402GB
Cpu: Cores=24, Load average:0.320000,0.380000,0.350000 {"hostname": "dtvt_13", "processid": 12281, "history": "ExplorerRun.0", "testname": "my_lib_nmos_tb_1", "cornername": "Nominal", "point": 3, "logfile": "/home/dtvt_13/truong/logs_dtvt_13/logs0/Job63.log", "pid": "12281", "totalPhysicalMemory": "15.208324", "physicalMemoryUsed": "14.973564", "totalVirtualMemory": "22.895821", "virtualMemoryUsed": "15.032402", "cpuCores": "24", "processes": "2739", "loadAverage1": "0.320000", "loadAverage5": "0.380000", "loadAverage15": "0.350000", "loadAverage1Percent": "0.013333"}
[2026-04-12 03:36:06.942 +0700] [EVENT] [cadence.virtuoso.ade.simulationMonitor] - NewPoint {"history": "ExplorerRun.0", "point": 4, "testname": "my_lib_nmos_tb_1", "cornername": "Nominal", "event": "NewPoint", "EventSource": "Simulation Monitor", "HistoryName": "ExplorerRun.0", "logFile": "/home/dtvt_13/truong/logs_dtvt_13/logs0/Job63.log", "logFileSize": "29287"}
[2026-04-12 03:36:07.043 +0700] [EVENT] [cadence.virtuoso.ade.simulationMonitor] - NewPoint {"history": "ExplorerRun.0", "point": 4, "testname": "my_lib_nmos_tb_1", "cornername": "Nominal", "event": "NewPoint", "EventSource": "spectre", "HistoryName": "ExplorerRun.0", "logFile": "/home/dtvt_13/simulation/my_lib/nmos_tb/maestro/results/maestro/ExplorerRun.0/4/my_lib_nmos_tb_1/psf/spectre.out", "logFileSize": "-1"}
[2026-04-12 03:36:07.053 +0700] [PROCESS] [cadence.virtuoso.ade.simulationMonitor] - Simulator launched {"hostname": "dtvt_13", "processid": 12281, "history": "ExplorerRun.0", "testname": "my_lib_nmos_tb_1", "cornername": "Nominal", "point": 4, "logfile": "/home/dtvt_13/truong/logs_dtvt_13/logs0/Job63.log", "simid": "4"}
[2026-04-12 03:36:07.054 +0700] [PROCESS] [cadence.virtuoso.ade.simulationMonitor] - Started Simulation {"hostname": "dtvt_13", "processid": 12281, "history": "ExplorerRun.0", "testname": "my_lib_nmos_tb_1", "cornername": "Nominal", "point": 4, "logfile": "/home/dtvt_13/truong/logs_dtvt_13/logs0/Job63.log"}
[2026-04-12 03:36:29.853 +0700] [PROCESS] [cadence.virtuoso.ade.simulationMonitor] - Finished simulating for one point {"hostname": "dtvt_13", "processid": 12281, "history": "ExplorerRun.0", "testname": "my_lib_nmos_tb_1", "cornername": "Nominal", "point": 4, "logfile": "/home/dtvt_13/truong/logs_dtvt_13/logs0/Job63.log", "simid": "4"}
[2026-04-12 03:36:29.854 +0700] [INFO] [cadence.virtuoso.ade.simulationMonitor] - Peak resident memory used = 96 Mbytes. {"history": "ExplorerRun.0", "point": 4, "testname": "my_lib_nmos_tb_1", "cornername": "Nominal"}
[2026-04-12 03:36:29.854 +0700] [INFO] [cadence.virtuoso.ade.simulationMonitor] - Peak resident memory used = 105 Mbytes. {"history": "ExplorerRun.0", "point": 4, "testname": "my_lib_nmos_tb_1", "cornername": "Nominal"}
[2026-04-12 03:36:29.854 +0700] [INFO] [cadence.virtuoso.ade.simulationMonitor] - Notice from spectre during hierarchy flattening.
    The value 'psf' specified for the 'checklimitdest' option will no longer be supported in future releases. Use 'spectre -h' to see other recommended values for the 'checklimitdest' option. {"history": "ExplorerRun.0", "point": 4, "testname": "my_lib_nmos_tb_1", "cornername": "Nominal"}
[2026-04-12 03:36:29.854 +0700] [INFO] [cadence.virtuoso.ade.simulationMonitor] - Peak resident memory used = 106 Mbytes. {"history": "ExplorerRun.0", "point": 4, "testname": "my_lib_nmos_tb_1", "cornername": "Nominal"}
[2026-04-12 03:36:29.854 +0700] [INFO] [cadence.virtuoso.ade.simulationMonitor] - Notice from spectre during initial setup.
    Multithreading is disabled due to the size of the design being too small. {"history": "ExplorerRun.0", "point": 4, "testname": "my_lib_nmos_tb_1", "cornername": "Nominal"}
[2026-04-12 03:36:29.855 +0700] [INFO] [cadence.virtuoso.ade.simulationMonitor] -               nodes 8 {"history": "ExplorerRun.0", "point": 4, "testname": "my_lib_nmos_tb_1", "cornername": "Nominal"}
[2026-04-12 03:36:29.855 +0700] [INFO] [cadence.virtuoso.ade.simulationMonitor] - Notice from spectre during initial setup.
    APS enabled. {"history": "ExplorerRun.0", "point": 4, "testname": "my_lib_nmos_tb_1", "cornername": "Nominal"}
[2026-04-12 03:36:29.855 +0700] [INFO] [cadence.virtuoso.ade.simulationMonitor] - Peak resident memory used = 107 Mbytes. {"history": "ExplorerRun.0", "point": 4, "testname": "my_lib_nmos_tb_1", "cornername": "Nominal"}
[2026-04-12 03:36:29.855 +0700] [INFO] [cadence.virtuoso.ade.simulationMonitor] -    -   (APS) Multi-threading. The recommended number of threads is 1, consider adding +mt=1 on command line. {"history": "ExplorerRun.0", "point": 4, "testname": "my_lib_nmos_tb_1", "cornername": "Nominal"}
[2026-04-12 03:36:29.855 +0700] [INFO] [cadence.virtuoso.ade.simulationMonitor] - Total time required for dc analysis `dcOp': CPU = 1.61 ms, elapsed = 2.60711 ms. {"history": "ExplorerRun.0", "point": 4, "testname": "my_lib_nmos_tb_1", "cornername": "Nominal"}
[2026-04-12 03:36:29.855 +0700] [INFO] [cadence.virtuoso.ade.simulationMonitor] - Peak resident memory used = 109 Mbytes. {"history": "ExplorerRun.0", "point": 4, "testname": "my_lib_nmos_tb_1", "cornername": "Nominal"}
[2026-04-12 03:36:29.856 +0700] [INFO] [cadence.virtuoso.ade.simulationMonitor] - Notice from spectre at vg = 1.8 during DC analysis `dc'.
    The value of parameter 'vg' has been reset to the original value 0.9. {"history": "ExplorerRun.0", "point": 4, "testname": "my_lib_nmos_tb_1", "cornername": "Nominal"}
[2026-04-12 03:36:29.856 +0700] [INFO] [cadence.virtuoso.ade.simulationMonitor] - Total time required for dc analysis `dc': CPU = 10.753 ms, elapsed = 11.831 ms. {"history": "ExplorerRun.0", "point": 4, "testname": "my_lib_nmos_tb_1", "cornername": "Nominal"}
[2026-04-12 03:36:29.856 +0700] [INFO] [cadence.virtuoso.ade.simulationMonitor] - Peak resident memory used = 110 Mbytes. {"history": "ExplorerRun.0", "point": 4, "testname": "my_lib_nmos_tb_1", "cornername": "Nominal"}
[2026-04-12 03:36:29.856 +0700] [INFO] [cadence.virtuoso.ade.simulationMonitor] - Time used: CPU = 546 ms, elapsed = 22.3 s, util. = 2.45%. {"history": "ExplorerRun.0", "point": 4, "testname": "my_lib_nmos_tb_1", "cornername": "Nominal"}
[2026-04-12 03:36:29.856 +0700] [INFO] [cadence.virtuoso.ade.simulationMonitor] - Time spent in licensing: elapsed = 20.4 s, percentage of total = 91.4%. {"history": "ExplorerRun.0", "point": 4, "testname": "my_lib_nmos_tb_1", "cornername": "Nominal"}
[2026-04-12 03:36:29.856 +0700] [INFO] [cadence.virtuoso.ade.simulationMonitor] - Peak memory used = 111 Mbytes. {"history": "ExplorerRun.0", "point": 4, "testname": "my_lib_nmos_tb_1", "cornername": "Nominal"}
[2026-04-12 03:36:29.857 +0700] [PROCESS] [cadence.virtuoso.ade.simulationMonitor] - Simulation started at: 3:36:07 AM, Sun Apr 12, 2026, ended at: 3:36:29 AM, Sun Apr 12, 2026, with elapsed time (wall clock): 22.3 s. {"history": "ExplorerRun.0", "point": 4, "testname": "my_lib_nmos_tb_1", "cornername": "Nominal"}
[2026-04-12 03:36:29.857 +0700] [PROCESS] [cadence.virtuoso.ade.simulationMonitor] - spectre completes with 0 errors, 0 warnings, and 5 notices. {"history": "ExplorerRun.0", "point": 4, "testname": "my_lib_nmos_tb_1", "cornername": "Nominal"}
[2026-04-12 03:36:29.857 +0700] [PROCESS] [cadence.virtuoso.ade.simulationMonitor] - Simulator exited {"hostname": "dtvt_13", "processid": 12281, "history": "ExplorerRun.0", "testname": "my_lib_nmos_tb_1", "cornername": "Nominal", "point": 4, "logfile": "/home/dtvt_13/truong/logs_dtvt_13/logs0/Job63.log", "exitStatus": "0"}
[2026-04-12 03:36:29.857 +0700] [PROCESS] [cadence.virtuoso.ade.simulationMonitor] - Finished Simulation {"hostname": "dtvt_13", "processid": 12281, "history": "ExplorerRun.0", "testname": "my_lib_nmos_tb_1", "cornername": "Nominal", "point": 4, "logfile": "/home/dtvt_13/truong/logs_dtvt_13/logs0/Job63.log", "simid": "4"}
[2026-04-12 03:36:30.369 +0700] [PROCESS] [cadence.virtuoso.ade.simulationMonitor] - Point Finished {"hostname": "dtvt_13", "processid": 12281, "history": "ExplorerRun.0", "testname": "my_lib_nmos_tb_1", "cornername": "Nominal", "point": 4, "logfile": "/home/dtvt_13/truong/logs_dtvt_13/logs0/Job63.log"}
[2026-04-12 03:36:30.374 +0700] [PROCESS] [cadence.virtuoso.ade.simulationMonitor] - HostInfo:
Host name (type):	dtvt_13 (x86_64)
Operating system:	Linux 3.10.0-1160.118.1.el7.x86_64 #1 SMP Wed Apr 24 16:01:50 UTC 2024 {"hostname": "dtvt_13", "processid": 12281, "history": "ExplorerRun.0", "testname": "my_lib_nmos_tb_1", "cornername": "Nominal", "point": 4, "logfile": "/home/dtvt_13/truong/logs_dtvt_13/logs0/Job63.log", "nodename": "dtvt_13", "domainname": "(none)", "machine": "x86_64", "sysname": "Linux", "release": "3.10.0-1160.118.1.el7.x86_64", "version": "#1 SMP Wed Apr 24 16:01:50 UTC 2024"}
[2026-04-12 03:36:30.375 +0700] [PROCESS] [cadence.virtuoso.ade.simulationMonitor] - UsageInfo:
pid=12281
totalPhysicalMemory=15.208324GB,Used=14.846546GB,totalVirtualMemory=22.895821GB,Used=14.905628GB
Cpu: Cores=24, Load average:0.290000,0.370000,0.350000 {"hostname": "dtvt_13", "processid": 12281, "history": "ExplorerRun.0", "testname": "my_lib_nmos_tb_1", "cornername": "Nominal", "point": 4, "logfile": "/home/dtvt_13/truong/logs_dtvt_13/logs0/Job63.log", "pid": "12281", "totalPhysicalMemory": "15.208324", "physicalMemoryUsed": "14.846546", "totalVirtualMemory": "22.895821", "virtualMemoryUsed": "14.905628", "cpuCores": "24", "processes": "2748", "loadAverage1": "0.290000", "loadAverage5": "0.370000", "loadAverage15": "0.350000", "loadAverage1Percent": "0.012083"}
[2026-04-12 03:36:30.375 +0700] [EVENT] [cadence.virtuoso.ade.simulationMonitor] - NewPoint {"history": "ExplorerRun.0", "point": 5, "testname": "my_lib_nmos_tb_1", "cornername": "Nominal", "event": "NewPoint", "EventSource": "Simulation Monitor", "HistoryName": "ExplorerRun.0", "logFile": "/home/dtvt_13/truong/logs_dtvt_13/logs0/Job63.log", "logFileSize": "38242"}
[2026-04-12 03:36:30.477 +0700] [EVENT] [cadence.virtuoso.ade.simulationMonitor] - NewPoint {"history": "ExplorerRun.0", "point": 5, "testname": "my_lib_nmos_tb_1", "cornername": "Nominal", "event": "NewPoint", "EventSource": "spectre", "HistoryName": "ExplorerRun.0", "logFile": "/home/dtvt_13/simulation/my_lib/nmos_tb/maestro/results/maestro/ExplorerRun.0/5/my_lib_nmos_tb_1/psf/spectre.out", "logFileSize": "-1"}
[2026-04-12 03:36:30.485 +0700] [PROCESS] [cadence.virtuoso.ade.simulationMonitor] - Simulator launched {"hostname": "dtvt_13", "processid": 12281, "history": "ExplorerRun.0", "testname": "my_lib_nmos_tb_1", "cornername": "Nominal", "point": 5, "logfile": "/home/dtvt_13/truong/logs_dtvt_13/logs0/Job63.log", "simid": "5"}
[2026-04-12 03:36:30.485 +0700] [PROCESS] [cadence.virtuoso.ade.simulationMonitor] - Started Simulation {"hostname": "dtvt_13", "processid": 12281, "history": "ExplorerRun.0", "testname": "my_lib_nmos_tb_1", "cornername": "Nominal", "point": 5, "logfile": "/home/dtvt_13/truong/logs_dtvt_13/logs0/Job63.log"}
[2026-04-12 03:36:53.771 +0700] [PROCESS] [cadence.virtuoso.ade.simulationMonitor] - Finished simulating for one point {"hostname": "dtvt_13", "processid": 12281, "history": "ExplorerRun.0", "testname": "my_lib_nmos_tb_1", "cornername": "Nominal", "point": 5, "logfile": "/home/dtvt_13/truong/logs_dtvt_13/logs0/Job63.log", "simid": "5"}
[2026-04-12 03:36:53.771 +0700] [INFO] [cadence.virtuoso.ade.simulationMonitor] - Peak resident memory used = 96 Mbytes. {"history": "ExplorerRun.0", "point": 5, "testname": "my_lib_nmos_tb_1", "cornername": "Nominal"}
[2026-04-12 03:36:53.772 +0700] [INFO] [cadence.virtuoso.ade.simulationMonitor] - Peak resident memory used = 105 Mbytes. {"history": "ExplorerRun.0", "point": 5, "testname": "my_lib_nmos_tb_1", "cornername": "Nominal"}
[2026-04-12 03:36:53.772 +0700] [INFO] [cadence.virtuoso.ade.simulationMonitor] - Notice from spectre during hierarchy flattening.
    The value 'psf' specified for the 'checklimitdest' option will no longer be supported in future releases. Use 'spectre -h' to see other recommended values for the 'checklimitdest' option. {"history": "ExplorerRun.0", "point": 5, "testname": "my_lib_nmos_tb_1", "cornername": "Nominal"}
[2026-04-12 03:36:53.772 +0700] [INFO] [cadence.virtuoso.ade.simulationMonitor] - Peak resident memory used = 106 Mbytes. {"history": "ExplorerRun.0", "point": 5, "testname": "my_lib_nmos_tb_1", "cornername": "Nominal"}
[2026-04-12 03:36:53.772 +0700] [INFO] [cadence.virtuoso.ade.simulationMonitor] - Notice from spectre during initial setup.
    Multithreading is disabled due to the size of the design being too small. {"history": "ExplorerRun.0", "point": 5, "testname": "my_lib_nmos_tb_1", "cornername": "Nominal"}
[2026-04-12 03:36:53.773 +0700] [INFO] [cadence.virtuoso.ade.simulationMonitor] -               nodes 8 {"history": "ExplorerRun.0", "point": 5, "testname": "my_lib_nmos_tb_1", "cornername": "Nominal"}
[2026-04-12 03:36:53.773 +0700] [INFO] [cadence.virtuoso.ade.simulationMonitor] - Notice from spectre during initial setup.
    APS enabled. {"history": "ExplorerRun.0", "point": 5, "testname": "my_lib_nmos_tb_1", "cornername": "Nominal"}
[2026-04-12 03:36:53.773 +0700] [INFO] [cadence.virtuoso.ade.simulationMonitor] - Peak resident memory used = 107 Mbytes. {"history": "ExplorerRun.0", "point": 5, "testname": "my_lib_nmos_tb_1", "cornername": "Nominal"}
[2026-04-12 03:36:53.773 +0700] [INFO] [cadence.virtuoso.ade.simulationMonitor] -    -   (APS) Multi-threading. The recommended number of threads is 1, consider adding +mt=1 on command line. {"history": "ExplorerRun.0", "point": 5, "testname": "my_lib_nmos_tb_1", "cornername": "Nominal"}
[2026-04-12 03:36:53.773 +0700] [INFO] [cadence.virtuoso.ade.simulationMonitor] - Total time required for dc analysis `dcOp': CPU = 2.176 ms, elapsed = 3.11422 ms. {"history": "ExplorerRun.0", "point": 5, "testname": "my_lib_nmos_tb_1", "cornername": "Nominal"}
[2026-04-12 03:36:53.774 +0700] [INFO] [cadence.virtuoso.ade.simulationMonitor] - Peak resident memory used = 109 Mbytes. {"history": "ExplorerRun.0", "point": 5, "testname": "my_lib_nmos_tb_1", "cornername": "Nominal"}
[2026-04-12 03:36:53.774 +0700] [INFO] [cadence.virtuoso.ade.simulationMonitor] - Notice from spectre at vg = 1.8 during DC analysis `dc'.
    The value of parameter 'vg' has been reset to the original value 0.9. {"history": "ExplorerRun.0", "point": 5, "testname": "my_lib_nmos_tb_1", "cornername": "Nominal"}
[2026-04-12 03:36:53.774 +0700] [INFO] [cadence.virtuoso.ade.simulationMonitor] - Total time required for dc analysis `dc': CPU = 11.95 ms, elapsed = 13.0169 ms. {"history": "ExplorerRun.0", "point": 5, "testname": "my_lib_nmos_tb_1", "cornername": "Nominal"}
[2026-04-12 03:36:53.774 +0700] [INFO] [cadence.virtuoso.ade.simulationMonitor] - Peak resident memory used = 110 Mbytes. {"history": "ExplorerRun.0", "point": 5, "testname": "my_lib_nmos_tb_1", "cornername": "Nominal"}
[2026-04-12 03:36:53.774 +0700] [INFO] [cadence.virtuoso.ade.simulationMonitor] - Time used: CPU = 573 ms, elapsed = 21.4 s, util. = 2.68%. {"history": "ExplorerRun.0", "point": 5, "testname": "my_lib_nmos_tb_1", "cornername": "Nominal"}
[2026-04-12 03:36:53.775 +0700] [INFO] [cadence.virtuoso.ade.simulationMonitor] - Time spent in licensing: elapsed = 20.8 s, percentage of total = 97.2%. {"history": "ExplorerRun.0", "point": 5, "testname": "my_lib_nmos_tb_1", "cornername": "Nominal"}
[2026-04-12 03:36:53.775 +0700] [INFO] [cadence.virtuoso.ade.simulationMonitor] - Peak memory used = 111 Mbytes. {"history": "ExplorerRun.0", "point": 5, "testname": "my_lib_nmos_tb_1", "cornername": "Nominal"}
[2026-04-12 03:36:53.775 +0700] [PROCESS] [cadence.virtuoso.ade.simulationMonitor] - Simulation started at: 3:36:31 AM, Sun Apr 12, 2026, ended at: 3:36:53 AM, Sun Apr 12, 2026, with elapsed time (wall clock): 21.4 s. {"history": "ExplorerRun.0", "point": 5, "testname": "my_lib_nmos_tb_1", "cornername": "Nominal"}
[2026-04-12 03:36:53.775 +0700] [PROCESS] [cadence.virtuoso.ade.simulationMonitor] - spectre completes with 0 errors, 0 warnings, and 5 notices. {"history": "ExplorerRun.0", "point": 5, "testname": "my_lib_nmos_tb_1", "cornername": "Nominal"}
[2026-04-12 03:36:53.775 +0700] [PROCESS] [cadence.virtuoso.ade.simulationMonitor] - Simulator exited {"hostname": "dtvt_13", "processid": 12281, "history": "ExplorerRun.0", "testname": "my_lib_nmos_tb_1", "cornername": "Nominal", "point": 5, "logfile": "/home/dtvt_13/truong/logs_dtvt_13/logs0/Job63.log", "exitStatus": "0"}
[2026-04-12 03:36:53.776 +0700] [PROCESS] [cadence.virtuoso.ade.simulationMonitor] - Finished Simulation {"hostname": "dtvt_13", "processid": 12281, "history": "ExplorerRun.0", "testname": "my_lib_nmos_tb_1", "cornername": "Nominal", "point": 5, "logfile": "/home/dtvt_13/truong/logs_dtvt_13/logs0/Job63.log", "simid": "5"}
[2026-04-12 03:36:54.288 +0700] [PROCESS] [cadence.virtuoso.ade.simulationMonitor] - Point Finished {"hostname": "dtvt_13", "processid": 12281, "history": "ExplorerRun.0", "testname": "my_lib_nmos_tb_1", "cornername": "Nominal", "point": 5, "logfile": "/home/dtvt_13/truong/logs_dtvt_13/logs0/Job63.log"}
[2026-04-12 03:36:55.296 +0700] [PROCESS] [cadence.virtuoso.ade.simulationMonitor] - Stay with the runId '2', Linger time '300', currentRunSyn '5', currentTestSyn '5' {"hostname": "dtvt_13", "processid": 12281, "history": "ExplorerRun.0", "testname": "my_lib_nmos_tb_1", "cornername": "Nominal", "point": 5, "logfile": "/home/dtvt_13/truong/logs_dtvt_13/logs0/Job63.log"}
[2026-04-12 03:41:55.338 +0700] [PROCESS] [cadence.virtuoso.ade.simulationMonitor] - Current memory used: 32.2656 MBytes, peak memory used: 32.2656 MBytes {"hostname": "dtvt_13", "processid": 12281, "history": "ExplorerRun.0", "testname": "my_lib_nmos_tb_1", "cornername": "Nominal", "point": 5, "logfile": "/home/dtvt_13/truong/logs_dtvt_13/logs0/Job63.log"}
[2026-04-12 03:41:55.339 +0700] [PROCESS] [cadence.virtuoso.ade.simulationMonitor] - Simulation Monitor process exit. {"hostname": "dtvt_13", "processid": 12281, "history": "ExplorerRun.0", "testname": "my_lib_nmos_tb_1", "cornername": "Nominal", "point": 5, "logfile": "/home/dtvt_13/truong/logs_dtvt_13/logs0/Job63.log"}
