[Simulation Monitor: 65]
[2026-04-12 03:44:04.526 +0700] [PROCESS] [cadence.virtuoso.ade.simulationMonitor] - Simulation Monitor has successfully started up. Trying to set up communication channels to other components ... {"hostname": "dtvt_13", "processid": 17007, "logfile": "/home/dtvt_13/truong/logs_dtvt_13/logs0/Job65.log"}
[2026-04-12 03:44:04.527 +0700] [PROCESS] [cadence.virtuoso.ade.simulationMonitor] - Communication channels have been successfully set up. Start processing events ... {"hostname": "dtvt_13", "processid": 17007, "logfile": "/home/dtvt_13/truong/logs_dtvt_13/logs0/Job65.log"}
[2026-04-12 03:44:04.527 +0700] [PROCESS] [cadence.virtuoso.ade.simulationMonitor] - Considering to start history {"hostname": "dtvt_13", "processid": 17007, "history": "ExplorerRun.0", "logfile": "/home/dtvt_13/truong/logs_dtvt_13/logs0/Job65.log"}
[2026-04-12 03:44:04.528 +0700] [PROCESS] [cadence.virtuoso.ade.simulationMonitor] - HostInfo:
Host name (type):	dtvt_13 (x86_64)
Operating system:	Linux 3.10.0-1160.118.1.el7.x86_64 #1 SMP Wed Apr 24 16:01:50 UTC 2024 {"hostname": "dtvt_13", "processid": 17007, "history": "ExplorerRun.0", "logfile": "/home/dtvt_13/truong/logs_dtvt_13/logs0/Job65.log", "nodename": "dtvt_13", "domainname": "(none)", "machine": "x86_64", "sysname": "Linux", "release": "3.10.0-1160.118.1.el7.x86_64", "version": "#1 SMP Wed Apr 24 16:01:50 UTC 2024"}
[2026-04-12 03:44:04.528 +0700] [PROCESS] [cadence.virtuoso.ade.simulationMonitor] - UsageInfo:
pid=17007
totalPhysicalMemory=15.208324GB,Used=14.666348GB,totalVirtualMemory=22.895821GB,Used=14.725430GB
Cpu: Cores=24, Load average:0.600000,0.400000,0.350000 {"hostname": "dtvt_13", "processid": 17007, "history": "ExplorerRun.0", "logfile": "/home/dtvt_13/truong/logs_dtvt_13/logs0/Job65.log", "pid": "17007", "totalPhysicalMemory": "15.208324", "physicalMemoryUsed": "14.666348", "totalVirtualMemory": "22.895821", "virtualMemoryUsed": "14.725430", "cpuCores": "24", "processes": "2700", "loadAverage1": "0.600000", "loadAverage5": "0.400000", "loadAverage15": "0.350000", "loadAverage1Percent": "0.025000"}
[2026-04-12 03:44:04.528 +0700] [EVENT] [cadence.virtuoso.ade.simulationMonitor] - NewPoint {"history": "ExplorerRun.0", "point": 1, "testname": "my_lib_nmos_tb_1", "cornername": "Nominal", "event": "NewPoint", "EventSource": "Simulation Monitor", "HistoryName": "ExplorerRun.0", "logFile": "/home/dtvt_13/truong/logs_dtvt_13/logs0/Job65.log", "logFileSize": "2100"}
[2026-04-12 03:44:04.629 +0700] [EVENT] [cadence.virtuoso.ade.simulationMonitor] - NewPoint {"history": "ExplorerRun.0", "point": 1, "testname": "my_lib_nmos_tb_1", "cornername": "Nominal", "event": "NewPoint", "EventSource": "spectre", "HistoryName": "ExplorerRun.0", "logFile": "/home/dtvt_13/simulation/my_lib/nmos_tb/maestro/results/maestro/ExplorerRun.0/1/my_lib_nmos_tb_1/psf/spectre.out", "logFileSize": "-1"}
[2026-04-12 03:44:04.641 +0700] [PROCESS] [cadence.virtuoso.ade.simulationMonitor] - Simulator launched {"hostname": "dtvt_13", "processid": 17007, "history": "ExplorerRun.0", "testname": "my_lib_nmos_tb_1", "cornername": "Nominal", "point": 1, "logfile": "/home/dtvt_13/truong/logs_dtvt_13/logs0/Job65.log", "simid": "1"}
[2026-04-12 03:44:04.643 +0700] [PROCESS] [cadence.virtuoso.ade.simulationMonitor] - Expression evaluator launched {"hostname": "dtvt_13", "processid": 17007, "history": "ExplorerRun.0", "testname": "my_lib_nmos_tb_1", "cornername": "Nominal", "point": 1, "logfile": "/home/dtvt_13/truong/logs_dtvt_13/logs0/Job65.log"}
[2026-04-12 03:44:04.647 +0700] [PROCESS] [cadence.virtuoso.ade.simulationMonitor] - Started Simulation {"hostname": "dtvt_13", "processid": 17007, "history": "ExplorerRun.0", "testname": "my_lib_nmos_tb_1", "cornername": "Nominal", "point": 1, "logfile": "/home/dtvt_13/truong/logs_dtvt_13/logs0/Job65.log"}
[2026-04-12 03:44:26.009 +0700] [PROCESS] [cadence.virtuoso.ade.simulationMonitor] - Finished simulating for one point {"hostname": "dtvt_13", "processid": 17007, "history": "ExplorerRun.0", "testname": "my_lib_nmos_tb_1", "cornername": "Nominal", "point": 1, "logfile": "/home/dtvt_13/truong/logs_dtvt_13/logs0/Job65.log", "simid": "1"}
[2026-04-12 03:44:26.009 +0700] [INFO] [cadence.virtuoso.ade.simulationMonitor] - Peak resident memory used = 96 Mbytes. {"history": "ExplorerRun.0", "point": 1, "testname": "my_lib_nmos_tb_1", "cornername": "Nominal"}
[2026-04-12 03:44:26.010 +0700] [INFO] [cadence.virtuoso.ade.simulationMonitor] - Peak resident memory used = 105 Mbytes. {"history": "ExplorerRun.0", "point": 1, "testname": "my_lib_nmos_tb_1", "cornername": "Nominal"}
[2026-04-12 03:44:26.010 +0700] [INFO] [cadence.virtuoso.ade.simulationMonitor] - Notice from spectre during hierarchy flattening.
    The value 'psf' specified for the 'checklimitdest' option will no longer be supported in future releases. Use 'spectre -h' to see other recommended values for the 'checklimitdest' option. {"history": "ExplorerRun.0", "point": 1, "testname": "my_lib_nmos_tb_1", "cornername": "Nominal"}
[2026-04-12 03:44:26.010 +0700] [INFO] [cadence.virtuoso.ade.simulationMonitor] - Peak resident memory used = 106 Mbytes. {"history": "ExplorerRun.0", "point": 1, "testname": "my_lib_nmos_tb_1", "cornername": "Nominal"}
[2026-04-12 03:44:26.011 +0700] [INFO] [cadence.virtuoso.ade.simulationMonitor] - Notice from spectre during initial setup.
    Multithreading is disabled due to the size of the design being too small. {"history": "ExplorerRun.0", "point": 1, "testname": "my_lib_nmos_tb_1", "cornername": "Nominal"}
[2026-04-12 03:44:26.011 +0700] [INFO] [cadence.virtuoso.ade.simulationMonitor] -               nodes 8 {"history": "ExplorerRun.0", "point": 1, "testname": "my_lib_nmos_tb_1", "cornername": "Nominal"}
[2026-04-12 03:44:26.012 +0700] [INFO] [cadence.virtuoso.ade.simulationMonitor] - Notice from spectre during initial setup.
    APS enabled. {"history": "ExplorerRun.0", "point": 1, "testname": "my_lib_nmos_tb_1", "cornername": "Nominal"}
[2026-04-12 03:44:26.012 +0700] [INFO] [cadence.virtuoso.ade.simulationMonitor] - Peak resident memory used = 107 Mbytes. {"history": "ExplorerRun.0", "point": 1, "testname": "my_lib_nmos_tb_1", "cornername": "Nominal"}
[2026-04-12 03:44:26.012 +0700] [INFO] [cadence.virtuoso.ade.simulationMonitor] -    -   (APS) Multi-threading. The recommended number of threads is 1, consider adding +mt=1 on command line. {"history": "ExplorerRun.0", "point": 1, "testname": "my_lib_nmos_tb_1", "cornername": "Nominal"}
[2026-04-12 03:44:26.012 +0700] [INFO] [cadence.virtuoso.ade.simulationMonitor] - Total time required for dc analysis `dcOp': CPU = 2.303 ms, elapsed = 3.29781 ms. {"history": "ExplorerRun.0", "point": 1, "testname": "my_lib_nmos_tb_1", "cornername": "Nominal"}
[2026-04-12 03:44:26.013 +0700] [INFO] [cadence.virtuoso.ade.simulationMonitor] - Peak resident memory used = 109 Mbytes. {"history": "ExplorerRun.0", "point": 1, "testname": "my_lib_nmos_tb_1", "cornername": "Nominal"}
[2026-04-12 03:44:26.013 +0700] [INFO] [cadence.virtuoso.ade.simulationMonitor] - Notice from spectre at vg = 1.8 during DC analysis `dc'.
    The value of parameter 'vg' has been reset to the original value 0.9. {"history": "ExplorerRun.0", "point": 1, "testname": "my_lib_nmos_tb_1", "cornername": "Nominal"}
[2026-04-12 03:44:26.013 +0700] [INFO] [cadence.virtuoso.ade.simulationMonitor] - Total time required for dc analysis `dc': CPU = 11.276 ms, elapsed = 12.336 ms. {"history": "ExplorerRun.0", "point": 1, "testname": "my_lib_nmos_tb_1", "cornername": "Nominal"}
[2026-04-12 03:44:26.013 +0700] [INFO] [cadence.virtuoso.ade.simulationMonitor] - Peak resident memory used = 110 Mbytes. {"history": "ExplorerRun.0", "point": 1, "testname": "my_lib_nmos_tb_1", "cornername": "Nominal"}
[2026-04-12 03:44:26.013 +0700] [INFO] [cadence.virtuoso.ade.simulationMonitor] - Time used: CPU = 522 ms, elapsed = 20.8 s, util. = 2.51%. {"history": "ExplorerRun.0", "point": 1, "testname": "my_lib_nmos_tb_1", "cornername": "Nominal"}
[2026-04-12 03:44:26.013 +0700] [INFO] [cadence.virtuoso.ade.simulationMonitor] - Time spent in licensing: elapsed = 20.3 s, percentage of total = 97.3%. {"history": "ExplorerRun.0", "point": 1, "testname": "my_lib_nmos_tb_1", "cornername": "Nominal"}
[2026-04-12 03:44:26.013 +0700] [INFO] [cadence.virtuoso.ade.simulationMonitor] - Peak memory used = 111 Mbytes. {"history": "ExplorerRun.0", "point": 1, "testname": "my_lib_nmos_tb_1", "cornername": "Nominal"}
[2026-04-12 03:44:26.014 +0700] [PROCESS] [cadence.virtuoso.ade.simulationMonitor] - Simulation started at: 3:44:04 AM, Sun Apr 12, 2026, ended at: 3:44:25 AM, Sun Apr 12, 2026, with elapsed time (wall clock): 20.8 s. {"history": "ExplorerRun.0", "point": 1, "testname": "my_lib_nmos_tb_1", "cornername": "Nominal"}
[2026-04-12 03:44:26.014 +0700] [PROCESS] [cadence.virtuoso.ade.simulationMonitor] - spectre completes with 0 errors, 0 warnings, and 5 notices. {"history": "ExplorerRun.0", "point": 1, "testname": "my_lib_nmos_tb_1", "cornername": "Nominal"}
[2026-04-12 03:44:26.014 +0700] [PROCESS] [cadence.virtuoso.ade.simulationMonitor] - Simulator exited {"hostname": "dtvt_13", "processid": 17007, "history": "ExplorerRun.0", "testname": "my_lib_nmos_tb_1", "cornername": "Nominal", "point": 1, "logfile": "/home/dtvt_13/truong/logs_dtvt_13/logs0/Job65.log", "exitStatus": "0"}
[2026-04-12 03:44:26.014 +0700] [PROCESS] [cadence.virtuoso.ade.simulationMonitor] - Finished Simulation {"hostname": "dtvt_13", "processid": 17007, "history": "ExplorerRun.0", "testname": "my_lib_nmos_tb_1", "cornername": "Nominal", "point": 1, "logfile": "/home/dtvt_13/truong/logs_dtvt_13/logs0/Job65.log", "simid": "1"}
[2026-04-12 03:44:26.527 +0700] [PROCESS] [cadence.virtuoso.ade.simulationMonitor] - Point Finished {"hostname": "dtvt_13", "processid": 17007, "history": "ExplorerRun.0", "testname": "my_lib_nmos_tb_1", "cornername": "Nominal", "point": 1, "logfile": "/home/dtvt_13/truong/logs_dtvt_13/logs0/Job65.log"}
[2026-04-12 03:44:26.536 +0700] [PROCESS] [cadence.virtuoso.ade.simulationMonitor] - HostInfo:
Host name (type):	dtvt_13 (x86_64)
Operating system:	Linux 3.10.0-1160.118.1.el7.x86_64 #1 SMP Wed Apr 24 16:01:50 UTC 2024 {"hostname": "dtvt_13", "processid": 17007, "history": "ExplorerRun.0", "testname": "my_lib_nmos_tb_1", "cornername": "Nominal", "point": 1, "logfile": "/home/dtvt_13/truong/logs_dtvt_13/logs0/Job65.log", "nodename": "dtvt_13", "domainname": "(none)", "machine": "x86_64", "sysname": "Linux", "release": "3.10.0-1160.118.1.el7.x86_64", "version": "#1 SMP Wed Apr 24 16:01:50 UTC 2024"}
[2026-04-12 03:44:26.536 +0700] [PROCESS] [cadence.virtuoso.ade.simulationMonitor] - UsageInfo:
pid=17007
totalPhysicalMemory=15.208324GB,Used=14.903362GB,totalVirtualMemory=22.895821GB,Used=14.962444GB
Cpu: Cores=24, Load average:0.590000,0.420000,0.360000 {"hostname": "dtvt_13", "processid": 17007, "history": "ExplorerRun.0", "testname": "my_lib_nmos_tb_1", "cornername": "Nominal", "point": 1, "logfile": "/home/dtvt_13/truong/logs_dtvt_13/logs0/Job65.log", "pid": "17007", "totalPhysicalMemory": "15.208324", "physicalMemoryUsed": "14.903362", "totalVirtualMemory": "22.895821", "virtualMemoryUsed": "14.962444", "cpuCores": "24", "processes": "2741", "loadAverage1": "0.590000", "loadAverage5": "0.420000", "loadAverage15": "0.360000", "loadAverage1Percent": "0.024583"}
[2026-04-12 03:44:26.536 +0700] [EVENT] [cadence.virtuoso.ade.simulationMonitor] - NewPoint {"history": "ExplorerRun.0", "point": 2, "testname": "my_lib_nmos_tb_1", "cornername": "Nominal", "event": "NewPoint", "EventSource": "Simulation Monitor", "HistoryName": "ExplorerRun.0", "logFile": "/home/dtvt_13/truong/logs_dtvt_13/logs0/Job65.log", "logFileSize": "11375"}
[2026-04-12 03:44:26.637 +0700] [EVENT] [cadence.virtuoso.ade.simulationMonitor] - NewPoint {"history": "ExplorerRun.0", "point": 2, "testname": "my_lib_nmos_tb_1", "cornername": "Nominal", "event": "NewPoint", "EventSource": "spectre", "HistoryName": "ExplorerRun.0", "logFile": "/home/dtvt_13/simulation/my_lib/nmos_tb/maestro/results/maestro/ExplorerRun.0/2/my_lib_nmos_tb_1/psf/spectre.out", "logFileSize": "-1"}
[2026-04-12 03:44:26.645 +0700] [PROCESS] [cadence.virtuoso.ade.simulationMonitor] - Simulator launched {"hostname": "dtvt_13", "processid": 17007, "history": "ExplorerRun.0", "testname": "my_lib_nmos_tb_1", "cornername": "Nominal", "point": 2, "logfile": "/home/dtvt_13/truong/logs_dtvt_13/logs0/Job65.log", "simid": "2"}
[2026-04-12 03:44:26.646 +0700] [PROCESS] [cadence.virtuoso.ade.simulationMonitor] - Started Simulation {"hostname": "dtvt_13", "processid": 17007, "history": "ExplorerRun.0", "testname": "my_lib_nmos_tb_1", "cornername": "Nominal", "point": 2, "logfile": "/home/dtvt_13/truong/logs_dtvt_13/logs0/Job65.log"}
[2026-04-12 03:44:48.045 +0700] [PROCESS] [cadence.virtuoso.ade.simulationMonitor] - Finished simulating for one point {"hostname": "dtvt_13", "processid": 17007, "history": "ExplorerRun.0", "testname": "my_lib_nmos_tb_1", "cornername": "Nominal", "point": 2, "logfile": "/home/dtvt_13/truong/logs_dtvt_13/logs0/Job65.log", "simid": "2"}
[2026-04-12 03:44:48.046 +0700] [INFO] [cadence.virtuoso.ade.simulationMonitor] - Peak resident memory used = 96 Mbytes. {"history": "ExplorerRun.0", "point": 2, "testname": "my_lib_nmos_tb_1", "cornername": "Nominal"}
[2026-04-12 03:44:48.046 +0700] [INFO] [cadence.virtuoso.ade.simulationMonitor] - Peak resident memory used = 105 Mbytes. {"history": "ExplorerRun.0", "point": 2, "testname": "my_lib_nmos_tb_1", "cornername": "Nominal"}
[2026-04-12 03:44:48.047 +0700] [INFO] [cadence.virtuoso.ade.simulationMonitor] - Notice from spectre during hierarchy flattening.
    The value 'psf' specified for the 'checklimitdest' option will no longer be supported in future releases. Use 'spectre -h' to see other recommended values for the 'checklimitdest' option. {"history": "ExplorerRun.0", "point": 2, "testname": "my_lib_nmos_tb_1", "cornername": "Nominal"}
[2026-04-12 03:44:48.047 +0700] [INFO] [cadence.virtuoso.ade.simulationMonitor] - Peak resident memory used = 106 Mbytes. {"history": "ExplorerRun.0", "point": 2, "testname": "my_lib_nmos_tb_1", "cornername": "Nominal"}
[2026-04-12 03:44:48.047 +0700] [INFO] [cadence.virtuoso.ade.simulationMonitor] - Notice from spectre during initial setup.
    Multithreading is disabled due to the size of the design being too small. {"history": "ExplorerRun.0", "point": 2, "testname": "my_lib_nmos_tb_1", "cornername": "Nominal"}
[2026-04-12 03:44:48.047 +0700] [INFO] [cadence.virtuoso.ade.simulationMonitor] -               nodes 8 {"history": "ExplorerRun.0", "point": 2, "testname": "my_lib_nmos_tb_1", "cornername": "Nominal"}
[2026-04-12 03:44:48.048 +0700] [INFO] [cadence.virtuoso.ade.simulationMonitor] - Notice from spectre during initial setup.
    APS enabled. {"history": "ExplorerRun.0", "point": 2, "testname": "my_lib_nmos_tb_1", "cornername": "Nominal"}
[2026-04-12 03:44:48.048 +0700] [INFO] [cadence.virtuoso.ade.simulationMonitor] - Peak resident memory used = 107 Mbytes. {"history": "ExplorerRun.0", "point": 2, "testname": "my_lib_nmos_tb_1", "cornername": "Nominal"}
[2026-04-12 03:44:48.048 +0700] [INFO] [cadence.virtuoso.ade.simulationMonitor] -    -   (APS) Multi-threading. The recommended number of threads is 1, consider adding +mt=1 on command line. {"history": "ExplorerRun.0", "point": 2, "testname": "my_lib_nmos_tb_1", "cornername": "Nominal"}
[2026-04-12 03:44:48.048 +0700] [INFO] [cadence.virtuoso.ade.simulationMonitor] - Total time required for dc analysis `dcOp': CPU = 1.755 ms, elapsed = 2.81692 ms. {"history": "ExplorerRun.0", "point": 2, "testname": "my_lib_nmos_tb_1", "cornername": "Nominal"}
[2026-04-12 03:44:48.048 +0700] [INFO] [cadence.virtuoso.ade.simulationMonitor] - Peak resident memory used = 109 Mbytes. {"history": "ExplorerRun.0", "point": 2, "testname": "my_lib_nmos_tb_1", "cornername": "Nominal"}
[2026-04-12 03:44:48.048 +0700] [INFO] [cadence.virtuoso.ade.simulationMonitor] - Notice from spectre at vg = 1.8 during DC analysis `dc'.
    The value of parameter 'vg' has been reset to the original value 0.9. {"history": "ExplorerRun.0", "point": 2, "testname": "my_lib_nmos_tb_1", "cornername": "Nominal"}
[2026-04-12 03:44:48.048 +0700] [INFO] [cadence.virtuoso.ade.simulationMonitor] - Total time required for dc analysis `dc': CPU = 10.542 ms, elapsed = 11.5459 ms. {"history": "ExplorerRun.0", "point": 2, "testname": "my_lib_nmos_tb_1", "cornername": "Nominal"}
[2026-04-12 03:44:48.049 +0700] [INFO] [cadence.virtuoso.ade.simulationMonitor] - Peak resident memory used = 110 Mbytes. {"history": "ExplorerRun.0", "point": 2, "testname": "my_lib_nmos_tb_1", "cornername": "Nominal"}
[2026-04-12 03:44:48.049 +0700] [INFO] [cadence.virtuoso.ade.simulationMonitor] - Time used: CPU = 536 ms, elapsed = 20.8 s, util. = 2.57%. {"history": "ExplorerRun.0", "point": 2, "testname": "my_lib_nmos_tb_1", "cornername": "Nominal"}
[2026-04-12 03:44:48.049 +0700] [INFO] [cadence.virtuoso.ade.simulationMonitor] - Time spent in licensing: elapsed = 20.3 s, percentage of total = 97.5%. {"history": "ExplorerRun.0", "point": 2, "testname": "my_lib_nmos_tb_1", "cornername": "Nominal"}
[2026-04-12 03:44:48.049 +0700] [INFO] [cadence.virtuoso.ade.simulationMonitor] - Peak memory used = 111 Mbytes. {"history": "ExplorerRun.0", "point": 2, "testname": "my_lib_nmos_tb_1", "cornername": "Nominal"}
[2026-04-12 03:44:48.049 +0700] [PROCESS] [cadence.virtuoso.ade.simulationMonitor] - Simulation started at: 3:44:26 AM, Sun Apr 12, 2026, ended at: 3:44:47 AM, Sun Apr 12, 2026, with elapsed time (wall clock): 20.8 s. {"history": "ExplorerRun.0", "point": 2, "testname": "my_lib_nmos_tb_1", "cornername": "Nominal"}
[2026-04-12 03:44:48.049 +0700] [PROCESS] [cadence.virtuoso.ade.simulationMonitor] - spectre completes with 0 errors, 0 warnings, and 5 notices. {"history": "ExplorerRun.0", "point": 2, "testname": "my_lib_nmos_tb_1", "cornername": "Nominal"}
[2026-04-12 03:44:48.050 +0700] [PROCESS] [cadence.virtuoso.ade.simulationMonitor] - Simulator exited {"hostname": "dtvt_13", "processid": 17007, "history": "ExplorerRun.0", "testname": "my_lib_nmos_tb_1", "cornername": "Nominal", "point": 2, "logfile": "/home/dtvt_13/truong/logs_dtvt_13/logs0/Job65.log", "exitStatus": "0"}
[2026-04-12 03:44:48.050 +0700] [PROCESS] [cadence.virtuoso.ade.simulationMonitor] - Finished Simulation {"hostname": "dtvt_13", "processid": 17007, "history": "ExplorerRun.0", "testname": "my_lib_nmos_tb_1", "cornername": "Nominal", "point": 2, "logfile": "/home/dtvt_13/truong/logs_dtvt_13/logs0/Job65.log", "simid": "2"}
[2026-04-12 03:44:49.062 +0700] [PROCESS] [cadence.virtuoso.ade.simulationMonitor] - Point Finished {"hostname": "dtvt_13", "processid": 17007, "history": "ExplorerRun.0", "testname": "my_lib_nmos_tb_1", "cornername": "Nominal", "point": 2, "logfile": "/home/dtvt_13/truong/logs_dtvt_13/logs0/Job65.log"}
[2026-04-12 03:44:49.069 +0700] [PROCESS] [cadence.virtuoso.ade.simulationMonitor] - HostInfo:
Host name (type):	dtvt_13 (x86_64)
Operating system:	Linux 3.10.0-1160.118.1.el7.x86_64 #1 SMP Wed Apr 24 16:01:50 UTC 2024 {"hostname": "dtvt_13", "processid": 17007, "history": "ExplorerRun.0", "testname": "my_lib_nmos_tb_1", "cornername": "Nominal", "point": 2, "logfile": "/home/dtvt_13/truong/logs_dtvt_13/logs0/Job65.log", "nodename": "dtvt_13", "domainname": "(none)", "machine": "x86_64", "sysname": "Linux", "release": "3.10.0-1160.118.1.el7.x86_64", "version": "#1 SMP Wed Apr 24 16:01:50 UTC 2024"}
[2026-04-12 03:44:49.069 +0700] [PROCESS] [cadence.virtuoso.ade.simulationMonitor] - UsageInfo:
pid=17007
totalPhysicalMemory=15.208324GB,Used=14.907246GB,totalVirtualMemory=22.895821GB,Used=14.966328GB
Cpu: Cores=24, Load average:0.490000,0.410000,0.360000 {"hostname": "dtvt_13", "processid": 17007, "history": "ExplorerRun.0", "testname": "my_lib_nmos_tb_1", "cornername": "Nominal", "point": 2, "logfile": "/home/dtvt_13/truong/logs_dtvt_13/logs0/Job65.log", "pid": "17007", "totalPhysicalMemory": "15.208324", "physicalMemoryUsed": "14.907246", "totalVirtualMemory": "22.895821", "virtualMemoryUsed": "14.966328", "cpuCores": "24", "processes": "2736", "loadAverage1": "0.490000", "loadAverage5": "0.410000", "loadAverage15": "0.360000", "loadAverage1Percent": "0.020417"}
[2026-04-12 03:44:49.070 +0700] [EVENT] [cadence.virtuoso.ade.simulationMonitor] - NewPoint {"history": "ExplorerRun.0", "point": 3, "testname": "my_lib_nmos_tb_1", "cornername": "Nominal", "event": "NewPoint", "EventSource": "Simulation Monitor", "HistoryName": "ExplorerRun.0", "logFile": "/home/dtvt_13/truong/logs_dtvt_13/logs0/Job65.log", "logFileSize": "20332"}
[2026-04-12 03:44:49.176 +0700] [EVENT] [cadence.virtuoso.ade.simulationMonitor] - NewPoint {"history": "ExplorerRun.0", "point": 3, "testname": "my_lib_nmos_tb_1", "cornername": "Nominal", "event": "NewPoint", "EventSource": "spectre", "HistoryName": "ExplorerRun.0", "logFile": "/home/dtvt_13/simulation/my_lib/nmos_tb/maestro/results/maestro/ExplorerRun.0/3/my_lib_nmos_tb_1/psf/spectre.out", "logFileSize": "-1"}
[2026-04-12 03:44:49.186 +0700] [PROCESS] [cadence.virtuoso.ade.simulationMonitor] - Simulator launched {"hostname": "dtvt_13", "processid": 17007, "history": "ExplorerRun.0", "testname": "my_lib_nmos_tb_1", "cornername": "Nominal", "point": 3, "logfile": "/home/dtvt_13/truong/logs_dtvt_13/logs0/Job65.log", "simid": "3"}
[2026-04-12 03:44:49.187 +0700] [PROCESS] [cadence.virtuoso.ade.simulationMonitor] - Started Simulation {"hostname": "dtvt_13", "processid": 17007, "history": "ExplorerRun.0", "testname": "my_lib_nmos_tb_1", "cornername": "Nominal", "point": 3, "logfile": "/home/dtvt_13/truong/logs_dtvt_13/logs0/Job65.log"}
[2026-04-12 03:45:10.565 +0700] [PROCESS] [cadence.virtuoso.ade.simulationMonitor] - Finished simulating for one point {"hostname": "dtvt_13", "processid": 17007, "history": "ExplorerRun.0", "testname": "my_lib_nmos_tb_1", "cornername": "Nominal", "point": 3, "logfile": "/home/dtvt_13/truong/logs_dtvt_13/logs0/Job65.log", "simid": "3"}
[2026-04-12 03:45:10.566 +0700] [INFO] [cadence.virtuoso.ade.simulationMonitor] - Peak resident memory used = 96 Mbytes. {"history": "ExplorerRun.0", "point": 3, "testname": "my_lib_nmos_tb_1", "cornername": "Nominal"}
[2026-04-12 03:45:10.566 +0700] [INFO] [cadence.virtuoso.ade.simulationMonitor] - Peak resident memory used = 105 Mbytes. {"history": "ExplorerRun.0", "point": 3, "testname": "my_lib_nmos_tb_1", "cornername": "Nominal"}
[2026-04-12 03:45:10.567 +0700] [INFO] [cadence.virtuoso.ade.simulationMonitor] - Notice from spectre during hierarchy flattening.
    The value 'psf' specified for the 'checklimitdest' option will no longer be supported in future releases. Use 'spectre -h' to see other recommended values for the 'checklimitdest' option. {"history": "ExplorerRun.0", "point": 3, "testname": "my_lib_nmos_tb_1", "cornername": "Nominal"}
[2026-04-12 03:45:10.567 +0700] [INFO] [cadence.virtuoso.ade.simulationMonitor] - Peak resident memory used = 106 Mbytes. {"history": "ExplorerRun.0", "point": 3, "testname": "my_lib_nmos_tb_1", "cornername": "Nominal"}
[2026-04-12 03:45:10.567 +0700] [INFO] [cadence.virtuoso.ade.simulationMonitor] - Notice from spectre during initial setup.
    Multithreading is disabled due to the size of the design being too small. {"history": "ExplorerRun.0", "point": 3, "testname": "my_lib_nmos_tb_1", "cornername": "Nominal"}
[2026-04-12 03:45:10.568 +0700] [INFO] [cadence.virtuoso.ade.simulationMonitor] -               nodes 8 {"history": "ExplorerRun.0", "point": 3, "testname": "my_lib_nmos_tb_1", "cornername": "Nominal"}
[2026-04-12 03:45:10.568 +0700] [INFO] [cadence.virtuoso.ade.simulationMonitor] - Notice from spectre during initial setup.
    APS enabled. {"history": "ExplorerRun.0", "point": 3, "testname": "my_lib_nmos_tb_1", "cornername": "Nominal"}
[2026-04-12 03:45:10.568 +0700] [INFO] [cadence.virtuoso.ade.simulationMonitor] - Peak resident memory used = 107 Mbytes. {"history": "ExplorerRun.0", "point": 3, "testname": "my_lib_nmos_tb_1", "cornername": "Nominal"}
[2026-04-12 03:45:10.568 +0700] [INFO] [cadence.virtuoso.ade.simulationMonitor] -    -   (APS) Multi-threading. The recommended number of threads is 1, consider adding +mt=1 on command line. {"history": "ExplorerRun.0", "point": 3, "testname": "my_lib_nmos_tb_1", "cornername": "Nominal"}
[2026-04-12 03:45:10.569 +0700] [INFO] [cadence.virtuoso.ade.simulationMonitor] - Total time required for dc analysis `dcOp': CPU = 2.04 ms, elapsed = 3.01194 ms. {"history": "ExplorerRun.0", "point": 3, "testname": "my_lib_nmos_tb_1", "cornername": "Nominal"}
[2026-04-12 03:45:10.569 +0700] [INFO] [cadence.virtuoso.ade.simulationMonitor] - Peak resident memory used = 109 Mbytes. {"history": "ExplorerRun.0", "point": 3, "testname": "my_lib_nmos_tb_1", "cornername": "Nominal"}
[2026-04-12 03:45:10.569 +0700] [INFO] [cadence.virtuoso.ade.simulationMonitor] - Notice from spectre at vg = 1.8 during DC analysis `dc'.
    The value of parameter 'vg' has been reset to the original value 0.9. {"history": "ExplorerRun.0", "point": 3, "testname": "my_lib_nmos_tb_1", "cornername": "Nominal"}
[2026-04-12 03:45:10.569 +0700] [INFO] [cadence.virtuoso.ade.simulationMonitor] - Total time required for dc analysis `dc': CPU = 10.599 ms, elapsed = 11.6849 ms. {"history": "ExplorerRun.0", "point": 3, "testname": "my_lib_nmos_tb_1", "cornername": "Nominal"}
[2026-04-12 03:45:10.569 +0700] [INFO] [cadence.virtuoso.ade.simulationMonitor] - Peak resident memory used = 110 Mbytes. {"history": "ExplorerRun.0", "point": 3, "testname": "my_lib_nmos_tb_1", "cornername": "Nominal"}
[2026-04-12 03:45:10.569 +0700] [INFO] [cadence.virtuoso.ade.simulationMonitor] - Time used: CPU = 547 ms, elapsed = 20.8 s, util. = 2.63%. {"history": "ExplorerRun.0", "point": 3, "testname": "my_lib_nmos_tb_1", "cornername": "Nominal"}
[2026-04-12 03:45:10.570 +0700] [INFO] [cadence.virtuoso.ade.simulationMonitor] - Time spent in licensing: elapsed = 20.3 s, percentage of total = 97.4%. {"history": "ExplorerRun.0", "point": 3, "testname": "my_lib_nmos_tb_1", "cornername": "Nominal"}
[2026-04-12 03:45:10.570 +0700] [INFO] [cadence.virtuoso.ade.simulationMonitor] - Peak memory used = 111 Mbytes. {"history": "ExplorerRun.0", "point": 3, "testname": "my_lib_nmos_tb_1", "cornername": "Nominal"}
[2026-04-12 03:45:10.570 +0700] [PROCESS] [cadence.virtuoso.ade.simulationMonitor] - Simulation started at: 3:44:49 AM, Sun Apr 12, 2026, ended at: 3:45:10 AM, Sun Apr 12, 2026, with elapsed time (wall clock): 20.8 s. {"history": "ExplorerRun.0", "point": 3, "testname": "my_lib_nmos_tb_1", "cornername": "Nominal"}
[2026-04-12 03:45:10.570 +0700] [PROCESS] [cadence.virtuoso.ade.simulationMonitor] - spectre completes with 0 errors, 0 warnings, and 5 notices. {"history": "ExplorerRun.0", "point": 3, "testname": "my_lib_nmos_tb_1", "cornername": "Nominal"}
[2026-04-12 03:45:10.570 +0700] [PROCESS] [cadence.virtuoso.ade.simulationMonitor] - Simulator exited {"hostname": "dtvt_13", "processid": 17007, "history": "ExplorerRun.0", "testname": "my_lib_nmos_tb_1", "cornername": "Nominal", "point": 3, "logfile": "/home/dtvt_13/truong/logs_dtvt_13/logs0/Job65.log", "exitStatus": "0"}
[2026-04-12 03:45:10.570 +0700] [PROCESS] [cadence.virtuoso.ade.simulationMonitor] - Finished Simulation {"hostname": "dtvt_13", "processid": 17007, "history": "ExplorerRun.0", "testname": "my_lib_nmos_tb_1", "cornername": "Nominal", "point": 3, "logfile": "/home/dtvt_13/truong/logs_dtvt_13/logs0/Job65.log", "simid": "3"}
[2026-04-12 03:45:11.584 +0700] [PROCESS] [cadence.virtuoso.ade.simulationMonitor] - Point Finished {"hostname": "dtvt_13", "processid": 17007, "history": "ExplorerRun.0", "testname": "my_lib_nmos_tb_1", "cornername": "Nominal", "point": 3, "logfile": "/home/dtvt_13/truong/logs_dtvt_13/logs0/Job65.log"}
[2026-04-12 03:45:11.591 +0700] [PROCESS] [cadence.virtuoso.ade.simulationMonitor] - HostInfo:
Host name (type):	dtvt_13 (x86_64)
Operating system:	Linux 3.10.0-1160.118.1.el7.x86_64 #1 SMP Wed Apr 24 16:01:50 UTC 2024 {"hostname": "dtvt_13", "processid": 17007, "history": "ExplorerRun.0", "testname": "my_lib_nmos_tb_1", "cornername": "Nominal", "point": 3, "logfile": "/home/dtvt_13/truong/logs_dtvt_13/logs0/Job65.log", "nodename": "dtvt_13", "domainname": "(none)", "machine": "x86_64", "sysname": "Linux", "release": "3.10.0-1160.118.1.el7.x86_64", "version": "#1 SMP Wed Apr 24 16:01:50 UTC 2024"}
[2026-04-12 03:45:11.591 +0700] [PROCESS] [cadence.virtuoso.ade.simulationMonitor] - UsageInfo:
pid=17007
totalPhysicalMemory=15.208324GB,Used=14.908760GB,totalVirtualMemory=22.895821GB,Used=14.967842GB
Cpu: Cores=24, Load average:0.330000,0.380000,0.350000 {"hostname": "dtvt_13", "processid": 17007, "history": "ExplorerRun.0", "testname": "my_lib_nmos_tb_1", "cornername": "Nominal", "point": 3, "logfile": "/home/dtvt_13/truong/logs_dtvt_13/logs0/Job65.log", "pid": "17007", "totalPhysicalMemory": "15.208324", "physicalMemoryUsed": "14.908760", "totalVirtualMemory": "22.895821", "virtualMemoryUsed": "14.967842", "cpuCores": "24", "processes": "2744", "loadAverage1": "0.330000", "loadAverage5": "0.380000", "loadAverage15": "0.350000", "loadAverage1Percent": "0.013750"}
[2026-04-12 03:45:11.591 +0700] [EVENT] [cadence.virtuoso.ade.simulationMonitor] - NewPoint {"history": "ExplorerRun.0", "point": 4, "testname": "my_lib_nmos_tb_1", "cornername": "Nominal", "event": "NewPoint", "EventSource": "Simulation Monitor", "HistoryName": "ExplorerRun.0", "logFile": "/home/dtvt_13/truong/logs_dtvt_13/logs0/Job65.log", "logFileSize": "29288"}
[2026-04-12 03:45:11.693 +0700] [EVENT] [cadence.virtuoso.ade.simulationMonitor] - NewPoint {"history": "ExplorerRun.0", "point": 4, "testname": "my_lib_nmos_tb_1", "cornername": "Nominal", "event": "NewPoint", "EventSource": "spectre", "HistoryName": "ExplorerRun.0", "logFile": "/home/dtvt_13/simulation/my_lib/nmos_tb/maestro/results/maestro/ExplorerRun.0/4/my_lib_nmos_tb_1/psf/spectre.out", "logFileSize": "-1"}
[2026-04-12 03:45:11.701 +0700] [PROCESS] [cadence.virtuoso.ade.simulationMonitor] - Simulator launched {"hostname": "dtvt_13", "processid": 17007, "history": "ExplorerRun.0", "testname": "my_lib_nmos_tb_1", "cornername": "Nominal", "point": 4, "logfile": "/home/dtvt_13/truong/logs_dtvt_13/logs0/Job65.log", "simid": "4"}
[2026-04-12 03:45:11.702 +0700] [PROCESS] [cadence.virtuoso.ade.simulationMonitor] - Started Simulation {"hostname": "dtvt_13", "processid": 17007, "history": "ExplorerRun.0", "testname": "my_lib_nmos_tb_1", "cornername": "Nominal", "point": 4, "logfile": "/home/dtvt_13/truong/logs_dtvt_13/logs0/Job65.log"}
[2026-04-12 03:45:33.094 +0700] [PROCESS] [cadence.virtuoso.ade.simulationMonitor] - Finished simulating for one point {"hostname": "dtvt_13", "processid": 17007, "history": "ExplorerRun.0", "testname": "my_lib_nmos_tb_1", "cornername": "Nominal", "point": 4, "logfile": "/home/dtvt_13/truong/logs_dtvt_13/logs0/Job65.log", "simid": "4"}
[2026-04-12 03:45:33.095 +0700] [INFO] [cadence.virtuoso.ade.simulationMonitor] - Peak resident memory used = 96 Mbytes. {"history": "ExplorerRun.0", "point": 4, "testname": "my_lib_nmos_tb_1", "cornername": "Nominal"}
[2026-04-12 03:45:33.095 +0700] [INFO] [cadence.virtuoso.ade.simulationMonitor] - Peak resident memory used = 105 Mbytes. {"history": "ExplorerRun.0", "point": 4, "testname": "my_lib_nmos_tb_1", "cornername": "Nominal"}
[2026-04-12 03:45:33.095 +0700] [INFO] [cadence.virtuoso.ade.simulationMonitor] - Notice from spectre during hierarchy flattening.
    The value 'psf' specified for the 'checklimitdest' option will no longer be supported in future releases. Use 'spectre -h' to see other recommended values for the 'checklimitdest' option. {"history": "ExplorerRun.0", "point": 4, "testname": "my_lib_nmos_tb_1", "cornername": "Nominal"}
[2026-04-12 03:45:33.096 +0700] [INFO] [cadence.virtuoso.ade.simulationMonitor] - Peak resident memory used = 106 Mbytes. {"history": "ExplorerRun.0", "point": 4, "testname": "my_lib_nmos_tb_1", "cornername": "Nominal"}
[2026-04-12 03:45:33.096 +0700] [INFO] [cadence.virtuoso.ade.simulationMonitor] - Notice from spectre during initial setup.
    Multithreading is disabled due to the size of the design being too small. {"history": "ExplorerRun.0", "point": 4, "testname": "my_lib_nmos_tb_1", "cornername": "Nominal"}
[2026-04-12 03:45:33.096 +0700] [INFO] [cadence.virtuoso.ade.simulationMonitor] -               nodes 8 {"history": "ExplorerRun.0", "point": 4, "testname": "my_lib_nmos_tb_1", "cornername": "Nominal"}
[2026-04-12 03:45:33.097 +0700] [INFO] [cadence.virtuoso.ade.simulationMonitor] - Notice from spectre during initial setup.
    APS enabled. {"history": "ExplorerRun.0", "point": 4, "testname": "my_lib_nmos_tb_1", "cornername": "Nominal"}
[2026-04-12 03:45:33.097 +0700] [INFO] [cadence.virtuoso.ade.simulationMonitor] - Peak resident memory used = 107 Mbytes. {"history": "ExplorerRun.0", "point": 4, "testname": "my_lib_nmos_tb_1", "cornername": "Nominal"}
[2026-04-12 03:45:33.097 +0700] [INFO] [cadence.virtuoso.ade.simulationMonitor] -    -   (APS) Multi-threading. The recommended number of threads is 1, consider adding +mt=1 on command line. {"history": "ExplorerRun.0", "point": 4, "testname": "my_lib_nmos_tb_1", "cornername": "Nominal"}
[2026-04-12 03:45:33.097 +0700] [INFO] [cadence.virtuoso.ade.simulationMonitor] - Total time required for dc analysis `dcOp': CPU = 1.625 ms, elapsed = 2.60115 ms. {"history": "ExplorerRun.0", "point": 4, "testname": "my_lib_nmos_tb_1", "cornername": "Nominal"}
[2026-04-12 03:45:33.097 +0700] [INFO] [cadence.virtuoso.ade.simulationMonitor] - Peak resident memory used = 109 Mbytes. {"history": "ExplorerRun.0", "point": 4, "testname": "my_lib_nmos_tb_1", "cornername": "Nominal"}
[2026-04-12 03:45:33.097 +0700] [INFO] [cadence.virtuoso.ade.simulationMonitor] - Notice from spectre at vg = 1.8 during DC analysis `dc'.
    The value of parameter 'vg' has been reset to the original value 0.9. {"history": "ExplorerRun.0", "point": 4, "testname": "my_lib_nmos_tb_1", "cornername": "Nominal"}
[2026-04-12 03:45:33.098 +0700] [INFO] [cadence.virtuoso.ade.simulationMonitor] - Total time required for dc analysis `dc': CPU = 6.419 ms, elapsed = 7.43699 ms. {"history": "ExplorerRun.0", "point": 4, "testname": "my_lib_nmos_tb_1", "cornername": "Nominal"}
[2026-04-12 03:45:33.098 +0700] [INFO] [cadence.virtuoso.ade.simulationMonitor] - Peak resident memory used = 110 Mbytes. {"history": "ExplorerRun.0", "point": 4, "testname": "my_lib_nmos_tb_1", "cornername": "Nominal"}
[2026-04-12 03:45:33.098 +0700] [INFO] [cadence.virtuoso.ade.simulationMonitor] - Time used: CPU = 535 ms, elapsed = 20.8 s, util. = 2.57%. {"history": "ExplorerRun.0", "point": 4, "testname": "my_lib_nmos_tb_1", "cornername": "Nominal"}
[2026-04-12 03:45:33.098 +0700] [INFO] [cadence.virtuoso.ade.simulationMonitor] - Time spent in licensing: elapsed = 20.3 s, percentage of total = 97.5%. {"history": "ExplorerRun.0", "point": 4, "testname": "my_lib_nmos_tb_1", "cornername": "Nominal"}
[2026-04-12 03:45:33.098 +0700] [INFO] [cadence.virtuoso.ade.simulationMonitor] - Peak memory used = 111 Mbytes. {"history": "ExplorerRun.0", "point": 4, "testname": "my_lib_nmos_tb_1", "cornername": "Nominal"}
[2026-04-12 03:45:33.098 +0700] [PROCESS] [cadence.virtuoso.ade.simulationMonitor] - Simulation started at: 3:45:11 AM, Sun Apr 12, 2026, ended at: 3:45:32 AM, Sun Apr 12, 2026, with elapsed time (wall clock): 20.8 s. {"history": "ExplorerRun.0", "point": 4, "testname": "my_lib_nmos_tb_1", "cornername": "Nominal"}
[2026-04-12 03:45:33.098 +0700] [PROCESS] [cadence.virtuoso.ade.simulationMonitor] - spectre completes with 0 errors, 0 warnings, and 5 notices. {"history": "ExplorerRun.0", "point": 4, "testname": "my_lib_nmos_tb_1", "cornername": "Nominal"}
[2026-04-12 03:45:33.099 +0700] [PROCESS] [cadence.virtuoso.ade.simulationMonitor] - Simulator exited {"hostname": "dtvt_13", "processid": 17007, "history": "ExplorerRun.0", "testname": "my_lib_nmos_tb_1", "cornername": "Nominal", "point": 4, "logfile": "/home/dtvt_13/truong/logs_dtvt_13/logs0/Job65.log", "exitStatus": "0"}
[2026-04-12 03:45:33.099 +0700] [PROCESS] [cadence.virtuoso.ade.simulationMonitor] - Finished Simulation {"hostname": "dtvt_13", "processid": 17007, "history": "ExplorerRun.0", "testname": "my_lib_nmos_tb_1", "cornername": "Nominal", "point": 4, "logfile": "/home/dtvt_13/truong/logs_dtvt_13/logs0/Job65.log", "simid": "4"}
[2026-04-12 03:45:34.107 +0700] [PROCESS] [cadence.virtuoso.ade.simulationMonitor] - Point Finished {"hostname": "dtvt_13", "processid": 17007, "history": "ExplorerRun.0", "testname": "my_lib_nmos_tb_1", "cornername": "Nominal", "point": 4, "logfile": "/home/dtvt_13/truong/logs_dtvt_13/logs0/Job65.log"}
[2026-04-12 03:45:34.114 +0700] [PROCESS] [cadence.virtuoso.ade.simulationMonitor] - HostInfo:
Host name (type):	dtvt_13 (x86_64)
Operating system:	Linux 3.10.0-1160.118.1.el7.x86_64 #1 SMP Wed Apr 24 16:01:50 UTC 2024 {"hostname": "dtvt_13", "processid": 17007, "history": "ExplorerRun.0", "testname": "my_lib_nmos_tb_1", "cornername": "Nominal", "point": 4, "logfile": "/home/dtvt_13/truong/logs_dtvt_13/logs0/Job65.log", "nodename": "dtvt_13", "domainname": "(none)", "machine": "x86_64", "sysname": "Linux", "release": "3.10.0-1160.118.1.el7.x86_64", "version": "#1 SMP Wed Apr 24 16:01:50 UTC 2024"}
[2026-04-12 03:45:34.114 +0700] [PROCESS] [cadence.virtuoso.ade.simulationMonitor] - UsageInfo:
pid=17007
totalPhysicalMemory=15.208324GB,Used=14.909554GB,totalVirtualMemory=22.895821GB,Used=14.968636GB
Cpu: Cores=24, Load average:0.300000,0.370000,0.350000 {"hostname": "dtvt_13", "processid": 17007, "history": "ExplorerRun.0", "testname": "my_lib_nmos_tb_1", "cornername": "Nominal", "point": 4, "logfile": "/home/dtvt_13/truong/logs_dtvt_13/logs0/Job65.log", "pid": "17007", "totalPhysicalMemory": "15.208324", "physicalMemoryUsed": "14.909554", "totalVirtualMemory": "22.895821", "virtualMemoryUsed": "14.968636", "cpuCores": "24", "processes": "2743", "loadAverage1": "0.300000", "loadAverage5": "0.370000", "loadAverage15": "0.350000", "loadAverage1Percent": "0.012500"}
[2026-04-12 03:45:34.116 +0700] [EVENT] [cadence.virtuoso.ade.simulationMonitor] - NewPoint {"history": "ExplorerRun.0", "point": 5, "testname": "my_lib_nmos_tb_1", "cornername": "Nominal", "event": "NewPoint", "EventSource": "Simulation Monitor", "HistoryName": "ExplorerRun.0", "logFile": "/home/dtvt_13/truong/logs_dtvt_13/logs0/Job65.log", "logFileSize": "38244"}
[2026-04-12 03:45:34.217 +0700] [EVENT] [cadence.virtuoso.ade.simulationMonitor] - NewPoint {"history": "ExplorerRun.0", "point": 5, "testname": "my_lib_nmos_tb_1", "cornername": "Nominal", "event": "NewPoint", "EventSource": "spectre", "HistoryName": "ExplorerRun.0", "logFile": "/home/dtvt_13/simulation/my_lib/nmos_tb/maestro/results/maestro/ExplorerRun.0/5/my_lib_nmos_tb_1/psf/spectre.out", "logFileSize": "-1"}
[2026-04-12 03:45:34.227 +0700] [PROCESS] [cadence.virtuoso.ade.simulationMonitor] - Simulator launched {"hostname": "dtvt_13", "processid": 17007, "history": "ExplorerRun.0", "testname": "my_lib_nmos_tb_1", "cornername": "Nominal", "point": 5, "logfile": "/home/dtvt_13/truong/logs_dtvt_13/logs0/Job65.log", "simid": "5"}
[2026-04-12 03:45:34.228 +0700] [PROCESS] [cadence.virtuoso.ade.simulationMonitor] - Started Simulation {"hostname": "dtvt_13", "processid": 17007, "history": "ExplorerRun.0", "testname": "my_lib_nmos_tb_1", "cornername": "Nominal", "point": 5, "logfile": "/home/dtvt_13/truong/logs_dtvt_13/logs0/Job65.log"}
[2026-04-12 03:45:45.932 +0700] [PROCESS] [cadence.virtuoso.ade.simulationMonitor] - Finished simulating for one point {"hostname": "dtvt_13", "processid": 17007, "history": "ExplorerRun.0", "testname": "my_lib_nmos_tb_1", "cornername": "Nominal", "point": 5, "logfile": "/home/dtvt_13/truong/logs_dtvt_13/logs0/Job65.log", "simid": "5"}
[2026-04-12 03:45:45.933 +0700] [INFO] [cadence.virtuoso.ade.simulationMonitor] - Peak resident memory used = 96.2 Mbytes. {"history": "ExplorerRun.0", "point": 5, "testname": "my_lib_nmos_tb_1", "cornername": "Nominal"}
[2026-04-12 03:45:45.933 +0700] [INFO] [cadence.virtuoso.ade.simulationMonitor] - Peak resident memory used = 105 Mbytes. {"history": "ExplorerRun.0", "point": 5, "testname": "my_lib_nmos_tb_1", "cornername": "Nominal"}
[2026-04-12 03:45:45.934 +0700] [INFO] [cadence.virtuoso.ade.simulationMonitor] - Notice from spectre during hierarchy flattening.
    The value 'psf' specified for the 'checklimitdest' option will no longer be supported in future releases. Use 'spectre -h' to see other recommended values for the 'checklimitdest' option. {"history": "ExplorerRun.0", "point": 5, "testname": "my_lib_nmos_tb_1", "cornername": "Nominal"}
[2026-04-12 03:45:45.934 +0700] [INFO] [cadence.virtuoso.ade.simulationMonitor] - Peak resident memory used = 106 Mbytes. {"history": "ExplorerRun.0", "point": 5, "testname": "my_lib_nmos_tb_1", "cornername": "Nominal"}
[2026-04-12 03:45:45.934 +0700] [INFO] [cadence.virtuoso.ade.simulationMonitor] - Notice from spectre during initial setup.
    Multithreading is disabled due to the size of the design being too small. {"history": "ExplorerRun.0", "point": 5, "testname": "my_lib_nmos_tb_1", "cornername": "Nominal"}
[2026-04-12 03:45:45.935 +0700] [INFO] [cadence.virtuoso.ade.simulationMonitor] -               nodes 8 {"history": "ExplorerRun.0", "point": 5, "testname": "my_lib_nmos_tb_1", "cornername": "Nominal"}
[2026-04-12 03:45:45.935 +0700] [INFO] [cadence.virtuoso.ade.simulationMonitor] - Notice from spectre during initial setup.
    APS enabled. {"history": "ExplorerRun.0", "point": 5, "testname": "my_lib_nmos_tb_1", "cornername": "Nominal"}
[2026-04-12 03:45:45.935 +0700] [INFO] [cadence.virtuoso.ade.simulationMonitor] - Peak resident memory used = 107 Mbytes. {"history": "ExplorerRun.0", "point": 5, "testname": "my_lib_nmos_tb_1", "cornername": "Nominal"}
[2026-04-12 03:45:45.935 +0700] [INFO] [cadence.virtuoso.ade.simulationMonitor] -    -   (APS) Multi-threading. The recommended number of threads is 1, consider adding +mt=1 on command line. {"history": "ExplorerRun.0", "point": 5, "testname": "my_lib_nmos_tb_1", "cornername": "Nominal"}
[2026-04-12 03:45:45.935 +0700] [INFO] [cadence.virtuoso.ade.simulationMonitor] - Total time required for dc analysis `dcOp': CPU = 2.024 ms, elapsed = 3.03006 ms. {"history": "ExplorerRun.0", "point": 5, "testname": "my_lib_nmos_tb_1", "cornername": "Nominal"}
[2026-04-12 03:45:45.935 +0700] [INFO] [cadence.virtuoso.ade.simulationMonitor] - Peak resident memory used = 109 Mbytes. {"history": "ExplorerRun.0", "point": 5, "testname": "my_lib_nmos_tb_1", "cornername": "Nominal"}
[2026-04-12 03:45:45.935 +0700] [INFO] [cadence.virtuoso.ade.simulationMonitor] - Notice from spectre at vg = 1.8 during DC analysis `dc'.
    The value of parameter 'vg' has been reset to the original value 0.9. {"history": "ExplorerRun.0", "point": 5, "testname": "my_lib_nmos_tb_1", "cornername": "Nominal"}
[2026-04-12 03:45:45.936 +0700] [INFO] [cadence.virtuoso.ade.simulationMonitor] - Total time required for dc analysis `dc': CPU = 7.842 ms, elapsed = 8.86679 ms. {"history": "ExplorerRun.0", "point": 5, "testname": "my_lib_nmos_tb_1", "cornername": "Nominal"}
[2026-04-12 03:45:45.936 +0700] [INFO] [cadence.virtuoso.ade.simulationMonitor] - Peak resident memory used = 110 Mbytes. {"history": "ExplorerRun.0", "point": 5, "testname": "my_lib_nmos_tb_1", "cornername": "Nominal"}
[2026-04-12 03:45:45.936 +0700] [INFO] [cadence.virtuoso.ade.simulationMonitor] - Time used: CPU = 547 ms, elapsed = 11 s, util. = 5%. {"history": "ExplorerRun.0", "point": 5, "testname": "my_lib_nmos_tb_1", "cornername": "Nominal"}
[2026-04-12 03:45:45.936 +0700] [INFO] [cadence.virtuoso.ade.simulationMonitor] - Time spent in licensing: elapsed = 10.4 s, percentage of total = 95.4%. {"history": "ExplorerRun.0", "point": 5, "testname": "my_lib_nmos_tb_1", "cornername": "Nominal"}
[2026-04-12 03:45:45.936 +0700] [INFO] [cadence.virtuoso.ade.simulationMonitor] - Peak memory used = 111 Mbytes. {"history": "ExplorerRun.0", "point": 5, "testname": "my_lib_nmos_tb_1", "cornername": "Nominal"}
[2026-04-12 03:45:45.936 +0700] [PROCESS] [cadence.virtuoso.ade.simulationMonitor] - Simulation started at: 3:45:34 AM, Sun Apr 12, 2026, ended at: 3:45:45 AM, Sun Apr 12, 2026, with elapsed time (wall clock): 11 s. {"history": "ExplorerRun.0", "point": 5, "testname": "my_lib_nmos_tb_1", "cornername": "Nominal"}
[2026-04-12 03:45:45.936 +0700] [PROCESS] [cadence.virtuoso.ade.simulationMonitor] - spectre completes with 0 errors, 0 warnings, and 5 notices. {"history": "ExplorerRun.0", "point": 5, "testname": "my_lib_nmos_tb_1", "cornername": "Nominal"}
[2026-04-12 03:45:45.937 +0700] [PROCESS] [cadence.virtuoso.ade.simulationMonitor] - Simulator exited {"hostname": "dtvt_13", "processid": 17007, "history": "ExplorerRun.0", "testname": "my_lib_nmos_tb_1", "cornername": "Nominal", "point": 5, "logfile": "/home/dtvt_13/truong/logs_dtvt_13/logs0/Job65.log", "exitStatus": "0"}
[2026-04-12 03:45:45.937 +0700] [PROCESS] [cadence.virtuoso.ade.simulationMonitor] - Finished Simulation {"hostname": "dtvt_13", "processid": 17007, "history": "ExplorerRun.0", "testname": "my_lib_nmos_tb_1", "cornername": "Nominal", "point": 5, "logfile": "/home/dtvt_13/truong/logs_dtvt_13/logs0/Job65.log", "simid": "5"}
[2026-04-12 03:45:46.970 +0700] [PROCESS] [cadence.virtuoso.ade.simulationMonitor] - Point Finished {"hostname": "dtvt_13", "processid": 17007, "history": "ExplorerRun.0", "testname": "my_lib_nmos_tb_1", "cornername": "Nominal", "point": 5, "logfile": "/home/dtvt_13/truong/logs_dtvt_13/logs0/Job65.log"}
[2026-04-12 03:50:47.515 +0700] [PROCESS] [cadence.virtuoso.ade.simulationMonitor] - Current memory used: 32.2695 MBytes, peak memory used: 32.2695 MBytes {"hostname": "dtvt_13", "processid": 17007, "history": "ExplorerRun.0", "testname": "my_lib_nmos_tb_1", "cornername": "Nominal", "point": 5, "logfile": "/home/dtvt_13/truong/logs_dtvt_13/logs0/Job65.log"}
[2026-04-12 03:50:47.516 +0700] [PROCESS] [cadence.virtuoso.ade.simulationMonitor] - Simulation Monitor process exit. {"hostname": "dtvt_13", "processid": 17007, "history": "ExplorerRun.0", "testname": "my_lib_nmos_tb_1", "cornername": "Nominal", "point": 5, "logfile": "/home/dtvt_13/truong/logs_dtvt_13/logs0/Job65.log"}
