[Simulation Monitor: 6]
[2026-04-07 16:30:21.504 +0700] [PROCESS] [cadence.virtuoso.ade.simulationMonitor] - Simulation Monitor has successfully started up. Trying to set up communication channels to other components ... {"hostname": "dtvt_13", "processid": 30656, "logfile": "/home/dtvt_13/truong/logs_dtvt_13/logs0/Job6.log"}
[2026-04-07 16:30:21.505 +0700] [PROCESS] [cadence.virtuoso.ade.simulationMonitor] - Communication channels have been successfully set up. Start processing events ... {"hostname": "dtvt_13", "processid": 30656, "logfile": "/home/dtvt_13/truong/logs_dtvt_13/logs0/Job6.log"}
[2026-04-07 16:30:21.505 +0700] [PROCESS] [cadence.virtuoso.ade.simulationMonitor] - Considering to start history {"hostname": "dtvt_13", "processid": 30656, "history": "ExplorerRun.0", "logfile": "/home/dtvt_13/truong/logs_dtvt_13/logs0/Job6.log"}
[2026-04-07 16:30:21.507 +0700] [PROCESS] [cadence.virtuoso.ade.simulationMonitor] - HostInfo:
Host name (type):	dtvt_13 (x86_64)
Operating system:	Linux 3.10.0-1160.118.1.el7.x86_64 #1 SMP Wed Apr 24 16:01:50 UTC 2024 {"hostname": "dtvt_13", "processid": 30656, "history": "ExplorerRun.0", "logfile": "/home/dtvt_13/truong/logs_dtvt_13/logs0/Job6.log", "nodename": "dtvt_13", "domainname": "(none)", "machine": "x86_64", "sysname": "Linux", "release": "3.10.0-1160.118.1.el7.x86_64", "version": "#1 SMP Wed Apr 24 16:01:50 UTC 2024"}
[2026-04-07 16:30:21.507 +0700] [PROCESS] [cadence.virtuoso.ade.simulationMonitor] - UsageInfo:
pid=30656
totalPhysicalMemory=15.208324GB,Used=14.512157GB,totalVirtualMemory=22.895821GB,Used=14.527782GB
Cpu: Cores=24, Load average:0.590000,0.340000,0.240000 {"hostname": "dtvt_13", "processid": 30656, "history": "ExplorerRun.0", "logfile": "/home/dtvt_13/truong/logs_dtvt_13/logs0/Job6.log", "pid": "30656", "totalPhysicalMemory": "15.208324", "physicalMemoryUsed": "14.512157", "totalVirtualMemory": "22.895821", "virtualMemoryUsed": "14.527782", "cpuCores": "24", "processes": "2611", "loadAverage1": "0.590000", "loadAverage5": "0.340000", "loadAverage15": "0.240000", "loadAverage1Percent": "0.024583"}
[2026-04-07 16:30:21.507 +0700] [EVENT] [cadence.virtuoso.ade.simulationMonitor] - NewPoint {"history": "ExplorerRun.0", "point": 1, "testname": "my_lib_cs_amp_tb_1", "cornername": "Nominal", "event": "NewPoint", "EventSource": "Simulation Monitor", "HistoryName": "ExplorerRun.0", "logFile": "/home/dtvt_13/truong/logs_dtvt_13/logs0/Job6.log", "logFileSize": "2094"}
[2026-04-07 16:30:21.608 +0700] [EVENT] [cadence.virtuoso.ade.simulationMonitor] - NewPoint {"history": "ExplorerRun.0", "point": 1, "testname": "my_lib_cs_amp_tb_1", "cornername": "Nominal", "event": "NewPoint", "EventSource": "spectre", "HistoryName": "ExplorerRun.0", "logFile": "/home/dtvt_13/simulation/my_lib/cs_amp_tb/maestro/results/maestro/ExplorerRun.0/1/my_lib_cs_amp_tb_1/psf/spectre.out", "logFileSize": "-1"}
[2026-04-07 16:30:21.617 +0700] [PROCESS] [cadence.virtuoso.ade.simulationMonitor] - Simulator launched {"hostname": "dtvt_13", "processid": 30656, "history": "ExplorerRun.0", "testname": "my_lib_cs_amp_tb_1", "cornername": "Nominal", "point": 1, "logfile": "/home/dtvt_13/truong/logs_dtvt_13/logs0/Job6.log", "simid": "1"}
[2026-04-07 16:30:21.620 +0700] [PROCESS] [cadence.virtuoso.ade.simulationMonitor] - Expression evaluator launched {"hostname": "dtvt_13", "processid": 30656, "history": "ExplorerRun.0", "testname": "my_lib_cs_amp_tb_1", "cornername": "Nominal", "point": 1, "logfile": "/home/dtvt_13/truong/logs_dtvt_13/logs0/Job6.log"}
[2026-04-07 16:30:21.633 +0700] [PROCESS] [cadence.virtuoso.ade.simulationMonitor] - Started Simulation {"hostname": "dtvt_13", "processid": 30656, "history": "ExplorerRun.0", "testname": "my_lib_cs_amp_tb_1", "cornername": "Nominal", "point": 1, "logfile": "/home/dtvt_13/truong/logs_dtvt_13/logs0/Job6.log"}
[2026-04-07 16:30:43.093 +0700] [PROCESS] [cadence.virtuoso.ade.simulationMonitor] - Finished simulating for one point {"hostname": "dtvt_13", "processid": 30656, "history": "ExplorerRun.0", "testname": "my_lib_cs_amp_tb_1", "cornername": "Nominal", "point": 1, "logfile": "/home/dtvt_13/truong/logs_dtvt_13/logs0/Job6.log", "simid": "1"}
[2026-04-07 16:30:43.094 +0700] [INFO] [cadence.virtuoso.ade.simulationMonitor] - Peak resident memory used = 95.5 Mbytes. {"history": "ExplorerRun.0", "point": 1, "testname": "my_lib_cs_amp_tb_1", "cornername": "Nominal"}
[2026-04-07 16:30:43.094 +0700] [INFO] [cadence.virtuoso.ade.simulationMonitor] - Peak resident memory used = 104 Mbytes. {"history": "ExplorerRun.0", "point": 1, "testname": "my_lib_cs_amp_tb_1", "cornername": "Nominal"}
[2026-04-07 16:30:43.094 +0700] [INFO] [cadence.virtuoso.ade.simulationMonitor] - Notice from spectre during hierarchy flattening.
    The value 'psf' specified for the 'checklimitdest' option will no longer be supported in future releases. Use 'spectre -h' to see other recommended values for the 'checklimitdest' option. {"history": "ExplorerRun.0", "point": 1, "testname": "my_lib_cs_amp_tb_1", "cornername": "Nominal"}
[2026-04-07 16:30:43.095 +0700] [INFO] [cadence.virtuoso.ade.simulationMonitor] - Peak resident memory used = 105 Mbytes. {"history": "ExplorerRun.0", "point": 1, "testname": "my_lib_cs_amp_tb_1", "cornername": "Nominal"}
[2026-04-07 16:30:43.095 +0700] [INFO] [cadence.virtuoso.ade.simulationMonitor] - Notice from spectre during initial setup.
    Multithreading is disabled due to the size of the design being too small. {"history": "ExplorerRun.0", "point": 1, "testname": "my_lib_cs_amp_tb_1", "cornername": "Nominal"}
[2026-04-07 16:30:43.096 +0700] [INFO] [cadence.virtuoso.ade.simulationMonitor] -               nodes 5 {"history": "ExplorerRun.0", "point": 1, "testname": "my_lib_cs_amp_tb_1", "cornername": "Nominal"}
[2026-04-07 16:30:43.096 +0700] [INFO] [cadence.virtuoso.ade.simulationMonitor] - Notice from spectre during initial setup.
    1 vsources are shorted because their absolute value is less than or equal to 'vabsshort'.
    APS enabled. {"history": "ExplorerRun.0", "point": 1, "testname": "my_lib_cs_amp_tb_1", "cornername": "Nominal"}
[2026-04-07 16:30:43.096 +0700] [INFO] [cadence.virtuoso.ade.simulationMonitor] - Peak resident memory used = 106 Mbytes. {"history": "ExplorerRun.0", "point": 1, "testname": "my_lib_cs_amp_tb_1", "cornername": "Nominal"}
[2026-04-07 16:30:43.097 +0700] [INFO] [cadence.virtuoso.ade.simulationMonitor] -    -   (APS) Multi-threading. The recommended number of threads is 1, consider adding +mt=1 on command line. {"history": "ExplorerRun.0", "point": 1, "testname": "my_lib_cs_amp_tb_1", "cornername": "Nominal"}
[2026-04-07 16:30:43.097 +0700] [INFO] [cadence.virtuoso.ade.simulationMonitor] - Total time required for dc analysis `dcOp': CPU = 1.496 ms, elapsed = 2.46382 ms. {"history": "ExplorerRun.0", "point": 1, "testname": "my_lib_cs_amp_tb_1", "cornername": "Nominal"}
[2026-04-07 16:30:43.097 +0700] [INFO] [cadence.virtuoso.ade.simulationMonitor] - Peak resident memory used = 108 Mbytes. {"history": "ExplorerRun.0", "point": 1, "testname": "my_lib_cs_amp_tb_1", "cornername": "Nominal"}
[2026-04-07 16:30:43.097 +0700] [INFO] [cadence.virtuoso.ade.simulationMonitor] - Time used: CPU = 538 ms, elapsed = 20.9 s, util. = 2.58%. {"history": "ExplorerRun.0", "point": 1, "testname": "my_lib_cs_amp_tb_1", "cornername": "Nominal"}
[2026-04-07 16:30:43.097 +0700] [INFO] [cadence.virtuoso.ade.simulationMonitor] - Time spent in licensing: elapsed = 20.3 s, percentage of total = 97.3%. {"history": "ExplorerRun.0", "point": 1, "testname": "my_lib_cs_amp_tb_1", "cornername": "Nominal"}
[2026-04-07 16:30:43.097 +0700] [INFO] [cadence.virtuoso.ade.simulationMonitor] - Peak memory used = 110 Mbytes. {"history": "ExplorerRun.0", "point": 1, "testname": "my_lib_cs_amp_tb_1", "cornername": "Nominal"}
[2026-04-07 16:30:43.098 +0700] [PROCESS] [cadence.virtuoso.ade.simulationMonitor] - Simulation started at: 4:30:21 PM, Tue Apr 7, 2026, ended at: 4:30:42 PM, Tue Apr 7, 2026, with elapsed time (wall clock): 20.9 s. {"history": "ExplorerRun.0", "point": 1, "testname": "my_lib_cs_amp_tb_1", "cornername": "Nominal"}
[2026-04-07 16:30:43.098 +0700] [PROCESS] [cadence.virtuoso.ade.simulationMonitor] - spectre completes with 0 errors, 0 warnings, and 5 notices. {"history": "ExplorerRun.0", "point": 1, "testname": "my_lib_cs_amp_tb_1", "cornername": "Nominal"}
[2026-04-07 16:30:43.098 +0700] [PROCESS] [cadence.virtuoso.ade.simulationMonitor] - Simulator exited {"hostname": "dtvt_13", "processid": 30656, "history": "ExplorerRun.0", "testname": "my_lib_cs_amp_tb_1", "cornername": "Nominal", "point": 1, "logfile": "/home/dtvt_13/truong/logs_dtvt_13/logs0/Job6.log", "exitStatus": "0"}
[2026-04-07 16:30:43.098 +0700] [PROCESS] [cadence.virtuoso.ade.simulationMonitor] - Finished Simulation {"hostname": "dtvt_13", "processid": 30656, "history": "ExplorerRun.0", "testname": "my_lib_cs_amp_tb_1", "cornername": "Nominal", "point": 1, "logfile": "/home/dtvt_13/truong/logs_dtvt_13/logs0/Job6.log", "simid": "1"}
[2026-04-07 16:30:44.110 +0700] [PROCESS] [cadence.virtuoso.ade.simulationMonitor] - Point Finished {"hostname": "dtvt_13", "processid": 30656, "history": "ExplorerRun.0", "testname": "my_lib_cs_amp_tb_1", "cornername": "Nominal", "point": 1, "logfile": "/home/dtvt_13/truong/logs_dtvt_13/logs0/Job6.log"}
[2026-04-07 16:34:01.901 +0700] [INFO] [cadence.virtuoso.ade.simulationMonitor] - SimulationMonitor has terminated the vds process '30738', reason: 'Force to stop the expression evalutor process because of new run' {"history": "ExplorerRun.0", "point": 1, "testname": "my_lib_cs_amp_tb_1", "cornername": "Nominal"}
[2026-04-07 16:34:01.902 +0700] [PROCESS] [cadence.virtuoso.ade.simulationMonitor] - HostInfo:
Host name (type):	dtvt_13 (x86_64)
Operating system:	Linux 3.10.0-1160.118.1.el7.x86_64 #1 SMP Wed Apr 24 16:01:50 UTC 2024 {"hostname": "dtvt_13", "processid": 30656, "history": "ExplorerRun.0", "testname": "my_lib_cs_amp_tb_1", "cornername": "Nominal", "point": 1, "logfile": "/home/dtvt_13/truong/logs_dtvt_13/logs0/Job6.log", "nodename": "dtvt_13", "domainname": "(none)", "machine": "x86_64", "sysname": "Linux", "release": "3.10.0-1160.118.1.el7.x86_64", "version": "#1 SMP Wed Apr 24 16:01:50 UTC 2024"}
[2026-04-07 16:34:01.902 +0700] [PROCESS] [cadence.virtuoso.ade.simulationMonitor] - UsageInfo:
pid=30656
totalPhysicalMemory=15.208324GB,Used=14.528355GB,totalVirtualMemory=22.895821GB,Used=14.543980GB
Cpu: Cores=24, Load average:0.290000,0.250000,0.220000 {"hostname": "dtvt_13", "processid": 30656, "history": "ExplorerRun.0", "testname": "my_lib_cs_amp_tb_1", "cornername": "Nominal", "point": 1, "logfile": "/home/dtvt_13/truong/logs_dtvt_13/logs0/Job6.log", "pid": "30656", "totalPhysicalMemory": "15.208324", "physicalMemoryUsed": "14.528355", "totalVirtualMemory": "22.895821", "virtualMemoryUsed": "14.543980", "cpuCores": "24", "processes": "2620", "loadAverage1": "0.290000", "loadAverage5": "0.250000", "loadAverage15": "0.220000", "loadAverage1Percent": "0.012083"}
[2026-04-07 16:34:01.903 +0700] [EVENT] [cadence.virtuoso.ade.simulationMonitor] - NewPoint {"history": "ExplorerRun.0", "point": 1, "testname": "my_lib_cs_amp_tb_1", "cornername": "Nominal", "event": "NewPoint", "EventSource": "Simulation Monitor", "HistoryName": "ExplorerRun.0", "logFile": "/home/dtvt_13/truong/logs_dtvt_13/logs0/Job6.log", "logFileSize": "11035"}
[2026-04-07 16:34:02.004 +0700] [EVENT] [cadence.virtuoso.ade.simulationMonitor] - NewPoint {"history": "ExplorerRun.0", "point": 1, "testname": "my_lib_cs_amp_tb_1", "cornername": "Nominal", "event": "NewPoint", "EventSource": "spectre", "HistoryName": "ExplorerRun.0", "logFile": "/home/dtvt_13/simulation/my_lib/cs_amp_tb/maestro/results/maestro/ExplorerRun.0/1/my_lib_cs_amp_tb_1/psf/spectre.out", "logFileSize": "-1"}
[2026-04-07 16:34:02.016 +0700] [PROCESS] [cadence.virtuoso.ade.simulationMonitor] - Simulator launched {"hostname": "dtvt_13", "processid": 30656, "history": "ExplorerRun.0", "testname": "my_lib_cs_amp_tb_1", "cornername": "Nominal", "point": 1, "logfile": "/home/dtvt_13/truong/logs_dtvt_13/logs0/Job6.log", "simid": "2"}
[2026-04-07 16:34:02.023 +0700] [PROCESS] [cadence.virtuoso.ade.simulationMonitor] - Expression evaluator launched {"hostname": "dtvt_13", "processid": 30656, "history": "ExplorerRun.0", "testname": "my_lib_cs_amp_tb_1", "cornername": "Nominal", "point": 1, "logfile": "/home/dtvt_13/truong/logs_dtvt_13/logs0/Job6.log"}
[2026-04-07 16:34:02.037 +0700] [PROCESS] [cadence.virtuoso.ade.simulationMonitor] - Started Simulation {"hostname": "dtvt_13", "processid": 30656, "history": "ExplorerRun.0", "testname": "my_lib_cs_amp_tb_1", "cornername": "Nominal", "point": 1, "logfile": "/home/dtvt_13/truong/logs_dtvt_13/logs0/Job6.log"}
[2026-04-07 16:34:23.395 +0700] [INFO] [cadence.virtuoso.ade.simulationMonitor] - Peak resident memory used = 95.5 Mbytes. {"history": "ExplorerRun.0", "point": 1, "testname": "my_lib_cs_amp_tb_1", "cornername": "Nominal"}
[2026-04-07 16:34:23.395 +0700] [INFO] [cadence.virtuoso.ade.simulationMonitor] - Peak resident memory used = 104 Mbytes. {"history": "ExplorerRun.0", "point": 1, "testname": "my_lib_cs_amp_tb_1", "cornername": "Nominal"}
[2026-04-07 16:34:23.395 +0700] [INFO] [cadence.virtuoso.ade.simulationMonitor] - Notice from spectre during hierarchy flattening.
    The value 'psf' specified for the 'checklimitdest' option will no longer be supported in future releases. Use 'spectre -h' to see other recommended values for the 'checklimitdest' option. {"history": "ExplorerRun.0", "point": 1, "testname": "my_lib_cs_amp_tb_1", "cornername": "Nominal"}
[2026-04-07 16:34:23.396 +0700] [INFO] [cadence.virtuoso.ade.simulationMonitor] - Peak resident memory used = 105 Mbytes. {"history": "ExplorerRun.0", "point": 1, "testname": "my_lib_cs_amp_tb_1", "cornername": "Nominal"}
[2026-04-07 16:34:23.396 +0700] [INFO] [cadence.virtuoso.ade.simulationMonitor] - Notice from spectre during initial setup.
    Multithreading is disabled due to the size of the design being too small. {"history": "ExplorerRun.0", "point": 1, "testname": "my_lib_cs_amp_tb_1", "cornername": "Nominal"}
[2026-04-07 16:34:23.397 +0700] [INFO] [cadence.virtuoso.ade.simulationMonitor] -               nodes 5 {"history": "ExplorerRun.0", "point": 1, "testname": "my_lib_cs_amp_tb_1", "cornername": "Nominal"}
[2026-04-07 16:34:23.397 +0700] [INFO] [cadence.virtuoso.ade.simulationMonitor] - Notice from spectre during initial setup.
    1 vsources are shorted because their absolute value is less than or equal to 'vabsshort'.
    APS enabled. {"history": "ExplorerRun.0", "point": 1, "testname": "my_lib_cs_amp_tb_1", "cornername": "Nominal"}
[2026-04-07 16:34:23.397 +0700] [INFO] [cadence.virtuoso.ade.simulationMonitor] - Peak resident memory used = 106 Mbytes. {"history": "ExplorerRun.0", "point": 1, "testname": "my_lib_cs_amp_tb_1", "cornername": "Nominal"}
[2026-04-07 16:34:23.398 +0700] [INFO] [cadence.virtuoso.ade.simulationMonitor] -    -   (APS) Multi-threading. The recommended number of threads is 1, consider adding +mt=1 on command line. {"history": "ExplorerRun.0", "point": 1, "testname": "my_lib_cs_amp_tb_1", "cornername": "Nominal"}
[2026-04-07 16:34:23.398 +0700] [INFO] [cadence.virtuoso.ade.simulationMonitor] - Total time required for dc analysis `dcOp': CPU = 1.483 ms, elapsed = 2.38991 ms. {"history": "ExplorerRun.0", "point": 1, "testname": "my_lib_cs_amp_tb_1", "cornername": "Nominal"}
[2026-04-07 16:34:23.398 +0700] [INFO] [cadence.virtuoso.ade.simulationMonitor] - Peak resident memory used = 108 Mbytes. {"history": "ExplorerRun.0", "point": 1, "testname": "my_lib_cs_amp_tb_1", "cornername": "Nominal"}
[2026-04-07 16:34:23.398 +0700] [INFO] [cadence.virtuoso.ade.simulationMonitor] - Time used: CPU = 557 ms, elapsed = 20.9 s, util. = 2.67%. {"history": "ExplorerRun.0", "point": 1, "testname": "my_lib_cs_amp_tb_1", "cornername": "Nominal"}
[2026-04-07 16:34:23.398 +0700] [INFO] [cadence.virtuoso.ade.simulationMonitor] - Time spent in licensing: elapsed = 20.3 s, percentage of total = 97.2%. {"history": "ExplorerRun.0", "point": 1, "testname": "my_lib_cs_amp_tb_1", "cornername": "Nominal"}
[2026-04-07 16:34:23.399 +0700] [INFO] [cadence.virtuoso.ade.simulationMonitor] - Peak memory used = 110 Mbytes. {"history": "ExplorerRun.0", "point": 1, "testname": "my_lib_cs_amp_tb_1", "cornername": "Nominal"}
[2026-04-07 16:34:23.399 +0700] [PROCESS] [cadence.virtuoso.ade.simulationMonitor] - Simulation started at: 4:34:02 PM, Tue Apr 7, 2026, ended at: 4:34:23 PM, Tue Apr 7, 2026, with elapsed time (wall clock): 20.9 s. {"history": "ExplorerRun.0", "point": 1, "testname": "my_lib_cs_amp_tb_1", "cornername": "Nominal"}
[2026-04-07 16:34:23.399 +0700] [PROCESS] [cadence.virtuoso.ade.simulationMonitor] - spectre completes with 0 errors, 0 warnings, and 5 notices. {"history": "ExplorerRun.0", "point": 1, "testname": "my_lib_cs_amp_tb_1", "cornername": "Nominal"}
[2026-04-07 16:34:23.900 +0700] [PROCESS] [cadence.virtuoso.ade.simulationMonitor] - Finished simulating for one point {"hostname": "dtvt_13", "processid": 30656, "history": "ExplorerRun.0", "testname": "my_lib_cs_amp_tb_1", "cornername": "Nominal", "point": 1, "logfile": "/home/dtvt_13/truong/logs_dtvt_13/logs0/Job6.log", "simid": "2"}
[2026-04-07 16:34:23.901 +0700] [PROCESS] [cadence.virtuoso.ade.simulationMonitor] - Simulator exited {"hostname": "dtvt_13", "processid": 30656, "history": "ExplorerRun.0", "testname": "my_lib_cs_amp_tb_1", "cornername": "Nominal", "point": 1, "logfile": "/home/dtvt_13/truong/logs_dtvt_13/logs0/Job6.log", "exitStatus": "0"}
[2026-04-07 16:34:23.901 +0700] [PROCESS] [cadence.virtuoso.ade.simulationMonitor] - Finished Simulation {"hostname": "dtvt_13", "processid": 30656, "history": "ExplorerRun.0", "testname": "my_lib_cs_amp_tb_1", "cornername": "Nominal", "point": 1, "logfile": "/home/dtvt_13/truong/logs_dtvt_13/logs0/Job6.log", "simid": "2"}
[2026-04-07 16:34:24.418 +0700] [PROCESS] [cadence.virtuoso.ade.simulationMonitor] - Point Finished {"hostname": "dtvt_13", "processid": 30656, "history": "ExplorerRun.0", "testname": "my_lib_cs_amp_tb_1", "cornername": "Nominal", "point": 1, "logfile": "/home/dtvt_13/truong/logs_dtvt_13/logs0/Job6.log"}
[2026-04-07 16:34:47.646 +0700] [INFO] [cadence.virtuoso.ade.simulationMonitor] - SimulationMonitor has terminated the vds process '32081', reason: 'Force to stop the expression evalutor process because of new run' {"history": "ExplorerRun.0", "point": 1, "testname": "my_lib_cs_amp_tb_1", "cornername": "Nominal"}
[2026-04-07 16:34:47.647 +0700] [PROCESS] [cadence.virtuoso.ade.simulationMonitor] - HostInfo:
Host name (type):	dtvt_13 (x86_64)
Operating system:	Linux 3.10.0-1160.118.1.el7.x86_64 #1 SMP Wed Apr 24 16:01:50 UTC 2024 {"hostname": "dtvt_13", "processid": 30656, "history": "ExplorerRun.0", "testname": "my_lib_cs_amp_tb_1", "cornername": "Nominal", "point": 1, "logfile": "/home/dtvt_13/truong/logs_dtvt_13/logs0/Job6.log", "nodename": "dtvt_13", "domainname": "(none)", "machine": "x86_64", "sysname": "Linux", "release": "3.10.0-1160.118.1.el7.x86_64", "version": "#1 SMP Wed Apr 24 16:01:50 UTC 2024"}
[2026-04-07 16:34:47.647 +0700] [PROCESS] [cadence.virtuoso.ade.simulationMonitor] - UsageInfo:
pid=30656
totalPhysicalMemory=15.208324GB,Used=14.531845GB,totalVirtualMemory=22.895821GB,Used=14.547470GB
Cpu: Cores=24, Load average:0.470000,0.320000,0.250000 {"hostname": "dtvt_13", "processid": 30656, "history": "ExplorerRun.0", "testname": "my_lib_cs_amp_tb_1", "cornername": "Nominal", "point": 1, "logfile": "/home/dtvt_13/truong/logs_dtvt_13/logs0/Job6.log", "pid": "30656", "totalPhysicalMemory": "15.208324", "physicalMemoryUsed": "14.531845", "totalVirtualMemory": "22.895821", "virtualMemoryUsed": "14.547470", "cpuCores": "24", "processes": "2619", "loadAverage1": "0.470000", "loadAverage5": "0.320000", "loadAverage15": "0.250000", "loadAverage1Percent": "0.019583"}
[2026-04-07 16:34:47.647 +0700] [EVENT] [cadence.virtuoso.ade.simulationMonitor] - NewPoint {"history": "ExplorerRun.0", "point": 1, "testname": "my_lib_cs_amp_tb_1", "cornername": "Nominal", "event": "NewPoint", "EventSource": "Simulation Monitor", "HistoryName": "ExplorerRun.0", "logFile": "/home/dtvt_13/truong/logs_dtvt_13/logs0/Job6.log", "logFileSize": "19977"}
[2026-04-07 16:34:47.748 +0700] [EVENT] [cadence.virtuoso.ade.simulationMonitor] - NewPoint {"history": "ExplorerRun.0", "point": 1, "testname": "my_lib_cs_amp_tb_1", "cornername": "Nominal", "event": "NewPoint", "EventSource": "spectre", "HistoryName": "ExplorerRun.0", "logFile": "/home/dtvt_13/simulation/my_lib/cs_amp_tb/maestro/results/maestro/ExplorerRun.0/1/my_lib_cs_amp_tb_1/psf/spectre.out", "logFileSize": "-1"}
[2026-04-07 16:34:47.757 +0700] [PROCESS] [cadence.virtuoso.ade.simulationMonitor] - Simulator launched {"hostname": "dtvt_13", "processid": 30656, "history": "ExplorerRun.0", "testname": "my_lib_cs_amp_tb_1", "cornername": "Nominal", "point": 1, "logfile": "/home/dtvt_13/truong/logs_dtvt_13/logs0/Job6.log", "simid": "3"}
[2026-04-07 16:34:47.760 +0700] [PROCESS] [cadence.virtuoso.ade.simulationMonitor] - Expression evaluator launched {"hostname": "dtvt_13", "processid": 30656, "history": "ExplorerRun.0", "testname": "my_lib_cs_amp_tb_1", "cornername": "Nominal", "point": 1, "logfile": "/home/dtvt_13/truong/logs_dtvt_13/logs0/Job6.log"}
[2026-04-07 16:34:47.772 +0700] [PROCESS] [cadence.virtuoso.ade.simulationMonitor] - Started Simulation {"hostname": "dtvt_13", "processid": 30656, "history": "ExplorerRun.0", "testname": "my_lib_cs_amp_tb_1", "cornername": "Nominal", "point": 1, "logfile": "/home/dtvt_13/truong/logs_dtvt_13/logs0/Job6.log"}
[2026-04-07 16:35:09.599 +0700] [PROCESS] [cadence.virtuoso.ade.simulationMonitor] - Finished simulating for one point {"hostname": "dtvt_13", "processid": 30656, "history": "ExplorerRun.0", "testname": "my_lib_cs_amp_tb_1", "cornername": "Nominal", "point": 1, "logfile": "/home/dtvt_13/truong/logs_dtvt_13/logs0/Job6.log", "simid": "3"}
[2026-04-07 16:35:09.599 +0700] [INFO] [cadence.virtuoso.ade.simulationMonitor] - Peak resident memory used = 95.5 Mbytes. {"history": "ExplorerRun.0", "point": 1, "testname": "my_lib_cs_amp_tb_1", "cornername": "Nominal"}
[2026-04-07 16:35:09.599 +0700] [INFO] [cadence.virtuoso.ade.simulationMonitor] - Peak resident memory used = 104 Mbytes. {"history": "ExplorerRun.0", "point": 1, "testname": "my_lib_cs_amp_tb_1", "cornername": "Nominal"}
[2026-04-07 16:35:09.600 +0700] [INFO] [cadence.virtuoso.ade.simulationMonitor] - Notice from spectre during hierarchy flattening.
    The value 'psf' specified for the 'checklimitdest' option will no longer be supported in future releases. Use 'spectre -h' to see other recommended values for the 'checklimitdest' option. {"history": "ExplorerRun.0", "point": 1, "testname": "my_lib_cs_amp_tb_1", "cornername": "Nominal"}
[2026-04-07 16:35:09.600 +0700] [INFO] [cadence.virtuoso.ade.simulationMonitor] - Peak resident memory used = 105 Mbytes. {"history": "ExplorerRun.0", "point": 1, "testname": "my_lib_cs_amp_tb_1", "cornername": "Nominal"}
[2026-04-07 16:35:09.600 +0700] [INFO] [cadence.virtuoso.ade.simulationMonitor] - Notice from spectre during initial setup.
    Multithreading is disabled due to the size of the design being too small. {"history": "ExplorerRun.0", "point": 1, "testname": "my_lib_cs_amp_tb_1", "cornername": "Nominal"}
[2026-04-07 16:35:09.601 +0700] [INFO] [cadence.virtuoso.ade.simulationMonitor] -               nodes 5 {"history": "ExplorerRun.0", "point": 1, "testname": "my_lib_cs_amp_tb_1", "cornername": "Nominal"}
[2026-04-07 16:35:09.601 +0700] [INFO] [cadence.virtuoso.ade.simulationMonitor] - Notice from spectre during initial setup.
    1 vsources are shorted because their absolute value is less than or equal to 'vabsshort'.
    APS enabled. {"history": "ExplorerRun.0", "point": 1, "testname": "my_lib_cs_amp_tb_1", "cornername": "Nominal"}
[2026-04-07 16:35:09.601 +0700] [INFO] [cadence.virtuoso.ade.simulationMonitor] - Peak resident memory used = 106 Mbytes. {"history": "ExplorerRun.0", "point": 1, "testname": "my_lib_cs_amp_tb_1", "cornername": "Nominal"}
[2026-04-07 16:35:09.602 +0700] [INFO] [cadence.virtuoso.ade.simulationMonitor] -    -   (APS) Multi-threading. The recommended number of threads is 1, consider adding +mt=1 on command line. {"history": "ExplorerRun.0", "point": 1, "testname": "my_lib_cs_amp_tb_1", "cornername": "Nominal"}
[2026-04-07 16:35:09.602 +0700] [INFO] [cadence.virtuoso.ade.simulationMonitor] - Total time required for dc analysis `dcOp': CPU = 2.825 ms, elapsed = 3.95083 ms. {"history": "ExplorerRun.0", "point": 1, "testname": "my_lib_cs_amp_tb_1", "cornername": "Nominal"}
[2026-04-07 16:35:09.602 +0700] [INFO] [cadence.virtuoso.ade.simulationMonitor] - Peak resident memory used = 108 Mbytes. {"history": "ExplorerRun.0", "point": 1, "testname": "my_lib_cs_amp_tb_1", "cornername": "Nominal"}
[2026-04-07 16:35:09.602 +0700] [INFO] [cadence.virtuoso.ade.simulationMonitor] - Time used: CPU = 553 ms, elapsed = 21.3 s, util. = 2.6%. {"history": "ExplorerRun.0", "point": 1, "testname": "my_lib_cs_amp_tb_1", "cornername": "Nominal"}
[2026-04-07 16:35:09.602 +0700] [INFO] [cadence.virtuoso.ade.simulationMonitor] - Time spent in licensing: elapsed = 20.7 s, percentage of total = 97.3%. {"history": "ExplorerRun.0", "point": 1, "testname": "my_lib_cs_amp_tb_1", "cornername": "Nominal"}
[2026-04-07 16:35:09.602 +0700] [INFO] [cadence.virtuoso.ade.simulationMonitor] - Peak memory used = 110 Mbytes. {"history": "ExplorerRun.0", "point": 1, "testname": "my_lib_cs_amp_tb_1", "cornername": "Nominal"}
[2026-04-07 16:35:09.603 +0700] [PROCESS] [cadence.virtuoso.ade.simulationMonitor] - Simulation started at: 4:34:48 PM, Tue Apr 7, 2026, ended at: 4:35:09 PM, Tue Apr 7, 2026, with elapsed time (wall clock): 21.3 s. {"history": "ExplorerRun.0", "point": 1, "testname": "my_lib_cs_amp_tb_1", "cornername": "Nominal"}
[2026-04-07 16:35:09.603 +0700] [PROCESS] [cadence.virtuoso.ade.simulationMonitor] - spectre completes with 0 errors, 0 warnings, and 5 notices. {"history": "ExplorerRun.0", "point": 1, "testname": "my_lib_cs_amp_tb_1", "cornername": "Nominal"}
[2026-04-07 16:35:09.603 +0700] [PROCESS] [cadence.virtuoso.ade.simulationMonitor] - Simulator exited {"hostname": "dtvt_13", "processid": 30656, "history": "ExplorerRun.0", "testname": "my_lib_cs_amp_tb_1", "cornername": "Nominal", "point": 1, "logfile": "/home/dtvt_13/truong/logs_dtvt_13/logs0/Job6.log", "exitStatus": "0"}
[2026-04-07 16:35:09.603 +0700] [PROCESS] [cadence.virtuoso.ade.simulationMonitor] - Finished Simulation {"hostname": "dtvt_13", "processid": 30656, "history": "ExplorerRun.0", "testname": "my_lib_cs_amp_tb_1", "cornername": "Nominal", "point": 1, "logfile": "/home/dtvt_13/truong/logs_dtvt_13/logs0/Job6.log", "simid": "3"}
[2026-04-07 16:35:10.618 +0700] [PROCESS] [cadence.virtuoso.ade.simulationMonitor] - Point Finished {"hostname": "dtvt_13", "processid": 30656, "history": "ExplorerRun.0", "testname": "my_lib_cs_amp_tb_1", "cornername": "Nominal", "point": 1, "logfile": "/home/dtvt_13/truong/logs_dtvt_13/logs0/Job6.log"}
[2026-04-07 16:37:16.862 +0700] [INFO] [cadence.virtuoso.ade.simulationMonitor] - SimulationMonitor has terminated the vds process '32704', reason: 'Force to stop the expression evalutor process because of new run' {"history": "ExplorerRun.0", "point": 1, "testname": "my_lib_cs_amp_tb_1", "cornername": "Nominal"}
[2026-04-07 16:37:16.862 +0700] [PROCESS] [cadence.virtuoso.ade.simulationMonitor] - HostInfo:
Host name (type):	dtvt_13 (x86_64)
Operating system:	Linux 3.10.0-1160.118.1.el7.x86_64 #1 SMP Wed Apr 24 16:01:50 UTC 2024 {"hostname": "dtvt_13", "processid": 30656, "history": "ExplorerRun.0", "testname": "my_lib_cs_amp_tb_1", "cornername": "Nominal", "point": 1, "logfile": "/home/dtvt_13/truong/logs_dtvt_13/logs0/Job6.log", "nodename": "dtvt_13", "domainname": "(none)", "machine": "x86_64", "sysname": "Linux", "release": "3.10.0-1160.118.1.el7.x86_64", "version": "#1 SMP Wed Apr 24 16:01:50 UTC 2024"}
[2026-04-07 16:37:16.862 +0700] [PROCESS] [cadence.virtuoso.ade.simulationMonitor] - UsageInfo:
pid=30656
totalPhysicalMemory=15.208324GB,Used=14.520508GB,totalVirtualMemory=22.895821GB,Used=14.536133GB
Cpu: Cores=24, Load average:0.260000,0.320000,0.260000 {"hostname": "dtvt_13", "processid": 30656, "history": "ExplorerRun.0", "testname": "my_lib_cs_amp_tb_1", "cornername": "Nominal", "point": 1, "logfile": "/home/dtvt_13/truong/logs_dtvt_13/logs0/Job6.log", "pid": "30656", "totalPhysicalMemory": "15.208324", "physicalMemoryUsed": "14.520508", "totalVirtualMemory": "22.895821", "virtualMemoryUsed": "14.536133", "cpuCores": "24", "processes": "2621", "loadAverage1": "0.260000", "loadAverage5": "0.320000", "loadAverage15": "0.260000", "loadAverage1Percent": "0.010833"}
[2026-04-07 16:37:16.863 +0700] [EVENT] [cadence.virtuoso.ade.simulationMonitor] - NewPoint {"history": "ExplorerRun.0", "point": 1, "testname": "my_lib_cs_amp_tb_1", "cornername": "Nominal", "event": "NewPoint", "EventSource": "Simulation Monitor", "HistoryName": "ExplorerRun.0", "logFile": "/home/dtvt_13/truong/logs_dtvt_13/logs0/Job6.log", "logFileSize": "28918"}
[2026-04-07 16:37:16.964 +0700] [EVENT] [cadence.virtuoso.ade.simulationMonitor] - NewPoint {"history": "ExplorerRun.0", "point": 1, "testname": "my_lib_cs_amp_tb_1", "cornername": "Nominal", "event": "NewPoint", "EventSource": "spectre", "HistoryName": "ExplorerRun.0", "logFile": "/home/dtvt_13/simulation/my_lib/cs_amp_tb/maestro/results/maestro/ExplorerRun.0/1/my_lib_cs_amp_tb_1/psf/spectre.out", "logFileSize": "-1"}
[2026-04-07 16:37:16.974 +0700] [PROCESS] [cadence.virtuoso.ade.simulationMonitor] - Simulator launched {"hostname": "dtvt_13", "processid": 30656, "history": "ExplorerRun.0", "testname": "my_lib_cs_amp_tb_1", "cornername": "Nominal", "point": 1, "logfile": "/home/dtvt_13/truong/logs_dtvt_13/logs0/Job6.log", "simid": "4"}
[2026-04-07 16:37:16.980 +0700] [PROCESS] [cadence.virtuoso.ade.simulationMonitor] - Expression evaluator launched {"hostname": "dtvt_13", "processid": 30656, "history": "ExplorerRun.0", "testname": "my_lib_cs_amp_tb_1", "cornername": "Nominal", "point": 1, "logfile": "/home/dtvt_13/truong/logs_dtvt_13/logs0/Job6.log"}
[2026-04-07 16:37:16.993 +0700] [PROCESS] [cadence.virtuoso.ade.simulationMonitor] - Started Simulation {"hostname": "dtvt_13", "processid": 30656, "history": "ExplorerRun.0", "testname": "my_lib_cs_amp_tb_1", "cornername": "Nominal", "point": 1, "logfile": "/home/dtvt_13/truong/logs_dtvt_13/logs0/Job6.log"}
[2026-04-07 16:37:38.790 +0700] [PROCESS] [cadence.virtuoso.ade.simulationMonitor] - Finished simulating for one point {"hostname": "dtvt_13", "processid": 30656, "history": "ExplorerRun.0", "testname": "my_lib_cs_amp_tb_1", "cornername": "Nominal", "point": 1, "logfile": "/home/dtvt_13/truong/logs_dtvt_13/logs0/Job6.log", "simid": "4"}
[2026-04-07 16:37:38.790 +0700] [INFO] [cadence.virtuoso.ade.simulationMonitor] - Peak resident memory used = 95.5 Mbytes. {"history": "ExplorerRun.0", "point": 1, "testname": "my_lib_cs_amp_tb_1", "cornername": "Nominal"}
[2026-04-07 16:37:38.791 +0700] [INFO] [cadence.virtuoso.ade.simulationMonitor] - Peak resident memory used = 104 Mbytes. {"history": "ExplorerRun.0", "point": 1, "testname": "my_lib_cs_amp_tb_1", "cornername": "Nominal"}
[2026-04-07 16:37:38.791 +0700] [INFO] [cadence.virtuoso.ade.simulationMonitor] - Notice from spectre during hierarchy flattening.
    The value 'psf' specified for the 'checklimitdest' option will no longer be supported in future releases. Use 'spectre -h' to see other recommended values for the 'checklimitdest' option. {"history": "ExplorerRun.0", "point": 1, "testname": "my_lib_cs_amp_tb_1", "cornername": "Nominal"}
[2026-04-07 16:37:38.791 +0700] [INFO] [cadence.virtuoso.ade.simulationMonitor] - Peak resident memory used = 105 Mbytes. {"history": "ExplorerRun.0", "point": 1, "testname": "my_lib_cs_amp_tb_1", "cornername": "Nominal"}
[2026-04-07 16:37:38.791 +0700] [INFO] [cadence.virtuoso.ade.simulationMonitor] - Notice from spectre during initial setup.
    Multithreading is disabled due to the size of the design being too small. {"history": "ExplorerRun.0", "point": 1, "testname": "my_lib_cs_amp_tb_1", "cornername": "Nominal"}
[2026-04-07 16:37:38.792 +0700] [INFO] [cadence.virtuoso.ade.simulationMonitor] -               nodes 5 {"history": "ExplorerRun.0", "point": 1, "testname": "my_lib_cs_amp_tb_1", "cornername": "Nominal"}
[2026-04-07 16:37:38.792 +0700] [INFO] [cadence.virtuoso.ade.simulationMonitor] - Notice from spectre during initial setup.
    1 vsources are shorted because their absolute value is less than or equal to 'vabsshort'.
    APS enabled. {"history": "ExplorerRun.0", "point": 1, "testname": "my_lib_cs_amp_tb_1", "cornername": "Nominal"}
[2026-04-07 16:37:38.793 +0700] [INFO] [cadence.virtuoso.ade.simulationMonitor] - Peak resident memory used = 106 Mbytes. {"history": "ExplorerRun.0", "point": 1, "testname": "my_lib_cs_amp_tb_1", "cornername": "Nominal"}
[2026-04-07 16:37:38.793 +0700] [INFO] [cadence.virtuoso.ade.simulationMonitor] -    -   (APS) Multi-threading. The recommended number of threads is 1, consider adding +mt=1 on command line. {"history": "ExplorerRun.0", "point": 1, "testname": "my_lib_cs_amp_tb_1", "cornername": "Nominal"}
[2026-04-07 16:37:38.793 +0700] [INFO] [cadence.virtuoso.ade.simulationMonitor] - Total time required for dc analysis `dcOp': CPU = 2.25 ms, elapsed = 3.18599 ms. {"history": "ExplorerRun.0", "point": 1, "testname": "my_lib_cs_amp_tb_1", "cornername": "Nominal"}
[2026-04-07 16:37:38.793 +0700] [INFO] [cadence.virtuoso.ade.simulationMonitor] - Peak resident memory used = 108 Mbytes. {"history": "ExplorerRun.0", "point": 1, "testname": "my_lib_cs_amp_tb_1", "cornername": "Nominal"}
[2026-04-07 16:37:38.793 +0700] [INFO] [cadence.virtuoso.ade.simulationMonitor] - Time used: CPU = 556 ms, elapsed = 21 s, util. = 2.65%. {"history": "ExplorerRun.0", "point": 1, "testname": "my_lib_cs_amp_tb_1", "cornername": "Nominal"}
[2026-04-07 16:37:38.793 +0700] [INFO] [cadence.virtuoso.ade.simulationMonitor] - Time spent in licensing: elapsed = 20.4 s, percentage of total = 97.2%. {"history": "ExplorerRun.0", "point": 1, "testname": "my_lib_cs_amp_tb_1", "cornername": "Nominal"}
[2026-04-07 16:37:38.794 +0700] [INFO] [cadence.virtuoso.ade.simulationMonitor] - Peak memory used = 110 Mbytes. {"history": "ExplorerRun.0", "point": 1, "testname": "my_lib_cs_amp_tb_1", "cornername": "Nominal"}
[2026-04-07 16:37:38.794 +0700] [PROCESS] [cadence.virtuoso.ade.simulationMonitor] - Simulation started at: 4:37:17 PM, Tue Apr 7, 2026, ended at: 4:37:38 PM, Tue Apr 7, 2026, with elapsed time (wall clock): 21 s. {"history": "ExplorerRun.0", "point": 1, "testname": "my_lib_cs_amp_tb_1", "cornername": "Nominal"}
[2026-04-07 16:37:38.794 +0700] [PROCESS] [cadence.virtuoso.ade.simulationMonitor] - spectre completes with 0 errors, 0 warnings, and 5 notices. {"history": "ExplorerRun.0", "point": 1, "testname": "my_lib_cs_amp_tb_1", "cornername": "Nominal"}
[2026-04-07 16:37:38.794 +0700] [PROCESS] [cadence.virtuoso.ade.simulationMonitor] - Simulator exited {"hostname": "dtvt_13", "processid": 30656, "history": "ExplorerRun.0", "testname": "my_lib_cs_amp_tb_1", "cornername": "Nominal", "point": 1, "logfile": "/home/dtvt_13/truong/logs_dtvt_13/logs0/Job6.log", "exitStatus": "0"}
[2026-04-07 16:37:38.795 +0700] [PROCESS] [cadence.virtuoso.ade.simulationMonitor] - Finished Simulation {"hostname": "dtvt_13", "processid": 30656, "history": "ExplorerRun.0", "testname": "my_lib_cs_amp_tb_1", "cornername": "Nominal", "point": 1, "logfile": "/home/dtvt_13/truong/logs_dtvt_13/logs0/Job6.log", "simid": "4"}
[2026-04-07 16:37:39.808 +0700] [PROCESS] [cadence.virtuoso.ade.simulationMonitor] - Point Finished {"hostname": "dtvt_13", "processid": 30656, "history": "ExplorerRun.0", "testname": "my_lib_cs_amp_tb_1", "cornername": "Nominal", "point": 1, "logfile": "/home/dtvt_13/truong/logs_dtvt_13/logs0/Job6.log"}
[2026-04-07 16:38:55.991 +0700] [INFO] [cadence.virtuoso.ade.simulationMonitor] - SimulationMonitor has terminated the vds process '1362', reason: 'Force to stop the expression evalutor process because of new run' {"history": "ExplorerRun.0", "point": 1, "testname": "my_lib_cs_amp_tb_1", "cornername": "Nominal"}
[2026-04-07 16:38:55.991 +0700] [PROCESS] [cadence.virtuoso.ade.simulationMonitor] - HostInfo:
Host name (type):	dtvt_13 (x86_64)
Operating system:	Linux 3.10.0-1160.118.1.el7.x86_64 #1 SMP Wed Apr 24 16:01:50 UTC 2024 {"hostname": "dtvt_13", "processid": 30656, "history": "ExplorerRun.0", "testname": "my_lib_cs_amp_tb_1", "cornername": "Nominal", "point": 1, "logfile": "/home/dtvt_13/truong/logs_dtvt_13/logs0/Job6.log", "nodename": "dtvt_13", "domainname": "(none)", "machine": "x86_64", "sysname": "Linux", "release": "3.10.0-1160.118.1.el7.x86_64", "version": "#1 SMP Wed Apr 24 16:01:50 UTC 2024"}
[2026-04-07 16:38:55.991 +0700] [PROCESS] [cadence.virtuoso.ade.simulationMonitor] - UsageInfo:
pid=30656
totalPhysicalMemory=15.208324GB,Used=14.538517GB,totalVirtualMemory=22.895821GB,Used=14.554142GB
Cpu: Cores=24, Load average:0.530000,0.480000,0.320000 {"hostname": "dtvt_13", "processid": 30656, "history": "ExplorerRun.0", "testname": "my_lib_cs_amp_tb_1", "cornername": "Nominal", "point": 1, "logfile": "/home/dtvt_13/truong/logs_dtvt_13/logs0/Job6.log", "pid": "30656", "totalPhysicalMemory": "15.208324", "physicalMemoryUsed": "14.538517", "totalVirtualMemory": "22.895821", "virtualMemoryUsed": "14.554142", "cpuCores": "24", "processes": "2621", "loadAverage1": "0.530000", "loadAverage5": "0.480000", "loadAverage15": "0.320000", "loadAverage1Percent": "0.022083"}
[2026-04-07 16:38:55.991 +0700] [EVENT] [cadence.virtuoso.ade.simulationMonitor] - NewPoint {"history": "ExplorerRun.0", "point": 1, "testname": "my_lib_cs_amp_tb_1", "cornername": "Nominal", "event": "NewPoint", "EventSource": "Simulation Monitor", "HistoryName": "ExplorerRun.0", "logFile": "/home/dtvt_13/truong/logs_dtvt_13/logs0/Job6.log", "logFileSize": "37854"}
[2026-04-07 16:38:56.092 +0700] [EVENT] [cadence.virtuoso.ade.simulationMonitor] - NewPoint {"history": "ExplorerRun.0", "point": 1, "testname": "my_lib_cs_amp_tb_1", "cornername": "Nominal", "event": "NewPoint", "EventSource": "spectre", "HistoryName": "ExplorerRun.0", "logFile": "/home/dtvt_13/simulation/my_lib/cs_amp_tb/maestro/results/maestro/ExplorerRun.0/1/my_lib_cs_amp_tb_1/psf/spectre.out", "logFileSize": "-1"}
[2026-04-07 16:38:56.101 +0700] [PROCESS] [cadence.virtuoso.ade.simulationMonitor] - Simulator launched {"hostname": "dtvt_13", "processid": 30656, "history": "ExplorerRun.0", "testname": "my_lib_cs_amp_tb_1", "cornername": "Nominal", "point": 1, "logfile": "/home/dtvt_13/truong/logs_dtvt_13/logs0/Job6.log", "simid": "5"}
[2026-04-07 16:38:56.106 +0700] [PROCESS] [cadence.virtuoso.ade.simulationMonitor] - Expression evaluator launched {"hostname": "dtvt_13", "processid": 30656, "history": "ExplorerRun.0", "testname": "my_lib_cs_amp_tb_1", "cornername": "Nominal", "point": 1, "logfile": "/home/dtvt_13/truong/logs_dtvt_13/logs0/Job6.log"}
[2026-04-07 16:38:56.114 +0700] [PROCESS] [cadence.virtuoso.ade.simulationMonitor] - Started Simulation {"hostname": "dtvt_13", "processid": 30656, "history": "ExplorerRun.0", "testname": "my_lib_cs_amp_tb_1", "cornername": "Nominal", "point": 1, "logfile": "/home/dtvt_13/truong/logs_dtvt_13/logs0/Job6.log"}
[2026-04-07 16:39:17.522 +0700] [INFO] [cadence.virtuoso.ade.simulationMonitor] - Peak resident memory used = 95.5 Mbytes. {"history": "ExplorerRun.0", "point": 1, "testname": "my_lib_cs_amp_tb_1", "cornername": "Nominal"}
[2026-04-07 16:39:17.523 +0700] [INFO] [cadence.virtuoso.ade.simulationMonitor] - Peak resident memory used = 104 Mbytes. {"history": "ExplorerRun.0", "point": 1, "testname": "my_lib_cs_amp_tb_1", "cornername": "Nominal"}
[2026-04-07 16:39:17.523 +0700] [INFO] [cadence.virtuoso.ade.simulationMonitor] - Notice from spectre during hierarchy flattening.
    The value 'psf' specified for the 'checklimitdest' option will no longer be supported in future releases. Use 'spectre -h' to see other recommended values for the 'checklimitdest' option. {"history": "ExplorerRun.0", "point": 1, "testname": "my_lib_cs_amp_tb_1", "cornername": "Nominal"}
[2026-04-07 16:39:17.523 +0700] [INFO] [cadence.virtuoso.ade.simulationMonitor] - Peak resident memory used = 105 Mbytes. {"history": "ExplorerRun.0", "point": 1, "testname": "my_lib_cs_amp_tb_1", "cornername": "Nominal"}
[2026-04-07 16:39:17.524 +0700] [INFO] [cadence.virtuoso.ade.simulationMonitor] - Notice from spectre during initial setup.
    Multithreading is disabled due to the size of the design being too small. {"history": "ExplorerRun.0", "point": 1, "testname": "my_lib_cs_amp_tb_1", "cornername": "Nominal"}
[2026-04-07 16:39:17.525 +0700] [INFO] [cadence.virtuoso.ade.simulationMonitor] -               nodes 5 {"history": "ExplorerRun.0", "point": 1, "testname": "my_lib_cs_amp_tb_1", "cornername": "Nominal"}
[2026-04-07 16:39:17.525 +0700] [INFO] [cadence.virtuoso.ade.simulationMonitor] - Notice from spectre during initial setup.
    1 vsources are shorted because their absolute value is less than or equal to 'vabsshort'.
    APS enabled. {"history": "ExplorerRun.0", "point": 1, "testname": "my_lib_cs_amp_tb_1", "cornername": "Nominal"}
[2026-04-07 16:39:17.525 +0700] [INFO] [cadence.virtuoso.ade.simulationMonitor] - Peak resident memory used = 106 Mbytes. {"history": "ExplorerRun.0", "point": 1, "testname": "my_lib_cs_amp_tb_1", "cornername": "Nominal"}
[2026-04-07 16:39:17.526 +0700] [INFO] [cadence.virtuoso.ade.simulationMonitor] -    -   (APS) Multi-threading. The recommended number of threads is 1, consider adding +mt=1 on command line. {"history": "ExplorerRun.0", "point": 1, "testname": "my_lib_cs_amp_tb_1", "cornername": "Nominal"}
[2026-04-07 16:39:17.526 +0700] [INFO] [cadence.virtuoso.ade.simulationMonitor] - Total time required for dc analysis `dcOp': CPU = 1.899 ms, elapsed = 2.92802 ms. {"history": "ExplorerRun.0", "point": 1, "testname": "my_lib_cs_amp_tb_1", "cornername": "Nominal"}
[2026-04-07 16:39:17.526 +0700] [INFO] [cadence.virtuoso.ade.simulationMonitor] - Peak resident memory used = 108 Mbytes. {"history": "ExplorerRun.0", "point": 1, "testname": "my_lib_cs_amp_tb_1", "cornername": "Nominal"}
[2026-04-07 16:39:17.526 +0700] [INFO] [cadence.virtuoso.ade.simulationMonitor] - Time used: CPU = 555 ms, elapsed = 20.9 s, util. = 2.65%. {"history": "ExplorerRun.0", "point": 1, "testname": "my_lib_cs_amp_tb_1", "cornername": "Nominal"}
[2026-04-07 16:39:17.526 +0700] [INFO] [cadence.virtuoso.ade.simulationMonitor] - Time spent in licensing: elapsed = 20.3 s, percentage of total = 97%. {"history": "ExplorerRun.0", "point": 1, "testname": "my_lib_cs_amp_tb_1", "cornername": "Nominal"}
[2026-04-07 16:39:17.527 +0700] [INFO] [cadence.virtuoso.ade.simulationMonitor] - Peak memory used = 110 Mbytes. {"history": "ExplorerRun.0", "point": 1, "testname": "my_lib_cs_amp_tb_1", "cornername": "Nominal"}
[2026-04-07 16:39:17.527 +0700] [PROCESS] [cadence.virtuoso.ade.simulationMonitor] - Simulation started at: 4:38:56 PM, Tue Apr 7, 2026, ended at: 4:39:17 PM, Tue Apr 7, 2026, with elapsed time (wall clock): 20.9 s. {"history": "ExplorerRun.0", "point": 1, "testname": "my_lib_cs_amp_tb_1", "cornername": "Nominal"}
[2026-04-07 16:39:17.527 +0700] [PROCESS] [cadence.virtuoso.ade.simulationMonitor] - spectre completes with 0 errors, 0 warnings, and 5 notices. {"history": "ExplorerRun.0", "point": 1, "testname": "my_lib_cs_amp_tb_1", "cornername": "Nominal"}
[2026-04-07 16:39:18.028 +0700] [PROCESS] [cadence.virtuoso.ade.simulationMonitor] - Finished simulating for one point {"hostname": "dtvt_13", "processid": 30656, "history": "ExplorerRun.0", "testname": "my_lib_cs_amp_tb_1", "cornername": "Nominal", "point": 1, "logfile": "/home/dtvt_13/truong/logs_dtvt_13/logs0/Job6.log", "simid": "5"}
[2026-04-07 16:39:18.029 +0700] [PROCESS] [cadence.virtuoso.ade.simulationMonitor] - Simulator exited {"hostname": "dtvt_13", "processid": 30656, "history": "ExplorerRun.0", "testname": "my_lib_cs_amp_tb_1", "cornername": "Nominal", "point": 1, "logfile": "/home/dtvt_13/truong/logs_dtvt_13/logs0/Job6.log", "exitStatus": "0"}
[2026-04-07 16:39:18.029 +0700] [PROCESS] [cadence.virtuoso.ade.simulationMonitor] - Finished Simulation {"hostname": "dtvt_13", "processid": 30656, "history": "ExplorerRun.0", "testname": "my_lib_cs_amp_tb_1", "cornername": "Nominal", "point": 1, "logfile": "/home/dtvt_13/truong/logs_dtvt_13/logs0/Job6.log", "simid": "5"}
[2026-04-07 16:39:19.043 +0700] [PROCESS] [cadence.virtuoso.ade.simulationMonitor] - Point Finished {"hostname": "dtvt_13", "processid": 30656, "history": "ExplorerRun.0", "testname": "my_lib_cs_amp_tb_1", "cornername": "Nominal", "point": 1, "logfile": "/home/dtvt_13/truong/logs_dtvt_13/logs0/Job6.log"}
[2026-04-07 16:40:00.294 +0700] [INFO] [cadence.virtuoso.ade.simulationMonitor] - SimulationMonitor has terminated the vds process '2191', reason: 'Force to stop the expression evalutor process because of new run' {"history": "ExplorerRun.0", "point": 1, "testname": "my_lib_cs_amp_tb_1", "cornername": "Nominal"}
[2026-04-07 16:40:00.294 +0700] [PROCESS] [cadence.virtuoso.ade.simulationMonitor] - HostInfo:
Host name (type):	dtvt_13 (x86_64)
Operating system:	Linux 3.10.0-1160.118.1.el7.x86_64 #1 SMP Wed Apr 24 16:01:50 UTC 2024 {"hostname": "dtvt_13", "processid": 30656, "history": "ExplorerRun.0", "testname": "my_lib_cs_amp_tb_1", "cornername": "Nominal", "point": 1, "logfile": "/home/dtvt_13/truong/logs_dtvt_13/logs0/Job6.log", "nodename": "dtvt_13", "domainname": "(none)", "machine": "x86_64", "sysname": "Linux", "release": "3.10.0-1160.118.1.el7.x86_64", "version": "#1 SMP Wed Apr 24 16:01:50 UTC 2024"}
[2026-04-07 16:40:00.295 +0700] [PROCESS] [cadence.virtuoso.ade.simulationMonitor] - UsageInfo:
pid=30656
totalPhysicalMemory=15.208324GB,Used=14.567619GB,totalVirtualMemory=22.895821GB,Used=14.583244GB
Cpu: Cores=24, Load average:0.440000,0.460000,0.330000 {"hostname": "dtvt_13", "processid": 30656, "history": "ExplorerRun.0", "testname": "my_lib_cs_amp_tb_1", "cornername": "Nominal", "point": 1, "logfile": "/home/dtvt_13/truong/logs_dtvt_13/logs0/Job6.log", "pid": "30656", "totalPhysicalMemory": "15.208324", "physicalMemoryUsed": "14.567619", "totalVirtualMemory": "22.895821", "virtualMemoryUsed": "14.583244", "cpuCores": "24", "processes": "2636", "loadAverage1": "0.440000", "loadAverage5": "0.460000", "loadAverage15": "0.330000", "loadAverage1Percent": "0.018333"}
[2026-04-07 16:40:00.295 +0700] [EVENT] [cadence.virtuoso.ade.simulationMonitor] - NewPoint {"history": "ExplorerRun.0", "point": 1, "testname": "my_lib_cs_amp_tb_1", "cornername": "Nominal", "event": "NewPoint", "EventSource": "Simulation Monitor", "HistoryName": "ExplorerRun.0", "logFile": "/home/dtvt_13/truong/logs_dtvt_13/logs0/Job6.log", "logFileSize": "46793"}
[2026-04-07 16:40:00.395 +0700] [EVENT] [cadence.virtuoso.ade.simulationMonitor] - NewPoint {"history": "ExplorerRun.0", "point": 1, "testname": "my_lib_cs_amp_tb_1", "cornername": "Nominal", "event": "NewPoint", "EventSource": "spectre", "HistoryName": "ExplorerRun.0", "logFile": "/home/dtvt_13/simulation/my_lib/cs_amp_tb/maestro/results/maestro/ExplorerRun.0/1/my_lib_cs_amp_tb_1/psf/spectre.out", "logFileSize": "-1"}
[2026-04-07 16:40:00.398 +0700] [PROCESS] [cadence.virtuoso.ade.simulationMonitor] - Simulator launched {"hostname": "dtvt_13", "processid": 30656, "history": "ExplorerRun.0", "testname": "my_lib_cs_amp_tb_1", "cornername": "Nominal", "point": 1, "logfile": "/home/dtvt_13/truong/logs_dtvt_13/logs0/Job6.log", "simid": "6"}
[2026-04-07 16:40:00.401 +0700] [PROCESS] [cadence.virtuoso.ade.simulationMonitor] - Expression evaluator launched {"hostname": "dtvt_13", "processid": 30656, "history": "ExplorerRun.0", "testname": "my_lib_cs_amp_tb_1", "cornername": "Nominal", "point": 1, "logfile": "/home/dtvt_13/truong/logs_dtvt_13/logs0/Job6.log"}
[2026-04-07 16:40:00.404 +0700] [PROCESS] [cadence.virtuoso.ade.simulationMonitor] - Started Simulation {"hostname": "dtvt_13", "processid": 30656, "history": "ExplorerRun.0", "testname": "my_lib_cs_amp_tb_1", "cornername": "Nominal", "point": 1, "logfile": "/home/dtvt_13/truong/logs_dtvt_13/logs0/Job6.log"}
[2026-04-07 16:40:21.838 +0700] [PROCESS] [cadence.virtuoso.ade.simulationMonitor] - Finished simulating for one point {"hostname": "dtvt_13", "processid": 30656, "history": "ExplorerRun.0", "testname": "my_lib_cs_amp_tb_1", "cornername": "Nominal", "point": 1, "logfile": "/home/dtvt_13/truong/logs_dtvt_13/logs0/Job6.log", "simid": "6"}
[2026-04-07 16:40:21.838 +0700] [INFO] [cadence.virtuoso.ade.simulationMonitor] - Peak resident memory used = 95.5 Mbytes. {"history": "ExplorerRun.0", "point": 1, "testname": "my_lib_cs_amp_tb_1", "cornername": "Nominal"}
[2026-04-07 16:40:21.838 +0700] [INFO] [cadence.virtuoso.ade.simulationMonitor] - Peak resident memory used = 104 Mbytes. {"history": "ExplorerRun.0", "point": 1, "testname": "my_lib_cs_amp_tb_1", "cornername": "Nominal"}
[2026-04-07 16:40:21.838 +0700] [INFO] [cadence.virtuoso.ade.simulationMonitor] - Notice from spectre during hierarchy flattening.
    The value 'psf' specified for the 'checklimitdest' option will no longer be supported in future releases. Use 'spectre -h' to see other recommended values for the 'checklimitdest' option. {"history": "ExplorerRun.0", "point": 1, "testname": "my_lib_cs_amp_tb_1", "cornername": "Nominal"}
[2026-04-07 16:40:21.839 +0700] [INFO] [cadence.virtuoso.ade.simulationMonitor] - Peak resident memory used = 105 Mbytes. {"history": "ExplorerRun.0", "point": 1, "testname": "my_lib_cs_amp_tb_1", "cornername": "Nominal"}
[2026-04-07 16:40:21.839 +0700] [INFO] [cadence.virtuoso.ade.simulationMonitor] - Notice from spectre during initial setup.
    Multithreading is disabled due to the size of the design being too small. {"history": "ExplorerRun.0", "point": 1, "testname": "my_lib_cs_amp_tb_1", "cornername": "Nominal"}
[2026-04-07 16:40:21.839 +0700] [INFO] [cadence.virtuoso.ade.simulationMonitor] -               nodes 5 {"history": "ExplorerRun.0", "point": 1, "testname": "my_lib_cs_amp_tb_1", "cornername": "Nominal"}
[2026-04-07 16:40:21.840 +0700] [INFO] [cadence.virtuoso.ade.simulationMonitor] - Notice from spectre during initial setup.
    1 vsources are shorted because their absolute value is less than or equal to 'vabsshort'.
    APS enabled. {"history": "ExplorerRun.0", "point": 1, "testname": "my_lib_cs_amp_tb_1", "cornername": "Nominal"}
[2026-04-07 16:40:21.840 +0700] [INFO] [cadence.virtuoso.ade.simulationMonitor] - Peak resident memory used = 106 Mbytes. {"history": "ExplorerRun.0", "point": 1, "testname": "my_lib_cs_amp_tb_1", "cornername": "Nominal"}
[2026-04-07 16:40:21.840 +0700] [INFO] [cadence.virtuoso.ade.simulationMonitor] -    -   (APS) Multi-threading. The recommended number of threads is 1, consider adding +mt=1 on command line. {"history": "ExplorerRun.0", "point": 1, "testname": "my_lib_cs_amp_tb_1", "cornername": "Nominal"}
[2026-04-07 16:40:21.840 +0700] [INFO] [cadence.virtuoso.ade.simulationMonitor] - Total time required for dc analysis `dcOp': CPU = 1.763 ms, elapsed = 2.7132 ms. {"history": "ExplorerRun.0", "point": 1, "testname": "my_lib_cs_amp_tb_1", "cornername": "Nominal"}
[2026-04-07 16:40:21.840 +0700] [INFO] [cadence.virtuoso.ade.simulationMonitor] - Peak resident memory used = 108 Mbytes. {"history": "ExplorerRun.0", "point": 1, "testname": "my_lib_cs_amp_tb_1", "cornername": "Nominal"}
[2026-04-07 16:40:21.841 +0700] [INFO] [cadence.virtuoso.ade.simulationMonitor] - Time used: CPU = 500 ms, elapsed = 20.8 s, util. = 2.4%. {"history": "ExplorerRun.0", "point": 1, "testname": "my_lib_cs_amp_tb_1", "cornername": "Nominal"}
[2026-04-07 16:40:21.841 +0700] [INFO] [cadence.virtuoso.ade.simulationMonitor] - Time spent in licensing: elapsed = 20.3 s, percentage of total = 97.3%. {"history": "ExplorerRun.0", "point": 1, "testname": "my_lib_cs_amp_tb_1", "cornername": "Nominal"}
[2026-04-07 16:40:21.841 +0700] [INFO] [cadence.virtuoso.ade.simulationMonitor] - Peak memory used = 110 Mbytes. {"history": "ExplorerRun.0", "point": 1, "testname": "my_lib_cs_amp_tb_1", "cornername": "Nominal"}
[2026-04-07 16:40:21.841 +0700] [PROCESS] [cadence.virtuoso.ade.simulationMonitor] - Simulation started at: 4:40:00 PM, Tue Apr 7, 2026, ended at: 4:40:21 PM, Tue Apr 7, 2026, with elapsed time (wall clock): 20.8 s. {"history": "ExplorerRun.0", "point": 1, "testname": "my_lib_cs_amp_tb_1", "cornername": "Nominal"}
[2026-04-07 16:40:21.841 +0700] [PROCESS] [cadence.virtuoso.ade.simulationMonitor] - spectre completes with 0 errors, 0 warnings, and 5 notices. {"history": "ExplorerRun.0", "point": 1, "testname": "my_lib_cs_amp_tb_1", "cornername": "Nominal"}
[2026-04-07 16:40:21.841 +0700] [PROCESS] [cadence.virtuoso.ade.simulationMonitor] - Simulator exited {"hostname": "dtvt_13", "processid": 30656, "history": "ExplorerRun.0", "testname": "my_lib_cs_amp_tb_1", "cornername": "Nominal", "point": 1, "logfile": "/home/dtvt_13/truong/logs_dtvt_13/logs0/Job6.log", "exitStatus": "0"}
[2026-04-07 16:40:21.841 +0700] [PROCESS] [cadence.virtuoso.ade.simulationMonitor] - Finished Simulation {"hostname": "dtvt_13", "processid": 30656, "history": "ExplorerRun.0", "testname": "my_lib_cs_amp_tb_1", "cornername": "Nominal", "point": 1, "logfile": "/home/dtvt_13/truong/logs_dtvt_13/logs0/Job6.log", "simid": "6"}
[2026-04-07 16:40:22.853 +0700] [PROCESS] [cadence.virtuoso.ade.simulationMonitor] - Point Finished {"hostname": "dtvt_13", "processid": 30656, "history": "ExplorerRun.0", "testname": "my_lib_cs_amp_tb_1", "cornername": "Nominal", "point": 1, "logfile": "/home/dtvt_13/truong/logs_dtvt_13/logs0/Job6.log"}
[2026-04-07 16:43:22.280 +0700] [INFO] [cadence.virtuoso.ade.simulationMonitor] - SimulationMonitor has terminated the vds process '2896', reason: 'Force to stop the expression evalutor process because of new run' {"history": "ExplorerRun.0", "point": 1, "testname": "my_lib_cs_amp_tb_1", "cornername": "Nominal"}
[2026-04-07 16:43:22.281 +0700] [PROCESS] [cadence.virtuoso.ade.simulationMonitor] - HostInfo:
Host name (type):	dtvt_13 (x86_64)
Operating system:	Linux 3.10.0-1160.118.1.el7.x86_64 #1 SMP Wed Apr 24 16:01:50 UTC 2024 {"hostname": "dtvt_13", "processid": 30656, "history": "ExplorerRun.0", "testname": "my_lib_cs_amp_tb_1", "cornername": "Nominal", "point": 1, "logfile": "/home/dtvt_13/truong/logs_dtvt_13/logs0/Job6.log", "nodename": "dtvt_13", "domainname": "(none)", "machine": "x86_64", "sysname": "Linux", "release": "3.10.0-1160.118.1.el7.x86_64", "version": "#1 SMP Wed Apr 24 16:01:50 UTC 2024"}
[2026-04-07 16:43:22.281 +0700] [PROCESS] [cadence.virtuoso.ade.simulationMonitor] - UsageInfo:
pid=30656
totalPhysicalMemory=15.208324GB,Used=14.569500GB,totalVirtualMemory=22.895821GB,Used=14.585125GB
Cpu: Cores=24, Load average:0.310000,0.350000,0.310000 {"hostname": "dtvt_13", "processid": 30656, "history": "ExplorerRun.0", "testname": "my_lib_cs_amp_tb_1", "cornername": "Nominal", "point": 1, "logfile": "/home/dtvt_13/truong/logs_dtvt_13/logs0/Job6.log", "pid": "30656", "totalPhysicalMemory": "15.208324", "physicalMemoryUsed": "14.569500", "totalVirtualMemory": "22.895821", "virtualMemoryUsed": "14.585125", "cpuCores": "24", "processes": "2622", "loadAverage1": "0.310000", "loadAverage5": "0.350000", "loadAverage15": "0.310000", "loadAverage1Percent": "0.012917"}
[2026-04-07 16:43:22.281 +0700] [EVENT] [cadence.virtuoso.ade.simulationMonitor] - NewPoint {"history": "ExplorerRun.0", "point": 1, "testname": "my_lib_cs_amp_tb_1", "cornername": "Nominal", "event": "NewPoint", "EventSource": "Simulation Monitor", "HistoryName": "ExplorerRun.0", "logFile": "/home/dtvt_13/truong/logs_dtvt_13/logs0/Job6.log", "logFileSize": "55732"}
[2026-04-07 16:43:22.382 +0700] [EVENT] [cadence.virtuoso.ade.simulationMonitor] - NewPoint {"history": "ExplorerRun.0", "point": 1, "testname": "my_lib_cs_amp_tb_1", "cornername": "Nominal", "event": "NewPoint", "EventSource": "spectre", "HistoryName": "ExplorerRun.0", "logFile": "/home/dtvt_13/simulation/my_lib/cs_amp_tb/maestro/results/maestro/ExplorerRun.0/1/my_lib_cs_amp_tb_1/psf/spectre.out", "logFileSize": "-1"}
[2026-04-07 16:43:22.392 +0700] [PROCESS] [cadence.virtuoso.ade.simulationMonitor] - Simulator launched {"hostname": "dtvt_13", "processid": 30656, "history": "ExplorerRun.0", "testname": "my_lib_cs_amp_tb_1", "cornername": "Nominal", "point": 1, "logfile": "/home/dtvt_13/truong/logs_dtvt_13/logs0/Job6.log", "simid": "7"}
[2026-04-07 16:43:22.400 +0700] [PROCESS] [cadence.virtuoso.ade.simulationMonitor] - Expression evaluator launched {"hostname": "dtvt_13", "processid": 30656, "history": "ExplorerRun.0", "testname": "my_lib_cs_amp_tb_1", "cornername": "Nominal", "point": 1, "logfile": "/home/dtvt_13/truong/logs_dtvt_13/logs0/Job6.log"}
[2026-04-07 16:43:22.413 +0700] [PROCESS] [cadence.virtuoso.ade.simulationMonitor] - Started Simulation {"hostname": "dtvt_13", "processid": 30656, "history": "ExplorerRun.0", "testname": "my_lib_cs_amp_tb_1", "cornername": "Nominal", "point": 1, "logfile": "/home/dtvt_13/truong/logs_dtvt_13/logs0/Job6.log"}
[2026-04-07 16:43:43.836 +0700] [PROCESS] [cadence.virtuoso.ade.simulationMonitor] - Finished simulating for one point {"hostname": "dtvt_13", "processid": 30656, "history": "ExplorerRun.0", "testname": "my_lib_cs_amp_tb_1", "cornername": "Nominal", "point": 1, "logfile": "/home/dtvt_13/truong/logs_dtvt_13/logs0/Job6.log", "simid": "7"}
[2026-04-07 16:43:43.837 +0700] [INFO] [cadence.virtuoso.ade.simulationMonitor] - Peak resident memory used = 95.5 Mbytes. {"history": "ExplorerRun.0", "point": 1, "testname": "my_lib_cs_amp_tb_1", "cornername": "Nominal"}
[2026-04-07 16:43:43.837 +0700] [INFO] [cadence.virtuoso.ade.simulationMonitor] - Peak resident memory used = 104 Mbytes. {"history": "ExplorerRun.0", "point": 1, "testname": "my_lib_cs_amp_tb_1", "cornername": "Nominal"}
[2026-04-07 16:43:43.837 +0700] [INFO] [cadence.virtuoso.ade.simulationMonitor] - Notice from spectre during hierarchy flattening.
    The value 'psf' specified for the 'checklimitdest' option will no longer be supported in future releases. Use 'spectre -h' to see other recommended values for the 'checklimitdest' option. {"history": "ExplorerRun.0", "point": 1, "testname": "my_lib_cs_amp_tb_1", "cornername": "Nominal"}
[2026-04-07 16:43:43.837 +0700] [INFO] [cadence.virtuoso.ade.simulationMonitor] - Peak resident memory used = 105 Mbytes. {"history": "ExplorerRun.0", "point": 1, "testname": "my_lib_cs_amp_tb_1", "cornername": "Nominal"}
[2026-04-07 16:43:43.838 +0700] [INFO] [cadence.virtuoso.ade.simulationMonitor] - Notice from spectre during initial setup.
    Multithreading is disabled due to the size of the design being too small. {"history": "ExplorerRun.0", "point": 1, "testname": "my_lib_cs_amp_tb_1", "cornername": "Nominal"}
[2026-04-07 16:43:43.838 +0700] [INFO] [cadence.virtuoso.ade.simulationMonitor] -               nodes 5 {"history": "ExplorerRun.0", "point": 1, "testname": "my_lib_cs_amp_tb_1", "cornername": "Nominal"}
[2026-04-07 16:43:43.838 +0700] [INFO] [cadence.virtuoso.ade.simulationMonitor] - Notice from spectre during initial setup.
    1 vsources are shorted because their absolute value is less than or equal to 'vabsshort'.
    APS enabled. {"history": "ExplorerRun.0", "point": 1, "testname": "my_lib_cs_amp_tb_1", "cornername": "Nominal"}
[2026-04-07 16:43:43.839 +0700] [INFO] [cadence.virtuoso.ade.simulationMonitor] - Peak resident memory used = 106 Mbytes. {"history": "ExplorerRun.0", "point": 1, "testname": "my_lib_cs_amp_tb_1", "cornername": "Nominal"}
[2026-04-07 16:43:43.839 +0700] [INFO] [cadence.virtuoso.ade.simulationMonitor] -    -   (APS) Multi-threading. The recommended number of threads is 1, consider adding +mt=1 on command line. {"history": "ExplorerRun.0", "point": 1, "testname": "my_lib_cs_amp_tb_1", "cornername": "Nominal"}
[2026-04-07 16:43:43.839 +0700] [INFO] [cadence.virtuoso.ade.simulationMonitor] - Total time required for dc analysis `dcOp': CPU = 1.842 ms, elapsed = 2.91395 ms. {"history": "ExplorerRun.0", "point": 1, "testname": "my_lib_cs_amp_tb_1", "cornername": "Nominal"}
[2026-04-07 16:43:43.839 +0700] [INFO] [cadence.virtuoso.ade.simulationMonitor] - Peak resident memory used = 108 Mbytes. {"history": "ExplorerRun.0", "point": 1, "testname": "my_lib_cs_amp_tb_1", "cornername": "Nominal"}
[2026-04-07 16:43:43.839 +0700] [INFO] [cadence.virtuoso.ade.simulationMonitor] - Time used: CPU = 569 ms, elapsed = 20.9 s, util. = 2.73%. {"history": "ExplorerRun.0", "point": 1, "testname": "my_lib_cs_amp_tb_1", "cornername": "Nominal"}
[2026-04-07 16:43:43.839 +0700] [INFO] [cadence.virtuoso.ade.simulationMonitor] - Time spent in licensing: elapsed = 20.3 s, percentage of total = 97.2%. {"history": "ExplorerRun.0", "point": 1, "testname": "my_lib_cs_amp_tb_1", "cornername": "Nominal"}
[2026-04-07 16:43:43.839 +0700] [INFO] [cadence.virtuoso.ade.simulationMonitor] - Peak memory used = 110 Mbytes. {"history": "ExplorerRun.0", "point": 1, "testname": "my_lib_cs_amp_tb_1", "cornername": "Nominal"}
[2026-04-07 16:43:43.840 +0700] [PROCESS] [cadence.virtuoso.ade.simulationMonitor] - Simulation started at: 4:43:22 PM, Tue Apr 7, 2026, ended at: 4:43:43 PM, Tue Apr 7, 2026, with elapsed time (wall clock): 20.9 s. {"history": "ExplorerRun.0", "point": 1, "testname": "my_lib_cs_amp_tb_1", "cornername": "Nominal"}
[2026-04-07 16:43:43.840 +0700] [PROCESS] [cadence.virtuoso.ade.simulationMonitor] - spectre completes with 0 errors, 0 warnings, and 5 notices. {"history": "ExplorerRun.0", "point": 1, "testname": "my_lib_cs_amp_tb_1", "cornername": "Nominal"}
[2026-04-07 16:43:43.840 +0700] [PROCESS] [cadence.virtuoso.ade.simulationMonitor] - Simulator exited {"hostname": "dtvt_13", "processid": 30656, "history": "ExplorerRun.0", "testname": "my_lib_cs_amp_tb_1", "cornername": "Nominal", "point": 1, "logfile": "/home/dtvt_13/truong/logs_dtvt_13/logs0/Job6.log", "exitStatus": "0"}
[2026-04-07 16:43:43.840 +0700] [PROCESS] [cadence.virtuoso.ade.simulationMonitor] - Finished Simulation {"hostname": "dtvt_13", "processid": 30656, "history": "ExplorerRun.0", "testname": "my_lib_cs_amp_tb_1", "cornername": "Nominal", "point": 1, "logfile": "/home/dtvt_13/truong/logs_dtvt_13/logs0/Job6.log", "simid": "7"}
[2026-04-07 16:43:44.354 +0700] [PROCESS] [cadence.virtuoso.ade.simulationMonitor] - Point Finished {"hostname": "dtvt_13", "processid": 30656, "history": "ExplorerRun.0", "testname": "my_lib_cs_amp_tb_1", "cornername": "Nominal", "point": 1, "logfile": "/home/dtvt_13/truong/logs_dtvt_13/logs0/Job6.log"}
[2026-04-07 16:44:09.033 +0700] [INFO] [cadence.virtuoso.ade.simulationMonitor] - SimulationMonitor has terminated the vds process '4058', reason: 'Force to stop the expression evalutor process because of new run' {"history": "ExplorerRun.0", "point": 1, "testname": "my_lib_cs_amp_tb_1", "cornername": "Nominal"}
[2026-04-07 16:44:09.033 +0700] [PROCESS] [cadence.virtuoso.ade.simulationMonitor] - HostInfo:
Host name (type):	dtvt_13 (x86_64)
Operating system:	Linux 3.10.0-1160.118.1.el7.x86_64 #1 SMP Wed Apr 24 16:01:50 UTC 2024 {"hostname": "dtvt_13", "processid": 30656, "history": "ExplorerRun.0", "testname": "my_lib_cs_amp_tb_1", "cornername": "Nominal", "point": 1, "logfile": "/home/dtvt_13/truong/logs_dtvt_13/logs0/Job6.log", "nodename": "dtvt_13", "domainname": "(none)", "machine": "x86_64", "sysname": "Linux", "release": "3.10.0-1160.118.1.el7.x86_64", "version": "#1 SMP Wed Apr 24 16:01:50 UTC 2024"}
[2026-04-07 16:44:09.033 +0700] [PROCESS] [cadence.virtuoso.ade.simulationMonitor] - UsageInfo:
pid=30656
totalPhysicalMemory=15.208324GB,Used=14.577911GB,totalVirtualMemory=22.895821GB,Used=14.593536GB
Cpu: Cores=24, Load average:0.240000,0.330000,0.310000 {"hostname": "dtvt_13", "processid": 30656, "history": "ExplorerRun.0", "testname": "my_lib_cs_amp_tb_1", "cornername": "Nominal", "point": 1, "logfile": "/home/dtvt_13/truong/logs_dtvt_13/logs0/Job6.log", "pid": "30656", "totalPhysicalMemory": "15.208324", "physicalMemoryUsed": "14.577911", "totalVirtualMemory": "22.895821", "virtualMemoryUsed": "14.593536", "cpuCores": "24", "processes": "2625", "loadAverage1": "0.240000", "loadAverage5": "0.330000", "loadAverage15": "0.310000", "loadAverage1Percent": "0.010000"}
[2026-04-07 16:44:09.033 +0700] [EVENT] [cadence.virtuoso.ade.simulationMonitor] - NewPoint {"history": "ExplorerRun.0", "point": 1, "testname": "my_lib_cs_amp_tb_1", "cornername": "Nominal", "event": "NewPoint", "EventSource": "Simulation Monitor", "HistoryName": "ExplorerRun.0", "logFile": "/home/dtvt_13/truong/logs_dtvt_13/logs0/Job6.log", "logFileSize": "64673"}
[2026-04-07 16:44:09.134 +0700] [EVENT] [cadence.virtuoso.ade.simulationMonitor] - NewPoint {"history": "ExplorerRun.0", "point": 1, "testname": "my_lib_cs_amp_tb_1", "cornername": "Nominal", "event": "NewPoint", "EventSource": "spectre", "HistoryName": "ExplorerRun.0", "logFile": "/home/dtvt_13/simulation/my_lib/cs_amp_tb/maestro/results/maestro/ExplorerRun.0/1/my_lib_cs_amp_tb_1/psf/spectre.out", "logFileSize": "-1"}
[2026-04-07 16:44:09.146 +0700] [PROCESS] [cadence.virtuoso.ade.simulationMonitor] - Simulator launched {"hostname": "dtvt_13", "processid": 30656, "history": "ExplorerRun.0", "testname": "my_lib_cs_amp_tb_1", "cornername": "Nominal", "point": 1, "logfile": "/home/dtvt_13/truong/logs_dtvt_13/logs0/Job6.log", "simid": "8"}
[2026-04-07 16:44:09.149 +0700] [PROCESS] [cadence.virtuoso.ade.simulationMonitor] - Expression evaluator launched {"hostname": "dtvt_13", "processid": 30656, "history": "ExplorerRun.0", "testname": "my_lib_cs_amp_tb_1", "cornername": "Nominal", "point": 1, "logfile": "/home/dtvt_13/truong/logs_dtvt_13/logs0/Job6.log"}
[2026-04-07 16:44:09.165 +0700] [PROCESS] [cadence.virtuoso.ade.simulationMonitor] - Started Simulation {"hostname": "dtvt_13", "processid": 30656, "history": "ExplorerRun.0", "testname": "my_lib_cs_amp_tb_1", "cornername": "Nominal", "point": 1, "logfile": "/home/dtvt_13/truong/logs_dtvt_13/logs0/Job6.log"}
[2026-04-07 16:44:30.482 +0700] [PROCESS] [cadence.virtuoso.ade.simulationMonitor] - Finished simulating for one point {"hostname": "dtvt_13", "processid": 30656, "history": "ExplorerRun.0", "testname": "my_lib_cs_amp_tb_1", "cornername": "Nominal", "point": 1, "logfile": "/home/dtvt_13/truong/logs_dtvt_13/logs0/Job6.log", "simid": "8"}
[2026-04-07 16:44:30.483 +0700] [INFO] [cadence.virtuoso.ade.simulationMonitor] - Peak resident memory used = 95.5 Mbytes. {"history": "ExplorerRun.0", "point": 1, "testname": "my_lib_cs_amp_tb_1", "cornername": "Nominal"}
[2026-04-07 16:44:30.483 +0700] [INFO] [cadence.virtuoso.ade.simulationMonitor] - Peak resident memory used = 104 Mbytes. {"history": "ExplorerRun.0", "point": 1, "testname": "my_lib_cs_amp_tb_1", "cornername": "Nominal"}
[2026-04-07 16:44:30.483 +0700] [INFO] [cadence.virtuoso.ade.simulationMonitor] - Notice from spectre during hierarchy flattening.
    The value 'psf' specified for the 'checklimitdest' option will no longer be supported in future releases. Use 'spectre -h' to see other recommended values for the 'checklimitdest' option. {"history": "ExplorerRun.0", "point": 1, "testname": "my_lib_cs_amp_tb_1", "cornername": "Nominal"}
[2026-04-07 16:44:30.483 +0700] [INFO] [cadence.virtuoso.ade.simulationMonitor] - Peak resident memory used = 105 Mbytes. {"history": "ExplorerRun.0", "point": 1, "testname": "my_lib_cs_amp_tb_1", "cornername": "Nominal"}
[2026-04-07 16:44:30.483 +0700] [INFO] [cadence.virtuoso.ade.simulationMonitor] - Notice from spectre during initial setup.
    Multithreading is disabled due to the size of the design being too small. {"history": "ExplorerRun.0", "point": 1, "testname": "my_lib_cs_amp_tb_1", "cornername": "Nominal"}
[2026-04-07 16:44:30.484 +0700] [INFO] [cadence.virtuoso.ade.simulationMonitor] -               nodes 5 {"history": "ExplorerRun.0", "point": 1, "testname": "my_lib_cs_amp_tb_1", "cornername": "Nominal"}
[2026-04-07 16:44:30.484 +0700] [INFO] [cadence.virtuoso.ade.simulationMonitor] - Notice from spectre during initial setup.
    1 vsources are shorted because their absolute value is less than or equal to 'vabsshort'.
    APS enabled. {"history": "ExplorerRun.0", "point": 1, "testname": "my_lib_cs_amp_tb_1", "cornername": "Nominal"}
[2026-04-07 16:44:30.484 +0700] [INFO] [cadence.virtuoso.ade.simulationMonitor] - Peak resident memory used = 106 Mbytes. {"history": "ExplorerRun.0", "point": 1, "testname": "my_lib_cs_amp_tb_1", "cornername": "Nominal"}
[2026-04-07 16:44:30.484 +0700] [INFO] [cadence.virtuoso.ade.simulationMonitor] -    -   (APS) Multi-threading. The recommended number of threads is 1, consider adding +mt=1 on command line. {"history": "ExplorerRun.0", "point": 1, "testname": "my_lib_cs_amp_tb_1", "cornername": "Nominal"}
[2026-04-07 16:44:30.484 +0700] [INFO] [cadence.virtuoso.ade.simulationMonitor] - Total time required for dc analysis `dcOp': CPU = 1.655 ms, elapsed = 2.70796 ms. {"history": "ExplorerRun.0", "point": 1, "testname": "my_lib_cs_amp_tb_1", "cornername": "Nominal"}
[2026-04-07 16:44:30.484 +0700] [INFO] [cadence.virtuoso.ade.simulationMonitor] - Peak resident memory used = 108 Mbytes. {"history": "ExplorerRun.0", "point": 1, "testname": "my_lib_cs_amp_tb_1", "cornername": "Nominal"}
[2026-04-07 16:44:30.484 +0700] [INFO] [cadence.virtuoso.ade.simulationMonitor] - Time used: CPU = 527 ms, elapsed = 20.9 s, util. = 2.52%. {"history": "ExplorerRun.0", "point": 1, "testname": "my_lib_cs_amp_tb_1", "cornername": "Nominal"}
[2026-04-07 16:44:30.485 +0700] [INFO] [cadence.virtuoso.ade.simulationMonitor] - Time spent in licensing: elapsed = 20.4 s, percentage of total = 97.4%. {"history": "ExplorerRun.0", "point": 1, "testname": "my_lib_cs_amp_tb_1", "cornername": "Nominal"}
[2026-04-07 16:44:30.485 +0700] [INFO] [cadence.virtuoso.ade.simulationMonitor] - Peak memory used = 110 Mbytes. {"history": "ExplorerRun.0", "point": 1, "testname": "my_lib_cs_amp_tb_1", "cornername": "Nominal"}
[2026-04-07 16:44:30.485 +0700] [PROCESS] [cadence.virtuoso.ade.simulationMonitor] - Simulation started at: 4:44:09 PM, Tue Apr 7, 2026, ended at: 4:44:30 PM, Tue Apr 7, 2026, with elapsed time (wall clock): 20.9 s. {"history": "ExplorerRun.0", "point": 1, "testname": "my_lib_cs_amp_tb_1", "cornername": "Nominal"}
[2026-04-07 16:44:30.485 +0700] [PROCESS] [cadence.virtuoso.ade.simulationMonitor] - spectre completes with 0 errors, 0 warnings, and 5 notices. {"history": "ExplorerRun.0", "point": 1, "testname": "my_lib_cs_amp_tb_1", "cornername": "Nominal"}
[2026-04-07 16:44:30.485 +0700] [PROCESS] [cadence.virtuoso.ade.simulationMonitor] - Simulator exited {"hostname": "dtvt_13", "processid": 30656, "history": "ExplorerRun.0", "testname": "my_lib_cs_amp_tb_1", "cornername": "Nominal", "point": 1, "logfile": "/home/dtvt_13/truong/logs_dtvt_13/logs0/Job6.log", "exitStatus": "0"}
[2026-04-07 16:44:30.485 +0700] [PROCESS] [cadence.virtuoso.ade.simulationMonitor] - Finished Simulation {"hostname": "dtvt_13", "processid": 30656, "history": "ExplorerRun.0", "testname": "my_lib_cs_amp_tb_1", "cornername": "Nominal", "point": 1, "logfile": "/home/dtvt_13/truong/logs_dtvt_13/logs0/Job6.log", "simid": "8"}
[2026-04-07 16:44:30.998 +0700] [PROCESS] [cadence.virtuoso.ade.simulationMonitor] - Point Finished {"hostname": "dtvt_13", "processid": 30656, "history": "ExplorerRun.0", "testname": "my_lib_cs_amp_tb_1", "cornername": "Nominal", "point": 1, "logfile": "/home/dtvt_13/truong/logs_dtvt_13/logs0/Job6.log"}
[2026-04-07 16:44:32.001 +0700] [PROCESS] [cadence.virtuoso.ade.simulationMonitor] - Stay with the runId '10', Linger time '300', currentRunSyn '21', currentTestSyn '21' {"hostname": "dtvt_13", "processid": 30656, "history": "ExplorerRun.0", "testname": "my_lib_cs_amp_tb_1", "cornername": "Nominal", "point": 1, "logfile": "/home/dtvt_13/truong/logs_dtvt_13/logs0/Job6.log"}
[2026-04-07 16:46:43.997 +0700] [INFO] [cadence.virtuoso.ade.simulationMonitor] - SimulationMonitor has terminated the vds process '4701', reason: 'Force to stop the expression evalutor process because of new run' {"history": "ExplorerRun.0", "point": 1, "testname": "my_lib_cs_amp_tb_1", "cornername": "Nominal"}
[2026-04-07 16:46:43.998 +0700] [PROCESS] [cadence.virtuoso.ade.simulationMonitor] - HostInfo:
Host name (type):	dtvt_13 (x86_64)
Operating system:	Linux 3.10.0-1160.118.1.el7.x86_64 #1 SMP Wed Apr 24 16:01:50 UTC 2024 {"hostname": "dtvt_13", "processid": 30656, "history": "ExplorerRun.0", "testname": "my_lib_cs_amp_tb_1", "cornername": "Nominal", "point": 1, "logfile": "/home/dtvt_13/truong/logs_dtvt_13/logs0/Job6.log", "nodename": "dtvt_13", "domainname": "(none)", "machine": "x86_64", "sysname": "Linux", "release": "3.10.0-1160.118.1.el7.x86_64", "version": "#1 SMP Wed Apr 24 16:01:50 UTC 2024"}
[2026-04-07 16:46:43.998 +0700] [PROCESS] [cadence.virtuoso.ade.simulationMonitor] - UsageInfo:
pid=30656
totalPhysicalMemory=15.208324GB,Used=14.579216GB,totalVirtualMemory=22.895821GB,Used=14.594841GB
Cpu: Cores=24, Load average:0.420000,0.360000,0.320000 {"hostname": "dtvt_13", "processid": 30656, "history": "ExplorerRun.0", "testname": "my_lib_cs_amp_tb_1", "cornername": "Nominal", "point": 1, "logfile": "/home/dtvt_13/truong/logs_dtvt_13/logs0/Job6.log", "pid": "30656", "totalPhysicalMemory": "15.208324", "physicalMemoryUsed": "14.579216", "totalVirtualMemory": "22.895821", "virtualMemoryUsed": "14.594841", "cpuCores": "24", "processes": "2623", "loadAverage1": "0.420000", "loadAverage5": "0.360000", "loadAverage15": "0.320000", "loadAverage1Percent": "0.017500"}
[2026-04-07 16:46:43.998 +0700] [EVENT] [cadence.virtuoso.ade.simulationMonitor] - NewPoint {"history": "ExplorerRun.0", "point": 1, "testname": "my_lib_cs_amp_tb_1", "cornername": "Nominal", "event": "NewPoint", "EventSource": "Simulation Monitor", "HistoryName": "ExplorerRun.0", "logFile": "/home/dtvt_13/truong/logs_dtvt_13/logs0/Job6.log", "logFileSize": "73990"}
[2026-04-07 16:46:44.098 +0700] [EVENT] [cadence.virtuoso.ade.simulationMonitor] - NewPoint {"history": "ExplorerRun.0", "point": 1, "testname": "my_lib_cs_amp_tb_1", "cornername": "Nominal", "event": "NewPoint", "EventSource": "spectre", "HistoryName": "ExplorerRun.0", "logFile": "/home/dtvt_13/simulation/my_lib/cs_amp_tb/maestro/results/maestro/ExplorerRun.0/1/my_lib_cs_amp_tb_1/psf/spectre.out", "logFileSize": "-1"}
[2026-04-07 16:46:44.101 +0700] [PROCESS] [cadence.virtuoso.ade.simulationMonitor] - Simulator launched {"hostname": "dtvt_13", "processid": 30656, "history": "ExplorerRun.0", "testname": "my_lib_cs_amp_tb_1", "cornername": "Nominal", "point": 1, "logfile": "/home/dtvt_13/truong/logs_dtvt_13/logs0/Job6.log", "simid": "9"}
[2026-04-07 16:46:44.107 +0700] [PROCESS] [cadence.virtuoso.ade.simulationMonitor] - Expression evaluator launched {"hostname": "dtvt_13", "processid": 30656, "history": "ExplorerRun.0", "testname": "my_lib_cs_amp_tb_1", "cornername": "Nominal", "point": 1, "logfile": "/home/dtvt_13/truong/logs_dtvt_13/logs0/Job6.log"}
[2026-04-07 16:46:44.111 +0700] [PROCESS] [cadence.virtuoso.ade.simulationMonitor] - Started Simulation {"hostname": "dtvt_13", "processid": 30656, "history": "ExplorerRun.0", "testname": "my_lib_cs_amp_tb_1", "cornername": "Nominal", "point": 1, "logfile": "/home/dtvt_13/truong/logs_dtvt_13/logs0/Job6.log"}
[2026-04-07 16:47:05.516 +0700] [INFO] [cadence.virtuoso.ade.simulationMonitor] - Peak resident memory used = 95.5 Mbytes. {"history": "ExplorerRun.0", "point": 1, "testname": "my_lib_cs_amp_tb_1", "cornername": "Nominal"}
[2026-04-07 16:47:05.516 +0700] [INFO] [cadence.virtuoso.ade.simulationMonitor] - Peak resident memory used = 104 Mbytes. {"history": "ExplorerRun.0", "point": 1, "testname": "my_lib_cs_amp_tb_1", "cornername": "Nominal"}
[2026-04-07 16:47:05.517 +0700] [INFO] [cadence.virtuoso.ade.simulationMonitor] - Notice from spectre during hierarchy flattening.
    The value 'psf' specified for the 'checklimitdest' option will no longer be supported in future releases. Use 'spectre -h' to see other recommended values for the 'checklimitdest' option. {"history": "ExplorerRun.0", "point": 1, "testname": "my_lib_cs_amp_tb_1", "cornername": "Nominal"}
[2026-04-07 16:47:05.517 +0700] [INFO] [cadence.virtuoso.ade.simulationMonitor] - Peak resident memory used = 105 Mbytes. {"history": "ExplorerRun.0", "point": 1, "testname": "my_lib_cs_amp_tb_1", "cornername": "Nominal"}
[2026-04-07 16:47:05.517 +0700] [INFO] [cadence.virtuoso.ade.simulationMonitor] - Notice from spectre during initial setup.
    Multithreading is disabled due to the size of the design being too small. {"history": "ExplorerRun.0", "point": 1, "testname": "my_lib_cs_amp_tb_1", "cornername": "Nominal"}
[2026-04-07 16:47:05.518 +0700] [INFO] [cadence.virtuoso.ade.simulationMonitor] -               nodes 5 {"history": "ExplorerRun.0", "point": 1, "testname": "my_lib_cs_amp_tb_1", "cornername": "Nominal"}
[2026-04-07 16:47:05.518 +0700] [INFO] [cadence.virtuoso.ade.simulationMonitor] - Notice from spectre during initial setup.
    1 vsources are shorted because their absolute value is less than or equal to 'vabsshort'.
    APS enabled. {"history": "ExplorerRun.0", "point": 1, "testname": "my_lib_cs_amp_tb_1", "cornername": "Nominal"}
[2026-04-07 16:47:05.519 +0700] [INFO] [cadence.virtuoso.ade.simulationMonitor] - Peak resident memory used = 107 Mbytes. {"history": "ExplorerRun.0", "point": 1, "testname": "my_lib_cs_amp_tb_1", "cornername": "Nominal"}
[2026-04-07 16:47:05.519 +0700] [INFO] [cadence.virtuoso.ade.simulationMonitor] -    -   (APS) Multi-threading. The recommended number of threads is 1, consider adding +mt=1 on command line. {"history": "ExplorerRun.0", "point": 1, "testname": "my_lib_cs_amp_tb_1", "cornername": "Nominal"}
[2026-04-07 16:47:05.519 +0700] [INFO] [cadence.virtuoso.ade.simulationMonitor] - Total time required for dc analysis `dcOp': CPU = 974 us, elapsed = 1.90592 ms. {"history": "ExplorerRun.0", "point": 1, "testname": "my_lib_cs_amp_tb_1", "cornername": "Nominal"}
[2026-04-07 16:47:05.519 +0700] [INFO] [cadence.virtuoso.ade.simulationMonitor] - Peak resident memory used = 108 Mbytes. {"history": "ExplorerRun.0", "point": 1, "testname": "my_lib_cs_amp_tb_1", "cornername": "Nominal"}
[2026-04-07 16:47:05.520 +0700] [INFO] [cadence.virtuoso.ade.simulationMonitor] - Time used: CPU = 504 ms, elapsed = 20.9 s, util. = 2.41%. {"history": "ExplorerRun.0", "point": 1, "testname": "my_lib_cs_amp_tb_1", "cornername": "Nominal"}
[2026-04-07 16:47:05.520 +0700] [INFO] [cadence.virtuoso.ade.simulationMonitor] - Time spent in licensing: elapsed = 20.3 s, percentage of total = 97.4%. {"history": "ExplorerRun.0", "point": 1, "testname": "my_lib_cs_amp_tb_1", "cornername": "Nominal"}
[2026-04-07 16:47:05.520 +0700] [INFO] [cadence.virtuoso.ade.simulationMonitor] - Peak memory used = 110 Mbytes. {"history": "ExplorerRun.0", "point": 1, "testname": "my_lib_cs_amp_tb_1", "cornername": "Nominal"}
[2026-04-07 16:47:05.520 +0700] [PROCESS] [cadence.virtuoso.ade.simulationMonitor] - Simulation started at: 4:46:44 PM, Tue Apr 7, 2026, ended at: 4:47:05 PM, Tue Apr 7, 2026, with elapsed time (wall clock): 20.9 s. {"history": "ExplorerRun.0", "point": 1, "testname": "my_lib_cs_amp_tb_1", "cornername": "Nominal"}
[2026-04-07 16:47:05.521 +0700] [PROCESS] [cadence.virtuoso.ade.simulationMonitor] - spectre completes with 0 errors, 0 warnings, and 5 notices. {"history": "ExplorerRun.0", "point": 1, "testname": "my_lib_cs_amp_tb_1", "cornername": "Nominal"}
[2026-04-07 16:47:06.022 +0700] [PROCESS] [cadence.virtuoso.ade.simulationMonitor] - Finished simulating for one point {"hostname": "dtvt_13", "processid": 30656, "history": "ExplorerRun.0", "testname": "my_lib_cs_amp_tb_1", "cornername": "Nominal", "point": 1, "logfile": "/home/dtvt_13/truong/logs_dtvt_13/logs0/Job6.log", "simid": "9"}
[2026-04-07 16:47:06.022 +0700] [PROCESS] [cadence.virtuoso.ade.simulationMonitor] - Simulator exited {"hostname": "dtvt_13", "processid": 30656, "history": "ExplorerRun.0", "testname": "my_lib_cs_amp_tb_1", "cornername": "Nominal", "point": 1, "logfile": "/home/dtvt_13/truong/logs_dtvt_13/logs0/Job6.log", "exitStatus": "0"}
[2026-04-07 16:47:06.022 +0700] [PROCESS] [cadence.virtuoso.ade.simulationMonitor] - Finished Simulation {"hostname": "dtvt_13", "processid": 30656, "history": "ExplorerRun.0", "testname": "my_lib_cs_amp_tb_1", "cornername": "Nominal", "point": 1, "logfile": "/home/dtvt_13/truong/logs_dtvt_13/logs0/Job6.log", "simid": "9"}
[2026-04-07 16:47:06.538 +0700] [PROCESS] [cadence.virtuoso.ade.simulationMonitor] - Point Finished {"hostname": "dtvt_13", "processid": 30656, "history": "ExplorerRun.0", "testname": "my_lib_cs_amp_tb_1", "cornername": "Nominal", "point": 1, "logfile": "/home/dtvt_13/truong/logs_dtvt_13/logs0/Job6.log"}
[2026-04-07 16:48:51.783 +0700] [INFO] [cadence.virtuoso.ade.simulationMonitor] - SimulationMonitor has terminated the vds process '5871', reason: 'Force to stop the expression evalutor process because of new run' {"history": "ExplorerRun.0", "point": 1, "testname": "my_lib_cs_amp_tb_1", "cornername": "Nominal"}
[2026-04-07 16:48:51.784 +0700] [PROCESS] [cadence.virtuoso.ade.simulationMonitor] - HostInfo:
Host name (type):	dtvt_13 (x86_64)
Operating system:	Linux 3.10.0-1160.118.1.el7.x86_64 #1 SMP Wed Apr 24 16:01:50 UTC 2024 {"hostname": "dtvt_13", "processid": 30656, "history": "ExplorerRun.0", "testname": "my_lib_cs_amp_tb_1", "cornername": "Nominal", "point": 1, "logfile": "/home/dtvt_13/truong/logs_dtvt_13/logs0/Job6.log", "nodename": "dtvt_13", "domainname": "(none)", "machine": "x86_64", "sysname": "Linux", "release": "3.10.0-1160.118.1.el7.x86_64", "version": "#1 SMP Wed Apr 24 16:01:50 UTC 2024"}
[2026-04-07 16:48:51.784 +0700] [PROCESS] [cadence.virtuoso.ade.simulationMonitor] - UsageInfo:
pid=30656
totalPhysicalMemory=15.208324GB,Used=14.583328GB,totalVirtualMemory=22.895821GB,Used=14.598953GB
Cpu: Cores=24, Load average:0.140000,0.280000,0.300000 {"hostname": "dtvt_13", "processid": 30656, "history": "ExplorerRun.0", "testname": "my_lib_cs_amp_tb_1", "cornername": "Nominal", "point": 1, "logfile": "/home/dtvt_13/truong/logs_dtvt_13/logs0/Job6.log", "pid": "30656", "totalPhysicalMemory": "15.208324", "physicalMemoryUsed": "14.583328", "totalVirtualMemory": "22.895821", "virtualMemoryUsed": "14.598953", "cpuCores": "24", "processes": "2623", "loadAverage1": "0.140000", "loadAverage5": "0.280000", "loadAverage15": "0.300000", "loadAverage1Percent": "0.005833"}
[2026-04-07 16:48:51.784 +0700] [EVENT] [cadence.virtuoso.ade.simulationMonitor] - NewPoint {"history": "ExplorerRun.0", "point": 1, "testname": "my_lib_cs_amp_tb_1", "cornername": "Nominal", "event": "NewPoint", "EventSource": "Simulation Monitor", "HistoryName": "ExplorerRun.0", "logFile": "/home/dtvt_13/truong/logs_dtvt_13/logs0/Job6.log", "logFileSize": "82929"}
[2026-04-07 16:48:51.884 +0700] [EVENT] [cadence.virtuoso.ade.simulationMonitor] - NewPoint {"history": "ExplorerRun.0", "point": 1, "testname": "my_lib_cs_amp_tb_1", "cornername": "Nominal", "event": "NewPoint", "EventSource": "spectre", "HistoryName": "ExplorerRun.0", "logFile": "/home/dtvt_13/simulation/my_lib/cs_amp_tb/maestro/results/maestro/ExplorerRun.0/1/my_lib_cs_amp_tb_1/psf/spectre.out", "logFileSize": "-1"}
[2026-04-07 16:48:51.888 +0700] [PROCESS] [cadence.virtuoso.ade.simulationMonitor] - Simulator launched {"hostname": "dtvt_13", "processid": 30656, "history": "ExplorerRun.0", "testname": "my_lib_cs_amp_tb_1", "cornername": "Nominal", "point": 1, "logfile": "/home/dtvt_13/truong/logs_dtvt_13/logs0/Job6.log", "simid": "10"}
[2026-04-07 16:48:51.893 +0700] [PROCESS] [cadence.virtuoso.ade.simulationMonitor] - Expression evaluator launched {"hostname": "dtvt_13", "processid": 30656, "history": "ExplorerRun.0", "testname": "my_lib_cs_amp_tb_1", "cornername": "Nominal", "point": 1, "logfile": "/home/dtvt_13/truong/logs_dtvt_13/logs0/Job6.log"}
[2026-04-07 16:48:51.898 +0700] [PROCESS] [cadence.virtuoso.ade.simulationMonitor] - Started Simulation {"hostname": "dtvt_13", "processid": 30656, "history": "ExplorerRun.0", "testname": "my_lib_cs_amp_tb_1", "cornername": "Nominal", "point": 1, "logfile": "/home/dtvt_13/truong/logs_dtvt_13/logs0/Job6.log"}
[2026-04-07 16:49:13.724 +0700] [PROCESS] [cadence.virtuoso.ade.simulationMonitor] - Finished simulating for one point {"hostname": "dtvt_13", "processid": 30656, "history": "ExplorerRun.0", "testname": "my_lib_cs_amp_tb_1", "cornername": "Nominal", "point": 1, "logfile": "/home/dtvt_13/truong/logs_dtvt_13/logs0/Job6.log", "simid": "10"}
[2026-04-07 16:49:13.725 +0700] [INFO] [cadence.virtuoso.ade.simulationMonitor] - Peak resident memory used = 95.5 Mbytes. {"history": "ExplorerRun.0", "point": 1, "testname": "my_lib_cs_amp_tb_1", "cornername": "Nominal"}
[2026-04-07 16:49:13.725 +0700] [INFO] [cadence.virtuoso.ade.simulationMonitor] - Peak resident memory used = 104 Mbytes. {"history": "ExplorerRun.0", "point": 1, "testname": "my_lib_cs_amp_tb_1", "cornername": "Nominal"}
[2026-04-07 16:49:13.725 +0700] [INFO] [cadence.virtuoso.ade.simulationMonitor] - Notice from spectre during hierarchy flattening.
    The value 'psf' specified for the 'checklimitdest' option will no longer be supported in future releases. Use 'spectre -h' to see other recommended values for the 'checklimitdest' option. {"history": "ExplorerRun.0", "point": 1, "testname": "my_lib_cs_amp_tb_1", "cornername": "Nominal"}
[2026-04-07 16:49:13.726 +0700] [INFO] [cadence.virtuoso.ade.simulationMonitor] - Peak resident memory used = 105 Mbytes. {"history": "ExplorerRun.0", "point": 1, "testname": "my_lib_cs_amp_tb_1", "cornername": "Nominal"}
[2026-04-07 16:49:13.726 +0700] [INFO] [cadence.virtuoso.ade.simulationMonitor] - Notice from spectre during initial setup.
    Multithreading is disabled due to the size of the design being too small. {"history": "ExplorerRun.0", "point": 1, "testname": "my_lib_cs_amp_tb_1", "cornername": "Nominal"}
[2026-04-07 16:49:13.727 +0700] [INFO] [cadence.virtuoso.ade.simulationMonitor] -               nodes 5 {"history": "ExplorerRun.0", "point": 1, "testname": "my_lib_cs_amp_tb_1", "cornername": "Nominal"}
[2026-04-07 16:49:13.727 +0700] [INFO] [cadence.virtuoso.ade.simulationMonitor] - Notice from spectre during initial setup.
    1 vsources are shorted because their absolute value is less than or equal to 'vabsshort'.
    APS enabled. {"history": "ExplorerRun.0", "point": 1, "testname": "my_lib_cs_amp_tb_1", "cornername": "Nominal"}
[2026-04-07 16:49:13.727 +0700] [INFO] [cadence.virtuoso.ade.simulationMonitor] - Peak resident memory used = 107 Mbytes. {"history": "ExplorerRun.0", "point": 1, "testname": "my_lib_cs_amp_tb_1", "cornername": "Nominal"}
[2026-04-07 16:49:13.727 +0700] [INFO] [cadence.virtuoso.ade.simulationMonitor] -    -   (APS) Multi-threading. The recommended number of threads is 1, consider adding +mt=1 on command line. {"history": "ExplorerRun.0", "point": 1, "testname": "my_lib_cs_amp_tb_1", "cornername": "Nominal"}
[2026-04-07 16:49:13.727 +0700] [INFO] [cadence.virtuoso.ade.simulationMonitor] - Total time required for dc analysis `dcOp': CPU = 1.461 ms, elapsed = 2.39992 ms. {"history": "ExplorerRun.0", "point": 1, "testname": "my_lib_cs_amp_tb_1", "cornername": "Nominal"}
[2026-04-07 16:49:13.728 +0700] [INFO] [cadence.virtuoso.ade.simulationMonitor] - Peak resident memory used = 108 Mbytes. {"history": "ExplorerRun.0", "point": 1, "testname": "my_lib_cs_amp_tb_1", "cornername": "Nominal"}
[2026-04-07 16:49:13.728 +0700] [INFO] [cadence.virtuoso.ade.simulationMonitor] - Time used: CPU = 542 ms, elapsed = 21.1 s, util. = 2.57%. {"history": "ExplorerRun.0", "point": 1, "testname": "my_lib_cs_amp_tb_1", "cornername": "Nominal"}
[2026-04-07 16:49:13.728 +0700] [INFO] [cadence.virtuoso.ade.simulationMonitor] - Time spent in licensing: elapsed = 20.5 s, percentage of total = 97.3%. {"history": "ExplorerRun.0", "point": 1, "testname": "my_lib_cs_amp_tb_1", "cornername": "Nominal"}
[2026-04-07 16:49:13.728 +0700] [INFO] [cadence.virtuoso.ade.simulationMonitor] - Peak memory used = 110 Mbytes. {"history": "ExplorerRun.0", "point": 1, "testname": "my_lib_cs_amp_tb_1", "cornername": "Nominal"}
[2026-04-07 16:49:13.728 +0700] [PROCESS] [cadence.virtuoso.ade.simulationMonitor] - Simulation started at: 4:48:52 PM, Tue Apr 7, 2026, ended at: 4:49:13 PM, Tue Apr 7, 2026, with elapsed time (wall clock): 21.1 s. {"history": "ExplorerRun.0", "point": 1, "testname": "my_lib_cs_amp_tb_1", "cornername": "Nominal"}
[2026-04-07 16:49:13.729 +0700] [PROCESS] [cadence.virtuoso.ade.simulationMonitor] - spectre completes with 0 errors, 0 warnings, and 5 notices. {"history": "ExplorerRun.0", "point": 1, "testname": "my_lib_cs_amp_tb_1", "cornername": "Nominal"}
[2026-04-07 16:49:13.729 +0700] [PROCESS] [cadence.virtuoso.ade.simulationMonitor] - Simulator exited {"hostname": "dtvt_13", "processid": 30656, "history": "ExplorerRun.0", "testname": "my_lib_cs_amp_tb_1", "cornername": "Nominal", "point": 1, "logfile": "/home/dtvt_13/truong/logs_dtvt_13/logs0/Job6.log", "exitStatus": "0"}
[2026-04-07 16:49:13.729 +0700] [PROCESS] [cadence.virtuoso.ade.simulationMonitor] - Finished Simulation {"hostname": "dtvt_13", "processid": 30656, "history": "ExplorerRun.0", "testname": "my_lib_cs_amp_tb_1", "cornername": "Nominal", "point": 1, "logfile": "/home/dtvt_13/truong/logs_dtvt_13/logs0/Job6.log", "simid": "10"}
[2026-04-07 16:49:14.743 +0700] [PROCESS] [cadence.virtuoso.ade.simulationMonitor] - Point Finished {"hostname": "dtvt_13", "processid": 30656, "history": "ExplorerRun.0", "testname": "my_lib_cs_amp_tb_1", "cornername": "Nominal", "point": 1, "logfile": "/home/dtvt_13/truong/logs_dtvt_13/logs0/Job6.log"}
[2026-04-07 16:54:15.263 +0700] [PROCESS] [cadence.virtuoso.ade.simulationMonitor] - Current memory used: 32.2500 MBytes, peak memory used: 32.2500 MBytes {"hostname": "dtvt_13", "processid": 30656, "history": "ExplorerRun.0", "testname": "my_lib_cs_amp_tb_1", "cornername": "Nominal", "point": 1, "logfile": "/home/dtvt_13/truong/logs_dtvt_13/logs0/Job6.log"}
[2026-04-07 16:54:15.263 +0700] [PROCESS] [cadence.virtuoso.ade.simulationMonitor] - Simulation Monitor process exit. {"hostname": "dtvt_13", "processid": 30656, "history": "ExplorerRun.0", "testname": "my_lib_cs_amp_tb_1", "cornername": "Nominal", "point": 1, "logfile": "/home/dtvt_13/truong/logs_dtvt_13/logs0/Job6.log"}
