[Simulation Monitor: 74]
[2026-04-14 02:38:14.512 +0700] [PROCESS] [cadence.virtuoso.ade.simulationMonitor] - Simulation Monitor has successfully started up. Trying to set up communication channels to other components ... {"hostname": "dtvt_13", "processid": 15942, "logfile": "/home/dtvt_13/truong/logs_dtvt_13/logs0/Job74.log"}
[2026-04-14 02:38:14.512 +0700] [PROCESS] [cadence.virtuoso.ade.simulationMonitor] - Communication channels have been successfully set up. Start processing events ... {"hostname": "dtvt_13", "processid": 15942, "logfile": "/home/dtvt_13/truong/logs_dtvt_13/logs0/Job74.log"}
[2026-04-14 02:38:14.512 +0700] [PROCESS] [cadence.virtuoso.ade.simulationMonitor] - Considering to start history {"hostname": "dtvt_13", "processid": 15942, "history": "ExplorerRun.0", "logfile": "/home/dtvt_13/truong/logs_dtvt_13/logs0/Job74.log"}
[2026-04-14 02:38:14.514 +0700] [PROCESS] [cadence.virtuoso.ade.simulationMonitor] - HostInfo:
Host name (type):	dtvt_13 (x86_64)
Operating system:	Linux 3.10.0-1160.118.1.el7.x86_64 #1 SMP Wed Apr 24 16:01:50 UTC 2024 {"hostname": "dtvt_13", "processid": 15942, "history": "ExplorerRun.0", "logfile": "/home/dtvt_13/truong/logs_dtvt_13/logs0/Job74.log", "nodename": "dtvt_13", "domainname": "(none)", "machine": "x86_64", "sysname": "Linux", "release": "3.10.0-1160.118.1.el7.x86_64", "version": "#1 SMP Wed Apr 24 16:01:50 UTC 2024"}
[2026-04-14 02:38:14.514 +0700] [PROCESS] [cadence.virtuoso.ade.simulationMonitor] - UsageInfo:
pid=15942
totalPhysicalMemory=15.208324GB,Used=14.545231GB,totalVirtualMemory=22.895821GB,Used=14.608952GB
Cpu: Cores=24, Load average:1.050000,0.750000,0.600000 {"hostname": "dtvt_13", "processid": 15942, "history": "ExplorerRun.0", "logfile": "/home/dtvt_13/truong/logs_dtvt_13/logs0/Job74.log", "pid": "15942", "totalPhysicalMemory": "15.208324", "physicalMemoryUsed": "14.545231", "totalVirtualMemory": "22.895821", "virtualMemoryUsed": "14.608952", "cpuCores": "24", "processes": "2611", "loadAverage1": "1.050000", "loadAverage5": "0.750000", "loadAverage15": "0.600000", "loadAverage1Percent": "0.043750"}
[2026-04-14 02:38:14.514 +0700] [EVENT] [cadence.virtuoso.ade.simulationMonitor] - NewPoint {"history": "ExplorerRun.0", "point": 1, "testname": "my_lib_ota_amp_1", "cornername": "Nominal", "event": "NewPoint", "EventSource": "Simulation Monitor", "HistoryName": "ExplorerRun.0", "logFile": "/home/dtvt_13/truong/logs_dtvt_13/logs0/Job74.log", "logFileSize": "2100"}
[2026-04-14 02:38:14.615 +0700] [EVENT] [cadence.virtuoso.ade.simulationMonitor] - NewPoint {"history": "ExplorerRun.0", "point": 1, "testname": "my_lib_ota_amp_1", "cornername": "Nominal", "event": "NewPoint", "EventSource": "spectre", "HistoryName": "ExplorerRun.0", "logFile": "/home/dtvt_13/simulation/my_lib/ota_amp/maestro/results/maestro/ExplorerRun.0/1/my_lib_ota_amp_1/psf/spectre.out", "logFileSize": "-1"}
[2026-04-14 02:38:14.619 +0700] [PROCESS] [cadence.virtuoso.ade.simulationMonitor] - Simulator launched {"hostname": "dtvt_13", "processid": 15942, "history": "ExplorerRun.0", "testname": "my_lib_ota_amp_1", "cornername": "Nominal", "point": 1, "logfile": "/home/dtvt_13/truong/logs_dtvt_13/logs0/Job74.log", "simid": "1"}
[2026-04-14 02:38:14.621 +0700] [PROCESS] [cadence.virtuoso.ade.simulationMonitor] - Expression evaluator launched {"hostname": "dtvt_13", "processid": 15942, "history": "ExplorerRun.0", "testname": "my_lib_ota_amp_1", "cornername": "Nominal", "point": 1, "logfile": "/home/dtvt_13/truong/logs_dtvt_13/logs0/Job74.log"}
[2026-04-14 02:38:14.643 +0700] [PROCESS] [cadence.virtuoso.ade.simulationMonitor] - Started Simulation {"hostname": "dtvt_13", "processid": 15942, "history": "ExplorerRun.0", "testname": "my_lib_ota_amp_1", "cornername": "Nominal", "point": 1, "logfile": "/home/dtvt_13/truong/logs_dtvt_13/logs0/Job74.log"}
[2026-04-14 02:38:36.928 +0700] [PROCESS] [cadence.virtuoso.ade.simulationMonitor] - Finished simulating for one point {"hostname": "dtvt_13", "processid": 15942, "history": "ExplorerRun.0", "testname": "my_lib_ota_amp_1", "cornername": "Nominal", "point": 1, "logfile": "/home/dtvt_13/truong/logs_dtvt_13/logs0/Job74.log", "simid": "1"}
[2026-04-14 02:38:36.928 +0700] [INFO] [cadence.virtuoso.ade.simulationMonitor] - Peak resident memory used = 97 Mbytes. {"history": "ExplorerRun.0", "point": 1, "testname": "my_lib_ota_amp_1", "cornername": "Nominal"}
[2026-04-14 02:38:36.928 +0700] [INFO] [cadence.virtuoso.ade.simulationMonitor] - Peak resident memory used = 106 Mbytes. {"history": "ExplorerRun.0", "point": 1, "testname": "my_lib_ota_amp_1", "cornername": "Nominal"}
[2026-04-14 02:38:36.928 +0700] [INFO] [cadence.virtuoso.ade.simulationMonitor] - Notice from spectre during hierarchy flattening.
    The value 'psf' specified for the 'checklimitdest' option will no longer be supported in future releases. Use 'spectre -h' to see other recommended values for the 'checklimitdest' option. {"history": "ExplorerRun.0", "point": 1, "testname": "my_lib_ota_amp_1", "cornername": "Nominal"}
[2026-04-14 02:38:36.928 +0700] [INFO] [cadence.virtuoso.ade.simulationMonitor] - Peak resident memory used = 107 Mbytes. {"history": "ExplorerRun.0", "point": 1, "testname": "my_lib_ota_amp_1", "cornername": "Nominal"}
[2026-04-14 02:38:36.928 +0700] [INFO] [cadence.virtuoso.ade.simulationMonitor] - Notice from spectre during topology check.
    No DC path from node `M6.gi' to ground, Gmin installed to provide path. {"history": "ExplorerRun.0", "point": 1, "testname": "my_lib_ota_amp_1", "cornername": "Nominal"}
[2026-04-14 02:38:36.928 +0700] [INFO] [cadence.virtuoso.ade.simulationMonitor] - Notice from spectre during initial setup.
    Multithreading is disabled due to the size of the design being too small. {"history": "ExplorerRun.0", "point": 1, "testname": "my_lib_ota_amp_1", "cornername": "Nominal"}
[2026-04-14 02:38:36.929 +0700] [INFO] [cadence.virtuoso.ade.simulationMonitor] -               nodes 44 {"history": "ExplorerRun.0", "point": 1, "testname": "my_lib_ota_amp_1", "cornername": "Nominal"}
[2026-04-14 02:38:36.929 +0700] [INFO] [cadence.virtuoso.ade.simulationMonitor] - Notice from spectre during initial setup.
    APS enabled. {"history": "ExplorerRun.0", "point": 1, "testname": "my_lib_ota_amp_1", "cornername": "Nominal"}
[2026-04-14 02:38:36.929 +0700] [INFO] [cadence.virtuoso.ade.simulationMonitor] - Peak resident memory used = 108 Mbytes. {"history": "ExplorerRun.0", "point": 1, "testname": "my_lib_ota_amp_1", "cornername": "Nominal"}
[2026-04-14 02:38:36.929 +0700] [INFO] [cadence.virtuoso.ade.simulationMonitor] -    -   (APS) Multi-threading. The recommended number of threads is 1, consider adding +mt=1 on command line. {"history": "ExplorerRun.0", "point": 1, "testname": "my_lib_ota_amp_1", "cornername": "Nominal"}
[2026-04-14 02:38:36.929 +0700] [INFO] [cadence.virtuoso.ade.simulationMonitor] - Notice from spectre during DC analysis `dcOp'.
    Bad pivoting is found during DC analysis. Option dc_pivot_check=yes is recommended for possible improvement of convergence. {"history": "ExplorerRun.0", "point": 1, "testname": "my_lib_ota_amp_1", "cornername": "Nominal"}
[2026-04-14 02:38:36.929 +0700] [INFO] [cadence.virtuoso.ade.simulationMonitor] - Total time required for dc analysis `dcOp': CPU = 1.438 ms, elapsed = 2.34199 ms. {"history": "ExplorerRun.0", "point": 1, "testname": "my_lib_ota_amp_1", "cornername": "Nominal"}
[2026-04-14 02:38:36.929 +0700] [INFO] [cadence.virtuoso.ade.simulationMonitor] - Peak resident memory used = 110 Mbytes. {"history": "ExplorerRun.0", "point": 1, "testname": "my_lib_ota_amp_1", "cornername": "Nominal"}
[2026-04-14 02:38:36.929 +0700] [INFO] [cadence.virtuoso.ade.simulationMonitor] - Time used: CPU = 491 ms, elapsed = 21.8 s, util. = 2.25%. {"history": "ExplorerRun.0", "point": 1, "testname": "my_lib_ota_amp_1", "cornername": "Nominal"}
[2026-04-14 02:38:36.929 +0700] [INFO] [cadence.virtuoso.ade.simulationMonitor] - Time spent in licensing: elapsed = 20.8 s, percentage of total = 95.2%. {"history": "ExplorerRun.0", "point": 1, "testname": "my_lib_ota_amp_1", "cornername": "Nominal"}
[2026-04-14 02:38:36.929 +0700] [INFO] [cadence.virtuoso.ade.simulationMonitor] - Peak memory used = 112 Mbytes. {"history": "ExplorerRun.0", "point": 1, "testname": "my_lib_ota_amp_1", "cornername": "Nominal"}
[2026-04-14 02:38:36.929 +0700] [PROCESS] [cadence.virtuoso.ade.simulationMonitor] - Simulation started at: 2:38:14 AM, Tue Apr 14, 2026, ended at: 2:38:36 AM, Tue Apr 14, 2026, with elapsed time (wall clock): 21.8 s. {"history": "ExplorerRun.0", "point": 1, "testname": "my_lib_ota_amp_1", "cornername": "Nominal"}
[2026-04-14 02:38:36.929 +0700] [PROCESS] [cadence.virtuoso.ade.simulationMonitor] - spectre completes with 0 errors, 0 warnings, and 6 notices. {"history": "ExplorerRun.0", "point": 1, "testname": "my_lib_ota_amp_1", "cornername": "Nominal"}
[2026-04-14 02:38:36.929 +0700] [PROCESS] [cadence.virtuoso.ade.simulationMonitor] - Simulator exited {"hostname": "dtvt_13", "processid": 15942, "history": "ExplorerRun.0", "testname": "my_lib_ota_amp_1", "cornername": "Nominal", "point": 1, "logfile": "/home/dtvt_13/truong/logs_dtvt_13/logs0/Job74.log", "exitStatus": "0"}
[2026-04-14 02:38:36.929 +0700] [PROCESS] [cadence.virtuoso.ade.simulationMonitor] - Finished Simulation {"hostname": "dtvt_13", "processid": 15942, "history": "ExplorerRun.0", "testname": "my_lib_ota_amp_1", "cornername": "Nominal", "point": 1, "logfile": "/home/dtvt_13/truong/logs_dtvt_13/logs0/Job74.log", "simid": "1"}
[2026-04-14 02:38:37.935 +0700] [PROCESS] [cadence.virtuoso.ade.simulationMonitor] - Point Finished {"hostname": "dtvt_13", "processid": 15942, "history": "ExplorerRun.0", "testname": "my_lib_ota_amp_1", "cornername": "Nominal", "point": 1, "logfile": "/home/dtvt_13/truong/logs_dtvt_13/logs0/Job74.log"}
[2026-04-14 02:41:18.370 +0700] [INFO] [cadence.virtuoso.ade.simulationMonitor] - SimulationMonitor has terminated the vds process '16022', reason: 'Force to stop the expression evalutor process because of new run' {"history": "ExplorerRun.0", "point": 1, "testname": "my_lib_ota_amp_1", "cornername": "Nominal"}
[2026-04-14 02:41:18.371 +0700] [PROCESS] [cadence.virtuoso.ade.simulationMonitor] - HostInfo:
Host name (type):	dtvt_13 (x86_64)
Operating system:	Linux 3.10.0-1160.118.1.el7.x86_64 #1 SMP Wed Apr 24 16:01:50 UTC 2024 {"hostname": "dtvt_13", "processid": 15942, "history": "ExplorerRun.0", "testname": "my_lib_ota_amp_1", "cornername": "Nominal", "point": 1, "logfile": "/home/dtvt_13/truong/logs_dtvt_13/logs0/Job74.log", "nodename": "dtvt_13", "domainname": "(none)", "machine": "x86_64", "sysname": "Linux", "release": "3.10.0-1160.118.1.el7.x86_64", "version": "#1 SMP Wed Apr 24 16:01:50 UTC 2024"}
[2026-04-14 02:41:18.371 +0700] [PROCESS] [cadence.virtuoso.ade.simulationMonitor] - UsageInfo:
pid=15942
totalPhysicalMemory=15.208324GB,Used=14.922802GB,totalVirtualMemory=22.895821GB,Used=14.987011GB
Cpu: Cores=24, Load average:0.470000,0.650000,0.590000 {"hostname": "dtvt_13", "processid": 15942, "history": "ExplorerRun.0", "testname": "my_lib_ota_amp_1", "cornername": "Nominal", "point": 1, "logfile": "/home/dtvt_13/truong/logs_dtvt_13/logs0/Job74.log", "pid": "15942", "totalPhysicalMemory": "15.208324", "physicalMemoryUsed": "14.922802", "totalVirtualMemory": "22.895821", "virtualMemoryUsed": "14.987011", "cpuCores": "24", "processes": "2650", "loadAverage1": "0.470000", "loadAverage5": "0.650000", "loadAverage15": "0.590000", "loadAverage1Percent": "0.019583"}
[2026-04-14 02:41:18.372 +0700] [EVENT] [cadence.virtuoso.ade.simulationMonitor] - NewPoint {"history": "ExplorerRun.0", "point": 1, "testname": "my_lib_ota_amp_1", "cornername": "Nominal", "event": "NewPoint", "EventSource": "Simulation Monitor", "HistoryName": "ExplorerRun.0", "logFile": "/home/dtvt_13/truong/logs_dtvt_13/logs0/Job74.log", "logFileSize": "11552"}
[2026-04-14 02:41:18.472 +0700] [EVENT] [cadence.virtuoso.ade.simulationMonitor] - NewPoint {"history": "ExplorerRun.0", "point": 1, "testname": "my_lib_ota_amp_1", "cornername": "Nominal", "event": "NewPoint", "EventSource": "spectre", "HistoryName": "ExplorerRun.0", "logFile": "/home/dtvt_13/simulation/my_lib/ota_amp/maestro/results/maestro/ExplorerRun.0/1/my_lib_ota_amp_1/psf/spectre.out", "logFileSize": "-1"}
[2026-04-14 02:41:18.478 +0700] [PROCESS] [cadence.virtuoso.ade.simulationMonitor] - Simulator launched {"hostname": "dtvt_13", "processid": 15942, "history": "ExplorerRun.0", "testname": "my_lib_ota_amp_1", "cornername": "Nominal", "point": 1, "logfile": "/home/dtvt_13/truong/logs_dtvt_13/logs0/Job74.log", "simid": "2"}
[2026-04-14 02:41:18.482 +0700] [PROCESS] [cadence.virtuoso.ade.simulationMonitor] - Expression evaluator launched {"hostname": "dtvt_13", "processid": 15942, "history": "ExplorerRun.0", "testname": "my_lib_ota_amp_1", "cornername": "Nominal", "point": 1, "logfile": "/home/dtvt_13/truong/logs_dtvt_13/logs0/Job74.log"}
[2026-04-14 02:41:18.497 +0700] [PROCESS] [cadence.virtuoso.ade.simulationMonitor] - Started Simulation {"hostname": "dtvt_13", "processid": 15942, "history": "ExplorerRun.0", "testname": "my_lib_ota_amp_1", "cornername": "Nominal", "point": 1, "logfile": "/home/dtvt_13/truong/logs_dtvt_13/logs0/Job74.log"}
[2026-04-14 02:41:40.471 +0700] [PROCESS] [cadence.virtuoso.ade.simulationMonitor] - Finished simulating for one point {"hostname": "dtvt_13", "processid": 15942, "history": "ExplorerRun.0", "testname": "my_lib_ota_amp_1", "cornername": "Nominal", "point": 1, "logfile": "/home/dtvt_13/truong/logs_dtvt_13/logs0/Job74.log", "simid": "2"}
[2026-04-14 02:41:40.471 +0700] [INFO] [cadence.virtuoso.ade.simulationMonitor] - Peak resident memory used = 95.5 Mbytes. {"history": "ExplorerRun.0", "point": 1, "testname": "my_lib_ota_amp_1", "cornername": "Nominal"}
[2026-04-14 02:41:40.471 +0700] [INFO] [cadence.virtuoso.ade.simulationMonitor] - Peak resident memory used = 104 Mbytes. {"history": "ExplorerRun.0", "point": 1, "testname": "my_lib_ota_amp_1", "cornername": "Nominal"}
[2026-04-14 02:41:40.471 +0700] [INFO] [cadence.virtuoso.ade.simulationMonitor] - Notice from spectre during hierarchy flattening.
    The value 'psf' specified for the 'checklimitdest' option will no longer be supported in future releases. Use 'spectre -h' to see other recommended values for the 'checklimitdest' option. {"history": "ExplorerRun.0", "point": 1, "testname": "my_lib_ota_amp_1", "cornername": "Nominal"}
[2026-04-14 02:41:40.471 +0700] [INFO] [cadence.virtuoso.ade.simulationMonitor] - Peak resident memory used = 105 Mbytes. {"history": "ExplorerRun.0", "point": 1, "testname": "my_lib_ota_amp_1", "cornername": "Nominal"}
[2026-04-14 02:41:40.471 +0700] [INFO] [cadence.virtuoso.ade.simulationMonitor] - Notice from spectre during initial setup.
    Multithreading is disabled due to the size of the design being too small. {"history": "ExplorerRun.0", "point": 1, "testname": "my_lib_ota_amp_1", "cornername": "Nominal"}
[2026-04-14 02:41:40.472 +0700] [INFO] [cadence.virtuoso.ade.simulationMonitor] -               nodes 43 {"history": "ExplorerRun.0", "point": 1, "testname": "my_lib_ota_amp_1", "cornername": "Nominal"}
[2026-04-14 02:41:40.472 +0700] [INFO] [cadence.virtuoso.ade.simulationMonitor] - Notice from spectre during initial setup.
    APS enabled. {"history": "ExplorerRun.0", "point": 1, "testname": "my_lib_ota_amp_1", "cornername": "Nominal"}
[2026-04-14 02:41:40.472 +0700] [INFO] [cadence.virtuoso.ade.simulationMonitor] - Peak resident memory used = 107 Mbytes. {"history": "ExplorerRun.0", "point": 1, "testname": "my_lib_ota_amp_1", "cornername": "Nominal"}
[2026-04-14 02:41:40.472 +0700] [INFO] [cadence.virtuoso.ade.simulationMonitor] -    -   (APS) Multi-threading. The recommended number of threads is 1, consider adding +mt=1 on command line. {"history": "ExplorerRun.0", "point": 1, "testname": "my_lib_ota_amp_1", "cornername": "Nominal"}
[2026-04-14 02:41:40.472 +0700] [INFO] [cadence.virtuoso.ade.simulationMonitor] - Total time required for dc analysis `dcOp': CPU = 1.928 ms, elapsed = 2.93398 ms. {"history": "ExplorerRun.0", "point": 1, "testname": "my_lib_ota_amp_1", "cornername": "Nominal"}
[2026-04-14 02:41:40.472 +0700] [INFO] [cadence.virtuoso.ade.simulationMonitor] - Peak resident memory used = 109 Mbytes. {"history": "ExplorerRun.0", "point": 1, "testname": "my_lib_ota_amp_1", "cornername": "Nominal"}
[2026-04-14 02:41:40.472 +0700] [INFO] [cadence.virtuoso.ade.simulationMonitor] - Time used: CPU = 457 ms, elapsed = 21.4 s, util. = 2.14%. {"history": "ExplorerRun.0", "point": 1, "testname": "my_lib_ota_amp_1", "cornername": "Nominal"}
[2026-04-14 02:41:40.472 +0700] [INFO] [cadence.virtuoso.ade.simulationMonitor] - Time spent in licensing: elapsed = 20.3 s, percentage of total = 94.8%. {"history": "ExplorerRun.0", "point": 1, "testname": "my_lib_ota_amp_1", "cornername": "Nominal"}
[2026-04-14 02:41:40.472 +0700] [INFO] [cadence.virtuoso.ade.simulationMonitor] - Peak memory used = 111 Mbytes. {"history": "ExplorerRun.0", "point": 1, "testname": "my_lib_ota_amp_1", "cornername": "Nominal"}
[2026-04-14 02:41:40.472 +0700] [PROCESS] [cadence.virtuoso.ade.simulationMonitor] - Simulation started at: 2:41:18 AM, Tue Apr 14, 2026, ended at: 2:41:40 AM, Tue Apr 14, 2026, with elapsed time (wall clock): 21.4 s. {"history": "ExplorerRun.0", "point": 1, "testname": "my_lib_ota_amp_1", "cornername": "Nominal"}
[2026-04-14 02:41:40.472 +0700] [PROCESS] [cadence.virtuoso.ade.simulationMonitor] - spectre completes with 0 errors, 0 warnings, and 4 notices. {"history": "ExplorerRun.0", "point": 1, "testname": "my_lib_ota_amp_1", "cornername": "Nominal"}
[2026-04-14 02:41:40.472 +0700] [PROCESS] [cadence.virtuoso.ade.simulationMonitor] - Simulator exited {"hostname": "dtvt_13", "processid": 15942, "history": "ExplorerRun.0", "testname": "my_lib_ota_amp_1", "cornername": "Nominal", "point": 1, "logfile": "/home/dtvt_13/truong/logs_dtvt_13/logs0/Job74.log", "exitStatus": "0"}
[2026-04-14 02:41:40.472 +0700] [PROCESS] [cadence.virtuoso.ade.simulationMonitor] - Finished Simulation {"hostname": "dtvt_13", "processid": 15942, "history": "ExplorerRun.0", "testname": "my_lib_ota_amp_1", "cornername": "Nominal", "point": 1, "logfile": "/home/dtvt_13/truong/logs_dtvt_13/logs0/Job74.log", "simid": "2"}
[2026-04-14 02:41:40.977 +0700] [PROCESS] [cadence.virtuoso.ade.simulationMonitor] - Point Finished {"hostname": "dtvt_13", "processid": 15942, "history": "ExplorerRun.0", "testname": "my_lib_ota_amp_1", "cornername": "Nominal", "point": 1, "logfile": "/home/dtvt_13/truong/logs_dtvt_13/logs0/Job74.log"}
[2026-04-14 02:43:01.141 +0700] [INFO] [cadence.virtuoso.ade.simulationMonitor] - SimulationMonitor has terminated the vds process '17463', reason: 'Force to stop the expression evalutor process because of new run' {"history": "ExplorerRun.0", "point": 1, "testname": "my_lib_ota_amp_1", "cornername": "Nominal"}
[2026-04-14 02:43:01.142 +0700] [PROCESS] [cadence.virtuoso.ade.simulationMonitor] - HostInfo:
Host name (type):	dtvt_13 (x86_64)
Operating system:	Linux 3.10.0-1160.118.1.el7.x86_64 #1 SMP Wed Apr 24 16:01:50 UTC 2024 {"hostname": "dtvt_13", "processid": 15942, "history": "ExplorerRun.0", "testname": "my_lib_ota_amp_1", "cornername": "Nominal", "point": 1, "logfile": "/home/dtvt_13/truong/logs_dtvt_13/logs0/Job74.log", "nodename": "dtvt_13", "domainname": "(none)", "machine": "x86_64", "sysname": "Linux", "release": "3.10.0-1160.118.1.el7.x86_64", "version": "#1 SMP Wed Apr 24 16:01:50 UTC 2024"}
[2026-04-14 02:43:01.142 +0700] [PROCESS] [cadence.virtuoso.ade.simulationMonitor] - UsageInfo:
pid=15942
totalPhysicalMemory=15.208324GB,Used=14.152596GB,totalVirtualMemory=22.895821GB,Used=14.216805GB
Cpu: Cores=24, Load average:0.900000,0.750000,0.630000 {"hostname": "dtvt_13", "processid": 15942, "history": "ExplorerRun.0", "testname": "my_lib_ota_amp_1", "cornername": "Nominal", "point": 1, "logfile": "/home/dtvt_13/truong/logs_dtvt_13/logs0/Job74.log", "pid": "15942", "totalPhysicalMemory": "15.208324", "physicalMemoryUsed": "14.152596", "totalVirtualMemory": "22.895821", "virtualMemoryUsed": "14.216805", "cpuCores": "24", "processes": "2562", "loadAverage1": "0.900000", "loadAverage5": "0.750000", "loadAverage15": "0.630000", "loadAverage1Percent": "0.037500"}
[2026-04-14 02:43:01.142 +0700] [EVENT] [cadence.virtuoso.ade.simulationMonitor] - NewPoint {"history": "ExplorerRun.0", "point": 1, "testname": "my_lib_ota_amp_1", "cornername": "Nominal", "event": "NewPoint", "EventSource": "Simulation Monitor", "HistoryName": "ExplorerRun.0", "logFile": "/home/dtvt_13/truong/logs_dtvt_13/logs0/Job74.log", "logFileSize": "20353"}
[2026-04-14 02:43:01.242 +0700] [EVENT] [cadence.virtuoso.ade.simulationMonitor] - NewPoint {"history": "ExplorerRun.0", "point": 1, "testname": "my_lib_ota_amp_1", "cornername": "Nominal", "event": "NewPoint", "EventSource": "spectre", "HistoryName": "ExplorerRun.0", "logFile": "/home/dtvt_13/simulation/my_lib/ota_amp/maestro/results/maestro/ExplorerRun.0/1/my_lib_ota_amp_1/psf/spectre.out", "logFileSize": "-1"}
[2026-04-14 02:43:01.245 +0700] [PROCESS] [cadence.virtuoso.ade.simulationMonitor] - Simulator launched {"hostname": "dtvt_13", "processid": 15942, "history": "ExplorerRun.0", "testname": "my_lib_ota_amp_1", "cornername": "Nominal", "point": 1, "logfile": "/home/dtvt_13/truong/logs_dtvt_13/logs0/Job74.log", "simid": "3"}
[2026-04-14 02:43:01.250 +0700] [PROCESS] [cadence.virtuoso.ade.simulationMonitor] - Expression evaluator launched {"hostname": "dtvt_13", "processid": 15942, "history": "ExplorerRun.0", "testname": "my_lib_ota_amp_1", "cornername": "Nominal", "point": 1, "logfile": "/home/dtvt_13/truong/logs_dtvt_13/logs0/Job74.log"}
[2026-04-14 02:43:01.254 +0700] [PROCESS] [cadence.virtuoso.ade.simulationMonitor] - Started Simulation {"hostname": "dtvt_13", "processid": 15942, "history": "ExplorerRun.0", "testname": "my_lib_ota_amp_1", "cornername": "Nominal", "point": 1, "logfile": "/home/dtvt_13/truong/logs_dtvt_13/logs0/Job74.log"}
[2026-04-14 02:43:23.629 +0700] [INFO] [cadence.virtuoso.ade.simulationMonitor] - Peak resident memory used = 95.5 Mbytes. {"history": "ExplorerRun.0", "point": 1, "testname": "my_lib_ota_amp_1", "cornername": "Nominal"}
[2026-04-14 02:43:23.630 +0700] [INFO] [cadence.virtuoso.ade.simulationMonitor] - Peak resident memory used = 104 Mbytes. {"history": "ExplorerRun.0", "point": 1, "testname": "my_lib_ota_amp_1", "cornername": "Nominal"}
[2026-04-14 02:43:23.630 +0700] [INFO] [cadence.virtuoso.ade.simulationMonitor] - Notice from spectre during hierarchy flattening.
    The value 'psf' specified for the 'checklimitdest' option will no longer be supported in future releases. Use 'spectre -h' to see other recommended values for the 'checklimitdest' option. {"history": "ExplorerRun.0", "point": 1, "testname": "my_lib_ota_amp_1", "cornername": "Nominal"}
[2026-04-14 02:43:23.630 +0700] [INFO] [cadence.virtuoso.ade.simulationMonitor] - Peak resident memory used = 105 Mbytes. {"history": "ExplorerRun.0", "point": 1, "testname": "my_lib_ota_amp_1", "cornername": "Nominal"}
[2026-04-14 02:43:23.631 +0700] [INFO] [cadence.virtuoso.ade.simulationMonitor] - Notice from spectre during initial setup.
    Multithreading is disabled due to the size of the design being too small. {"history": "ExplorerRun.0", "point": 1, "testname": "my_lib_ota_amp_1", "cornername": "Nominal"}
[2026-04-14 02:43:23.631 +0700] [INFO] [cadence.virtuoso.ade.simulationMonitor] -               nodes 43 {"history": "ExplorerRun.0", "point": 1, "testname": "my_lib_ota_amp_1", "cornername": "Nominal"}
[2026-04-14 02:43:23.631 +0700] [INFO] [cadence.virtuoso.ade.simulationMonitor] - Notice from spectre during initial setup.
    APS enabled. {"history": "ExplorerRun.0", "point": 1, "testname": "my_lib_ota_amp_1", "cornername": "Nominal"}
[2026-04-14 02:43:23.632 +0700] [INFO] [cadence.virtuoso.ade.simulationMonitor] - Peak resident memory used = 107 Mbytes. {"history": "ExplorerRun.0", "point": 1, "testname": "my_lib_ota_amp_1", "cornername": "Nominal"}
[2026-04-14 02:43:23.632 +0700] [INFO] [cadence.virtuoso.ade.simulationMonitor] -    -   (APS) Multi-threading. The recommended number of threads is 1, consider adding +mt=1 on command line. {"history": "ExplorerRun.0", "point": 1, "testname": "my_lib_ota_amp_1", "cornername": "Nominal"}
[2026-04-14 02:43:23.632 +0700] [INFO] [cadence.virtuoso.ade.simulationMonitor] - Total time required for dc analysis `dcOp': CPU = 2.486 ms, elapsed = 3.56507 ms. {"history": "ExplorerRun.0", "point": 1, "testname": "my_lib_ota_amp_1", "cornername": "Nominal"}
[2026-04-14 02:43:23.632 +0700] [INFO] [cadence.virtuoso.ade.simulationMonitor] - Peak resident memory used = 109 Mbytes. {"history": "ExplorerRun.0", "point": 1, "testname": "my_lib_ota_amp_1", "cornername": "Nominal"}
[2026-04-14 02:43:24.133 +0700] [PROCESS] [cadence.virtuoso.ade.simulationMonitor] - Finished simulating for one point {"hostname": "dtvt_13", "processid": 15942, "history": "ExplorerRun.0", "testname": "my_lib_ota_amp_1", "cornername": "Nominal", "point": 1, "logfile": "/home/dtvt_13/truong/logs_dtvt_13/logs0/Job74.log", "simid": "3"}
[2026-04-14 02:43:24.133 +0700] [INFO] [cadence.virtuoso.ade.simulationMonitor] - Time used: CPU = 564 ms, elapsed = 21.9 s, util. = 2.58%. {"history": "ExplorerRun.0", "point": 1, "testname": "my_lib_ota_amp_1", "cornername": "Nominal"}
[2026-04-14 02:43:24.133 +0700] [INFO] [cadence.virtuoso.ade.simulationMonitor] - Time spent in licensing: elapsed = 20.3 s, percentage of total = 92.8%. {"history": "ExplorerRun.0", "point": 1, "testname": "my_lib_ota_amp_1", "cornername": "Nominal"}
[2026-04-14 02:43:24.134 +0700] [INFO] [cadence.virtuoso.ade.simulationMonitor] - Peak memory used = 111 Mbytes. {"history": "ExplorerRun.0", "point": 1, "testname": "my_lib_ota_amp_1", "cornername": "Nominal"}
[2026-04-14 02:43:24.134 +0700] [PROCESS] [cadence.virtuoso.ade.simulationMonitor] - Simulation started at: 2:43:01 AM, Tue Apr 14, 2026, ended at: 2:43:23 AM, Tue Apr 14, 2026, with elapsed time (wall clock): 21.9 s. {"history": "ExplorerRun.0", "point": 1, "testname": "my_lib_ota_amp_1", "cornername": "Nominal"}
[2026-04-14 02:43:24.134 +0700] [PROCESS] [cadence.virtuoso.ade.simulationMonitor] - spectre completes with 0 errors, 0 warnings, and 4 notices. {"history": "ExplorerRun.0", "point": 1, "testname": "my_lib_ota_amp_1", "cornername": "Nominal"}
[2026-04-14 02:43:24.134 +0700] [PROCESS] [cadence.virtuoso.ade.simulationMonitor] - Simulator exited {"hostname": "dtvt_13", "processid": 15942, "history": "ExplorerRun.0", "testname": "my_lib_ota_amp_1", "cornername": "Nominal", "point": 1, "logfile": "/home/dtvt_13/truong/logs_dtvt_13/logs0/Job74.log", "exitStatus": "0"}
[2026-04-14 02:43:24.134 +0700] [PROCESS] [cadence.virtuoso.ade.simulationMonitor] - Finished Simulation {"hostname": "dtvt_13", "processid": 15942, "history": "ExplorerRun.0", "testname": "my_lib_ota_amp_1", "cornername": "Nominal", "point": 1, "logfile": "/home/dtvt_13/truong/logs_dtvt_13/logs0/Job74.log", "simid": "3"}
[2026-04-14 02:43:25.147 +0700] [PROCESS] [cadence.virtuoso.ade.simulationMonitor] - Point Finished {"hostname": "dtvt_13", "processid": 15942, "history": "ExplorerRun.0", "testname": "my_lib_ota_amp_1", "cornername": "Nominal", "point": 1, "logfile": "/home/dtvt_13/truong/logs_dtvt_13/logs0/Job74.log"}
[2026-04-14 02:47:31.236 +0700] [INFO] [cadence.virtuoso.ade.simulationMonitor] - SimulationMonitor has terminated the vds process '18452', reason: 'Force to stop the expression evalutor process because of new run' {"history": "ExplorerRun.0", "point": 1, "testname": "my_lib_ota_amp_1", "cornername": "Nominal"}
[2026-04-14 02:47:31.237 +0700] [PROCESS] [cadence.virtuoso.ade.simulationMonitor] - HostInfo:
Host name (type):	dtvt_13 (x86_64)
Operating system:	Linux 3.10.0-1160.118.1.el7.x86_64 #1 SMP Wed Apr 24 16:01:50 UTC 2024 {"hostname": "dtvt_13", "processid": 15942, "history": "ExplorerRun.0", "testname": "my_lib_ota_amp_1", "cornername": "Nominal", "point": 1, "logfile": "/home/dtvt_13/truong/logs_dtvt_13/logs0/Job74.log", "nodename": "dtvt_13", "domainname": "(none)", "machine": "x86_64", "sysname": "Linux", "release": "3.10.0-1160.118.1.el7.x86_64", "version": "#1 SMP Wed Apr 24 16:01:50 UTC 2024"}
[2026-04-14 02:47:31.237 +0700] [PROCESS] [cadence.virtuoso.ade.simulationMonitor] - UsageInfo:
pid=15942
totalPhysicalMemory=15.208324GB,Used=14.175011GB,totalVirtualMemory=22.895821GB,Used=14.239220GB
Cpu: Cores=24, Load average:0.500000,0.480000,0.540000 {"hostname": "dtvt_13", "processid": 15942, "history": "ExplorerRun.0", "testname": "my_lib_ota_amp_1", "cornername": "Nominal", "point": 1, "logfile": "/home/dtvt_13/truong/logs_dtvt_13/logs0/Job74.log", "pid": "15942", "totalPhysicalMemory": "15.208324", "physicalMemoryUsed": "14.175011", "totalVirtualMemory": "22.895821", "virtualMemoryUsed": "14.239220", "cpuCores": "24", "processes": "2559", "loadAverage1": "0.500000", "loadAverage5": "0.480000", "loadAverage15": "0.540000", "loadAverage1Percent": "0.020833"}
[2026-04-14 02:47:31.237 +0700] [EVENT] [cadence.virtuoso.ade.simulationMonitor] - NewPoint {"history": "ExplorerRun.0", "point": 1, "testname": "my_lib_ota_amp_1", "cornername": "Nominal", "event": "NewPoint", "EventSource": "Simulation Monitor", "HistoryName": "ExplorerRun.0", "logFile": "/home/dtvt_13/truong/logs_dtvt_13/logs0/Job74.log", "logFileSize": "29154"}
[2026-04-14 02:47:31.338 +0700] [EVENT] [cadence.virtuoso.ade.simulationMonitor] - NewPoint {"history": "ExplorerRun.0", "point": 1, "testname": "my_lib_ota_amp_1", "cornername": "Nominal", "event": "NewPoint", "EventSource": "spectre", "HistoryName": "ExplorerRun.0", "logFile": "/home/dtvt_13/simulation/my_lib/ota_amp/maestro/results/maestro/ExplorerRun.0/1/my_lib_ota_amp_1/psf/spectre.out", "logFileSize": "-1"}
[2026-04-14 02:47:31.341 +0700] [PROCESS] [cadence.virtuoso.ade.simulationMonitor] - Simulator launched {"hostname": "dtvt_13", "processid": 15942, "history": "ExplorerRun.0", "testname": "my_lib_ota_amp_1", "cornername": "Nominal", "point": 1, "logfile": "/home/dtvt_13/truong/logs_dtvt_13/logs0/Job74.log", "simid": "4"}
[2026-04-14 02:47:31.345 +0700] [PROCESS] [cadence.virtuoso.ade.simulationMonitor] - Expression evaluator launched {"hostname": "dtvt_13", "processid": 15942, "history": "ExplorerRun.0", "testname": "my_lib_ota_amp_1", "cornername": "Nominal", "point": 1, "logfile": "/home/dtvt_13/truong/logs_dtvt_13/logs0/Job74.log"}
[2026-04-14 02:47:31.349 +0700] [PROCESS] [cadence.virtuoso.ade.simulationMonitor] - Started Simulation {"hostname": "dtvt_13", "processid": 15942, "history": "ExplorerRun.0", "testname": "my_lib_ota_amp_1", "cornername": "Nominal", "point": 1, "logfile": "/home/dtvt_13/truong/logs_dtvt_13/logs0/Job74.log"}
[2026-04-14 02:47:52.761 +0700] [PROCESS] [cadence.virtuoso.ade.simulationMonitor] - Finished simulating for one point {"hostname": "dtvt_13", "processid": 15942, "history": "ExplorerRun.0", "testname": "my_lib_ota_amp_1", "cornername": "Nominal", "point": 1, "logfile": "/home/dtvt_13/truong/logs_dtvt_13/logs0/Job74.log", "simid": "4"}
[2026-04-14 02:47:52.761 +0700] [INFO] [cadence.virtuoso.ade.simulationMonitor] - Peak resident memory used = 95.5 Mbytes. {"history": "ExplorerRun.0", "point": 1, "testname": "my_lib_ota_amp_1", "cornername": "Nominal"}
[2026-04-14 02:47:52.761 +0700] [INFO] [cadence.virtuoso.ade.simulationMonitor] - Peak resident memory used = 104 Mbytes. {"history": "ExplorerRun.0", "point": 1, "testname": "my_lib_ota_amp_1", "cornername": "Nominal"}
[2026-04-14 02:47:52.761 +0700] [INFO] [cadence.virtuoso.ade.simulationMonitor] - Notice from spectre during hierarchy flattening.
    The value 'psf' specified for the 'checklimitdest' option will no longer be supported in future releases. Use 'spectre -h' to see other recommended values for the 'checklimitdest' option. {"history": "ExplorerRun.0", "point": 1, "testname": "my_lib_ota_amp_1", "cornername": "Nominal"}
[2026-04-14 02:47:52.761 +0700] [INFO] [cadence.virtuoso.ade.simulationMonitor] - Peak resident memory used = 105 Mbytes. {"history": "ExplorerRun.0", "point": 1, "testname": "my_lib_ota_amp_1", "cornername": "Nominal"}
[2026-04-14 02:47:52.762 +0700] [INFO] [cadence.virtuoso.ade.simulationMonitor] - Notice from spectre during initial setup.
    Multithreading is disabled due to the size of the design being too small. {"history": "ExplorerRun.0", "point": 1, "testname": "my_lib_ota_amp_1", "cornername": "Nominal"}
[2026-04-14 02:47:52.762 +0700] [INFO] [cadence.virtuoso.ade.simulationMonitor] -               nodes 43 {"history": "ExplorerRun.0", "point": 1, "testname": "my_lib_ota_amp_1", "cornername": "Nominal"}
[2026-04-14 02:47:52.762 +0700] [INFO] [cadence.virtuoso.ade.simulationMonitor] - Notice from spectre during initial setup.
    APS enabled. {"history": "ExplorerRun.0", "point": 1, "testname": "my_lib_ota_amp_1", "cornername": "Nominal"}
[2026-04-14 02:47:52.762 +0700] [INFO] [cadence.virtuoso.ade.simulationMonitor] - Peak resident memory used = 107 Mbytes. {"history": "ExplorerRun.0", "point": 1, "testname": "my_lib_ota_amp_1", "cornername": "Nominal"}
[2026-04-14 02:47:52.762 +0700] [INFO] [cadence.virtuoso.ade.simulationMonitor] -    -   (APS) Multi-threading. The recommended number of threads is 1, consider adding +mt=1 on command line. {"history": "ExplorerRun.0", "point": 1, "testname": "my_lib_ota_amp_1", "cornername": "Nominal"}
[2026-04-14 02:47:52.762 +0700] [INFO] [cadence.virtuoso.ade.simulationMonitor] - Total time required for dc analysis `dcOp': CPU = 2.004 ms, elapsed = 3.00503 ms. {"history": "ExplorerRun.0", "point": 1, "testname": "my_lib_ota_amp_1", "cornername": "Nominal"}
[2026-04-14 02:47:52.763 +0700] [INFO] [cadence.virtuoso.ade.simulationMonitor] - Peak resident memory used = 109 Mbytes. {"history": "ExplorerRun.0", "point": 1, "testname": "my_lib_ota_amp_1", "cornername": "Nominal"}
[2026-04-14 02:47:52.763 +0700] [INFO] [cadence.virtuoso.ade.simulationMonitor] - Time used: CPU = 525 ms, elapsed = 20.9 s, util. = 2.51%. {"history": "ExplorerRun.0", "point": 1, "testname": "my_lib_ota_amp_1", "cornername": "Nominal"}
[2026-04-14 02:47:52.763 +0700] [INFO] [cadence.virtuoso.ade.simulationMonitor] - Time spent in licensing: elapsed = 20.3 s, percentage of total = 97.1%. {"history": "ExplorerRun.0", "point": 1, "testname": "my_lib_ota_amp_1", "cornername": "Nominal"}
[2026-04-14 02:47:52.763 +0700] [INFO] [cadence.virtuoso.ade.simulationMonitor] - Peak memory used = 111 Mbytes. {"history": "ExplorerRun.0", "point": 1, "testname": "my_lib_ota_amp_1", "cornername": "Nominal"}
[2026-04-14 02:47:52.763 +0700] [PROCESS] [cadence.virtuoso.ade.simulationMonitor] - Simulation started at: 2:47:31 AM, Tue Apr 14, 2026, ended at: 2:47:52 AM, Tue Apr 14, 2026, with elapsed time (wall clock): 20.9 s. {"history": "ExplorerRun.0", "point": 1, "testname": "my_lib_ota_amp_1", "cornername": "Nominal"}
[2026-04-14 02:47:52.763 +0700] [PROCESS] [cadence.virtuoso.ade.simulationMonitor] - spectre completes with 0 errors, 0 warnings, and 4 notices. {"history": "ExplorerRun.0", "point": 1, "testname": "my_lib_ota_amp_1", "cornername": "Nominal"}
[2026-04-14 02:47:52.763 +0700] [PROCESS] [cadence.virtuoso.ade.simulationMonitor] - Simulator exited {"hostname": "dtvt_13", "processid": 15942, "history": "ExplorerRun.0", "testname": "my_lib_ota_amp_1", "cornername": "Nominal", "point": 1, "logfile": "/home/dtvt_13/truong/logs_dtvt_13/logs0/Job74.log", "exitStatus": "0"}
[2026-04-14 02:47:52.764 +0700] [PROCESS] [cadence.virtuoso.ade.simulationMonitor] - Finished Simulation {"hostname": "dtvt_13", "processid": 15942, "history": "ExplorerRun.0", "testname": "my_lib_ota_amp_1", "cornername": "Nominal", "point": 1, "logfile": "/home/dtvt_13/truong/logs_dtvt_13/logs0/Job74.log", "simid": "4"}
[2026-04-14 02:47:53.777 +0700] [PROCESS] [cadence.virtuoso.ade.simulationMonitor] - Point Finished {"hostname": "dtvt_13", "processid": 15942, "history": "ExplorerRun.0", "testname": "my_lib_ota_amp_1", "cornername": "Nominal", "point": 1, "logfile": "/home/dtvt_13/truong/logs_dtvt_13/logs0/Job74.log"}
[2026-04-14 02:51:49.239 +0700] [INFO] [cadence.virtuoso.ade.simulationMonitor] - SimulationMonitor has terminated the vds process '19775', reason: 'Force to stop the expression evalutor process because of new run' {"history": "ExplorerRun.0", "point": 1, "testname": "my_lib_ota_amp_1", "cornername": "Nominal"}
[2026-04-14 02:51:49.240 +0700] [PROCESS] [cadence.virtuoso.ade.simulationMonitor] - HostInfo:
Host name (type):	dtvt_13 (x86_64)
Operating system:	Linux 3.10.0-1160.118.1.el7.x86_64 #1 SMP Wed Apr 24 16:01:50 UTC 2024 {"hostname": "dtvt_13", "processid": 15942, "history": "ExplorerRun.0", "testname": "my_lib_ota_amp_1", "cornername": "Nominal", "point": 1, "logfile": "/home/dtvt_13/truong/logs_dtvt_13/logs0/Job74.log", "nodename": "dtvt_13", "domainname": "(none)", "machine": "x86_64", "sysname": "Linux", "release": "3.10.0-1160.118.1.el7.x86_64", "version": "#1 SMP Wed Apr 24 16:01:50 UTC 2024"}
[2026-04-14 02:51:49.240 +0700] [PROCESS] [cadence.virtuoso.ade.simulationMonitor] - UsageInfo:
pid=15942
totalPhysicalMemory=15.208324GB,Used=14.200089GB,totalVirtualMemory=22.895821GB,Used=14.264297GB
Cpu: Cores=24, Load average:0.500000,0.350000,0.460000 {"hostname": "dtvt_13", "processid": 15942, "history": "ExplorerRun.0", "testname": "my_lib_ota_amp_1", "cornername": "Nominal", "point": 1, "logfile": "/home/dtvt_13/truong/logs_dtvt_13/logs0/Job74.log", "pid": "15942", "totalPhysicalMemory": "15.208324", "physicalMemoryUsed": "14.200089", "totalVirtualMemory": "22.895821", "virtualMemoryUsed": "14.264297", "cpuCores": "24", "processes": "2554", "loadAverage1": "0.500000", "loadAverage5": "0.350000", "loadAverage15": "0.460000", "loadAverage1Percent": "0.020833"}
[2026-04-14 02:51:49.240 +0700] [EVENT] [cadence.virtuoso.ade.simulationMonitor] - NewPoint {"history": "ExplorerRun.0", "point": 1, "testname": "my_lib_ota_amp_1", "cornername": "Nominal", "event": "NewPoint", "EventSource": "Simulation Monitor", "HistoryName": "ExplorerRun.0", "logFile": "/home/dtvt_13/truong/logs_dtvt_13/logs0/Job74.log", "logFileSize": "37955"}
[2026-04-14 02:51:49.341 +0700] [EVENT] [cadence.virtuoso.ade.simulationMonitor] - NewPoint {"history": "ExplorerRun.0", "point": 1, "testname": "my_lib_ota_amp_1", "cornername": "Nominal", "event": "NewPoint", "EventSource": "spectre", "HistoryName": "ExplorerRun.0", "logFile": "/home/dtvt_13/simulation/my_lib/ota_amp/maestro/results/maestro/ExplorerRun.0/1/my_lib_ota_amp_1/psf/spectre.out", "logFileSize": "-1"}
[2026-04-14 02:51:49.344 +0700] [PROCESS] [cadence.virtuoso.ade.simulationMonitor] - Simulator launched {"hostname": "dtvt_13", "processid": 15942, "history": "ExplorerRun.0", "testname": "my_lib_ota_amp_1", "cornername": "Nominal", "point": 1, "logfile": "/home/dtvt_13/truong/logs_dtvt_13/logs0/Job74.log", "simid": "5"}
[2026-04-14 02:51:49.350 +0700] [PROCESS] [cadence.virtuoso.ade.simulationMonitor] - Expression evaluator launched {"hostname": "dtvt_13", "processid": 15942, "history": "ExplorerRun.0", "testname": "my_lib_ota_amp_1", "cornername": "Nominal", "point": 1, "logfile": "/home/dtvt_13/truong/logs_dtvt_13/logs0/Job74.log"}
[2026-04-14 02:51:49.355 +0700] [PROCESS] [cadence.virtuoso.ade.simulationMonitor] - Started Simulation {"hostname": "dtvt_13", "processid": 15942, "history": "ExplorerRun.0", "testname": "my_lib_ota_amp_1", "cornername": "Nominal", "point": 1, "logfile": "/home/dtvt_13/truong/logs_dtvt_13/logs0/Job74.log"}
[2026-04-14 02:52:10.752 +0700] [PROCESS] [cadence.virtuoso.ade.simulationMonitor] - Finished simulating for one point {"hostname": "dtvt_13", "processid": 15942, "history": "ExplorerRun.0", "testname": "my_lib_ota_amp_1", "cornername": "Nominal", "point": 1, "logfile": "/home/dtvt_13/truong/logs_dtvt_13/logs0/Job74.log", "simid": "5"}
[2026-04-14 02:52:10.752 +0700] [INFO] [cadence.virtuoso.ade.simulationMonitor] - Peak resident memory used = 95.5 Mbytes. {"history": "ExplorerRun.0", "point": 1, "testname": "my_lib_ota_amp_1", "cornername": "Nominal"}
[2026-04-14 02:52:10.753 +0700] [INFO] [cadence.virtuoso.ade.simulationMonitor] - Peak resident memory used = 104 Mbytes. {"history": "ExplorerRun.0", "point": 1, "testname": "my_lib_ota_amp_1", "cornername": "Nominal"}
[2026-04-14 02:52:10.753 +0700] [INFO] [cadence.virtuoso.ade.simulationMonitor] - Notice from spectre during hierarchy flattening.
    The value 'psf' specified for the 'checklimitdest' option will no longer be supported in future releases. Use 'spectre -h' to see other recommended values for the 'checklimitdest' option. {"history": "ExplorerRun.0", "point": 1, "testname": "my_lib_ota_amp_1", "cornername": "Nominal"}
[2026-04-14 02:52:10.753 +0700] [INFO] [cadence.virtuoso.ade.simulationMonitor] - Peak resident memory used = 105 Mbytes. {"history": "ExplorerRun.0", "point": 1, "testname": "my_lib_ota_amp_1", "cornername": "Nominal"}
[2026-04-14 02:52:10.754 +0700] [INFO] [cadence.virtuoso.ade.simulationMonitor] - Notice from spectre during initial setup.
    Multithreading is disabled due to the size of the design being too small. {"history": "ExplorerRun.0", "point": 1, "testname": "my_lib_ota_amp_1", "cornername": "Nominal"}
[2026-04-14 02:52:10.754 +0700] [INFO] [cadence.virtuoso.ade.simulationMonitor] -               nodes 43 {"history": "ExplorerRun.0", "point": 1, "testname": "my_lib_ota_amp_1", "cornername": "Nominal"}
[2026-04-14 02:52:10.755 +0700] [INFO] [cadence.virtuoso.ade.simulationMonitor] - Notice from spectre during initial setup.
    APS enabled. {"history": "ExplorerRun.0", "point": 1, "testname": "my_lib_ota_amp_1", "cornername": "Nominal"}
[2026-04-14 02:52:10.755 +0700] [INFO] [cadence.virtuoso.ade.simulationMonitor] - Peak resident memory used = 107 Mbytes. {"history": "ExplorerRun.0", "point": 1, "testname": "my_lib_ota_amp_1", "cornername": "Nominal"}
[2026-04-14 02:52:10.755 +0700] [INFO] [cadence.virtuoso.ade.simulationMonitor] -    -   (APS) Multi-threading. The recommended number of threads is 1, consider adding +mt=1 on command line. {"history": "ExplorerRun.0", "point": 1, "testname": "my_lib_ota_amp_1", "cornername": "Nominal"}
[2026-04-14 02:52:10.755 +0700] [INFO] [cadence.virtuoso.ade.simulationMonitor] - Total time required for dc analysis `dcOp': CPU = 2.493 ms, elapsed = 3.56197 ms. {"history": "ExplorerRun.0", "point": 1, "testname": "my_lib_ota_amp_1", "cornername": "Nominal"}
[2026-04-14 02:52:10.755 +0700] [INFO] [cadence.virtuoso.ade.simulationMonitor] - Peak resident memory used = 109 Mbytes. {"history": "ExplorerRun.0", "point": 1, "testname": "my_lib_ota_amp_1", "cornername": "Nominal"}
[2026-04-14 02:52:10.756 +0700] [INFO] [cadence.virtuoso.ade.simulationMonitor] - Time used: CPU = 496 ms, elapsed = 20.8 s, util. = 2.38%. {"history": "ExplorerRun.0", "point": 1, "testname": "my_lib_ota_amp_1", "cornername": "Nominal"}
[2026-04-14 02:52:10.756 +0700] [INFO] [cadence.virtuoso.ade.simulationMonitor] - Time spent in licensing: elapsed = 20.3 s, percentage of total = 97.3%. {"history": "ExplorerRun.0", "point": 1, "testname": "my_lib_ota_amp_1", "cornername": "Nominal"}
[2026-04-14 02:52:10.756 +0700] [INFO] [cadence.virtuoso.ade.simulationMonitor] - Peak memory used = 111 Mbytes. {"history": "ExplorerRun.0", "point": 1, "testname": "my_lib_ota_amp_1", "cornername": "Nominal"}
[2026-04-14 02:52:10.756 +0700] [PROCESS] [cadence.virtuoso.ade.simulationMonitor] - Simulation started at: 2:51:49 AM, Tue Apr 14, 2026, ended at: 2:52:10 AM, Tue Apr 14, 2026, with elapsed time (wall clock): 20.8 s. {"history": "ExplorerRun.0", "point": 1, "testname": "my_lib_ota_amp_1", "cornername": "Nominal"}
[2026-04-14 02:52:10.756 +0700] [PROCESS] [cadence.virtuoso.ade.simulationMonitor] - spectre completes with 0 errors, 0 warnings, and 4 notices. {"history": "ExplorerRun.0", "point": 1, "testname": "my_lib_ota_amp_1", "cornername": "Nominal"}
[2026-04-14 02:52:10.757 +0700] [PROCESS] [cadence.virtuoso.ade.simulationMonitor] - Simulator exited {"hostname": "dtvt_13", "processid": 15942, "history": "ExplorerRun.0", "testname": "my_lib_ota_amp_1", "cornername": "Nominal", "point": 1, "logfile": "/home/dtvt_13/truong/logs_dtvt_13/logs0/Job74.log", "exitStatus": "0"}
[2026-04-14 02:52:10.757 +0700] [PROCESS] [cadence.virtuoso.ade.simulationMonitor] - Finished Simulation {"hostname": "dtvt_13", "processid": 15942, "history": "ExplorerRun.0", "testname": "my_lib_ota_amp_1", "cornername": "Nominal", "point": 1, "logfile": "/home/dtvt_13/truong/logs_dtvt_13/logs0/Job74.log", "simid": "5"}
[2026-04-14 02:52:11.772 +0700] [PROCESS] [cadence.virtuoso.ade.simulationMonitor] - Point Finished {"hostname": "dtvt_13", "processid": 15942, "history": "ExplorerRun.0", "testname": "my_lib_ota_amp_1", "cornername": "Nominal", "point": 1, "logfile": "/home/dtvt_13/truong/logs_dtvt_13/logs0/Job74.log"}
[2026-04-14 02:57:12.314 +0700] [PROCESS] [cadence.virtuoso.ade.simulationMonitor] - Current memory used: 32.2383 MBytes, peak memory used: 32.2383 MBytes {"hostname": "dtvt_13", "processid": 15942, "history": "ExplorerRun.0", "testname": "my_lib_ota_amp_1", "cornername": "Nominal", "point": 1, "logfile": "/home/dtvt_13/truong/logs_dtvt_13/logs0/Job74.log"}
[2026-04-14 02:57:12.315 +0700] [PROCESS] [cadence.virtuoso.ade.simulationMonitor] - Simulation Monitor process exit. {"hostname": "dtvt_13", "processid": 15942, "history": "ExplorerRun.0", "testname": "my_lib_ota_amp_1", "cornername": "Nominal", "point": 1, "logfile": "/home/dtvt_13/truong/logs_dtvt_13/logs0/Job74.log"}
