[Simulation Monitor: 7]
[2026-04-09 23:18:49.695 +0700] [PROCESS] [cadence.virtuoso.ade.simulationMonitor] - Simulation Monitor has successfully started up. Trying to set up communication channels to other components ... {"hostname": "dtvt_13", "processid": 13174, "logfile": "/home/dtvt_13/truong/logs_dtvt_13/logs0/Job7.log"}
[2026-04-09 23:18:49.695 +0700] [PROCESS] [cadence.virtuoso.ade.simulationMonitor] - Communication channels have been successfully set up. Start processing events ... {"hostname": "dtvt_13", "processid": 13174, "logfile": "/home/dtvt_13/truong/logs_dtvt_13/logs0/Job7.log"}
[2026-04-09 23:18:49.695 +0700] [PROCESS] [cadence.virtuoso.ade.simulationMonitor] - Considering to start history {"hostname": "dtvt_13", "processid": 13174, "history": "ExplorerRun.0", "logfile": "/home/dtvt_13/truong/logs_dtvt_13/logs0/Job7.log"}
[2026-04-09 23:18:49.697 +0700] [PROCESS] [cadence.virtuoso.ade.simulationMonitor] - HostInfo:
Host name (type):	dtvt_13 (x86_64)
Operating system:	Linux 3.10.0-1160.118.1.el7.x86_64 #1 SMP Wed Apr 24 16:01:50 UTC 2024 {"hostname": "dtvt_13", "processid": 13174, "history": "ExplorerRun.0", "logfile": "/home/dtvt_13/truong/logs_dtvt_13/logs0/Job7.log", "nodename": "dtvt_13", "domainname": "(none)", "machine": "x86_64", "sysname": "Linux", "release": "3.10.0-1160.118.1.el7.x86_64", "version": "#1 SMP Wed Apr 24 16:01:50 UTC 2024"}
[2026-04-09 23:18:49.697 +0700] [PROCESS] [cadence.virtuoso.ade.simulationMonitor] - UsageInfo:
pid=13174
totalPhysicalMemory=15.208324GB,Used=13.609261GB,totalVirtualMemory=22.895821GB,Used=13.649300GB
Cpu: Cores=24, Load average:0.470000,0.190000,0.160000 {"hostname": "dtvt_13", "processid": 13174, "history": "ExplorerRun.0", "logfile": "/home/dtvt_13/truong/logs_dtvt_13/logs0/Job7.log", "pid": "13174", "totalPhysicalMemory": "15.208324", "physicalMemoryUsed": "13.609261", "totalVirtualMemory": "22.895821", "virtualMemoryUsed": "13.649300", "cpuCores": "24", "processes": "2621", "loadAverage1": "0.470000", "loadAverage5": "0.190000", "loadAverage15": "0.160000", "loadAverage1Percent": "0.019583"}
[2026-04-09 23:18:49.697 +0700] [EVENT] [cadence.virtuoso.ade.simulationMonitor] - NewPoint {"history": "ExplorerRun.0", "point": 1, "testname": "my_lib_cs_amp_diode_connected_load_1", "cornername": "Nominal", "event": "NewPoint", "EventSource": "Simulation Monitor", "HistoryName": "ExplorerRun.0", "logFile": "/home/dtvt_13/truong/logs_dtvt_13/logs0/Job7.log", "logFileSize": "2094"}
[2026-04-09 23:18:49.798 +0700] [EVENT] [cadence.virtuoso.ade.simulationMonitor] - NewPoint {"history": "ExplorerRun.0", "point": 1, "testname": "my_lib_cs_amp_diode_connected_load_1", "cornername": "Nominal", "event": "NewPoint", "EventSource": "spectre", "HistoryName": "ExplorerRun.0", "logFile": "/home/dtvt_13/simulation/my_lib/cs_amp_diode_connected_load/maestro/results/maestro/ExplorerRun.0/1/my_lib_cs_amp_diode_connected_load_1/psf/spectre.out", "logFileSize": "-1"}
[2026-04-09 23:18:49.805 +0700] [PROCESS] [cadence.virtuoso.ade.simulationMonitor] - Simulator launched {"hostname": "dtvt_13", "processid": 13174, "history": "ExplorerRun.0", "testname": "my_lib_cs_amp_diode_connected_load_1", "cornername": "Nominal", "point": 1, "logfile": "/home/dtvt_13/truong/logs_dtvt_13/logs0/Job7.log", "simid": "1"}
[2026-04-09 23:18:49.808 +0700] [PROCESS] [cadence.virtuoso.ade.simulationMonitor] - Expression evaluator launched {"hostname": "dtvt_13", "processid": 13174, "history": "ExplorerRun.0", "testname": "my_lib_cs_amp_diode_connected_load_1", "cornername": "Nominal", "point": 1, "logfile": "/home/dtvt_13/truong/logs_dtvt_13/logs0/Job7.log"}
[2026-04-09 23:18:49.820 +0700] [PROCESS] [cadence.virtuoso.ade.simulationMonitor] - Started Simulation {"hostname": "dtvt_13", "processid": 13174, "history": "ExplorerRun.0", "testname": "my_lib_cs_amp_diode_connected_load_1", "cornername": "Nominal", "point": 1, "logfile": "/home/dtvt_13/truong/logs_dtvt_13/logs0/Job7.log"}
[2026-04-09 23:19:11.726 +0700] [PROCESS] [cadence.virtuoso.ade.simulationMonitor] - Finished simulating for one point {"hostname": "dtvt_13", "processid": 13174, "history": "ExplorerRun.0", "testname": "my_lib_cs_amp_diode_connected_load_1", "cornername": "Nominal", "point": 1, "logfile": "/home/dtvt_13/truong/logs_dtvt_13/logs0/Job7.log", "simid": "1"}
[2026-04-09 23:19:11.726 +0700] [INFO] [cadence.virtuoso.ade.simulationMonitor] - Peak resident memory used = 95.5 Mbytes. {"history": "ExplorerRun.0", "point": 1, "testname": "my_lib_cs_amp_diode_connected_load_1", "cornername": "Nominal"}
[2026-04-09 23:19:11.726 +0700] [INFO] [cadence.virtuoso.ade.simulationMonitor] - Peak resident memory used = 104 Mbytes. {"history": "ExplorerRun.0", "point": 1, "testname": "my_lib_cs_amp_diode_connected_load_1", "cornername": "Nominal"}
[2026-04-09 23:19:11.727 +0700] [INFO] [cadence.virtuoso.ade.simulationMonitor] - Notice from spectre during hierarchy flattening.
    The value 'psf' specified for the 'checklimitdest' option will no longer be supported in future releases. Use 'spectre -h' to see other recommended values for the 'checklimitdest' option. {"history": "ExplorerRun.0", "point": 1, "testname": "my_lib_cs_amp_diode_connected_load_1", "cornername": "Nominal"}
[2026-04-09 23:19:11.727 +0700] [INFO] [cadence.virtuoso.ade.simulationMonitor] - Peak resident memory used = 105 Mbytes. {"history": "ExplorerRun.0", "point": 1, "testname": "my_lib_cs_amp_diode_connected_load_1", "cornername": "Nominal"}
[2026-04-09 23:19:11.727 +0700] [INFO] [cadence.virtuoso.ade.simulationMonitor] - Notice from spectre during initial setup.
    Multithreading is disabled due to the size of the design being too small. {"history": "ExplorerRun.0", "point": 1, "testname": "my_lib_cs_amp_diode_connected_load_1", "cornername": "Nominal"}
[2026-04-09 23:19:11.727 +0700] [INFO] [cadence.virtuoso.ade.simulationMonitor] -               nodes 15 {"history": "ExplorerRun.0", "point": 1, "testname": "my_lib_cs_amp_diode_connected_load_1", "cornername": "Nominal"}
[2026-04-09 23:19:11.727 +0700] [INFO] [cadence.virtuoso.ade.simulationMonitor] - Notice from spectre during initial setup.
    APS enabled. {"history": "ExplorerRun.0", "point": 1, "testname": "my_lib_cs_amp_diode_connected_load_1", "cornername": "Nominal"}
[2026-04-09 23:19:11.727 +0700] [INFO] [cadence.virtuoso.ade.simulationMonitor] - Peak resident memory used = 107 Mbytes. {"history": "ExplorerRun.0", "point": 1, "testname": "my_lib_cs_amp_diode_connected_load_1", "cornername": "Nominal"}
[2026-04-09 23:19:11.727 +0700] [INFO] [cadence.virtuoso.ade.simulationMonitor] -    -   (APS) Multi-threading. The recommended number of threads is 1, consider adding +mt=1 on command line. {"history": "ExplorerRun.0", "point": 1, "testname": "my_lib_cs_amp_diode_connected_load_1", "cornername": "Nominal"}
[2026-04-09 23:19:11.727 +0700] [INFO] [cadence.virtuoso.ade.simulationMonitor] - Total time required for dc analysis `dcOp': CPU = 1.66 ms, elapsed = 2.57802 ms. {"history": "ExplorerRun.0", "point": 1, "testname": "my_lib_cs_amp_diode_connected_load_1", "cornername": "Nominal"}
[2026-04-09 23:19:11.727 +0700] [INFO] [cadence.virtuoso.ade.simulationMonitor] - Peak resident memory used = 108 Mbytes. {"history": "ExplorerRun.0", "point": 1, "testname": "my_lib_cs_amp_diode_connected_load_1", "cornername": "Nominal"}
[2026-04-09 23:19:11.727 +0700] [INFO] [cadence.virtuoso.ade.simulationMonitor] - Time used: CPU = 487 ms, elapsed = 21.1 s, util. = 2.31%. {"history": "ExplorerRun.0", "point": 1, "testname": "my_lib_cs_amp_diode_connected_load_1", "cornername": "Nominal"}
[2026-04-09 23:19:11.727 +0700] [INFO] [cadence.virtuoso.ade.simulationMonitor] - Time spent in licensing: elapsed = 20.6 s, percentage of total = 97.5%. {"history": "ExplorerRun.0", "point": 1, "testname": "my_lib_cs_amp_diode_connected_load_1", "cornername": "Nominal"}
[2026-04-09 23:19:11.727 +0700] [INFO] [cadence.virtuoso.ade.simulationMonitor] - Peak memory used = 110 Mbytes. {"history": "ExplorerRun.0", "point": 1, "testname": "my_lib_cs_amp_diode_connected_load_1", "cornername": "Nominal"}
[2026-04-09 23:19:11.728 +0700] [PROCESS] [cadence.virtuoso.ade.simulationMonitor] - Simulation started at: 11:18:50 PM, Thur Apr 9, 2026, ended at: 11:19:11 PM, Thur Apr 9, 2026, with elapsed time (wall clock): 21.1 s. {"history": "ExplorerRun.0", "point": 1, "testname": "my_lib_cs_amp_diode_connected_load_1", "cornername": "Nominal"}
[2026-04-09 23:19:11.728 +0700] [PROCESS] [cadence.virtuoso.ade.simulationMonitor] - spectre completes with 0 errors, 0 warnings, and 4 notices. {"history": "ExplorerRun.0", "point": 1, "testname": "my_lib_cs_amp_diode_connected_load_1", "cornername": "Nominal"}
[2026-04-09 23:19:11.728 +0700] [PROCESS] [cadence.virtuoso.ade.simulationMonitor] - Simulator exited {"hostname": "dtvt_13", "processid": 13174, "history": "ExplorerRun.0", "testname": "my_lib_cs_amp_diode_connected_load_1", "cornername": "Nominal", "point": 1, "logfile": "/home/dtvt_13/truong/logs_dtvt_13/logs0/Job7.log", "exitStatus": "0"}
[2026-04-09 23:19:11.728 +0700] [PROCESS] [cadence.virtuoso.ade.simulationMonitor] - Finished Simulation {"hostname": "dtvt_13", "processid": 13174, "history": "ExplorerRun.0", "testname": "my_lib_cs_amp_diode_connected_load_1", "cornername": "Nominal", "point": 1, "logfile": "/home/dtvt_13/truong/logs_dtvt_13/logs0/Job7.log", "simid": "1"}
[2026-04-09 23:19:12.233 +0700] [PROCESS] [cadence.virtuoso.ade.simulationMonitor] - Point Finished {"hostname": "dtvt_13", "processid": 13174, "history": "ExplorerRun.0", "testname": "my_lib_cs_amp_diode_connected_load_1", "cornername": "Nominal", "point": 1, "logfile": "/home/dtvt_13/truong/logs_dtvt_13/logs0/Job7.log"}
[2026-04-09 23:20:49.843 +0700] [INFO] [cadence.virtuoso.ade.simulationMonitor] - SimulationMonitor has terminated the vds process '13278', reason: 'Force to stop the expression evalutor process because of new run' {"history": "ExplorerRun.0", "point": 1, "testname": "my_lib_cs_amp_diode_connected_load_1", "cornername": "Nominal"}
[2026-04-09 23:20:49.843 +0700] [PROCESS] [cadence.virtuoso.ade.simulationMonitor] - HostInfo:
Host name (type):	dtvt_13 (x86_64)
Operating system:	Linux 3.10.0-1160.118.1.el7.x86_64 #1 SMP Wed Apr 24 16:01:50 UTC 2024 {"hostname": "dtvt_13", "processid": 13174, "history": "ExplorerRun.0", "testname": "my_lib_cs_amp_diode_connected_load_1", "cornername": "Nominal", "point": 1, "logfile": "/home/dtvt_13/truong/logs_dtvt_13/logs0/Job7.log", "nodename": "dtvt_13", "domainname": "(none)", "machine": "x86_64", "sysname": "Linux", "release": "3.10.0-1160.118.1.el7.x86_64", "version": "#1 SMP Wed Apr 24 16:01:50 UTC 2024"}
[2026-04-09 23:20:49.843 +0700] [PROCESS] [cadence.virtuoso.ade.simulationMonitor] - UsageInfo:
pid=13174
totalPhysicalMemory=15.208324GB,Used=14.075867GB,totalVirtualMemory=22.895821GB,Used=14.115906GB
Cpu: Cores=24, Load average:0.510000,0.290000,0.200000 {"hostname": "dtvt_13", "processid": 13174, "history": "ExplorerRun.0", "testname": "my_lib_cs_amp_diode_connected_load_1", "cornername": "Nominal", "point": 1, "logfile": "/home/dtvt_13/truong/logs_dtvt_13/logs0/Job7.log", "pid": "13174", "totalPhysicalMemory": "15.208324", "physicalMemoryUsed": "14.075867", "totalVirtualMemory": "22.895821", "virtualMemoryUsed": "14.115906", "cpuCores": "24", "processes": "2654", "loadAverage1": "0.510000", "loadAverage5": "0.290000", "loadAverage15": "0.200000", "loadAverage1Percent": "0.021250"}
[2026-04-09 23:20:49.843 +0700] [EVENT] [cadence.virtuoso.ade.simulationMonitor] - NewPoint {"history": "ExplorerRun.0", "point": 1, "testname": "my_lib_cs_amp_diode_connected_load_1", "cornername": "Nominal", "event": "NewPoint", "EventSource": "Simulation Monitor", "HistoryName": "ExplorerRun.0", "logFile": "/home/dtvt_13/truong/logs_dtvt_13/logs0/Job7.log", "logFileSize": "11485"}
[2026-04-09 23:20:49.944 +0700] [EVENT] [cadence.virtuoso.ade.simulationMonitor] - NewPoint {"history": "ExplorerRun.0", "point": 1, "testname": "my_lib_cs_amp_diode_connected_load_1", "cornername": "Nominal", "event": "NewPoint", "EventSource": "spectre", "HistoryName": "ExplorerRun.0", "logFile": "/home/dtvt_13/simulation/my_lib/cs_amp_diode_connected_load/maestro/results/maestro/ExplorerRun.0/1/my_lib_cs_amp_diode_connected_load_1/psf/spectre.out", "logFileSize": "-1"}
[2026-04-09 23:20:49.947 +0700] [PROCESS] [cadence.virtuoso.ade.simulationMonitor] - Simulator launched {"hostname": "dtvt_13", "processid": 13174, "history": "ExplorerRun.0", "testname": "my_lib_cs_amp_diode_connected_load_1", "cornername": "Nominal", "point": 1, "logfile": "/home/dtvt_13/truong/logs_dtvt_13/logs0/Job7.log", "simid": "2"}
[2026-04-09 23:20:49.952 +0700] [PROCESS] [cadence.virtuoso.ade.simulationMonitor] - Expression evaluator launched {"hostname": "dtvt_13", "processid": 13174, "history": "ExplorerRun.0", "testname": "my_lib_cs_amp_diode_connected_load_1", "cornername": "Nominal", "point": 1, "logfile": "/home/dtvt_13/truong/logs_dtvt_13/logs0/Job7.log"}
[2026-04-09 23:20:49.956 +0700] [PROCESS] [cadence.virtuoso.ade.simulationMonitor] - Started Simulation {"hostname": "dtvt_13", "processid": 13174, "history": "ExplorerRun.0", "testname": "my_lib_cs_amp_diode_connected_load_1", "cornername": "Nominal", "point": 1, "logfile": "/home/dtvt_13/truong/logs_dtvt_13/logs0/Job7.log"}
[2026-04-09 23:21:11.873 +0700] [PROCESS] [cadence.virtuoso.ade.simulationMonitor] - Finished simulating for one point {"hostname": "dtvt_13", "processid": 13174, "history": "ExplorerRun.0", "testname": "my_lib_cs_amp_diode_connected_load_1", "cornername": "Nominal", "point": 1, "logfile": "/home/dtvt_13/truong/logs_dtvt_13/logs0/Job7.log", "simid": "2"}
[2026-04-09 23:21:11.873 +0700] [INFO] [cadence.virtuoso.ade.simulationMonitor] - Peak resident memory used = 95.5 Mbytes. {"history": "ExplorerRun.0", "point": 1, "testname": "my_lib_cs_amp_diode_connected_load_1", "cornername": "Nominal"}
[2026-04-09 23:21:11.874 +0700] [INFO] [cadence.virtuoso.ade.simulationMonitor] - Peak resident memory used = 104 Mbytes. {"history": "ExplorerRun.0", "point": 1, "testname": "my_lib_cs_amp_diode_connected_load_1", "cornername": "Nominal"}
[2026-04-09 23:21:11.874 +0700] [INFO] [cadence.virtuoso.ade.simulationMonitor] - Notice from spectre during hierarchy flattening.
    The value 'psf' specified for the 'checklimitdest' option will no longer be supported in future releases. Use 'spectre -h' to see other recommended values for the 'checklimitdest' option. {"history": "ExplorerRun.0", "point": 1, "testname": "my_lib_cs_amp_diode_connected_load_1", "cornername": "Nominal"}
[2026-04-09 23:21:11.875 +0700] [INFO] [cadence.virtuoso.ade.simulationMonitor] - Peak resident memory used = 105 Mbytes. {"history": "ExplorerRun.0", "point": 1, "testname": "my_lib_cs_amp_diode_connected_load_1", "cornername": "Nominal"}
[2026-04-09 23:21:11.875 +0700] [INFO] [cadence.virtuoso.ade.simulationMonitor] - Notice from spectre during initial setup.
    Multithreading is disabled due to the size of the design being too small. {"history": "ExplorerRun.0", "point": 1, "testname": "my_lib_cs_amp_diode_connected_load_1", "cornername": "Nominal"}
[2026-04-09 23:21:11.875 +0700] [INFO] [cadence.virtuoso.ade.simulationMonitor] -               nodes 15 {"history": "ExplorerRun.0", "point": 1, "testname": "my_lib_cs_amp_diode_connected_load_1", "cornername": "Nominal"}
[2026-04-09 23:21:11.876 +0700] [INFO] [cadence.virtuoso.ade.simulationMonitor] - Notice from spectre during initial setup.
    APS enabled. {"history": "ExplorerRun.0", "point": 1, "testname": "my_lib_cs_amp_diode_connected_load_1", "cornername": "Nominal"}
[2026-04-09 23:21:11.876 +0700] [INFO] [cadence.virtuoso.ade.simulationMonitor] - Peak resident memory used = 107 Mbytes. {"history": "ExplorerRun.0", "point": 1, "testname": "my_lib_cs_amp_diode_connected_load_1", "cornername": "Nominal"}
[2026-04-09 23:21:11.876 +0700] [INFO] [cadence.virtuoso.ade.simulationMonitor] -    -   (APS) Multi-threading. The recommended number of threads is 1, consider adding +mt=1 on command line. {"history": "ExplorerRun.0", "point": 1, "testname": "my_lib_cs_amp_diode_connected_load_1", "cornername": "Nominal"}
[2026-04-09 23:21:11.876 +0700] [INFO] [cadence.virtuoso.ade.simulationMonitor] - Total time required for dc analysis `dcOp': CPU = 1.658 ms, elapsed = 2.62594 ms. {"history": "ExplorerRun.0", "point": 1, "testname": "my_lib_cs_amp_diode_connected_load_1", "cornername": "Nominal"}
[2026-04-09 23:21:11.876 +0700] [INFO] [cadence.virtuoso.ade.simulationMonitor] - Peak resident memory used = 108 Mbytes. {"history": "ExplorerRun.0", "point": 1, "testname": "my_lib_cs_amp_diode_connected_load_1", "cornername": "Nominal"}
[2026-04-09 23:21:11.877 +0700] [INFO] [cadence.virtuoso.ade.simulationMonitor] - Time used: CPU = 510 ms, elapsed = 21.1 s, util. = 2.42%. {"history": "ExplorerRun.0", "point": 1, "testname": "my_lib_cs_amp_diode_connected_load_1", "cornername": "Nominal"}
[2026-04-09 23:21:11.877 +0700] [INFO] [cadence.virtuoso.ade.simulationMonitor] - Time spent in licensing: elapsed = 20.6 s, percentage of total = 97.5%. {"history": "ExplorerRun.0", "point": 1, "testname": "my_lib_cs_amp_diode_connected_load_1", "cornername": "Nominal"}
[2026-04-09 23:21:11.877 +0700] [INFO] [cadence.virtuoso.ade.simulationMonitor] - Peak memory used = 110 Mbytes. {"history": "ExplorerRun.0", "point": 1, "testname": "my_lib_cs_amp_diode_connected_load_1", "cornername": "Nominal"}
[2026-04-09 23:21:11.877 +0700] [PROCESS] [cadence.virtuoso.ade.simulationMonitor] - Simulation started at: 11:20:50 PM, Thur Apr 9, 2026, ended at: 11:21:11 PM, Thur Apr 9, 2026, with elapsed time (wall clock): 21.1 s. {"history": "ExplorerRun.0", "point": 1, "testname": "my_lib_cs_amp_diode_connected_load_1", "cornername": "Nominal"}
[2026-04-09 23:21:11.877 +0700] [PROCESS] [cadence.virtuoso.ade.simulationMonitor] - spectre completes with 0 errors, 0 warnings, and 4 notices. {"history": "ExplorerRun.0", "point": 1, "testname": "my_lib_cs_amp_diode_connected_load_1", "cornername": "Nominal"}
[2026-04-09 23:21:11.877 +0700] [PROCESS] [cadence.virtuoso.ade.simulationMonitor] - Simulator exited {"hostname": "dtvt_13", "processid": 13174, "history": "ExplorerRun.0", "testname": "my_lib_cs_amp_diode_connected_load_1", "cornername": "Nominal", "point": 1, "logfile": "/home/dtvt_13/truong/logs_dtvt_13/logs0/Job7.log", "exitStatus": "0"}
[2026-04-09 23:21:11.878 +0700] [PROCESS] [cadence.virtuoso.ade.simulationMonitor] - Finished Simulation {"hostname": "dtvt_13", "processid": 13174, "history": "ExplorerRun.0", "testname": "my_lib_cs_amp_diode_connected_load_1", "cornername": "Nominal", "point": 1, "logfile": "/home/dtvt_13/truong/logs_dtvt_13/logs0/Job7.log", "simid": "2"}
[2026-04-09 23:21:12.893 +0700] [PROCESS] [cadence.virtuoso.ade.simulationMonitor] - Point Finished {"hostname": "dtvt_13", "processid": 13174, "history": "ExplorerRun.0", "testname": "my_lib_cs_amp_diode_connected_load_1", "cornername": "Nominal", "point": 1, "logfile": "/home/dtvt_13/truong/logs_dtvt_13/logs0/Job7.log"}
[2026-04-09 23:21:42.427 +0700] [INFO] [cadence.virtuoso.ade.simulationMonitor] - SimulationMonitor has terminated the vds process '14651', reason: 'Force to stop the expression evalutor process because of new run' {"history": "ExplorerRun.0", "point": 1, "testname": "my_lib_cs_amp_diode_connected_load_1", "cornername": "Nominal"}
[2026-04-09 23:21:42.428 +0700] [PROCESS] [cadence.virtuoso.ade.simulationMonitor] - HostInfo:
Host name (type):	dtvt_13 (x86_64)
Operating system:	Linux 3.10.0-1160.118.1.el7.x86_64 #1 SMP Wed Apr 24 16:01:50 UTC 2024 {"hostname": "dtvt_13", "processid": 13174, "history": "ExplorerRun.0", "testname": "my_lib_cs_amp_diode_connected_load_1", "cornername": "Nominal", "point": 1, "logfile": "/home/dtvt_13/truong/logs_dtvt_13/logs0/Job7.log", "nodename": "dtvt_13", "domainname": "(none)", "machine": "x86_64", "sysname": "Linux", "release": "3.10.0-1160.118.1.el7.x86_64", "version": "#1 SMP Wed Apr 24 16:01:50 UTC 2024"}
[2026-04-09 23:21:42.428 +0700] [PROCESS] [cadence.virtuoso.ade.simulationMonitor] - UsageInfo:
pid=13174
totalPhysicalMemory=15.208324GB,Used=13.706200GB,totalVirtualMemory=22.895821GB,Used=13.746239GB
Cpu: Cores=24, Load average:1.230000,0.470000,0.260000 {"hostname": "dtvt_13", "processid": 13174, "history": "ExplorerRun.0", "testname": "my_lib_cs_amp_diode_connected_load_1", "cornername": "Nominal", "point": 1, "logfile": "/home/dtvt_13/truong/logs_dtvt_13/logs0/Job7.log", "pid": "13174", "totalPhysicalMemory": "15.208324", "physicalMemoryUsed": "13.706200", "totalVirtualMemory": "22.895821", "virtualMemoryUsed": "13.746239", "cpuCores": "24", "processes": "2633", "loadAverage1": "1.230000", "loadAverage5": "0.470000", "loadAverage15": "0.260000", "loadAverage1Percent": "0.051250"}
[2026-04-09 23:21:42.429 +0700] [EVENT] [cadence.virtuoso.ade.simulationMonitor] - NewPoint {"history": "ExplorerRun.0", "point": 1, "testname": "my_lib_cs_amp_diode_connected_load_1", "cornername": "Nominal", "event": "NewPoint", "EventSource": "Simulation Monitor", "HistoryName": "ExplorerRun.0", "logFile": "/home/dtvt_13/truong/logs_dtvt_13/logs0/Job7.log", "logFileSize": "20878"}
[2026-04-09 23:21:42.530 +0700] [EVENT] [cadence.virtuoso.ade.simulationMonitor] - NewPoint {"history": "ExplorerRun.0", "point": 1, "testname": "my_lib_cs_amp_diode_connected_load_1", "cornername": "Nominal", "event": "NewPoint", "EventSource": "spectre", "HistoryName": "ExplorerRun.0", "logFile": "/home/dtvt_13/simulation/my_lib/cs_amp_diode_connected_load/maestro/results/maestro/ExplorerRun.0/1/my_lib_cs_amp_diode_connected_load_1/psf/spectre.out", "logFileSize": "-1"}
[2026-04-09 23:21:42.534 +0700] [PROCESS] [cadence.virtuoso.ade.simulationMonitor] - Simulator launched {"hostname": "dtvt_13", "processid": 13174, "history": "ExplorerRun.0", "testname": "my_lib_cs_amp_diode_connected_load_1", "cornername": "Nominal", "point": 1, "logfile": "/home/dtvt_13/truong/logs_dtvt_13/logs0/Job7.log", "simid": "3"}
[2026-04-09 23:21:42.535 +0700] [PROCESS] [cadence.virtuoso.ade.simulationMonitor] - Expression evaluator launched {"hostname": "dtvt_13", "processid": 13174, "history": "ExplorerRun.0", "testname": "my_lib_cs_amp_diode_connected_load_1", "cornername": "Nominal", "point": 1, "logfile": "/home/dtvt_13/truong/logs_dtvt_13/logs0/Job7.log"}
[2026-04-09 23:21:42.539 +0700] [PROCESS] [cadence.virtuoso.ade.simulationMonitor] - Started Simulation {"hostname": "dtvt_13", "processid": 13174, "history": "ExplorerRun.0", "testname": "my_lib_cs_amp_diode_connected_load_1", "cornername": "Nominal", "point": 1, "logfile": "/home/dtvt_13/truong/logs_dtvt_13/logs0/Job7.log"}
[2026-04-09 23:22:03.838 +0700] [PROCESS] [cadence.virtuoso.ade.simulationMonitor] - Finished simulating for one point {"hostname": "dtvt_13", "processid": 13174, "history": "ExplorerRun.0", "testname": "my_lib_cs_amp_diode_connected_load_1", "cornername": "Nominal", "point": 1, "logfile": "/home/dtvt_13/truong/logs_dtvt_13/logs0/Job7.log", "simid": "3"}
[2026-04-09 23:22:03.839 +0700] [INFO] [cadence.virtuoso.ade.simulationMonitor] - Peak resident memory used = 95.5 Mbytes. {"history": "ExplorerRun.0", "point": 1, "testname": "my_lib_cs_amp_diode_connected_load_1", "cornername": "Nominal"}
[2026-04-09 23:22:03.839 +0700] [INFO] [cadence.virtuoso.ade.simulationMonitor] - Peak resident memory used = 104 Mbytes. {"history": "ExplorerRun.0", "point": 1, "testname": "my_lib_cs_amp_diode_connected_load_1", "cornername": "Nominal"}
[2026-04-09 23:22:03.839 +0700] [INFO] [cadence.virtuoso.ade.simulationMonitor] - Notice from spectre during hierarchy flattening.
    The value 'psf' specified for the 'checklimitdest' option will no longer be supported in future releases. Use 'spectre -h' to see other recommended values for the 'checklimitdest' option. {"history": "ExplorerRun.0", "point": 1, "testname": "my_lib_cs_amp_diode_connected_load_1", "cornername": "Nominal"}
[2026-04-09 23:22:03.840 +0700] [INFO] [cadence.virtuoso.ade.simulationMonitor] - Peak resident memory used = 105 Mbytes. {"history": "ExplorerRun.0", "point": 1, "testname": "my_lib_cs_amp_diode_connected_load_1", "cornername": "Nominal"}
[2026-04-09 23:22:03.840 +0700] [INFO] [cadence.virtuoso.ade.simulationMonitor] - Notice from spectre during initial setup.
    Multithreading is disabled due to the size of the design being too small. {"history": "ExplorerRun.0", "point": 1, "testname": "my_lib_cs_amp_diode_connected_load_1", "cornername": "Nominal"}
[2026-04-09 23:22:03.841 +0700] [INFO] [cadence.virtuoso.ade.simulationMonitor] -               nodes 15 {"history": "ExplorerRun.0", "point": 1, "testname": "my_lib_cs_amp_diode_connected_load_1", "cornername": "Nominal"}
[2026-04-09 23:22:03.841 +0700] [INFO] [cadence.virtuoso.ade.simulationMonitor] - Notice from spectre during initial setup.
    APS enabled. {"history": "ExplorerRun.0", "point": 1, "testname": "my_lib_cs_amp_diode_connected_load_1", "cornername": "Nominal"}
[2026-04-09 23:22:03.841 +0700] [INFO] [cadence.virtuoso.ade.simulationMonitor] - Peak resident memory used = 107 Mbytes. {"history": "ExplorerRun.0", "point": 1, "testname": "my_lib_cs_amp_diode_connected_load_1", "cornername": "Nominal"}
[2026-04-09 23:22:03.841 +0700] [INFO] [cadence.virtuoso.ade.simulationMonitor] -    -   (APS) Multi-threading. The recommended number of threads is 1, consider adding +mt=1 on command line. {"history": "ExplorerRun.0", "point": 1, "testname": "my_lib_cs_amp_diode_connected_load_1", "cornername": "Nominal"}
[2026-04-09 23:22:03.842 +0700] [INFO] [cadence.virtuoso.ade.simulationMonitor] - Total time required for dc analysis `dcOp': CPU = 2.324 ms, elapsed = 3.33309 ms. {"history": "ExplorerRun.0", "point": 1, "testname": "my_lib_cs_amp_diode_connected_load_1", "cornername": "Nominal"}
[2026-04-09 23:22:03.842 +0700] [INFO] [cadence.virtuoso.ade.simulationMonitor] - Peak resident memory used = 108 Mbytes. {"history": "ExplorerRun.0", "point": 1, "testname": "my_lib_cs_amp_diode_connected_load_1", "cornername": "Nominal"}
[2026-04-09 23:22:03.842 +0700] [INFO] [cadence.virtuoso.ade.simulationMonitor] - Time used: CPU = 511 ms, elapsed = 20.9 s, util. = 2.45%. {"history": "ExplorerRun.0", "point": 1, "testname": "my_lib_cs_amp_diode_connected_load_1", "cornername": "Nominal"}
[2026-04-09 23:22:03.842 +0700] [INFO] [cadence.virtuoso.ade.simulationMonitor] - Time spent in licensing: elapsed = 20.3 s, percentage of total = 97.3%. {"history": "ExplorerRun.0", "point": 1, "testname": "my_lib_cs_amp_diode_connected_load_1", "cornername": "Nominal"}
[2026-04-09 23:22:03.842 +0700] [INFO] [cadence.virtuoso.ade.simulationMonitor] - Peak memory used = 110 Mbytes. {"history": "ExplorerRun.0", "point": 1, "testname": "my_lib_cs_amp_diode_connected_load_1", "cornername": "Nominal"}
[2026-04-09 23:22:03.843 +0700] [PROCESS] [cadence.virtuoso.ade.simulationMonitor] - Simulation started at: 11:21:42 PM, Thur Apr 9, 2026, ended at: 11:22:03 PM, Thur Apr 9, 2026, with elapsed time (wall clock): 20.9 s. {"history": "ExplorerRun.0", "point": 1, "testname": "my_lib_cs_amp_diode_connected_load_1", "cornername": "Nominal"}
[2026-04-09 23:22:03.843 +0700] [PROCESS] [cadence.virtuoso.ade.simulationMonitor] - spectre completes with 0 errors, 0 warnings, and 4 notices. {"history": "ExplorerRun.0", "point": 1, "testname": "my_lib_cs_amp_diode_connected_load_1", "cornername": "Nominal"}
[2026-04-09 23:22:03.843 +0700] [PROCESS] [cadence.virtuoso.ade.simulationMonitor] - Simulator exited {"hostname": "dtvt_13", "processid": 13174, "history": "ExplorerRun.0", "testname": "my_lib_cs_amp_diode_connected_load_1", "cornername": "Nominal", "point": 1, "logfile": "/home/dtvt_13/truong/logs_dtvt_13/logs0/Job7.log", "exitStatus": "0"}
[2026-04-09 23:22:03.843 +0700] [PROCESS] [cadence.virtuoso.ade.simulationMonitor] - Finished Simulation {"hostname": "dtvt_13", "processid": 13174, "history": "ExplorerRun.0", "testname": "my_lib_cs_amp_diode_connected_load_1", "cornername": "Nominal", "point": 1, "logfile": "/home/dtvt_13/truong/logs_dtvt_13/logs0/Job7.log", "simid": "3"}
[2026-04-09 23:22:04.359 +0700] [PROCESS] [cadence.virtuoso.ade.simulationMonitor] - Point Finished {"hostname": "dtvt_13", "processid": 13174, "history": "ExplorerRun.0", "testname": "my_lib_cs_amp_diode_connected_load_1", "cornername": "Nominal", "point": 1, "logfile": "/home/dtvt_13/truong/logs_dtvt_13/logs0/Job7.log"}
[2026-04-09 23:22:55.976 +0700] [PROCESS] [cadence.virtuoso.ade.simulationMonitor] - get signal Terminated<15> from user:dtvt_13, which pid:13165:/home/dtvt_13/CDNS_Client/IC618-ISR28/tools/bin/64bit/cdsServIpc {"hostname": "dtvt_13", "processid": 13174, "history": "ExplorerRun.0", "testname": "my_lib_cs_amp_diode_connected_load_1", "cornername": "Nominal", "point": 1, "logfile": "/home/dtvt_13/truong/logs_dtvt_13/logs0/Job7.log", "signal": "15", "signalName": "Terminated", "which": "/home/dtvt_13/CDNS_Client/IC618-ISR28/tools/bin/64bit/cdsServIpc", "pid": "13165", "user": "dtvt_13", "uid": "1000"}
[2026-04-09 23:22:55.977 +0700] [INFO] [cadence.virtuoso.ade.simulationMonitor] - SimulationMonitor has terminated the spectre process '15299', reason: 'simulationMonitor is handling signal 15' {"history": "ExplorerRun.0", "point": 1, "testname": "my_lib_cs_amp_diode_connected_load_1", "cornername": "Nominal"}
[2026-04-09 23:22:56.477 +0700] [PROCESS] [cadence.virtuoso.ade.simulationMonitor] - Current memory used: 32.5664 MBytes, peak memory used: 32.5664 MBytes {"hostname": "dtvt_13", "processid": 13174, "history": "ExplorerRun.0", "testname": "my_lib_cs_amp_diode_connected_load_1", "cornername": "Nominal", "point": 1, "logfile": "/home/dtvt_13/truong/logs_dtvt_13/logs0/Job7.log"}
[2026-04-09 23:22:56.477 +0700] [PROCESS] [cadence.virtuoso.ade.simulationMonitor] - Simulation Monitor process exit. {"hostname": "dtvt_13", "processid": 13174, "history": "ExplorerRun.0", "testname": "my_lib_cs_amp_diode_connected_load_1", "cornername": "Nominal", "point": 1, "logfile": "/home/dtvt_13/truong/logs_dtvt_13/logs0/Job7.log"}
