\# Program start time:     UTC 2026.04.11 20:13:17.270
\# Local time: +07 (UTC+07:00) 2026.04.12 03:13:17.270
\o Program:		@(#)$CDS: virtuoso version 6.1.8-64b 09/28/2022 11:07 (cpgsrv12) $
\o Hierarchy:		/home/dtvt_13/CDNS_Client/IC618-ISR28/tools.lnx86/dfII/
\o Sub version:		sub-version  IC6.1.8-64b.500.28  (64-bit addresses)
\# Command line:	/home/dtvt_13/CDNS_Client/IC618-ISR28/tools.lnx86/dfII/bin/64bit/virtuoso -beanhost dtvt_13 -beanport 11300 -beanbinlog  -beanLogFile /home/dtvt_13/truong/logs_dtvt_13/logs0/amps_Service58.log -mpssession virtuoso27980 -mpshost dtvt_13 -davinciService DaVinciService_27980_1775747799 -axlSession fnxSession2 -axlServiceIdFlag 58 -uuid 26ee83e2-baf2-415e-8f0e-cf4fa865daa1 -heartbeat /dev/shm/swift-heartbeat.DAXLuC4TRW -log /home/dtvt_13/truong/logs_dtvt_13/logs0/Service58.log -noautostart -nographE -lscs 000175E1894CBE06FF0966E38F1FFC06BC4D4FA6D86BCF06E37C4FA6D86BCF06E37C5CD18F1FFC06867F66E38F1FFC06BC4D66E38F1FFC06BC4D0F392444575DD59700001E82 -interactive -offlineExprEval -fenixMode explorer -heartbeatTimeout  -lingerTimeout 300 -pointlifetime -1
\# Host name (type):	dtvt_13 (x86_64)
\# Operating system:	Linux 3.10.0-1160.118.1.el7.x86_64 #1 SMP Wed Apr 24 16:01:50 UTC 2024
\# Linux /etc/issue:	\S
\# Linux /etc/issue:	Kernel \r on an \m
\# X display name (WxH):	:8853 (1024x868)
\# Available geometry:			TL(0:0) BR(1023:867)
\# X server:			The X.Org Foundation
\# Depth of Visual (Root):	24 (24)
\# Number of Planes Used:	24
\# X version:		11.0 (vendor release 12004000)
\# X resource pool:	base 0x400000, mask 0x1fffff (2097151), shift 0
\# 			current id 0x0, current max 0x1ffffa (2097146)
\# Max data seg size:	     unlimited
\# Max process size:	     unlimited
\# Initial sbrk value:	        634 MB
\# Available memory:	     11,176 MB
\# System memory:	     23,445 MB
\# Maximum memory size:	     23,099 MB
\# Max mem available:	     11,465 MB
\# Initial memory used:	        288 MB
\#        process size:	      1,870 MB
\# Thread usage limits (effective/default):	maxthreads 4096/4096 maxload 24.00/24.00
\# Qt version:		5.9.1
\# Window Manager:	other
\# User Name:		dtvt_13
\o Working Directory:	dtvt_13:/home/dtvt_13/truong
\# Process Id:		29325
\o 
\o COPYRIGHT (C) 1992-2022  CADENCE DESIGN SYSTEMS INC.  ALL RIGHTS RESERVED.
\o           (C) 1992-2022  UNIX SYSTEMS Laboratories INC.,
\o                          Reproduced with permission.
\o 
\o This Cadence Design Systems program and online documentation are
\o proprietary/confidential information and may be disclosed/used only
\o as authorized in a license agreement controlling such use and disclosure.
\o 
\o           RESTRICTED RIGHTS NOTICE (SHORT FORM)
\o Use/reproduction/disclosure is subject to restriction
\o set forth at FAR 1252.227-19 or its equivalent.
\o Loading geView.cxt 
\o Loading menuBuilder.cxt 
\o Loading schView.cxt 
\o Loading selectSv.cxt 
\o Loading pvsui.cxt
\o Loading wireEdit.cxt 
\o Loading pte2.cxt 
\o Loading xlUI.cxt 
\o Loading auCore.cxt 
\o Loading vhdl.cxt 
\o Loading seismic.cxt 
\o Loading ci.cxt 
\o Loading ams.cxt 
\o Loading oasis.cxt 
\o Loading analog.cxt 
\o Loading asimenv.cxt 
\o Loading dal.cxt 
\o Loading awv.cxt 
\o Loading socket.cxt 
\o Loading par.cxt 
\o Loading alvs.cxt 
\o Loading caa.cxt 
\o Loading amps.cxt 
\o Loading adexlCore.cxt 
\# Memory report: using         399 MB, process size 2,102 MB at UTC 2026.04.11 20:13:20.060
\o Loading adexl.cxt 
\o *Info*    Exporting services from client ... 
\o 
\o Loading adexlDM.cxt 
\o Loading cpf.cxt 
\o Loading cli.cxt 
\o Loading lp.cxt 
\o INFO (ELI-00302) Connecting to parent process (session=virtuoso27980, host=dtvt_13). Connection mode is LSCS. Total timeout is 180 seconds. Connection timeout is 90 seconds.
\o INFO (ELI-00303) Step 1: Connecting to parent. Time spent is 0 seconds.
\o INFO (ELI-00304) The registration of the child 29325 within 90 seconds is being processed...
\o INFO (ELI-00305) The result of registration is true. Time spent is 0 seconds.
\o INFO (ELI-00308) The connection has ended. Result is true. Total time spent is 0 seconds.
\# [03:13:17.461689] Configured Lic search path (21.01-s003): 5280@192.168.32.10
\w *WARNING* The directory: '/home/centos/WORK/gpdk045_v_6_0' does not exist
\w 	but was defined in libFile '/home/dtvt_13/CDNS_Client/IC618-ISR28/share/cdssetup/cds.lib' for Lib 'gpdk045_v_6_0'.
\p > 
\# Loading perfDiag...
\# (PerfDiag): Set GDB path to environment variable 'gdbPath' (gdb).
\# Performance Diagnostic tool is installed. You can access PerfDiag from CIW Tools or use the shell command 'cdsPerfDiag -p 29325' to open it when Virtuoso freezes.
\# (PerfDiag): Loading backtrace from /home/dtvt_13/CDNS_Client/IC618-ISR28/tools/lib/64bit/cdnslibunwind.so
\i _axlRunServices()
\o Loading simui.cxt 
\o [2026-04-12 03:13:23.191 +0700] [PROCESS] [cadence.virtuoso.ade.services] - Netlist Service has successfully started. Waiting for incoming messages ... {"hostname": "dtvt_13", "processid": 29325, "logfile": "/home/dtvt_13/truong/logs_dtvt_13/logs0/Service58.log"}
\o [2026-04-12 03:13:23.232 +0700] [EVENT] [cadence.virtuoso.ade.services.netlister] - NewPoint {"point": 0, "testname": "my_lib_pmos_tb_1", "event": "NewPoint", "EventSource": "Netlist Service", "HistoryName": "ExplorerRun.0", "logFile": "/home/dtvt_13/truong/logs_dtvt_13/logs0/Service58.log", "logFileSize": "4751"}
\o [2026-04-12 03:13:23.232 +0700] [INFO] [cadence.virtuoso.ade.services.netlister] - Started preparing netlist {"point": 0, "testname": "my_lib_pmos_tb_1"}
\# Memory report: using         532 MB, process size 2,248 MB at UTC 2026.04.11 20:13:24.280
\o Loading vdsil.cxt 
\o *Warning* AXL Context Manager : job 58 is already registered. 
\o 
\o Loading vqp.cxt 
\o Loading hdlPkg.cxt 
\o 
\o 
\o *Info*    Configuring the session ...
\o 
\o 	Library      = my_lib
\o 	Cell         = pmos_tb
\o 	View         = schematic
\o 	Simulator    = spectre
\o 	State Path   = $AXL_SETUPDB_DIR/test_states
\o 	State Name   = ExplorerRun.0
\o 	Results DB   = /home/dtvt_13/truong/my_lib/pmos_tb/maestro/results/maestro/ExplorerRun.0.rdb
\o 	Results Dir  = /home/dtvt_13/simulation/my_lib/pmos_tb/maestro/results/maestro/ExplorerRun.0/1/my_lib_pmos_tb_1
\o 	Results Loc  = /home/dtvt_13/simulation/my_lib/pmos_tb/maestro/results/maestro
\o 	Project Dir  = /home/dtvt_13/simulation
\o 	Setup DB loc = /home/dtvt_13/truong/my_lib/pmos_tb/maestro
\o 	File Encoding = 0
\o 
\o 
\o Loading viva.cxt 
\w *WARNING* The directory: '/home/centos/WORK/gpdk045_v_6_0' does not exist
\w 	but was defined in libFile '/home/dtvt_13/CDNS_Client/IC618-ISR28/share/cdssetup/cds.lib' for Lib 'gpdk045_v_6_0'.
\o Initializing from libInit.il for library tsmcN65...
\o    --  /home/dtvt_13/WORK/65NTSMC/tsmcN65/../skill/pcode1.cxt
\o    --  /home/dtvt_13/WORK/65NTSMC/tsmcN65/../skill/pcode2.cxt
\o    --  tsmcN65_updateCDFs.il
\o    --  tsmcPdkParamTable.il
\o    --  tsmc_esti.ile
\o    --  /home/dtvt_13/WORK/65NTSMC/tsmcN65/../skill/tsmcN65gp_v1d0c.cxt
\o    --  /home/dtvt_13/WORK/65NTSMC/tsmcN65/../skill/tsmcN65_newAMS.cxt
\o    --  /home/dtvt_13/WORK/65NTSMC/tsmcN65/../skill/tsmcN65_newRTMOM.cxt
\o    --  /home/dtvt_13/WORK/65NTSMC/tsmcN65/../skill/tsmcN65GP_v1d0.cxt
\o    --  tsmcN65.cxt
\o    --  tsmcN65Tool.cxt
\o    --  tif_tcf_crn65gp_v1.0a.cxt
\o    --  /home/dtvt_13/WORK/65NTSMC/tsmcN65/../skill/tsmcN65GP_v1d0.cxt
\o    --  /home/dtvt_13/WORK/65NTSMC/tsmcN65/../skill/tsmcN65_newRTMOM.cxt
\o    --  /home/dtvt_13/WORK/65NTSMC/tsmcN65/../skill/tsmcN65_newAMS.cxt
\o Loading PDK Display File '/home/dtvt_13/WORK/65NTSMC/tsmcN65/../display.drf'
\o Display Information is modified in the current session. However Save Display Information Dialog Box has been suppressed as environment variable "drmSuppressSaveDialogBox" is set. The modified Display Information will not be saved.
\o Loading spectrei.cxt 
\o Loading devCheck.cxt 
\o Loading relXpert.cxt 
\o Loading hspiceD.cxt 
\o Loading spectreinl.cxt 
\o Loading msgHandler.cxt 
\o Loading UltraSim.cxt 
\o Loading AMSOSS.cxt 
\o Loading AMS.cxt 
\# Memory report: using         700 MB, process size 2,417 MB at UTC 2026.04.11 20:13:25.260
\o 
\o *Info*    The auto suspension is disabled.
\o 
\o Loading elec.cxt 
\o Resetting statistical vars
\o 
\o *Info*    Setting parameter values ...
\o 
\o Setting var l_sweep = "260n"
\o Setting var mul = "1"
\o Setting var vg = "0.9"
\o Setting var vs = "1.8"
\o Setting var w_sweep = "6u"
\o Loading monte.cxt 
\o Reusing AHDL Data dir
\o 
\o *Info*    Data Directory    =
\o           /home/dtvt_13/simulation/my_lib/pmos_tb/maestro/results/maestro/ExplorerRun.0/psf/my_lib_pmos_tb_1
\o 
\o generate netlist...
\o Loading hnlInit.cxt 
\o Loading seCore.cxt 
\# [03:13:25.411553] periodic Lic check successful
\# [03:13:25.411554] Feature usage summary:
\o Initializing the control file using cp:
\o     cp /home/dtvt_13/CDNS_Client/IC618-ISR28/tools.lnx86/dfII/etc/si/control.spectre /home/dtvt_13/simulation/my_lib/pmos_tb/maestro/results/maestro/ExplorerRun.0/psf/my_lib_pmos_tb_1/netlist/control
\o Copying Spectre source file 'spectre.inp'
\o Copying Spectre command file 'spectre.sim'
\o Begin Incremental Netlisting Apr 12 03:13:26 2026
\o Loading json.cxt 
\o End netlisting Apr 12 03:13:26 2026
\o 
\o Netlisting Statistics:
\o 	Number of components:    3
\o 
\o 	Elapsed time:          1.0s (3.00/s)
\o Errors: 0	Warnings: 0
\o       ...successful.
\o compose simulator input file...
\o       ...successful.
\o [2026-04-12 03:13:26.229 +0700] [INFO] [cadence.virtuoso.ade.services.netlister] - Finished preparing netlist {"point": 0, "testname": "my_lib_pmos_tb_1"}
\o [2026-04-12 03:13:27.234 +0700] [EVENT] [cadence.virtuoso.ade.services.netlister] - NewPoint {"point": 1, "testname": "my_lib_pmos_tb_1", "event": "NewPoint", "EventSource": "Netlist Service", "HistoryName": "ExplorerRun.0", "logFile": "/home/dtvt_13/truong/logs_dtvt_13/logs0/Service58.log", "logFileSize": "8158"}
\o [2026-04-12 03:13:27.234 +0700] [INFO] [cadence.virtuoso.ade.services.netlister] - Started netlisting {"point": 1, "testname": "my_lib_pmos_tb_1"}
\o Resetting statistical vars
\o 
\o *Info*    Setting parameter values ...
\o 
\o Setting var l_sweep = "260n"
\o Setting var mul = "1"
\o Setting temp(T) = 27
\o Setting var vg = "0.9"
\o Setting var vs = "1.8"
\o Setting var w_sweep = "6u"
\o 
\o *Info*    Netlist Directory =
\o           /home/dtvt_13/simulation/my_lib/pmos_tb/maestro/results/maestro/ExplorerRun.0/1/my_lib_pmos_tb_1/netlist
\o 
\o 
\o *Info*    Data Directory    =
\o           /home/dtvt_13/simulation/my_lib/pmos_tb/maestro/results/maestro/ExplorerRun.0/1/my_lib_pmos_tb_1
\o 
\o Reusing AHDL Data dir
\o generate netlist...
\o Ignoring netlist creation since ignoreDesignChangesDuringRun is set to true
\o       ...successful.
\o compose simulator input file...
\o       ...successful.
\o [2026-04-12 03:13:27.957 +0700] [PROCESS] [cadence.virtuoso.ade.services.netlister] - Current memory used: 594.8047 MBytes, peak memory used: 594.8086 MBytes {"hostname": "dtvt_13", "processid": 29325, "testname": "my_lib_pmos_tb_1", "point": 1, "logfile": "/home/dtvt_13/truong/logs_dtvt_13/logs0/Service58.log"}
\o [2026-04-12 03:13:27.958 +0700] [INFO] [cadence.virtuoso.ade.services.netlister] - Finished netlisting {"point": 1, "testname": "my_lib_pmos_tb_1"}
\o [2026-04-12 03:13:27.960 +0700] [EVENT] [cadence.virtuoso.ade.services.netlister] - NewPoint {"point": 2, "testname": "my_lib_pmos_tb_1", "event": "NewPoint", "EventSource": "Netlist Service", "HistoryName": "ExplorerRun.0", "logFile": "/home/dtvt_13/truong/logs_dtvt_13/logs0/Service58.log", "logFileSize": "11339"}
\o [2026-04-12 03:13:27.960 +0700] [INFO] [cadence.virtuoso.ade.services.netlister] - Started netlisting {"point": 2, "testname": "my_lib_pmos_tb_1"}
\# Available memory:         11,277 MB at UTC 2026.04.11 20:13:28.157
\# Memory report: Maximum memory size now 12,008 MB at UTC 2026.04.11 20:13:28.157
\# Thread usage report: 30 active threads, active load 1.40 at UTC 2026.04.11 20:13:28.157
\o Resetting statistical vars
\o 
\o *Info*    Setting parameter values ...
\o 
\o Setting var l_sweep = "290n"
\o 
\o *Info*    Netlist Directory =
\o           /home/dtvt_13/simulation/my_lib/pmos_tb/maestro/results/maestro/ExplorerRun.0/2/my_lib_pmos_tb_1/netlist
\o 
\o 
\o *Info*    Data Directory    =
\o           /home/dtvt_13/simulation/my_lib/pmos_tb/maestro/results/maestro/ExplorerRun.0/2/my_lib_pmos_tb_1
\o 
\o Reusing AHDL Data dir
\o generate netlist...
\o Ignoring netlist creation since ignoreDesignChangesDuringRun is set to true
\o       ...successful.
\o compose simulator input file...
\o       ...successful.
\o [2026-04-12 03:13:28.319 +0700] [PROCESS] [cadence.virtuoso.ade.services.netlister] - Current memory used: 594.8633 MBytes, peak memory used: 594.8672 MBytes {"hostname": "dtvt_13", "processid": 29325, "testname": "my_lib_pmos_tb_1", "point": 2, "logfile": "/home/dtvt_13/truong/logs_dtvt_13/logs0/Service58.log"}
\o [2026-04-12 03:13:28.320 +0700] [INFO] [cadence.virtuoso.ade.services.netlister] - Finished netlisting {"point": 2, "testname": "my_lib_pmos_tb_1"}
\o [2026-04-12 03:13:28.322 +0700] [EVENT] [cadence.virtuoso.ade.services.netlister] - NewPoint {"point": 3, "testname": "my_lib_pmos_tb_1", "event": "NewPoint", "EventSource": "Netlist Service", "HistoryName": "ExplorerRun.0", "logFile": "/home/dtvt_13/truong/logs_dtvt_13/logs0/Service58.log", "logFileSize": "13153"}
\o [2026-04-12 03:13:28.323 +0700] [INFO] [cadence.virtuoso.ade.services.netlister] - Started netlisting {"point": 3, "testname": "my_lib_pmos_tb_1"}
\o Resetting statistical vars
\o 
\o *Info*    Setting parameter values ...
\o 
\o Setting var l_sweep = "320n"
\o 
\o *Info*    Netlist Directory =
\o           /home/dtvt_13/simulation/my_lib/pmos_tb/maestro/results/maestro/ExplorerRun.0/3/my_lib_pmos_tb_1/netlist
\o 
\o 
\o *Info*    Data Directory    =
\o           /home/dtvt_13/simulation/my_lib/pmos_tb/maestro/results/maestro/ExplorerRun.0/3/my_lib_pmos_tb_1
\o 
\o Reusing AHDL Data dir
\o generate netlist...
\o Ignoring netlist creation since ignoreDesignChangesDuringRun is set to true
\o       ...successful.
\o compose simulator input file...
\o       ...successful.
\o [2026-04-12 03:13:28.784 +0700] [PROCESS] [cadence.virtuoso.ade.services.netlister] - Current memory used: 594.8633 MBytes, peak memory used: 594.8672 MBytes {"hostname": "dtvt_13", "processid": 29325, "testname": "my_lib_pmos_tb_1", "point": 3, "logfile": "/home/dtvt_13/truong/logs_dtvt_13/logs0/Service58.log"}
\o [2026-04-12 03:13:28.785 +0700] [INFO] [cadence.virtuoso.ade.services.netlister] - Finished netlisting {"point": 3, "testname": "my_lib_pmos_tb_1"}
\o [2026-04-12 03:13:28.787 +0700] [EVENT] [cadence.virtuoso.ade.services.netlister] - NewPoint {"point": 4, "testname": "my_lib_pmos_tb_1", "event": "NewPoint", "EventSource": "Netlist Service", "HistoryName": "ExplorerRun.0", "logFile": "/home/dtvt_13/truong/logs_dtvt_13/logs0/Service58.log", "logFileSize": "14723"}
\o [2026-04-12 03:13:28.788 +0700] [INFO] [cadence.virtuoso.ade.services.netlister] - Started netlisting {"point": 4, "testname": "my_lib_pmos_tb_1"}
\o Resetting statistical vars
\o 
\o *Info*    Setting parameter values ...
\o 
\o Setting var l_sweep = "350n"
\o 
\o *Info*    Netlist Directory =
\o           /home/dtvt_13/simulation/my_lib/pmos_tb/maestro/results/maestro/ExplorerRun.0/4/my_lib_pmos_tb_1/netlist
\o 
\o 
\o *Info*    Data Directory    =
\o           /home/dtvt_13/simulation/my_lib/pmos_tb/maestro/results/maestro/ExplorerRun.0/4/my_lib_pmos_tb_1
\o 
\o Reusing AHDL Data dir
\o generate netlist...
\o Ignoring netlist creation since ignoreDesignChangesDuringRun is set to true
\o       ...successful.
\o compose simulator input file...
\o       ...successful.
\o [2026-04-12 03:13:29.167 +0700] [PROCESS] [cadence.virtuoso.ade.services.netlister] - Current memory used: 595.3750 MBytes, peak memory used: 595.3750 MBytes {"hostname": "dtvt_13", "processid": 29325, "testname": "my_lib_pmos_tb_1", "point": 4, "logfile": "/home/dtvt_13/truong/logs_dtvt_13/logs0/Service58.log"}
\o [2026-04-12 03:13:29.168 +0700] [INFO] [cadence.virtuoso.ade.services.netlister] - Finished netlisting {"point": 4, "testname": "my_lib_pmos_tb_1"}
\o [2026-04-12 03:13:29.171 +0700] [EVENT] [cadence.virtuoso.ade.services.netlister] - NewPoint {"point": 5, "testname": "my_lib_pmos_tb_1", "event": "NewPoint", "EventSource": "Netlist Service", "HistoryName": "ExplorerRun.0", "logFile": "/home/dtvt_13/truong/logs_dtvt_13/logs0/Service58.log", "logFileSize": "16293"}
\o [2026-04-12 03:13:29.171 +0700] [INFO] [cadence.virtuoso.ade.services.netlister] - Started netlisting {"point": 5, "testname": "my_lib_pmos_tb_1"}
\o Resetting statistical vars
\o 
\o *Info*    Setting parameter values ...
\o 
\o Setting var l_sweep = "380n"
\o 
\o *Info*    Netlist Directory =
\o           /home/dtvt_13/simulation/my_lib/pmos_tb/maestro/results/maestro/ExplorerRun.0/5/my_lib_pmos_tb_1/netlist
\o 
\o 
\o *Info*    Data Directory    =
\o           /home/dtvt_13/simulation/my_lib/pmos_tb/maestro/results/maestro/ExplorerRun.0/5/my_lib_pmos_tb_1
\o 
\o Reusing AHDL Data dir
\o generate netlist...
\o Ignoring netlist creation since ignoreDesignChangesDuringRun is set to true
\o       ...successful.
\o compose simulator input file...
\o       ...successful.
\o [2026-04-12 03:13:29.666 +0700] [PROCESS] [cadence.virtuoso.ade.services.netlister] - Current memory used: 596.0742 MBytes, peak memory used: 596.0781 MBytes {"hostname": "dtvt_13", "processid": 29325, "testname": "my_lib_pmos_tb_1", "point": 5, "logfile": "/home/dtvt_13/truong/logs_dtvt_13/logs0/Service58.log"}
\o [2026-04-12 03:13:29.667 +0700] [INFO] [cadence.virtuoso.ade.services.netlister] - Finished netlisting {"point": 5, "testname": "my_lib_pmos_tb_1"}
\# Memory report: Maximum memory size now 12,247 MB at UTC 2026.04.11 20:15:41.818
\o Simulation design variables differ from those on the cellView,
\o they have been saved in the file "/tmp/saved-design-variables".
\o To save future changes, copy variables to cellView before exiting.
\# Lic Summary:
\# [03:18:33.014713] Cdslmd servers:5280@192.168.32.10
\# [03:18:33.014737] Feature usage summary:
\# Memory report: on exit            733 MB, process size 2,455 MB at UTC 2026.04.11 20:18:33.014
\# Memory report: peak usage         733 MB, process size 2,455 MB
