\# Program start time:     UTC 2026.04.11 18:22:15.354
\# Local time: +07 (UTC+07:00) 2026.04.12 01:22:15.354
\o Program:		@(#)$CDS: virtuoso version 6.1.8-64b 09/28/2022 11:07 (cpgsrv12) $
\o Hierarchy:		/home/dtvt_13/CDNS_Client/IC618-ISR28/tools.lnx86/dfII/
\o Sub version:		sub-version  IC6.1.8-64b.500.28  (64-bit addresses)
\# Command line:	/home/dtvt_13/CDNS_Client/IC618-ISR28/tools.lnx86/dfII/bin/64bit/virtuoso -beanhost dtvt_13 -beanport 11300 -beanbinlog  -beanLogFile /home/dtvt_13/truong/logs_dtvt_13/logs0/amps_Service49.log -mpssession virtuoso27980 -mpshost dtvt_13 -davinciService DaVinciService_27980_1775747799 -axlSession fnxSession2 -axlServiceIdFlag 49 -uuid 68277717-b1eb-478e-b6b6-0c1485dc8016 -heartbeat /dev/shm/swift-heartbeat.fyjZOFRUHA -log /home/dtvt_13/truong/logs_dtvt_13/logs0/Service49.log -noautostart -nographE -lscs 000175E1894CBE06FF0966E38F1FFC06BC4D4FA6D86BCF06E37C4FA6D86BCF06E37C5CD18F1FFC06867F66E38F1FFC06BC4D66E38F1FFC06BC4D0F391E4B6D52D59700001E9C -interactive -offlineExprEval -fenixMode explorer -heartbeatTimeout  -lingerTimeout 300 -pointlifetime -1
\# Host name (type):	dtvt_13 (x86_64)
\# Operating system:	Linux 3.10.0-1160.118.1.el7.x86_64 #1 SMP Wed Apr 24 16:01:50 UTC 2024
\# Linux /etc/issue:	\S
\# Linux /etc/issue:	Kernel \r on an \m
\# X display name (WxH):	:3136 (1024x868)
\# Available geometry:			TL(0:0) BR(1023:867)
\# X server:			The X.Org Foundation
\# Depth of Visual (Root):	24 (24)
\# Number of Planes Used:	24
\# X version:		11.0 (vendor release 12004000)
\# X resource pool:	base 0x400000, mask 0x1fffff (2097151), shift 0
\# 			current id 0x0, current max 0x1ffffa (2097146)
\# Max data seg size:	     unlimited
\# Max process size:	     unlimited
\# Initial sbrk value:	        628 MB
\# Available memory:	     11,747 MB
\# System memory:	     23,445 MB
\# Maximum memory size:	     23,105 MB
\# Max mem available:	     12,036 MB
\# Initial memory used:	        288 MB
\#        process size:	      1,870 MB
\# Thread usage limits (effective/default):	maxthreads 4096/4096 maxload 24.00/24.00
\# Qt version:		5.9.1
\# Window Manager:	other
\# User Name:		dtvt_13
\o Working Directory:	dtvt_13:/home/dtvt_13/truong
\# Process Id:		29348
\o 
\o COPYRIGHT (C) 1992-2022  CADENCE DESIGN SYSTEMS INC.  ALL RIGHTS RESERVED.
\o           (C) 1992-2022  UNIX SYSTEMS Laboratories INC.,
\o                          Reproduced with permission.
\o 
\o This Cadence Design Systems program and online documentation are
\o proprietary/confidential information and may be disclosed/used only
\o as authorized in a license agreement controlling such use and disclosure.
\o 
\o           RESTRICTED RIGHTS NOTICE (SHORT FORM)
\o Use/reproduction/disclosure is subject to restriction
\o set forth at FAR 1252.227-19 or its equivalent.
\o Loading geView.cxt 
\o Loading menuBuilder.cxt 
\o Loading schView.cxt 
\o Loading selectSv.cxt 
\o Loading pvsui.cxt
\o Loading wireEdit.cxt 
\o Loading pte2.cxt 
\o Loading xlUI.cxt 
\o Loading auCore.cxt 
\o Loading vhdl.cxt 
\o Loading seismic.cxt 
\o Loading ci.cxt 
\o Loading ams.cxt 
\o Loading oasis.cxt 
\o Loading analog.cxt 
\o Loading asimenv.cxt 
\o Loading dal.cxt 
\o Loading awv.cxt 
\o Loading socket.cxt 
\o Loading par.cxt 
\o Loading alvs.cxt 
\o Loading caa.cxt 
\o Loading amps.cxt 
\o Loading adexlCore.cxt 
\o Loading adexl.cxt 
\o *Info*    Exporting services from client ... 
\o 
\o Loading adexlDM.cxt 
\o Loading cpf.cxt 
\o Loading cli.cxt 
\o Loading lp.cxt 
\# Memory report: using         423 MB, process size 2,126 MB at UTC 2026.04.11 18:22:18.104
\o INFO (ELI-00302) Connecting to parent process (session=virtuoso27980, host=dtvt_13). Connection mode is LSCS. Total timeout is 180 seconds. Connection timeout is 90 seconds.
\o INFO (ELI-00303) Step 1: Connecting to parent. Time spent is 0 seconds.
\o INFO (ELI-00304) The registration of the child 29348 within 90 seconds is being processed...
\o INFO (ELI-00305) The result of registration is true. Time spent is 0 seconds.
\o INFO (ELI-00308) The connection has ended. Result is true. Total time spent is 0 seconds.
\# [01:22:15.461657] Configured Lic search path (21.01-s003): 5280@192.168.32.10
\w *WARNING* The directory: '/home/centos/WORK/gpdk045_v_6_0' does not exist
\w 	but was defined in libFile '/home/dtvt_13/CDNS_Client/IC618-ISR28/share/cdssetup/cds.lib' for Lib 'gpdk045_v_6_0'.
\p > 
\# Loading perfDiag...
\# (PerfDiag): Set GDB path to environment variable 'gdbPath' (gdb).
\# Performance Diagnostic tool is installed. You can access PerfDiag from CIW Tools or use the shell command 'cdsPerfDiag -p 29348' to open it when Virtuoso freezes.
\# (PerfDiag): Loading backtrace from /home/dtvt_13/CDNS_Client/IC618-ISR28/tools/lib/64bit/cdnslibunwind.so
\i _axlRunServices()
\# [01:22:21.044809] Periodic Lic check successful
\# [01:22:21.044810] Feature usage summary:
\o Loading simui.cxt 
\o [2026-04-12 01:22:21.067 +0700] [PROCESS] [cadence.virtuoso.ade.services] - Netlist Service has successfully started. Waiting for incoming messages ... {"hostname": "dtvt_13", "processid": 29348, "logfile": "/home/dtvt_13/truong/logs_dtvt_13/logs0/Service49.log"}
\o [2026-04-12 01:22:21.109 +0700] [EVENT] [cadence.virtuoso.ade.services.netlister] - NewPoint {"point": 0, "testname": "my_lib_pmos_tb_1", "event": "NewPoint", "EventSource": "Netlist Service", "HistoryName": "ExplorerRun.0", "logFile": "/home/dtvt_13/truong/logs_dtvt_13/logs0/Service49.log", "logFileSize": "4751"}
\o [2026-04-12 01:22:21.110 +0700] [INFO] [cadence.virtuoso.ade.services.netlister] - Started preparing netlist {"point": 0, "testname": "my_lib_pmos_tb_1"}
\# Memory report: using         532 MB, process size 2,248 MB at UTC 2026.04.11 18:22:22.166
\o Loading vdsil.cxt 
\o *Warning* AXL Context Manager : job 49 is already registered. 
\o 
\o Loading vqp.cxt 
\o Loading hdlPkg.cxt 
\o 
\o 
\o *Info*    Configuring the session ...
\o 
\o 	Library      = my_lib
\o 	Cell         = pmos_tb
\o 	View         = schematic
\o 	Simulator    = spectre
\o 	State Path   = $AXL_SETUPDB_DIR/test_states
\o 	State Name   = ExplorerRun.0
\o 	Results DB   = /home/dtvt_13/truong/my_lib/pmos_tb/maestro/results/maestro/ExplorerRun.0.rdb
\o 	Results Dir  = /home/dtvt_13/simulation/my_lib/pmos_tb/maestro/results/maestro/ExplorerRun.0/1/my_lib_pmos_tb_1
\o 	Results Loc  = /home/dtvt_13/simulation/my_lib/pmos_tb/maestro/results/maestro
\o 	Project Dir  = /home/dtvt_13/simulation
\o 	Setup DB loc = /home/dtvt_13/truong/my_lib/pmos_tb/maestro
\o 	File Encoding = 0
\o 
\o 
\o Loading viva.cxt 
\w *WARNING* The directory: '/home/centos/WORK/gpdk045_v_6_0' does not exist
\w 	but was defined in libFile '/home/dtvt_13/CDNS_Client/IC618-ISR28/share/cdssetup/cds.lib' for Lib 'gpdk045_v_6_0'.
\o Initializing from libInit.il for library tsmcN65...
\o    --  /home/dtvt_13/WORK/65NTSMC/tsmcN65/../skill/pcode1.cxt
\o    --  /home/dtvt_13/WORK/65NTSMC/tsmcN65/../skill/pcode2.cxt
\o    --  tsmcN65_updateCDFs.il
\o    --  tsmcPdkParamTable.il
\o    --  tsmc_esti.ile
\o    --  /home/dtvt_13/WORK/65NTSMC/tsmcN65/../skill/tsmcN65gp_v1d0c.cxt
\o    --  /home/dtvt_13/WORK/65NTSMC/tsmcN65/../skill/tsmcN65_newAMS.cxt
\o    --  /home/dtvt_13/WORK/65NTSMC/tsmcN65/../skill/tsmcN65_newRTMOM.cxt
\o    --  /home/dtvt_13/WORK/65NTSMC/tsmcN65/../skill/tsmcN65GP_v1d0.cxt
\o    --  tsmcN65.cxt
\o    --  tsmcN65Tool.cxt
\o    --  tif_tcf_crn65gp_v1.0a.cxt
\o    --  /home/dtvt_13/WORK/65NTSMC/tsmcN65/../skill/tsmcN65GP_v1d0.cxt
\o    --  /home/dtvt_13/WORK/65NTSMC/tsmcN65/../skill/tsmcN65_newRTMOM.cxt
\o    --  /home/dtvt_13/WORK/65NTSMC/tsmcN65/../skill/tsmcN65_newAMS.cxt
\o Loading PDK Display File '/home/dtvt_13/WORK/65NTSMC/tsmcN65/../display.drf'
\o Display Information is modified in the current session. However Save Display Information Dialog Box has been suppressed as environment variable "drmSuppressSaveDialogBox" is set. The modified Display Information will not be saved.
\o Loading spectrei.cxt 
\o Loading devCheck.cxt 
\o Loading relXpert.cxt 
\o Loading hspiceD.cxt 
\o Loading spectreinl.cxt 
\o Loading msgHandler.cxt 
\o Loading UltraSim.cxt 
\o Loading AMSOSS.cxt 
\o Loading AMS.cxt 
\# Memory report: using         678 MB, process size 2,395 MB at UTC 2026.04.11 18:22:23.131
\o 
\o *Info*    The auto suspension is disabled.
\o 
\o Loading elec.cxt 
\o Resetting statistical vars
\o 
\o *Info*    Setting parameter values ...
\o 
\o Setting var l_sweep = "280n"
\o Setting var mul = "1"
\o Setting var vg = "0.9"
\o Setting var vs = "1.8"
\o Setting var w_sweep = "6u"
\o Loading monte.cxt 
\o Reusing AHDL Data dir
\o 
\o *Info*    Data Directory    =
\o           /home/dtvt_13/simulation/my_lib/pmos_tb/maestro/results/maestro/ExplorerRun.0/psf/my_lib_pmos_tb_1
\o 
\o generate netlist...
\o Loading hnlInit.cxt 
\o Loading seCore.cxt 
\o Initializing the control file using cp:
\o     cp /home/dtvt_13/CDNS_Client/IC618-ISR28/tools.lnx86/dfII/etc/si/control.spectre /home/dtvt_13/simulation/my_lib/pmos_tb/maestro/results/maestro/ExplorerRun.0/psf/my_lib_pmos_tb_1/netlist/control
\o Copying Spectre source file 'spectre.inp'
\o Copying Spectre command file 'spectre.sim'
\o Begin Incremental Netlisting Apr 12 01:22:24 2026
\o Loading json.cxt 
\o End netlisting Apr 12 01:22:24 2026
\o 
\o Netlisting Statistics:
\o 	Number of components:    3
\o 
\o 	Elapsed time:          0.0s
\o Errors: 0	Warnings: 0
\o       ...successful.
\o compose simulator input file...
\o       ...successful.
\o [2026-04-12 01:22:24.719 +0700] [INFO] [cadence.virtuoso.ade.services.netlister] - Finished preparing netlist {"point": 0, "testname": "my_lib_pmos_tb_1"}
\o [2026-04-12 01:22:25.726 +0700] [EVENT] [cadence.virtuoso.ade.services.netlister] - NewPoint {"point": 1, "testname": "my_lib_pmos_tb_1", "event": "NewPoint", "EventSource": "Netlist Service", "HistoryName": "ExplorerRun.0", "logFile": "/home/dtvt_13/truong/logs_dtvt_13/logs0/Service49.log", "logFileSize": "8253"}
\o [2026-04-12 01:22:25.726 +0700] [INFO] [cadence.virtuoso.ade.services.netlister] - Started netlisting {"point": 1, "testname": "my_lib_pmos_tb_1"}
\# Available memory:         11,350 MB at UTC 2026.04.11 18:22:26.041
\# Memory report: Maximum memory size now 12,082 MB at UTC 2026.04.11 18:22:26.041
\# Thread usage report: 30 active threads, active load 1.40 at UTC 2026.04.11 18:22:26.041
\o Resetting statistical vars
\o 
\o *Info*    Setting parameter values ...
\o 
\o Setting var l_sweep = "280n"
\o Setting var mul = "1"
\o Setting temp(T) = 27
\o Setting var vg = "0.9"
\o Setting var vs = "1.8"
\o Setting var w_sweep = "6u"
\o 
\o *Info*    Netlist Directory =
\o           /home/dtvt_13/simulation/my_lib/pmos_tb/maestro/results/maestro/ExplorerRun.0/1/my_lib_pmos_tb_1/netlist
\o 
\o 
\o *Info*    Data Directory    =
\o           /home/dtvt_13/simulation/my_lib/pmos_tb/maestro/results/maestro/ExplorerRun.0/1/my_lib_pmos_tb_1
\o 
\o Reusing AHDL Data dir
\o generate netlist...
\o Ignoring netlist creation since ignoreDesignChangesDuringRun is set to true
\o       ...successful.
\o compose simulator input file...
\o       ...successful.
\o [2026-04-12 01:22:26.541 +0700] [PROCESS] [cadence.virtuoso.ade.services.netlister] - Current memory used: 594.7266 MBytes, peak memory used: 594.7305 MBytes {"hostname": "dtvt_13", "processid": 29348, "testname": "my_lib_pmos_tb_1", "point": 1, "logfile": "/home/dtvt_13/truong/logs_dtvt_13/logs0/Service49.log"}
\o [2026-04-12 01:22:26.543 +0700] [INFO] [cadence.virtuoso.ade.services.netlister] - Finished netlisting {"point": 1, "testname": "my_lib_pmos_tb_1"}
\o [2026-04-12 01:22:26.545 +0700] [EVENT] [cadence.virtuoso.ade.services.netlister] - NewPoint {"point": 2, "testname": "my_lib_pmos_tb_1", "event": "NewPoint", "EventSource": "Netlist Service", "HistoryName": "ExplorerRun.0", "logFile": "/home/dtvt_13/truong/logs_dtvt_13/logs0/Service49.log", "logFileSize": "11574"}
\o [2026-04-12 01:22:26.546 +0700] [INFO] [cadence.virtuoso.ade.services.netlister] - Started netlisting {"point": 2, "testname": "my_lib_pmos_tb_1"}
\o Resetting statistical vars
\o 
\o *Info*    Setting parameter values ...
\o 
\o Setting var l_sweep = "335n"
\o 
\o *Info*    Netlist Directory =
\o           /home/dtvt_13/simulation/my_lib/pmos_tb/maestro/results/maestro/ExplorerRun.0/2/my_lib_pmos_tb_1/netlist
\o 
\o 
\o *Info*    Data Directory    =
\o           /home/dtvt_13/simulation/my_lib/pmos_tb/maestro/results/maestro/ExplorerRun.0/2/my_lib_pmos_tb_1
\o 
\o Reusing AHDL Data dir
\o generate netlist...
\o Ignoring netlist creation since ignoreDesignChangesDuringRun is set to true
\o       ...successful.
\o compose simulator input file...
\o       ...successful.
\o [2026-04-12 01:22:26.886 +0700] [PROCESS] [cadence.virtuoso.ade.services.netlister] - Current memory used: 594.7734 MBytes, peak memory used: 594.7773 MBytes {"hostname": "dtvt_13", "processid": 29348, "testname": "my_lib_pmos_tb_1", "point": 2, "logfile": "/home/dtvt_13/truong/logs_dtvt_13/logs0/Service49.log"}
\o [2026-04-12 01:22:26.887 +0700] [INFO] [cadence.virtuoso.ade.services.netlister] - Finished netlisting {"point": 2, "testname": "my_lib_pmos_tb_1"}
\o [2026-04-12 01:22:26.889 +0700] [EVENT] [cadence.virtuoso.ade.services.netlister] - NewPoint {"point": 3, "testname": "my_lib_pmos_tb_1", "event": "NewPoint", "EventSource": "Netlist Service", "HistoryName": "ExplorerRun.0", "logFile": "/home/dtvt_13/truong/logs_dtvt_13/logs0/Service49.log", "logFileSize": "13144"}
\o [2026-04-12 01:22:26.890 +0700] [INFO] [cadence.virtuoso.ade.services.netlister] - Started netlisting {"point": 3, "testname": "my_lib_pmos_tb_1"}
\o Resetting statistical vars
\o 
\o *Info*    Setting parameter values ...
\o 
\o Setting var l_sweep = "390n"
\o 
\o *Info*    Netlist Directory =
\o           /home/dtvt_13/simulation/my_lib/pmos_tb/maestro/results/maestro/ExplorerRun.0/3/my_lib_pmos_tb_1/netlist
\o 
\o 
\o *Info*    Data Directory    =
\o           /home/dtvt_13/simulation/my_lib/pmos_tb/maestro/results/maestro/ExplorerRun.0/3/my_lib_pmos_tb_1
\o 
\o Reusing AHDL Data dir
\o generate netlist...
\o Ignoring netlist creation since ignoreDesignChangesDuringRun is set to true
\o       ...successful.
\o compose simulator input file...
\o       ...successful.
\o [2026-04-12 01:22:27.293 +0700] [PROCESS] [cadence.virtuoso.ade.services.netlister] - Current memory used: 594.7734 MBytes, peak memory used: 594.7773 MBytes {"hostname": "dtvt_13", "processid": 29348, "testname": "my_lib_pmos_tb_1", "point": 3, "logfile": "/home/dtvt_13/truong/logs_dtvt_13/logs0/Service49.log"}
\o [2026-04-12 01:22:27.294 +0700] [INFO] [cadence.virtuoso.ade.services.netlister] - Finished netlisting {"point": 3, "testname": "my_lib_pmos_tb_1"}
\o [2026-04-12 01:22:27.296 +0700] [EVENT] [cadence.virtuoso.ade.services.netlister] - NewPoint {"point": 4, "testname": "my_lib_pmos_tb_1", "event": "NewPoint", "EventSource": "Netlist Service", "HistoryName": "ExplorerRun.0", "logFile": "/home/dtvt_13/truong/logs_dtvt_13/logs0/Service49.log", "logFileSize": "14714"}
\o [2026-04-12 01:22:27.297 +0700] [INFO] [cadence.virtuoso.ade.services.netlister] - Started netlisting {"point": 4, "testname": "my_lib_pmos_tb_1"}
\o Resetting statistical vars
\o 
\o *Info*    Setting parameter values ...
\o 
\o Setting var l_sweep = "445n"
\o 
\o *Info*    Netlist Directory =
\o           /home/dtvt_13/simulation/my_lib/pmos_tb/maestro/results/maestro/ExplorerRun.0/4/my_lib_pmos_tb_1/netlist
\o 
\o 
\o *Info*    Data Directory    =
\o           /home/dtvt_13/simulation/my_lib/pmos_tb/maestro/results/maestro/ExplorerRun.0/4/my_lib_pmos_tb_1
\o 
\o Reusing AHDL Data dir
\o generate netlist...
\o Ignoring netlist creation since ignoreDesignChangesDuringRun is set to true
\o       ...successful.
\o compose simulator input file...
\o       ...successful.
\o [2026-04-12 01:22:27.758 +0700] [PROCESS] [cadence.virtuoso.ade.services.netlister] - Current memory used: 595.3867 MBytes, peak memory used: 595.3906 MBytes {"hostname": "dtvt_13", "processid": 29348, "testname": "my_lib_pmos_tb_1", "point": 4, "logfile": "/home/dtvt_13/truong/logs_dtvt_13/logs0/Service49.log"}
\o [2026-04-12 01:22:27.759 +0700] [INFO] [cadence.virtuoso.ade.services.netlister] - Finished netlisting {"point": 4, "testname": "my_lib_pmos_tb_1"}
\o [2026-04-12 01:22:27.760 +0700] [EVENT] [cadence.virtuoso.ade.services.netlister] - NewPoint {"point": 5, "testname": "my_lib_pmos_tb_1", "event": "NewPoint", "EventSource": "Netlist Service", "HistoryName": "ExplorerRun.0", "logFile": "/home/dtvt_13/truong/logs_dtvt_13/logs0/Service49.log", "logFileSize": "16284"}
\o [2026-04-12 01:22:27.761 +0700] [INFO] [cadence.virtuoso.ade.services.netlister] - Started netlisting {"point": 5, "testname": "my_lib_pmos_tb_1"}
\o Resetting statistical vars
\o 
\o *Info*    Setting parameter values ...
\o 
\o Setting var l_sweep = "500n"
\o 
\o *Info*    Netlist Directory =
\o           /home/dtvt_13/simulation/my_lib/pmos_tb/maestro/results/maestro/ExplorerRun.0/5/my_lib_pmos_tb_1/netlist
\o 
\o 
\o *Info*    Data Directory    =
\o           /home/dtvt_13/simulation/my_lib/pmos_tb/maestro/results/maestro/ExplorerRun.0/5/my_lib_pmos_tb_1
\o 
\o Reusing AHDL Data dir
\o generate netlist...
\o Ignoring netlist creation since ignoreDesignChangesDuringRun is set to true
\o       ...successful.
\o compose simulator input file...
\o       ...successful.
\o [2026-04-12 01:22:28.099 +0700] [PROCESS] [cadence.virtuoso.ade.services.netlister] - Current memory used: 596.0898 MBytes, peak memory used: 596.0938 MBytes {"hostname": "dtvt_13", "processid": 29348, "testname": "my_lib_pmos_tb_1", "point": 5, "logfile": "/home/dtvt_13/truong/logs_dtvt_13/logs0/Service49.log"}
\o [2026-04-12 01:22:28.100 +0700] [INFO] [cadence.virtuoso.ade.services.netlister] - Finished netlisting {"point": 5, "testname": "my_lib_pmos_tb_1"}
\# Memory report: Maximum memory size now 11,836 MB at UTC 2026.04.11 18:22:37.109
\o [2026-04-12 01:27:20.435 +0700] [EVENT] [cadence.virtuoso.ade.services.netlister] - NewPoint {"point": 0, "testname": "my_lib_pmos_tb_1", "event": "NewPoint", "EventSource": "Netlist Service", "HistoryName": "ExplorerRun.0", "logFile": "/home/dtvt_13/truong/logs_dtvt_13/logs0/Service49.log", "logFileSize": "17937"}
\o [2026-04-12 01:27:20.435 +0700] [INFO] [cadence.virtuoso.ade.services.netlister] - Started preparing netlist {"point": 0, "testname": "my_lib_pmos_tb_1"}
\o Simulation design variables differ from those on the cellView,
\o they have been saved in the file "/tmp/saved-design-variables".
\o To save future changes, copy variables to cellView before exiting.
\o *Warning* AXL Context Manager : job 49 is already registered. 
\o 
\o 
\o 
\o *Info*    Configuring the session ...
\o 
\o 	Library      = my_lib
\o 	Cell         = pmos_tb
\o 	View         = schematic
\o 	Simulator    = spectre
\o 	State Path   = $AXL_SETUPDB_DIR/test_states
\o 	State Name   = ExplorerRun.0
\o 	Results DB   = /home/dtvt_13/truong/my_lib/pmos_tb/maestro/results/maestro/ExplorerRun.0.rdb
\o 	Results Dir  = /home/dtvt_13/simulation/my_lib/pmos_tb/maestro/results/maestro/ExplorerRun.0/1/my_lib_pmos_tb_1
\o 	Results Loc  = /home/dtvt_13/simulation/my_lib/pmos_tb/maestro/results/maestro
\o 	Project Dir  = /home/dtvt_13/simulation
\o 	Setup DB loc = /home/dtvt_13/truong/my_lib/pmos_tb/maestro
\o 	File Encoding = 0
\o 
\o 
\o 
\o *Info*    The auto suspension is disabled.
\o 
\o Resetting statistical vars
\o 
\o *Info*    Setting parameter values ...
\o 
\o Setting var l_sweep = "280n"
\o Setting var mul = "1"
\o Setting var vg = "0.9"
\o Setting var vs = "1.8"
\o Setting var w_sweep = "6u"
\o Reusing AHDL Data dir
\o 
\o *Info*    Data Directory    =
\o           /home/dtvt_13/simulation/my_lib/pmos_tb/maestro/results/maestro/ExplorerRun.0/psf/my_lib_pmos_tb_1
\o 
\o generate netlist...
\o Initializing the control file using cp:
\o     cp /home/dtvt_13/CDNS_Client/IC618-ISR28/tools.lnx86/dfII/etc/si/control.spectre /home/dtvt_13/simulation/my_lib/pmos_tb/maestro/results/maestro/ExplorerRun.0/psf/my_lib_pmos_tb_1/netlist/control
\o Copying Spectre source file 'spectre.inp'
\o Copying Spectre command file 'spectre.sim'
\o Begin Incremental Netlisting Apr 12 01:27:21 2026
\o End netlisting Apr 12 01:27:21 2026
\o 
\o Netlisting Statistics:
\o 	Number of components:    3
\o 
\o 	Elapsed time:          0.0s
\o Errors: 0	Warnings: 0
\o       ...successful.
\o compose simulator input file...
\o       ...successful.
\o [2026-04-12 01:27:21.941 +0700] [INFO] [cadence.virtuoso.ade.services.netlister] - Finished preparing netlist {"point": 0, "testname": "my_lib_pmos_tb_1"}
\o [2026-04-12 01:27:22.942 +0700] [EVENT] [cadence.virtuoso.ade.services.netlister] - NewPoint {"point": 1, "testname": "my_lib_pmos_tb_1", "event": "NewPoint", "EventSource": "Netlist Service", "HistoryName": "ExplorerRun.0", "logFile": "/home/dtvt_13/truong/logs_dtvt_13/logs0/Service49.log", "logFileSize": "18257"}
\o [2026-04-12 01:27:22.942 +0700] [INFO] [cadence.virtuoso.ade.services.netlister] - Started netlisting {"point": 1, "testname": "my_lib_pmos_tb_1"}
\o Resetting statistical vars
\o 
\o *Info*    Setting parameter values ...
\o 
\o Setting var l_sweep = "280n"
\o Setting var mul = "1"
\o Setting temp(T) = 27
\o Setting var vg = "0.9"
\o Setting var vs = "1.8"
\o Setting var w_sweep = "6u"
\o 
\o *Info*    Netlist Directory =
\o           /home/dtvt_13/simulation/my_lib/pmos_tb/maestro/results/maestro/ExplorerRun.0/1/my_lib_pmos_tb_1/netlist
\o 
\o 
\o *Info*    Data Directory    =
\o           /home/dtvt_13/simulation/my_lib/pmos_tb/maestro/results/maestro/ExplorerRun.0/1/my_lib_pmos_tb_1
\o 
\o Reusing AHDL Data dir
\o generate netlist...
\o Ignoring netlist creation since ignoreDesignChangesDuringRun is set to true
\o       ...successful.
\o compose simulator input file...
\o       ...successful.
\o [2026-04-12 01:27:23.378 +0700] [PROCESS] [cadence.virtuoso.ade.services.netlister] - Current memory used: 602.7344 MBytes, peak memory used: 602.7422 MBytes {"hostname": "dtvt_13", "processid": 29348, "testname": "my_lib_pmos_tb_1", "point": 1, "logfile": "/home/dtvt_13/truong/logs_dtvt_13/logs0/Service49.log"}
\o [2026-04-12 01:27:23.378 +0700] [INFO] [cadence.virtuoso.ade.services.netlister] - Finished netlisting {"point": 1, "testname": "my_lib_pmos_tb_1"}
\o [2026-04-12 01:27:23.379 +0700] [EVENT] [cadence.virtuoso.ade.services.netlister] - NewPoint {"point": 2, "testname": "my_lib_pmos_tb_1", "event": "NewPoint", "EventSource": "Netlist Service", "HistoryName": "ExplorerRun.0", "logFile": "/home/dtvt_13/truong/logs_dtvt_13/logs0/Service49.log", "logFileSize": "22330"}
\o [2026-04-12 01:27:23.379 +0700] [INFO] [cadence.virtuoso.ade.services.netlister] - Started netlisting {"point": 2, "testname": "my_lib_pmos_tb_1"}
\o Resetting statistical vars
\o 
\o *Info*    Setting parameter values ...
\o 
\o Setting var l_sweep = "335n"
\o 
\o *Info*    Netlist Directory =
\o           /home/dtvt_13/simulation/my_lib/pmos_tb/maestro/results/maestro/ExplorerRun.0/2/my_lib_pmos_tb_1/netlist
\o 
\o 
\o *Info*    Data Directory    =
\o           /home/dtvt_13/simulation/my_lib/pmos_tb/maestro/results/maestro/ExplorerRun.0/2/my_lib_pmos_tb_1
\o 
\o Reusing AHDL Data dir
\o generate netlist...
\o Ignoring netlist creation since ignoreDesignChangesDuringRun is set to true
\o       ...successful.
\o compose simulator input file...
\o       ...successful.
\o [2026-04-12 01:27:23.600 +0700] [PROCESS] [cadence.virtuoso.ade.services.netlister] - Current memory used: 602.7344 MBytes, peak memory used: 602.7422 MBytes {"hostname": "dtvt_13", "processid": 29348, "testname": "my_lib_pmos_tb_1", "point": 2, "logfile": "/home/dtvt_13/truong/logs_dtvt_13/logs0/Service49.log"}
\o [2026-04-12 01:27:23.600 +0700] [INFO] [cadence.virtuoso.ade.services.netlister] - Finished netlisting {"point": 2, "testname": "my_lib_pmos_tb_1"}
\o [2026-04-12 01:27:23.601 +0700] [EVENT] [cadence.virtuoso.ade.services.netlister] - NewPoint {"point": 3, "testname": "my_lib_pmos_tb_1", "event": "NewPoint", "EventSource": "Netlist Service", "HistoryName": "ExplorerRun.0", "logFile": "/home/dtvt_13/truong/logs_dtvt_13/logs0/Service49.log", "logFileSize": "23900"}
\o [2026-04-12 01:27:23.601 +0700] [INFO] [cadence.virtuoso.ade.services.netlister] - Started netlisting {"point": 3, "testname": "my_lib_pmos_tb_1"}
\o Resetting statistical vars
\o 
\o *Info*    Setting parameter values ...
\o 
\o Setting var l_sweep = "390n"
\o 
\o *Info*    Netlist Directory =
\o           /home/dtvt_13/simulation/my_lib/pmos_tb/maestro/results/maestro/ExplorerRun.0/3/my_lib_pmos_tb_1/netlist
\o 
\o 
\o *Info*    Data Directory    =
\o           /home/dtvt_13/simulation/my_lib/pmos_tb/maestro/results/maestro/ExplorerRun.0/3/my_lib_pmos_tb_1
\o 
\o Reusing AHDL Data dir
\o generate netlist...
\o Ignoring netlist creation since ignoreDesignChangesDuringRun is set to true
\o       ...successful.
\o compose simulator input file...
\o       ...successful.
\o [2026-04-12 01:27:23.841 +0700] [PROCESS] [cadence.virtuoso.ade.services.netlister] - Current memory used: 602.7344 MBytes, peak memory used: 602.7422 MBytes {"hostname": "dtvt_13", "processid": 29348, "testname": "my_lib_pmos_tb_1", "point": 3, "logfile": "/home/dtvt_13/truong/logs_dtvt_13/logs0/Service49.log"}
\o [2026-04-12 01:27:23.841 +0700] [INFO] [cadence.virtuoso.ade.services.netlister] - Finished netlisting {"point": 3, "testname": "my_lib_pmos_tb_1"}
\o [2026-04-12 01:27:23.841 +0700] [EVENT] [cadence.virtuoso.ade.services.netlister] - NewPoint {"point": 4, "testname": "my_lib_pmos_tb_1", "event": "NewPoint", "EventSource": "Netlist Service", "HistoryName": "ExplorerRun.0", "logFile": "/home/dtvt_13/truong/logs_dtvt_13/logs0/Service49.log", "logFileSize": "25470"}
\o [2026-04-12 01:27:23.842 +0700] [INFO] [cadence.virtuoso.ade.services.netlister] - Started netlisting {"point": 4, "testname": "my_lib_pmos_tb_1"}
\o Resetting statistical vars
\o 
\o *Info*    Setting parameter values ...
\o 
\o Setting var l_sweep = "445n"
\o 
\o *Info*    Netlist Directory =
\o           /home/dtvt_13/simulation/my_lib/pmos_tb/maestro/results/maestro/ExplorerRun.0/4/my_lib_pmos_tb_1/netlist
\o 
\o 
\o *Info*    Data Directory    =
\o           /home/dtvt_13/simulation/my_lib/pmos_tb/maestro/results/maestro/ExplorerRun.0/4/my_lib_pmos_tb_1
\o 
\o Reusing AHDL Data dir
\o generate netlist...
\o Ignoring netlist creation since ignoreDesignChangesDuringRun is set to true
\o       ...successful.
\o compose simulator input file...
\# Memory report: Maximum memory size now 12,113 MB at UTC 2026.04.11 18:27:24.018
\o       ...successful.
\o [2026-04-12 01:27:24.064 +0700] [PROCESS] [cadence.virtuoso.ade.services.netlister] - Current memory used: 602.7344 MBytes, peak memory used: 602.7422 MBytes {"hostname": "dtvt_13", "processid": 29348, "testname": "my_lib_pmos_tb_1", "point": 4, "logfile": "/home/dtvt_13/truong/logs_dtvt_13/logs0/Service49.log"}
\o [2026-04-12 01:27:24.064 +0700] [INFO] [cadence.virtuoso.ade.services.netlister] - Finished netlisting {"point": 4, "testname": "my_lib_pmos_tb_1"}
\o [2026-04-12 01:27:24.064 +0700] [EVENT] [cadence.virtuoso.ade.services.netlister] - NewPoint {"point": 5, "testname": "my_lib_pmos_tb_1", "event": "NewPoint", "EventSource": "Netlist Service", "HistoryName": "ExplorerRun.0", "logFile": "/home/dtvt_13/truong/logs_dtvt_13/logs0/Service49.log", "logFileSize": "27123"}
\o [2026-04-12 01:27:24.064 +0700] [INFO] [cadence.virtuoso.ade.services.netlister] - Started netlisting {"point": 5, "testname": "my_lib_pmos_tb_1"}
\o Resetting statistical vars
\o 
\o *Info*    Setting parameter values ...
\o 
\o Setting var l_sweep = "500n"
\o 
\o *Info*    Netlist Directory =
\o           /home/dtvt_13/simulation/my_lib/pmos_tb/maestro/results/maestro/ExplorerRun.0/5/my_lib_pmos_tb_1/netlist
\o 
\o 
\o *Info*    Data Directory    =
\o           /home/dtvt_13/simulation/my_lib/pmos_tb/maestro/results/maestro/ExplorerRun.0/5/my_lib_pmos_tb_1
\o 
\o Reusing AHDL Data dir
\o generate netlist...
\o Ignoring netlist creation since ignoreDesignChangesDuringRun is set to true
\o       ...successful.
\o compose simulator input file...
\o       ...successful.
\o [2026-04-12 01:27:24.273 +0700] [PROCESS] [cadence.virtuoso.ade.services.netlister] - Current memory used: 602.7344 MBytes, peak memory used: 602.7422 MBytes {"hostname": "dtvt_13", "processid": 29348, "testname": "my_lib_pmos_tb_1", "point": 5, "logfile": "/home/dtvt_13/truong/logs_dtvt_13/logs0/Service49.log"}
\o [2026-04-12 01:27:24.273 +0700] [INFO] [cadence.virtuoso.ade.services.netlister] - Finished netlisting {"point": 5, "testname": "my_lib_pmos_tb_1"}
\# Memory report: Maximum memory size now 11,876 MB at UTC 2026.04.11 18:28:08.311
\o [2026-04-12 01:29:25.091 +0700] [EVENT] [cadence.virtuoso.ade.services.netlister] - NewPoint {"point": 0, "testname": "my_lib_pmos_tb_1", "event": "NewPoint", "EventSource": "Netlist Service", "HistoryName": "ExplorerRun.0", "logFile": "/home/dtvt_13/truong/logs_dtvt_13/logs0/Service49.log", "logFileSize": "28776"}
\o [2026-04-12 01:29:25.091 +0700] [INFO] [cadence.virtuoso.ade.services.netlister] - Started preparing netlist {"point": 0, "testname": "my_lib_pmos_tb_1"}
\o Simulation design variables differ from those on the cellView,
\o they have been saved in the file "/tmp/saved-design-variables".
\o To save future changes, copy variables to cellView before exiting.
\o *Warning* AXL Context Manager : job 49 is already registered. 
\o 
\o 
\o 
\o *Info*    Configuring the session ...
\o 
\o 	Library      = my_lib
\o 	Cell         = pmos_tb
\o 	View         = schematic
\o 	Simulator    = spectre
\o 	State Path   = $AXL_SETUPDB_DIR/test_states
\o 	State Name   = ExplorerRun.0
\o 	Results DB   = /home/dtvt_13/truong/my_lib/pmos_tb/maestro/results/maestro/ExplorerRun.0.rdb
\o 	Results Dir  = /home/dtvt_13/simulation/my_lib/pmos_tb/maestro/results/maestro/ExplorerRun.0/1/my_lib_pmos_tb_1
\o 	Results Loc  = /home/dtvt_13/simulation/my_lib/pmos_tb/maestro/results/maestro
\o 	Project Dir  = /home/dtvt_13/simulation
\o 	Setup DB loc = /home/dtvt_13/truong/my_lib/pmos_tb/maestro
\o 	File Encoding = 0
\o 
\o 
\o 
\o *Info*    The auto suspension is disabled.
\o 
\o Resetting statistical vars
\o 
\o *Info*    Setting parameter values ...
\o 
\o Setting var l_sweep = "260n"
\o Setting var mul = "1"
\o Setting var vg = "0.9"
\o Setting var vs = "1.8"
\o Setting var w_sweep = "6u"
\o Reusing AHDL Data dir
\o 
\o *Info*    Data Directory    =
\o           /home/dtvt_13/simulation/my_lib/pmos_tb/maestro/results/maestro/ExplorerRun.0/psf/my_lib_pmos_tb_1
\o 
\o generate netlist...
\o Initializing the control file using cp:
\o     cp /home/dtvt_13/CDNS_Client/IC618-ISR28/tools.lnx86/dfII/etc/si/control.spectre /home/dtvt_13/simulation/my_lib/pmos_tb/maestro/results/maestro/ExplorerRun.0/psf/my_lib_pmos_tb_1/netlist/control
\o Copying Spectre source file 'spectre.inp'
\o Copying Spectre command file 'spectre.sim'
\o Begin Incremental Netlisting Apr 12 01:29:26 2026
\o End netlisting Apr 12 01:29:26 2026
\o 
\o Netlisting Statistics:
\o 	Number of components:    3
\o 
\o 	Elapsed time:          0.0s
\o Errors: 0	Warnings: 0
\o       ...successful.
\o compose simulator input file...
\o       ...successful.
\o [2026-04-12 01:29:26.659 +0700] [INFO] [cadence.virtuoso.ade.services.netlister] - Finished preparing netlist {"point": 0, "testname": "my_lib_pmos_tb_1"}
\o [2026-04-12 01:29:27.661 +0700] [EVENT] [cadence.virtuoso.ade.services.netlister] - NewPoint {"point": 1, "testname": "my_lib_pmos_tb_1", "event": "NewPoint", "EventSource": "Netlist Service", "HistoryName": "ExplorerRun.0", "logFile": "/home/dtvt_13/truong/logs_dtvt_13/logs0/Service49.log", "logFileSize": "29319"}
\o [2026-04-12 01:29:27.661 +0700] [INFO] [cadence.virtuoso.ade.services.netlister] - Started netlisting {"point": 1, "testname": "my_lib_pmos_tb_1"}
\o Resetting statistical vars
\o 
\o *Info*    Setting parameter values ...
\o 
\o Setting var l_sweep = "260n"
\o Setting var mul = "1"
\o Setting temp(T) = 27
\o Setting var vg = "0.9"
\o Setting var vs = "1.8"
\o Setting var w_sweep = "6u"
\o 
\o *Info*    Netlist Directory =
\o           /home/dtvt_13/simulation/my_lib/pmos_tb/maestro/results/maestro/ExplorerRun.0/1/my_lib_pmos_tb_1/netlist
\o 
\o 
\o *Info*    Data Directory    =
\o           /home/dtvt_13/simulation/my_lib/pmos_tb/maestro/results/maestro/ExplorerRun.0/1/my_lib_pmos_tb_1
\o 
\o Reusing AHDL Data dir
\o generate netlist...
\o Ignoring netlist creation since ignoreDesignChangesDuringRun is set to true
\o       ...successful.
\o compose simulator input file...
\o       ...successful.
\o [2026-04-12 01:29:28.279 +0700] [PROCESS] [cadence.virtuoso.ade.services.netlister] - Current memory used: 602.7383 MBytes, peak memory used: 602.7461 MBytes {"hostname": "dtvt_13", "processid": 29348, "testname": "my_lib_pmos_tb_1", "point": 1, "logfile": "/home/dtvt_13/truong/logs_dtvt_13/logs0/Service49.log"}
\o [2026-04-12 01:29:28.280 +0700] [INFO] [cadence.virtuoso.ade.services.netlister] - Finished netlisting {"point": 1, "testname": "my_lib_pmos_tb_1"}
\o [2026-04-12 01:29:28.282 +0700] [EVENT] [cadence.virtuoso.ade.services.netlister] - NewPoint {"point": 2, "testname": "my_lib_pmos_tb_1", "event": "NewPoint", "EventSource": "Netlist Service", "HistoryName": "ExplorerRun.0", "logFile": "/home/dtvt_13/truong/logs_dtvt_13/logs0/Service49.log", "logFileSize": "33169"}
\o [2026-04-12 01:29:28.282 +0700] [INFO] [cadence.virtuoso.ade.services.netlister] - Started netlisting {"point": 2, "testname": "my_lib_pmos_tb_1"}
\o Resetting statistical vars
\o 
\o *Info*    Setting parameter values ...
\o 
\o Setting var l_sweep = "30.00026m"
\o 
\o *Info*    Netlist Directory =
\o           /home/dtvt_13/simulation/my_lib/pmos_tb/maestro/results/maestro/ExplorerRun.0/2/my_lib_pmos_tb_1/netlist
\o 
\o 
\o *Info*    Data Directory    =
\o           /home/dtvt_13/simulation/my_lib/pmos_tb/maestro/results/maestro/ExplorerRun.0/2/my_lib_pmos_tb_1
\o 
\o Reusing AHDL Data dir
\o generate netlist...
\o Ignoring netlist creation since ignoreDesignChangesDuringRun is set to true
\o       ...successful.
\o compose simulator input file...
\o       ...successful.
\o [2026-04-12 01:29:28.674 +0700] [PROCESS] [cadence.virtuoso.ade.services.netlister] - Current memory used: 602.7383 MBytes, peak memory used: 602.7461 MBytes {"hostname": "dtvt_13", "processid": 29348, "testname": "my_lib_pmos_tb_1", "point": 2, "logfile": "/home/dtvt_13/truong/logs_dtvt_13/logs0/Service49.log"}
\o [2026-04-12 01:29:28.674 +0700] [INFO] [cadence.virtuoso.ade.services.netlister] - Finished netlisting {"point": 2, "testname": "my_lib_pmos_tb_1"}
\o [2026-04-12 01:29:28.675 +0700] [EVENT] [cadence.virtuoso.ade.services.netlister] - NewPoint {"point": 3, "testname": "my_lib_pmos_tb_1", "event": "NewPoint", "EventSource": "Netlist Service", "HistoryName": "ExplorerRun.0", "logFile": "/home/dtvt_13/truong/logs_dtvt_13/logs0/Service49.log", "logFileSize": "34744"}
\o [2026-04-12 01:29:28.675 +0700] [INFO] [cadence.virtuoso.ade.services.netlister] - Started netlisting {"point": 3, "testname": "my_lib_pmos_tb_1"}
\o Resetting statistical vars
\o 
\o *Info*    Setting parameter values ...
\o 
\o Setting var l_sweep = "60.00026m"
\o 
\o *Info*    Netlist Directory =
\o           /home/dtvt_13/simulation/my_lib/pmos_tb/maestro/results/maestro/ExplorerRun.0/3/my_lib_pmos_tb_1/netlist
\o 
\o 
\o *Info*    Data Directory    =
\o           /home/dtvt_13/simulation/my_lib/pmos_tb/maestro/results/maestro/ExplorerRun.0/3/my_lib_pmos_tb_1
\o 
\o Reusing AHDL Data dir
\o generate netlist...
\o Ignoring netlist creation since ignoreDesignChangesDuringRun is set to true
\o       ...successful.
\o compose simulator input file...
\o       ...successful.
\o [2026-04-12 01:29:28.903 +0700] [PROCESS] [cadence.virtuoso.ade.services.netlister] - Current memory used: 602.7383 MBytes, peak memory used: 602.7461 MBytes {"hostname": "dtvt_13", "processid": 29348, "testname": "my_lib_pmos_tb_1", "point": 3, "logfile": "/home/dtvt_13/truong/logs_dtvt_13/logs0/Service49.log"}
\o [2026-04-12 01:29:28.904 +0700] [INFO] [cadence.virtuoso.ade.services.netlister] - Finished netlisting {"point": 3, "testname": "my_lib_pmos_tb_1"}
\o [2026-04-12 01:29:28.905 +0700] [EVENT] [cadence.virtuoso.ade.services.netlister] - NewPoint {"point": 4, "testname": "my_lib_pmos_tb_1", "event": "NewPoint", "EventSource": "Netlist Service", "HistoryName": "ExplorerRun.0", "logFile": "/home/dtvt_13/truong/logs_dtvt_13/logs0/Service49.log", "logFileSize": "36319"}
\o [2026-04-12 01:29:28.905 +0700] [INFO] [cadence.virtuoso.ade.services.netlister] - Started netlisting {"point": 4, "testname": "my_lib_pmos_tb_1"}
\o Resetting statistical vars
\o 
\o *Info*    Setting parameter values ...
\o 
\o Setting var l_sweep = "90.00026m"
\o 
\o *Info*    Netlist Directory =
\o           /home/dtvt_13/simulation/my_lib/pmos_tb/maestro/results/maestro/ExplorerRun.0/4/my_lib_pmos_tb_1/netlist
\o 
\o 
\o *Info*    Data Directory    =
\o           /home/dtvt_13/simulation/my_lib/pmos_tb/maestro/results/maestro/ExplorerRun.0/4/my_lib_pmos_tb_1
\o 
\o Reusing AHDL Data dir
\o generate netlist...
\o Ignoring netlist creation since ignoreDesignChangesDuringRun is set to true
\o       ...successful.
\o compose simulator input file...
\o       ...successful.
\o [2026-04-12 01:29:29.148 +0700] [PROCESS] [cadence.virtuoso.ade.services.netlister] - Current memory used: 602.7383 MBytes, peak memory used: 602.7461 MBytes {"hostname": "dtvt_13", "processid": 29348, "testname": "my_lib_pmos_tb_1", "point": 4, "logfile": "/home/dtvt_13/truong/logs_dtvt_13/logs0/Service49.log"}
\o [2026-04-12 01:29:29.148 +0700] [INFO] [cadence.virtuoso.ade.services.netlister] - Finished netlisting {"point": 4, "testname": "my_lib_pmos_tb_1"}
\o [2026-04-12 01:29:29.149 +0700] [EVENT] [cadence.virtuoso.ade.services.netlister] - NewPoint {"point": 5, "testname": "my_lib_pmos_tb_1", "event": "NewPoint", "EventSource": "Netlist Service", "HistoryName": "ExplorerRun.0", "logFile": "/home/dtvt_13/truong/logs_dtvt_13/logs0/Service49.log", "logFileSize": "37894"}
\o [2026-04-12 01:29:29.149 +0700] [INFO] [cadence.virtuoso.ade.services.netlister] - Started netlisting {"point": 5, "testname": "my_lib_pmos_tb_1"}
\o Resetting statistical vars
\o 
\o *Info*    Setting parameter values ...
\o 
\o Setting var l_sweep = "120.00026m"
\o 
\o *Info*    Netlist Directory =
\o           /home/dtvt_13/simulation/my_lib/pmos_tb/maestro/results/maestro/ExplorerRun.0/5/my_lib_pmos_tb_1/netlist
\o 
\o 
\o *Info*    Data Directory    =
\o           /home/dtvt_13/simulation/my_lib/pmos_tb/maestro/results/maestro/ExplorerRun.0/5/my_lib_pmos_tb_1
\o 
\o Reusing AHDL Data dir
\o generate netlist...
\o Ignoring netlist creation since ignoreDesignChangesDuringRun is set to true
\o       ...successful.
\o compose simulator input file...
\o       ...successful.
\o [2026-04-12 01:29:29.402 +0700] [PROCESS] [cadence.virtuoso.ade.services.netlister] - Current memory used: 602.7383 MBytes, peak memory used: 602.7461 MBytes {"hostname": "dtvt_13", "processid": 29348, "testname": "my_lib_pmos_tb_1", "point": 5, "logfile": "/home/dtvt_13/truong/logs_dtvt_13/logs0/Service49.log"}
\o [2026-04-12 01:29:29.403 +0700] [INFO] [cadence.virtuoso.ade.services.netlister] - Finished netlisting {"point": 5, "testname": "my_lib_pmos_tb_1"}
\o [2026-04-12 01:29:29.403 +0700] [EVENT] [cadence.virtuoso.ade.services.netlister] - NewPoint {"point": 6, "testname": "my_lib_pmos_tb_1", "event": "NewPoint", "EventSource": "Netlist Service", "HistoryName": "ExplorerRun.0", "logFile": "/home/dtvt_13/truong/logs_dtvt_13/logs0/Service49.log", "logFileSize": "39470"}
\o [2026-04-12 01:29:29.403 +0700] [INFO] [cadence.virtuoso.ade.services.netlister] - Started netlisting {"point": 6, "testname": "my_lib_pmos_tb_1"}
\o Resetting statistical vars
\o 
\o *Info*    Setting parameter values ...
\o 
\o Setting var l_sweep = "150.00026m"
\o 
\o *Info*    Netlist Directory =
\o           /home/dtvt_13/simulation/my_lib/pmos_tb/maestro/results/maestro/ExplorerRun.0/6/my_lib_pmos_tb_1/netlist
\o 
\o 
\o *Info*    Data Directory    =
\o           /home/dtvt_13/simulation/my_lib/pmos_tb/maestro/results/maestro/ExplorerRun.0/6/my_lib_pmos_tb_1
\o 
\o Reusing AHDL Data dir
\o generate netlist...
\o Ignoring netlist creation since ignoreDesignChangesDuringRun is set to true
\o       ...successful.
\o compose simulator input file...
\o       ...successful.
\o [2026-04-12 01:29:29.605 +0700] [PROCESS] [cadence.virtuoso.ade.services.netlister] - Current memory used: 602.7383 MBytes, peak memory used: 602.7461 MBytes {"hostname": "dtvt_13", "processid": 29348, "testname": "my_lib_pmos_tb_1", "point": 6, "logfile": "/home/dtvt_13/truong/logs_dtvt_13/logs0/Service49.log"}
\o [2026-04-12 01:29:29.606 +0700] [INFO] [cadence.virtuoso.ade.services.netlister] - Finished netlisting {"point": 6, "testname": "my_lib_pmos_tb_1"}
\o [2026-04-12 01:29:29.607 +0700] [EVENT] [cadence.virtuoso.ade.services.netlister] - NewPoint {"point": 7, "testname": "my_lib_pmos_tb_1", "event": "NewPoint", "EventSource": "Netlist Service", "HistoryName": "ExplorerRun.0", "logFile": "/home/dtvt_13/truong/logs_dtvt_13/logs0/Service49.log", "logFileSize": "41046"}
\o [2026-04-12 01:29:29.607 +0700] [INFO] [cadence.virtuoso.ade.services.netlister] - Started netlisting {"point": 7, "testname": "my_lib_pmos_tb_1"}
\o Resetting statistical vars
\o 
\o *Info*    Setting parameter values ...
\o 
\o Setting var l_sweep = "180.00026m"
\o 
\o *Info*    Netlist Directory =
\o           /home/dtvt_13/simulation/my_lib/pmos_tb/maestro/results/maestro/ExplorerRun.0/7/my_lib_pmos_tb_1/netlist
\o 
\o 
\o *Info*    Data Directory    =
\o           /home/dtvt_13/simulation/my_lib/pmos_tb/maestro/results/maestro/ExplorerRun.0/7/my_lib_pmos_tb_1
\o 
\o Reusing AHDL Data dir
\o generate netlist...
\o Ignoring netlist creation since ignoreDesignChangesDuringRun is set to true
\o       ...successful.
\o compose simulator input file...
\o       ...successful.
\o [2026-04-12 01:29:29.826 +0700] [PROCESS] [cadence.virtuoso.ade.services.netlister] - Current memory used: 602.7383 MBytes, peak memory used: 602.7461 MBytes {"hostname": "dtvt_13", "processid": 29348, "testname": "my_lib_pmos_tb_1", "point": 7, "logfile": "/home/dtvt_13/truong/logs_dtvt_13/logs0/Service49.log"}
\o [2026-04-12 01:29:29.827 +0700] [INFO] [cadence.virtuoso.ade.services.netlister] - Finished netlisting {"point": 7, "testname": "my_lib_pmos_tb_1"}
\o [2026-04-12 01:29:29.827 +0700] [EVENT] [cadence.virtuoso.ade.services.netlister] - NewPoint {"point": 8, "testname": "my_lib_pmos_tb_1", "event": "NewPoint", "EventSource": "Netlist Service", "HistoryName": "ExplorerRun.0", "logFile": "/home/dtvt_13/truong/logs_dtvt_13/logs0/Service49.log", "logFileSize": "42622"}
\o [2026-04-12 01:29:29.827 +0700] [INFO] [cadence.virtuoso.ade.services.netlister] - Started netlisting {"point": 8, "testname": "my_lib_pmos_tb_1"}
\o Resetting statistical vars
\o 
\o *Info*    Setting parameter values ...
\o 
\o Setting var l_sweep = "210.00026m"
\o 
\o *Info*    Netlist Directory =
\o           /home/dtvt_13/simulation/my_lib/pmos_tb/maestro/results/maestro/ExplorerRun.0/8/my_lib_pmos_tb_1/netlist
\o 
\o 
\o *Info*    Data Directory    =
\o           /home/dtvt_13/simulation/my_lib/pmos_tb/maestro/results/maestro/ExplorerRun.0/8/my_lib_pmos_tb_1
\o 
\o Reusing AHDL Data dir
\o generate netlist...
\o Ignoring netlist creation since ignoreDesignChangesDuringRun is set to true
\o       ...successful.
\o compose simulator input file...
\o       ...successful.
\o [2026-04-12 01:29:30.036 +0700] [PROCESS] [cadence.virtuoso.ade.services.netlister] - Current memory used: 602.7383 MBytes, peak memory used: 602.7461 MBytes {"hostname": "dtvt_13", "processid": 29348, "testname": "my_lib_pmos_tb_1", "point": 8, "logfile": "/home/dtvt_13/truong/logs_dtvt_13/logs0/Service49.log"}
\o [2026-04-12 01:29:30.036 +0700] [INFO] [cadence.virtuoso.ade.services.netlister] - Finished netlisting {"point": 8, "testname": "my_lib_pmos_tb_1"}
\o [2026-04-12 01:29:30.037 +0700] [EVENT] [cadence.virtuoso.ade.services.netlister] - NewPoint {"point": 9, "testname": "my_lib_pmos_tb_1", "event": "NewPoint", "EventSource": "Netlist Service", "HistoryName": "ExplorerRun.0", "logFile": "/home/dtvt_13/truong/logs_dtvt_13/logs0/Service49.log", "logFileSize": "44198"}
\o [2026-04-12 01:29:30.037 +0700] [INFO] [cadence.virtuoso.ade.services.netlister] - Started netlisting {"point": 9, "testname": "my_lib_pmos_tb_1"}
\o Resetting statistical vars
\o 
\o *Info*    Setting parameter values ...
\o 
\o Setting var l_sweep = "240.00026m"
\o 
\o *Info*    Netlist Directory =
\o           /home/dtvt_13/simulation/my_lib/pmos_tb/maestro/results/maestro/ExplorerRun.0/9/my_lib_pmos_tb_1/netlist
\o 
\o 
\o *Info*    Data Directory    =
\o           /home/dtvt_13/simulation/my_lib/pmos_tb/maestro/results/maestro/ExplorerRun.0/9/my_lib_pmos_tb_1
\o 
\o Reusing AHDL Data dir
\o generate netlist...
\o Ignoring netlist creation since ignoreDesignChangesDuringRun is set to true
\o       ...successful.
\o compose simulator input file...
\o       ...successful.
\o [2026-04-12 01:29:30.257 +0700] [PROCESS] [cadence.virtuoso.ade.services.netlister] - Current memory used: 602.7383 MBytes, peak memory used: 602.7461 MBytes {"hostname": "dtvt_13", "processid": 29348, "testname": "my_lib_pmos_tb_1", "point": 9, "logfile": "/home/dtvt_13/truong/logs_dtvt_13/logs0/Service49.log"}
\o [2026-04-12 01:29:30.257 +0700] [INFO] [cadence.virtuoso.ade.services.netlister] - Finished netlisting {"point": 9, "testname": "my_lib_pmos_tb_1"}
\o [2026-04-12 01:29:30.258 +0700] [EVENT] [cadence.virtuoso.ade.services.netlister] - NewPoint {"point": 10, "testname": "my_lib_pmos_tb_1", "event": "NewPoint", "EventSource": "Netlist Service", "HistoryName": "ExplorerRun.0", "logFile": "/home/dtvt_13/truong/logs_dtvt_13/logs0/Service49.log", "logFileSize": "45774"}
\o [2026-04-12 01:29:30.258 +0700] [INFO] [cadence.virtuoso.ade.services.netlister] - Started netlisting {"point": 10, "testname": "my_lib_pmos_tb_1"}
\o Resetting statistical vars
\o 
\o *Info*    Setting parameter values ...
\o 
\o Setting var l_sweep = "270.00026m"
\o 
\o *Info*    Netlist Directory =
\o           /home/dtvt_13/simulation/my_lib/pmos_tb/maestro/results/maestro/ExplorerRun.0/10/my_lib_pmos_tb_1/netlist
\o 
\o 
\o *Info*    Data Directory    =
\o           /home/dtvt_13/simulation/my_lib/pmos_tb/maestro/results/maestro/ExplorerRun.0/10/my_lib_pmos_tb_1
\o 
\o Reusing AHDL Data dir
\o generate netlist...
\o Ignoring netlist creation since ignoreDesignChangesDuringRun is set to true
\o       ...successful.
\o compose simulator input file...
\o       ...successful.
\o [2026-04-12 01:29:30.540 +0700] [PROCESS] [cadence.virtuoso.ade.services.netlister] - Current memory used: 602.7422 MBytes, peak memory used: 602.7461 MBytes {"hostname": "dtvt_13", "processid": 29348, "testname": "my_lib_pmos_tb_1", "point": 10, "logfile": "/home/dtvt_13/truong/logs_dtvt_13/logs0/Service49.log"}
\o [2026-04-12 01:29:30.541 +0700] [INFO] [cadence.virtuoso.ade.services.netlister] - Finished netlisting {"point": 10, "testname": "my_lib_pmos_tb_1"}
\o [2026-04-12 01:29:30.542 +0700] [EVENT] [cadence.virtuoso.ade.services.netlister] - NewPoint {"point": 11, "testname": "my_lib_pmos_tb_1", "event": "NewPoint", "EventSource": "Netlist Service", "HistoryName": "ExplorerRun.0", "logFile": "/home/dtvt_13/truong/logs_dtvt_13/logs0/Service49.log", "logFileSize": "47356"}
\o [2026-04-12 01:29:30.542 +0700] [INFO] [cadence.virtuoso.ade.services.netlister] - Started netlisting {"point": 11, "testname": "my_lib_pmos_tb_1"}
\o Resetting statistical vars
\o 
\o *Info*    Setting parameter values ...
\o 
\o Setting var l_sweep = "300.00026m"
\o 
\o *Info*    Netlist Directory =
\o           /home/dtvt_13/simulation/my_lib/pmos_tb/maestro/results/maestro/ExplorerRun.0/11/my_lib_pmos_tb_1/netlist
\o 
\o 
\o *Info*    Data Directory    =
\o           /home/dtvt_13/simulation/my_lib/pmos_tb/maestro/results/maestro/ExplorerRun.0/11/my_lib_pmos_tb_1
\o 
\o Reusing AHDL Data dir
\o generate netlist...
\o Ignoring netlist creation since ignoreDesignChangesDuringRun is set to true
\o       ...successful.
\o compose simulator input file...
\o       ...successful.
\o [2026-04-12 01:29:30.756 +0700] [PROCESS] [cadence.virtuoso.ade.services.netlister] - Current memory used: 602.7422 MBytes, peak memory used: 602.7461 MBytes {"hostname": "dtvt_13", "processid": 29348, "testname": "my_lib_pmos_tb_1", "point": 11, "logfile": "/home/dtvt_13/truong/logs_dtvt_13/logs0/Service49.log"}
\o [2026-04-12 01:29:30.756 +0700] [INFO] [cadence.virtuoso.ade.services.netlister] - Finished netlisting {"point": 11, "testname": "my_lib_pmos_tb_1"}
\o [2026-04-12 01:29:30.757 +0700] [EVENT] [cadence.virtuoso.ade.services.netlister] - NewPoint {"point": 12, "testname": "my_lib_pmos_tb_1", "event": "NewPoint", "EventSource": "Netlist Service", "HistoryName": "ExplorerRun.0", "logFile": "/home/dtvt_13/truong/logs_dtvt_13/logs0/Service49.log", "logFileSize": "48938"}
\o [2026-04-12 01:29:30.758 +0700] [INFO] [cadence.virtuoso.ade.services.netlister] - Started netlisting {"point": 12, "testname": "my_lib_pmos_tb_1"}
\o Resetting statistical vars
\o 
\o *Info*    Setting parameter values ...
\o 
\o Setting var l_sweep = "330.00026m"
\o 
\o *Info*    Netlist Directory =
\o           /home/dtvt_13/simulation/my_lib/pmos_tb/maestro/results/maestro/ExplorerRun.0/12/my_lib_pmos_tb_1/netlist
\o 
\o 
\o *Info*    Data Directory    =
\o           /home/dtvt_13/simulation/my_lib/pmos_tb/maestro/results/maestro/ExplorerRun.0/12/my_lib_pmos_tb_1
\o 
\o Reusing AHDL Data dir
\o generate netlist...
\o Ignoring netlist creation since ignoreDesignChangesDuringRun is set to true
\o       ...successful.
\o compose simulator input file...
\o       ...successful.
\o [2026-04-12 01:29:30.984 +0700] [PROCESS] [cadence.virtuoso.ade.services.netlister] - Current memory used: 602.7422 MBytes, peak memory used: 602.7461 MBytes {"hostname": "dtvt_13", "processid": 29348, "testname": "my_lib_pmos_tb_1", "point": 12, "logfile": "/home/dtvt_13/truong/logs_dtvt_13/logs0/Service49.log"}
\o [2026-04-12 01:29:30.984 +0700] [INFO] [cadence.virtuoso.ade.services.netlister] - Finished netlisting {"point": 12, "testname": "my_lib_pmos_tb_1"}
\o [2026-04-12 01:29:30.985 +0700] [EVENT] [cadence.virtuoso.ade.services.netlister] - NewPoint {"point": 13, "testname": "my_lib_pmos_tb_1", "event": "NewPoint", "EventSource": "Netlist Service", "HistoryName": "ExplorerRun.0", "logFile": "/home/dtvt_13/truong/logs_dtvt_13/logs0/Service49.log", "logFileSize": "50520"}
\o [2026-04-12 01:29:30.985 +0700] [INFO] [cadence.virtuoso.ade.services.netlister] - Started netlisting {"point": 13, "testname": "my_lib_pmos_tb_1"}
\o Resetting statistical vars
\o 
\o *Info*    Setting parameter values ...
\o 
\o Setting var l_sweep = "360.00026m"
\o 
\o *Info*    Netlist Directory =
\o           /home/dtvt_13/simulation/my_lib/pmos_tb/maestro/results/maestro/ExplorerRun.0/13/my_lib_pmos_tb_1/netlist
\o 
\o 
\o *Info*    Data Directory    =
\o           /home/dtvt_13/simulation/my_lib/pmos_tb/maestro/results/maestro/ExplorerRun.0/13/my_lib_pmos_tb_1
\o 
\o Reusing AHDL Data dir
\o generate netlist...
\o Ignoring netlist creation since ignoreDesignChangesDuringRun is set to true
\o       ...successful.
\o compose simulator input file...
\o       ...successful.
\o [2026-04-12 01:29:31.212 +0700] [PROCESS] [cadence.virtuoso.ade.services.netlister] - Current memory used: 602.7422 MBytes, peak memory used: 602.7461 MBytes {"hostname": "dtvt_13", "processid": 29348, "testname": "my_lib_pmos_tb_1", "point": 13, "logfile": "/home/dtvt_13/truong/logs_dtvt_13/logs0/Service49.log"}
\o [2026-04-12 01:29:31.212 +0700] [INFO] [cadence.virtuoso.ade.services.netlister] - Finished netlisting {"point": 13, "testname": "my_lib_pmos_tb_1"}
\o **** stopping dspf2oa stdobj@0x3451d380 26 49
\# Memory report: Maximum memory size now 12,228 MB at UTC 2026.04.11 18:30:17.792
\o [2026-04-12 01:30:17.791 +0700] [EVENT] [cadence.virtuoso.ade.services.netlister] - NewPoint {"point": 0, "testname": "my_lib_pmos_tb_1", "event": "NewPoint", "EventSource": "Netlist Service", "HistoryName": "ExplorerRun.0", "logFile": "/home/dtvt_13/truong/logs_dtvt_13/logs0/Service49.log", "logFileSize": "52151"}
\o [2026-04-12 01:30:17.792 +0700] [INFO] [cadence.virtuoso.ade.services.netlister] - Started preparing netlist {"point": 0, "testname": "my_lib_pmos_tb_1"}
\o Simulation design variables differ from those on the cellView,
\o they have been saved in the file "/tmp/saved-design-variables".
\o To save future changes, copy variables to cellView before exiting.
\o *Warning* AXL Context Manager : job 49 is already registered. 
\o 
\o 
\o 
\o *Info*    Configuring the session ...
\o 
\o 	Library      = my_lib
\o 	Cell         = pmos_tb
\o 	View         = schematic
\o 	Simulator    = spectre
\o 	State Path   = $AXL_SETUPDB_DIR/test_states
\o 	State Name   = ExplorerRun.0
\o 	Results DB   = /home/dtvt_13/truong/my_lib/pmos_tb/maestro/results/maestro/ExplorerRun.0.rdb
\o 	Results Dir  = /home/dtvt_13/simulation/my_lib/pmos_tb/maestro/results/maestro/ExplorerRun.0/1/my_lib_pmos_tb_1
\o 	Results Loc  = /home/dtvt_13/simulation/my_lib/pmos_tb/maestro/results/maestro
\o 	Project Dir  = /home/dtvt_13/simulation
\o 	Setup DB loc = /home/dtvt_13/truong/my_lib/pmos_tb/maestro
\o 	File Encoding = 0
\o 
\o 
\o 
\o *Info*    The auto suspension is disabled.
\o 
\o Resetting statistical vars
\o 
\o *Info*    Setting parameter values ...
\o 
\o Setting var l_sweep = "260n"
\o Setting var mul = "1"
\o Setting var vg = "0.9"
\o Setting var vs = "1.8"
\o Setting var w_sweep = "6u"
\o Reusing AHDL Data dir
\o 
\o *Info*    Data Directory    =
\o           /home/dtvt_13/simulation/my_lib/pmos_tb/maestro/results/maestro/ExplorerRun.0/psf/my_lib_pmos_tb_1
\o 
\o generate netlist...
\o Initializing the control file using cp:
\o     cp /home/dtvt_13/CDNS_Client/IC618-ISR28/tools.lnx86/dfII/etc/si/control.spectre /home/dtvt_13/simulation/my_lib/pmos_tb/maestro/results/maestro/ExplorerRun.0/psf/my_lib_pmos_tb_1/netlist/control
\o Copying Spectre source file 'spectre.inp'
\o Copying Spectre command file 'spectre.sim'
\o Begin Incremental Netlisting Apr 12 01:30:19 2026
\o End netlisting Apr 12 01:30:19 2026
\o 
\o Netlisting Statistics:
\o 	Number of components:    3
\o 
\o 	Elapsed time:          0.0s
\o Errors: 0	Warnings: 0
\o       ...successful.
\o compose simulator input file...
\o       ...successful.
\o [2026-04-12 01:30:19.273 +0700] [INFO] [cadence.virtuoso.ade.services.netlister] - Finished preparing netlist {"point": 0, "testname": "my_lib_pmos_tb_1"}
\o [2026-04-12 01:30:20.274 +0700] [EVENT] [cadence.virtuoso.ade.services.netlister] - NewPoint {"point": 1, "testname": "my_lib_pmos_tb_1", "event": "NewPoint", "EventSource": "Netlist Service", "HistoryName": "ExplorerRun.0", "logFile": "/home/dtvt_13/truong/logs_dtvt_13/logs0/Service49.log", "logFileSize": "53958"}
\o [2026-04-12 01:30:20.275 +0700] [INFO] [cadence.virtuoso.ade.services.netlister] - Started netlisting {"point": 1, "testname": "my_lib_pmos_tb_1"}
\o Resetting statistical vars
\o 
\o *Info*    Setting parameter values ...
\o 
\o Setting var l_sweep = "260n"
\o Setting var mul = "1"
\o Setting temp(T) = 27
\o Setting var vg = "0.9"
\o Setting var vs = "1.8"
\o Setting var w_sweep = "6u"
\o 
\o *Info*    Netlist Directory =
\o           /home/dtvt_13/simulation/my_lib/pmos_tb/maestro/results/maestro/ExplorerRun.0/1/my_lib_pmos_tb_1/netlist
\o 
\o 
\o *Info*    Data Directory    =
\o           /home/dtvt_13/simulation/my_lib/pmos_tb/maestro/results/maestro/ExplorerRun.0/1/my_lib_pmos_tb_1
\o 
\o Reusing AHDL Data dir
\o generate netlist...
\o Ignoring netlist creation since ignoreDesignChangesDuringRun is set to true
\o       ...successful.
\o compose simulator input file...
\o       ...successful.
\o [2026-04-12 01:30:20.847 +0700] [PROCESS] [cadence.virtuoso.ade.services.netlister] - Current memory used: 604.7383 MBytes, peak memory used: 604.7461 MBytes {"hostname": "dtvt_13", "processid": 29348, "testname": "my_lib_pmos_tb_1", "point": 1, "logfile": "/home/dtvt_13/truong/logs_dtvt_13/logs0/Service49.log"}
\o [2026-04-12 01:30:20.847 +0700] [INFO] [cadence.virtuoso.ade.services.netlister] - Finished netlisting {"point": 1, "testname": "my_lib_pmos_tb_1"}
\o [2026-04-12 01:30:20.848 +0700] [EVENT] [cadence.virtuoso.ade.services.netlister] - NewPoint {"point": 2, "testname": "my_lib_pmos_tb_1", "event": "NewPoint", "EventSource": "Netlist Service", "HistoryName": "ExplorerRun.0", "logFile": "/home/dtvt_13/truong/logs_dtvt_13/logs0/Service49.log", "logFileSize": "56627"}
\o [2026-04-12 01:30:20.848 +0700] [INFO] [cadence.virtuoso.ade.services.netlister] - Started netlisting {"point": 2, "testname": "my_lib_pmos_tb_1"}
\o Resetting statistical vars
\o 
\o *Info*    Setting parameter values ...
\o 
\o Setting var l_sweep = "290n"
\o 
\o *Info*    Netlist Directory =
\o           /home/dtvt_13/simulation/my_lib/pmos_tb/maestro/results/maestro/ExplorerRun.0/2/my_lib_pmos_tb_1/netlist
\o 
\o 
\o *Info*    Data Directory    =
\o           /home/dtvt_13/simulation/my_lib/pmos_tb/maestro/results/maestro/ExplorerRun.0/2/my_lib_pmos_tb_1
\o 
\o Reusing AHDL Data dir
\o generate netlist...
\o Ignoring netlist creation since ignoreDesignChangesDuringRun is set to true
\o       ...successful.
\o compose simulator input file...
\o       ...successful.
\o [2026-04-12 01:30:21.059 +0700] [PROCESS] [cadence.virtuoso.ade.services.netlister] - Current memory used: 604.7383 MBytes, peak memory used: 604.7461 MBytes {"hostname": "dtvt_13", "processid": 29348, "testname": "my_lib_pmos_tb_1", "point": 2, "logfile": "/home/dtvt_13/truong/logs_dtvt_13/logs0/Service49.log"}
\o [2026-04-12 01:30:21.060 +0700] [INFO] [cadence.virtuoso.ade.services.netlister] - Finished netlisting {"point": 2, "testname": "my_lib_pmos_tb_1"}
\o [2026-04-12 01:30:21.060 +0700] [EVENT] [cadence.virtuoso.ade.services.netlister] - NewPoint {"point": 3, "testname": "my_lib_pmos_tb_1", "event": "NewPoint", "EventSource": "Netlist Service", "HistoryName": "ExplorerRun.0", "logFile": "/home/dtvt_13/truong/logs_dtvt_13/logs0/Service49.log", "logFileSize": "58197"}
\o [2026-04-12 01:30:21.061 +0700] [INFO] [cadence.virtuoso.ade.services.netlister] - Started netlisting {"point": 3, "testname": "my_lib_pmos_tb_1"}
\o Resetting statistical vars
\o 
\o *Info*    Setting parameter values ...
\o 
\o Setting var l_sweep = "320n"
\o 
\o *Info*    Netlist Directory =
\o           /home/dtvt_13/simulation/my_lib/pmos_tb/maestro/results/maestro/ExplorerRun.0/3/my_lib_pmos_tb_1/netlist
\o 
\o 
\o *Info*    Data Directory    =
\o           /home/dtvt_13/simulation/my_lib/pmos_tb/maestro/results/maestro/ExplorerRun.0/3/my_lib_pmos_tb_1
\o 
\o Reusing AHDL Data dir
\o generate netlist...
\o Ignoring netlist creation since ignoreDesignChangesDuringRun is set to true
\o       ...successful.
\o compose simulator input file...
\o       ...successful.
\o [2026-04-12 01:30:21.291 +0700] [PROCESS] [cadence.virtuoso.ade.services.netlister] - Current memory used: 604.7383 MBytes, peak memory used: 604.7461 MBytes {"hostname": "dtvt_13", "processid": 29348, "testname": "my_lib_pmos_tb_1", "point": 3, "logfile": "/home/dtvt_13/truong/logs_dtvt_13/logs0/Service49.log"}
\o [2026-04-12 01:30:21.292 +0700] [INFO] [cadence.virtuoso.ade.services.netlister] - Finished netlisting {"point": 3, "testname": "my_lib_pmos_tb_1"}
\o [2026-04-12 01:30:21.293 +0700] [EVENT] [cadence.virtuoso.ade.services.netlister] - NewPoint {"point": 4, "testname": "my_lib_pmos_tb_1", "event": "NewPoint", "EventSource": "Netlist Service", "HistoryName": "ExplorerRun.0", "logFile": "/home/dtvt_13/truong/logs_dtvt_13/logs0/Service49.log", "logFileSize": "59767"}
\o [2026-04-12 01:30:21.293 +0700] [INFO] [cadence.virtuoso.ade.services.netlister] - Started netlisting {"point": 4, "testname": "my_lib_pmos_tb_1"}
\o Resetting statistical vars
\o 
\o *Info*    Setting parameter values ...
\o 
\o Setting var l_sweep = "350n"
\o 
\o *Info*    Netlist Directory =
\o           /home/dtvt_13/simulation/my_lib/pmos_tb/maestro/results/maestro/ExplorerRun.0/4/my_lib_pmos_tb_1/netlist
\o 
\o 
\o *Info*    Data Directory    =
\o           /home/dtvt_13/simulation/my_lib/pmos_tb/maestro/results/maestro/ExplorerRun.0/4/my_lib_pmos_tb_1
\o 
\o Reusing AHDL Data dir
\o generate netlist...
\o Ignoring netlist creation since ignoreDesignChangesDuringRun is set to true
\o       ...successful.
\o compose simulator input file...
\o       ...successful.
\o [2026-04-12 01:30:21.497 +0700] [PROCESS] [cadence.virtuoso.ade.services.netlister] - Current memory used: 604.7383 MBytes, peak memory used: 604.7461 MBytes {"hostname": "dtvt_13", "processid": 29348, "testname": "my_lib_pmos_tb_1", "point": 4, "logfile": "/home/dtvt_13/truong/logs_dtvt_13/logs0/Service49.log"}
\o [2026-04-12 01:30:21.498 +0700] [INFO] [cadence.virtuoso.ade.services.netlister] - Finished netlisting {"point": 4, "testname": "my_lib_pmos_tb_1"}
\o [2026-04-12 01:30:21.498 +0700] [EVENT] [cadence.virtuoso.ade.services.netlister] - NewPoint {"point": 5, "testname": "my_lib_pmos_tb_1", "event": "NewPoint", "EventSource": "Netlist Service", "HistoryName": "ExplorerRun.0", "logFile": "/home/dtvt_13/truong/logs_dtvt_13/logs0/Service49.log", "logFileSize": "61337"}
\o [2026-04-12 01:30:21.498 +0700] [INFO] [cadence.virtuoso.ade.services.netlister] - Started netlisting {"point": 5, "testname": "my_lib_pmos_tb_1"}
\o Resetting statistical vars
\o 
\o *Info*    Setting parameter values ...
\o 
\o Setting var l_sweep = "380n"
\o 
\o *Info*    Netlist Directory =
\o           /home/dtvt_13/simulation/my_lib/pmos_tb/maestro/results/maestro/ExplorerRun.0/5/my_lib_pmos_tb_1/netlist
\o 
\o 
\o *Info*    Data Directory    =
\o           /home/dtvt_13/simulation/my_lib/pmos_tb/maestro/results/maestro/ExplorerRun.0/5/my_lib_pmos_tb_1
\o 
\o Reusing AHDL Data dir
\o generate netlist...
\o Ignoring netlist creation since ignoreDesignChangesDuringRun is set to true
\o       ...successful.
\o compose simulator input file...
\o       ...successful.
\o [2026-04-12 01:30:21.695 +0700] [PROCESS] [cadence.virtuoso.ade.services.netlister] - Current memory used: 604.7383 MBytes, peak memory used: 604.7461 MBytes {"hostname": "dtvt_13", "processid": 29348, "testname": "my_lib_pmos_tb_1", "point": 5, "logfile": "/home/dtvt_13/truong/logs_dtvt_13/logs0/Service49.log"}
\o [2026-04-12 01:30:21.695 +0700] [INFO] [cadence.virtuoso.ade.services.netlister] - Finished netlisting {"point": 5, "testname": "my_lib_pmos_tb_1"}
\# Memory report: Maximum memory size now 11,939 MB at UTC 2026.04.11 18:30:29.702
\o Simulation design variables differ from those on the cellView,
\o they have been saved in the file "/tmp/saved-design-variables".
\o To save future changes, copy variables to cellView before exiting.
\# Lic Summary:
\# [01:35:23.176385] Cdslmd servers:5280@192.168.32.10
\# [01:35:23.176440] Feature usage summary:
\# Memory report: on exit            742 MB, process size 2,464 MB at UTC 2026.04.11 18:35:23.176
\# Memory report: peak usage         742 MB, process size 2,464 MB
