\# Program start time:     UTC 2026.04.11 03:09:24.026
\# Local time: +07 (UTC+07:00) 2026.04.11 10:09:24.026
\o Program:		@(#)$CDS: virtuoso version 6.1.8-64b 09/28/2022 11:07 (cpgsrv12) $
\o Hierarchy:		/home/dtvt_13/CDNS_Client/IC618-ISR28/tools.lnx86/dfII/
\o Sub version:		sub-version  IC6.1.8-64b.500.28  (64-bit addresses)
\# Command line:	/home/dtvt_13/CDNS_Client/IC618-ISR28/tools.lnx86/dfII/bin/64bit/virtuoso -beanhost dtvt_13 -beanport 11300 -beanbinlog  -beanLogFile /home/dtvt_13/truong/logs_dtvt_13/logs0/amps_Service16.log -mpssession virtuoso27980 -mpshost dtvt_13 -davinciService DaVinciService_27980_1775747799 -axlSession fnxSession2 -axlServiceIdFlag 16 -uuid 6f0a40a3-6a3f-4b2d-a60f-8011d08d4f76 -heartbeat /dev/shm/swift-heartbeat.Iicu9vKgUo -log /home/dtvt_13/truong/logs_dtvt_13/logs0/Service16.log -noautostart -nographE -lscs 000175E1894CBE06FF0966E38F1FFC06BC4D4FA6D86BCF06E37C4FA6D86BCF06E37C5CD18F1FFC06867F66E38F1FFC06BC4D66E38F1FFC06BC4D0F3A347D4764D59400001E8B -interactive -offlineExprEval -fenixMode explorer -heartbeatTimeout  -lingerTimeout 300 -pointlifetime -1
\# Host name (type):	dtvt_13 (x86_64)
\# Operating system:	Linux 3.10.0-1160.118.1.el7.x86_64 #1 SMP Wed Apr 24 16:01:50 UTC 2024
\# Linux /etc/issue:	\S
\# Linux /etc/issue:	Kernel \r on an \m
\# X display name (WxH):	:2041 (1024x868)
\# Available geometry:			TL(0:0) BR(1023:867)
\# X server:			The X.Org Foundation
\# Depth of Visual (Root):	24 (24)
\# Number of Planes Used:	24
\# X version:		11.0 (vendor release 12004000)
\# X resource pool:	base 0x400000, mask 0x1fffff (2097151), shift 0
\# 			current id 0x0, current max 0x1ffffa (2097146)
\# Max data seg size:	     unlimited
\# Max process size:	     unlimited
\# Initial sbrk value:	        610 MB
\# Available memory:	     11,515 MB
\# System memory:	     23,445 MB
\# Maximum memory size:	     23,123 MB
\# Max mem available:	     11,803 MB
\# Initial memory used:	        288 MB
\#        process size:	      1,870 MB
\# Thread usage limits (effective/default):	maxthreads 4096/4096 maxload 24.00/24.00
\# Qt version:		5.9.1
\# Window Manager:	other
\# User Name:		dtvt_13
\o Working Directory:	dtvt_13:/home/dtvt_13/truong
\# Process Id:		11497
\o 
\o COPYRIGHT (C) 1992-2022  CADENCE DESIGN SYSTEMS INC.  ALL RIGHTS RESERVED.
\o           (C) 1992-2022  UNIX SYSTEMS Laboratories INC.,
\o                          Reproduced with permission.
\o 
\o This Cadence Design Systems program and online documentation are
\o proprietary/confidential information and may be disclosed/used only
\o as authorized in a license agreement controlling such use and disclosure.
\o 
\o           RESTRICTED RIGHTS NOTICE (SHORT FORM)
\o Use/reproduction/disclosure is subject to restriction
\o set forth at FAR 1252.227-19 or its equivalent.
\o Loading geView.cxt 
\o Loading menuBuilder.cxt 
\o Loading schView.cxt 
\o Loading selectSv.cxt 
\o Loading pvsui.cxt
\o Loading wireEdit.cxt 
\o Loading pte2.cxt 
\o Loading xlUI.cxt 
\o Loading auCore.cxt 
\o Loading vhdl.cxt 
\o Loading seismic.cxt 
\o Loading ci.cxt 
\o Loading ams.cxt 
\o Loading oasis.cxt 
\o Loading analog.cxt 
\o Loading asimenv.cxt 
\o Loading dal.cxt 
\o Loading awv.cxt 
\o Loading socket.cxt 
\o Loading par.cxt 
\o Loading alvs.cxt 
\o Loading caa.cxt 
\o Loading amps.cxt 
\o Loading adexlCore.cxt 
\o Loading adexl.cxt 
\o *Info*    Exporting services from client ... 
\o 
\o Loading adexlDM.cxt 
\o Loading cpf.cxt 
\# Memory report: using         418 MB, process size 2,122 MB at UTC 2026.04.11 03:09:27.057
\o Loading cli.cxt 
\o Loading lp.cxt 
\o INFO (ELI-00302) Connecting to parent process (session=virtuoso27980, host=dtvt_13). Connection mode is LSCS. Total timeout is 180 seconds. Connection timeout is 90 seconds.
\o INFO (ELI-00303) Step 1: Connecting to parent. Time spent is 0 seconds.
\o INFO (ELI-00304) The registration of the child 11497 within 90 seconds is being processed...
\o INFO (ELI-00305) The result of registration is true. Time spent is 0 seconds.
\o INFO (ELI-00308) The connection has ended. Result is true. Total time spent is 0 seconds.
\# [10:09:24.461697] Configured Lic search path (21.01-s003): 5280@192.168.32.10
\w *WARNING* The directory: '/home/centos/WORK/gpdk045_v_6_0' does not exist
\w 	but was defined in libFile '/home/dtvt_13/CDNS_Client/IC618-ISR28/share/cdssetup/cds.lib' for Lib 'gpdk045_v_6_0'.
\p > 
\# Loading perfDiag...
\# (PerfDiag): Set GDB path to environment variable 'gdbPath' (gdb).
\# Performance Diagnostic tool is installed. You can access PerfDiag from CIW Tools or use the shell command 'cdsPerfDiag -p 11497' to open it when Virtuoso freezes.
\# (PerfDiag): Loading backtrace from /home/dtvt_13/CDNS_Client/IC618-ISR28/tools/lib/64bit/cdnslibunwind.so
\i _axlRunServices()
\# [10:09:30.236376] Periodic Lic check successful
\# [10:09:30.236377] Feature usage summary:
\o Loading simui.cxt 
\o [2026-04-11 10:09:30.783 +0700] [PROCESS] [cadence.virtuoso.ade.services] - Netlist Service has successfully started. Waiting for incoming messages ... {"hostname": "dtvt_13", "processid": 11497, "logfile": "/home/dtvt_13/truong/logs_dtvt_13/logs0/Service16.log"}
\o [2026-04-11 10:09:30.826 +0700] [EVENT] [cadence.virtuoso.ade.services.netlister] - NewPoint {"point": 0, "testname": "my_lib_pmos_tb_1", "event": "NewPoint", "EventSource": "Netlist Service", "HistoryName": "ExplorerRun.0", "logFile": "/home/dtvt_13/truong/logs_dtvt_13/logs0/Service16.log", "logFileSize": "4751"}
\o [2026-04-11 10:09:30.826 +0700] [INFO] [cadence.virtuoso.ade.services.netlister] - Started preparing netlist {"point": 0, "testname": "my_lib_pmos_tb_1"}
\# Memory report: using         531 MB, process size 2,248 MB at UTC 2026.04.11 03:09:31.887
\o Loading vdsil.cxt 
\o *Warning* AXL Context Manager : job 16 is already registered. 
\o 
\o Loading vqp.cxt 
\o Loading hdlPkg.cxt 
\o 
\o 
\o *Info*    Configuring the session ...
\o 
\o 	Library      = my_lib
\o 	Cell         = pmos_tb
\o 	View         = schematic
\o 	Simulator    = spectre
\o 	State Path   = $AXL_SETUPDB_DIR/test_states
\o 	State Name   = ExplorerRun.0
\o 	Results DB   = /home/dtvt_13/truong/my_lib/pmos_tb/maestro/results/maestro/ExplorerRun.0.rdb
\o 	Results Dir  = /home/dtvt_13/simulation/my_lib/pmos_tb/maestro/results/maestro/ExplorerRun.0/1/my_lib_pmos_tb_1
\o 	Results Loc  = /home/dtvt_13/simulation/my_lib/pmos_tb/maestro/results/maestro
\o 	Project Dir  = /home/dtvt_13/simulation
\o 	Setup DB loc = /home/dtvt_13/truong/my_lib/pmos_tb/maestro
\o 	File Encoding = 0
\o 
\o 
\o Loading viva.cxt 
\w *WARNING* The directory: '/home/centos/WORK/gpdk045_v_6_0' does not exist
\w 	but was defined in libFile '/home/dtvt_13/CDNS_Client/IC618-ISR28/share/cdssetup/cds.lib' for Lib 'gpdk045_v_6_0'.
\o Initializing from libInit.il for library tsmcN65...
\o    --  /home/dtvt_13/WORK/65NTSMC/tsmcN65/../skill/pcode1.cxt
\o    --  /home/dtvt_13/WORK/65NTSMC/tsmcN65/../skill/pcode2.cxt
\o    --  tsmcN65_updateCDFs.il
\o    --  tsmcPdkParamTable.il
\o    --  tsmc_esti.ile
\o    --  /home/dtvt_13/WORK/65NTSMC/tsmcN65/../skill/tsmcN65gp_v1d0c.cxt
\o    --  /home/dtvt_13/WORK/65NTSMC/tsmcN65/../skill/tsmcN65_newAMS.cxt
\o    --  /home/dtvt_13/WORK/65NTSMC/tsmcN65/../skill/tsmcN65_newRTMOM.cxt
\o    --  /home/dtvt_13/WORK/65NTSMC/tsmcN65/../skill/tsmcN65GP_v1d0.cxt
\o    --  tsmcN65.cxt
\o    --  tsmcN65Tool.cxt
\o    --  tif_tcf_crn65gp_v1.0a.cxt
\o    --  /home/dtvt_13/WORK/65NTSMC/tsmcN65/../skill/tsmcN65GP_v1d0.cxt
\o    --  /home/dtvt_13/WORK/65NTSMC/tsmcN65/../skill/tsmcN65_newRTMOM.cxt
\o    --  /home/dtvt_13/WORK/65NTSMC/tsmcN65/../skill/tsmcN65_newAMS.cxt
\o Loading PDK Display File '/home/dtvt_13/WORK/65NTSMC/tsmcN65/../display.drf'
\o Display Information is modified in the current session. However Save Display Information Dialog Box has been suppressed as environment variable "drmSuppressSaveDialogBox" is set. The modified Display Information will not be saved.
\o Loading spectrei.cxt 
\o Loading devCheck.cxt 
\o Loading relXpert.cxt 
\o Loading hspiceD.cxt 
\o Loading spectreinl.cxt 
\o Loading msgHandler.cxt 
\o Loading UltraSim.cxt 
\o Loading AMSOSS.cxt 
\o Loading AMS.cxt 
\# Memory report: using         700 MB, process size 2,417 MB at UTC 2026.04.11 03:09:33.342
\o 
\o *Info*    The auto suspension is disabled.
\o 
\o Loading elec.cxt 
\o Resetting statistical vars
\o 
\o *Info*    Setting parameter values ...
\o 
\o Setting var l_sweep = "60n"
\o Setting var mul = "1"
\o Setting var vg = "0.74"
\o Setting var vs = "0.74"
\o Setting var w_sweep = "6u"
\o Loading monte.cxt 
\o Reusing AHDL Data dir
\o 
\o *Info*    Data Directory    =
\o           /home/dtvt_13/simulation/my_lib/pmos_tb/maestro/results/maestro/ExplorerRun.0/psf/my_lib_pmos_tb_1
\o 
\o generate netlist...
\o Loading hnlInit.cxt 
\o Loading seCore.cxt 
\# Available memory:         11,179 MB at UTC 2026.04.11 03:09:34.062
\# Memory report: Maximum memory size now 11,888 MB at UTC 2026.04.11 03:09:34.062
\# Thread usage report: 30 active threads, active load 1.40 at UTC 2026.04.11 03:09:34.062
\o Initializing the control file using cp:
\o     cp /home/dtvt_13/CDNS_Client/IC618-ISR28/tools.lnx86/dfII/etc/si/control.spectre /home/dtvt_13/simulation/my_lib/pmos_tb/maestro/results/maestro/ExplorerRun.0/psf/my_lib_pmos_tb_1/netlist/control
\o Copying Spectre source file 'spectre.inp'
\o Copying Spectre command file 'spectre.sim'
\o Begin Incremental Netlisting Apr 11 10:09:34 2026
\o Loading json.cxt 
\o End netlisting Apr 11 10:09:34 2026
\o 
\o Netlisting Statistics:
\o 	Number of components:    3
\o 
\o 	Elapsed time:          1.0s (3.00/s)
\o Errors: 0	Warnings: 0
\o       ...successful.
\o compose simulator input file...
\o       ...successful.
\o [2026-04-11 10:09:34.327 +0700] [INFO] [cadence.virtuoso.ade.services.netlister] - Finished preparing netlist {"point": 0, "testname": "my_lib_pmos_tb_1"}
\o [2026-04-11 10:09:35.332 +0700] [EVENT] [cadence.virtuoso.ade.services.netlister] - NewPoint {"point": 1, "testname": "my_lib_pmos_tb_1", "event": "NewPoint", "EventSource": "Netlist Service", "HistoryName": "ExplorerRun.0", "logFile": "/home/dtvt_13/truong/logs_dtvt_13/logs0/Service16.log", "logFileSize": "8888"}
\o [2026-04-11 10:09:35.332 +0700] [INFO] [cadence.virtuoso.ade.services.netlister] - Started netlisting {"point": 1, "testname": "my_lib_pmos_tb_1"}
\o Resetting statistical vars
\o 
\o *Info*    Setting parameter values ...
\o 
\o Setting var l_sweep = "60n"
\o Setting var mul = "1"
\o Setting temp(T) = 27
\o Setting var vg = "0.74"
\o Setting var vs = "0.74"
\o Setting var w_sweep = "6u"
\o 
\o *Info*    Netlist Directory =
\o           /home/dtvt_13/simulation/my_lib/pmos_tb/maestro/results/maestro/ExplorerRun.0/1/my_lib_pmos_tb_1/netlist
\o 
\o 
\o *Info*    Data Directory    =
\o           /home/dtvt_13/simulation/my_lib/pmos_tb/maestro/results/maestro/ExplorerRun.0/1/my_lib_pmos_tb_1
\o 
\o Reusing AHDL Data dir
\o generate netlist...
\o Ignoring netlist creation since ignoreDesignChangesDuringRun is set to true
\o       ...successful.
\o compose simulator input file...
\o       ...successful.
\o [2026-04-11 10:09:36.126 +0700] [PROCESS] [cadence.virtuoso.ade.services.netlister] - Current memory used: 594.6641 MBytes, peak memory used: 594.6641 MBytes {"hostname": "dtvt_13", "processid": 11497, "testname": "my_lib_pmos_tb_1", "point": 1, "logfile": "/home/dtvt_13/truong/logs_dtvt_13/logs0/Service16.log"}
\o [2026-04-11 10:09:36.127 +0700] [INFO] [cadence.virtuoso.ade.services.netlister] - Finished netlisting {"point": 1, "testname": "my_lib_pmos_tb_1"}
\o [2026-04-11 10:09:36.129 +0700] [EVENT] [cadence.virtuoso.ade.services.netlister] - NewPoint {"point": 2, "testname": "my_lib_pmos_tb_1", "event": "NewPoint", "EventSource": "Netlist Service", "HistoryName": "ExplorerRun.0", "logFile": "/home/dtvt_13/truong/logs_dtvt_13/logs0/Service16.log", "logFileSize": "11585"}
\o [2026-04-11 10:09:36.129 +0700] [INFO] [cadence.virtuoso.ade.services.netlister] - Started netlisting {"point": 2, "testname": "my_lib_pmos_tb_1"}
\o Resetting statistical vars
\o 
\o *Info*    Setting parameter values ...
\o 
\o Setting var l_sweep = "70n"
\o 
\o *Info*    Netlist Directory =
\o           /home/dtvt_13/simulation/my_lib/pmos_tb/maestro/results/maestro/ExplorerRun.0/2/my_lib_pmos_tb_1/netlist
\o 
\o 
\o *Info*    Data Directory    =
\o           /home/dtvt_13/simulation/my_lib/pmos_tb/maestro/results/maestro/ExplorerRun.0/2/my_lib_pmos_tb_1
\o 
\o Reusing AHDL Data dir
\o generate netlist...
\o Ignoring netlist creation since ignoreDesignChangesDuringRun is set to true
\o       ...successful.
\o compose simulator input file...
\o       ...successful.
\o [2026-04-11 10:09:36.535 +0700] [PROCESS] [cadence.virtuoso.ade.services.netlister] - Current memory used: 594.7070 MBytes, peak memory used: 594.7109 MBytes {"hostname": "dtvt_13", "processid": 11497, "testname": "my_lib_pmos_tb_1", "point": 2, "logfile": "/home/dtvt_13/truong/logs_dtvt_13/logs0/Service16.log"}
\o [2026-04-11 10:09:36.536 +0700] [INFO] [cadence.virtuoso.ade.services.netlister] - Finished netlisting {"point": 2, "testname": "my_lib_pmos_tb_1"}
\o [2026-04-11 10:09:36.538 +0700] [EVENT] [cadence.virtuoso.ade.services.netlister] - NewPoint {"point": 3, "testname": "my_lib_pmos_tb_1", "event": "NewPoint", "EventSource": "Netlist Service", "HistoryName": "ExplorerRun.0", "logFile": "/home/dtvt_13/truong/logs_dtvt_13/logs0/Service16.log", "logFileSize": "13154"}
\o [2026-04-11 10:09:36.538 +0700] [INFO] [cadence.virtuoso.ade.services.netlister] - Started netlisting {"point": 3, "testname": "my_lib_pmos_tb_1"}
\o Resetting statistical vars
\o 
\o *Info*    Setting parameter values ...
\o 
\o Setting var l_sweep = "80n"
\o 
\o *Info*    Netlist Directory =
\o           /home/dtvt_13/simulation/my_lib/pmos_tb/maestro/results/maestro/ExplorerRun.0/3/my_lib_pmos_tb_1/netlist
\o 
\o 
\o *Info*    Data Directory    =
\o           /home/dtvt_13/simulation/my_lib/pmos_tb/maestro/results/maestro/ExplorerRun.0/3/my_lib_pmos_tb_1
\o 
\o Reusing AHDL Data dir
\o generate netlist...
\o Ignoring netlist creation since ignoreDesignChangesDuringRun is set to true
\o       ...successful.
\o compose simulator input file...
\o       ...successful.
\o [2026-04-11 10:09:37.072 +0700] [PROCESS] [cadence.virtuoso.ade.services.netlister] - Current memory used: 594.7070 MBytes, peak memory used: 594.7109 MBytes {"hostname": "dtvt_13", "processid": 11497, "testname": "my_lib_pmos_tb_1", "point": 3, "logfile": "/home/dtvt_13/truong/logs_dtvt_13/logs0/Service16.log"}
\o [2026-04-11 10:09:37.073 +0700] [INFO] [cadence.virtuoso.ade.services.netlister] - Finished netlisting {"point": 3, "testname": "my_lib_pmos_tb_1"}
\o [2026-04-11 10:09:37.076 +0700] [EVENT] [cadence.virtuoso.ade.services.netlister] - NewPoint {"point": 4, "testname": "my_lib_pmos_tb_1", "event": "NewPoint", "EventSource": "Netlist Service", "HistoryName": "ExplorerRun.0", "logFile": "/home/dtvt_13/truong/logs_dtvt_13/logs0/Service16.log", "logFileSize": "14723"}
\o [2026-04-11 10:09:37.076 +0700] [INFO] [cadence.virtuoso.ade.services.netlister] - Started netlisting {"point": 4, "testname": "my_lib_pmos_tb_1"}
\o Resetting statistical vars
\o 
\o *Info*    Setting parameter values ...
\o 
\o Setting var l_sweep = "90n"
\o 
\o *Info*    Netlist Directory =
\o           /home/dtvt_13/simulation/my_lib/pmos_tb/maestro/results/maestro/ExplorerRun.0/4/my_lib_pmos_tb_1/netlist
\o 
\o 
\o *Info*    Data Directory    =
\o           /home/dtvt_13/simulation/my_lib/pmos_tb/maestro/results/maestro/ExplorerRun.0/4/my_lib_pmos_tb_1
\o 
\o Reusing AHDL Data dir
\o generate netlist...
\o Ignoring netlist creation since ignoreDesignChangesDuringRun is set to true
\o       ...successful.
\o compose simulator input file...
\o       ...successful.
\o [2026-04-11 10:09:37.464 +0700] [PROCESS] [cadence.virtuoso.ade.services.netlister] - Current memory used: 595.1602 MBytes, peak memory used: 595.1602 MBytes {"hostname": "dtvt_13", "processid": 11497, "testname": "my_lib_pmos_tb_1", "point": 4, "logfile": "/home/dtvt_13/truong/logs_dtvt_13/logs0/Service16.log"}
\o [2026-04-11 10:09:37.464 +0700] [INFO] [cadence.virtuoso.ade.services.netlister] - Finished netlisting {"point": 4, "testname": "my_lib_pmos_tb_1"}
\o [2026-04-11 10:09:37.465 +0700] [EVENT] [cadence.virtuoso.ade.services.netlister] - NewPoint {"point": 5, "testname": "my_lib_pmos_tb_1", "event": "NewPoint", "EventSource": "Netlist Service", "HistoryName": "ExplorerRun.0", "logFile": "/home/dtvt_13/truong/logs_dtvt_13/logs0/Service16.log", "logFileSize": "16292"}
\o [2026-04-11 10:09:37.465 +0700] [INFO] [cadence.virtuoso.ade.services.netlister] - Started netlisting {"point": 5, "testname": "my_lib_pmos_tb_1"}
\o Resetting statistical vars
\o 
\o *Info*    Setting parameter values ...
\o 
\o Setting var l_sweep = "100n"
\o 
\o *Info*    Netlist Directory =
\o           /home/dtvt_13/simulation/my_lib/pmos_tb/maestro/results/maestro/ExplorerRun.0/5/my_lib_pmos_tb_1/netlist
\o 
\o 
\o *Info*    Data Directory    =
\o           /home/dtvt_13/simulation/my_lib/pmos_tb/maestro/results/maestro/ExplorerRun.0/5/my_lib_pmos_tb_1
\o 
\o Reusing AHDL Data dir
\o generate netlist...
\o Ignoring netlist creation since ignoreDesignChangesDuringRun is set to true
\o       ...successful.
\o compose simulator input file...
\o       ...successful.
\o [2026-04-11 10:09:37.896 +0700] [PROCESS] [cadence.virtuoso.ade.services.netlister] - Current memory used: 595.8984 MBytes, peak memory used: 595.9023 MBytes {"hostname": "dtvt_13", "processid": 11497, "testname": "my_lib_pmos_tb_1", "point": 5, "logfile": "/home/dtvt_13/truong/logs_dtvt_13/logs0/Service16.log"}
\o [2026-04-11 10:09:37.897 +0700] [INFO] [cadence.virtuoso.ade.services.netlister] - Finished netlisting {"point": 5, "testname": "my_lib_pmos_tb_1"}
\o [2026-04-11 10:09:37.898 +0700] [EVENT] [cadence.virtuoso.ade.services.netlister] - NewPoint {"point": 6, "testname": "my_lib_pmos_tb_1", "event": "NewPoint", "EventSource": "Netlist Service", "HistoryName": "ExplorerRun.0", "logFile": "/home/dtvt_13/truong/logs_dtvt_13/logs0/Service16.log", "logFileSize": "17862"}
\o [2026-04-11 10:09:37.899 +0700] [INFO] [cadence.virtuoso.ade.services.netlister] - Started netlisting {"point": 6, "testname": "my_lib_pmos_tb_1"}
\o Resetting statistical vars
\o 
\o *Info*    Setting parameter values ...
\o 
\o Setting var l_sweep = "110n"
\o 
\o *Info*    Netlist Directory =
\o           /home/dtvt_13/simulation/my_lib/pmos_tb/maestro/results/maestro/ExplorerRun.0/6/my_lib_pmos_tb_1/netlist
\o 
\o 
\o *Info*    Data Directory    =
\o           /home/dtvt_13/simulation/my_lib/pmos_tb/maestro/results/maestro/ExplorerRun.0/6/my_lib_pmos_tb_1
\o 
\o Reusing AHDL Data dir
\o generate netlist...
\o Ignoring netlist creation since ignoreDesignChangesDuringRun is set to true
\o       ...successful.
\o compose simulator input file...
\o       ...successful.
\o [2026-04-11 10:09:38.292 +0700] [PROCESS] [cadence.virtuoso.ade.services.netlister] - Current memory used: 595.8984 MBytes, peak memory used: 595.9023 MBytes {"hostname": "dtvt_13", "processid": 11497, "testname": "my_lib_pmos_tb_1", "point": 6, "logfile": "/home/dtvt_13/truong/logs_dtvt_13/logs0/Service16.log"}
\o [2026-04-11 10:09:38.293 +0700] [INFO] [cadence.virtuoso.ade.services.netlister] - Finished netlisting {"point": 6, "testname": "my_lib_pmos_tb_1"}
\o [2026-04-11 10:09:38.295 +0700] [EVENT] [cadence.virtuoso.ade.services.netlister] - NewPoint {"point": 7, "testname": "my_lib_pmos_tb_1", "event": "NewPoint", "EventSource": "Netlist Service", "HistoryName": "ExplorerRun.0", "logFile": "/home/dtvt_13/truong/logs_dtvt_13/logs0/Service16.log", "logFileSize": "19432"}
\o [2026-04-11 10:09:38.295 +0700] [INFO] [cadence.virtuoso.ade.services.netlister] - Started netlisting {"point": 7, "testname": "my_lib_pmos_tb_1"}
\o Resetting statistical vars
\o 
\o *Info*    Setting parameter values ...
\o 
\o Setting var l_sweep = "120n"
\o 
\o *Info*    Netlist Directory =
\o           /home/dtvt_13/simulation/my_lib/pmos_tb/maestro/results/maestro/ExplorerRun.0/7/my_lib_pmos_tb_1/netlist
\o 
\o 
\o *Info*    Data Directory    =
\o           /home/dtvt_13/simulation/my_lib/pmos_tb/maestro/results/maestro/ExplorerRun.0/7/my_lib_pmos_tb_1
\o 
\o Reusing AHDL Data dir
\o generate netlist...
\o Ignoring netlist creation since ignoreDesignChangesDuringRun is set to true
\o       ...successful.
\o compose simulator input file...
\o       ...successful.
\o [2026-04-11 10:09:38.526 +0700] [PROCESS] [cadence.virtuoso.ade.services.netlister] - Current memory used: 595.8984 MBytes, peak memory used: 595.9023 MBytes {"hostname": "dtvt_13", "processid": 11497, "testname": "my_lib_pmos_tb_1", "point": 7, "logfile": "/home/dtvt_13/truong/logs_dtvt_13/logs0/Service16.log"}
\o [2026-04-11 10:09:38.526 +0700] [INFO] [cadence.virtuoso.ade.services.netlister] - Finished netlisting {"point": 7, "testname": "my_lib_pmos_tb_1"}
\o [2026-04-11 10:09:38.527 +0700] [EVENT] [cadence.virtuoso.ade.services.netlister] - NewPoint {"point": 8, "testname": "my_lib_pmos_tb_1", "event": "NewPoint", "EventSource": "Netlist Service", "HistoryName": "ExplorerRun.0", "logFile": "/home/dtvt_13/truong/logs_dtvt_13/logs0/Service16.log", "logFileSize": "21002"}
\o [2026-04-11 10:09:38.527 +0700] [INFO] [cadence.virtuoso.ade.services.netlister] - Started netlisting {"point": 8, "testname": "my_lib_pmos_tb_1"}
\o Resetting statistical vars
\o 
\o *Info*    Setting parameter values ...
\o 
\o Setting var l_sweep = "130n"
\o 
\o *Info*    Netlist Directory =
\o           /home/dtvt_13/simulation/my_lib/pmos_tb/maestro/results/maestro/ExplorerRun.0/8/my_lib_pmos_tb_1/netlist
\o 
\o 
\o *Info*    Data Directory    =
\o           /home/dtvt_13/simulation/my_lib/pmos_tb/maestro/results/maestro/ExplorerRun.0/8/my_lib_pmos_tb_1
\o 
\o Reusing AHDL Data dir
\o generate netlist...
\o Ignoring netlist creation since ignoreDesignChangesDuringRun is set to true
\o       ...successful.
\o compose simulator input file...
\o       ...successful.
\o [2026-04-11 10:09:38.745 +0700] [PROCESS] [cadence.virtuoso.ade.services.netlister] - Current memory used: 595.8984 MBytes, peak memory used: 595.9023 MBytes {"hostname": "dtvt_13", "processid": 11497, "testname": "my_lib_pmos_tb_1", "point": 8, "logfile": "/home/dtvt_13/truong/logs_dtvt_13/logs0/Service16.log"}
\o [2026-04-11 10:09:38.745 +0700] [INFO] [cadence.virtuoso.ade.services.netlister] - Finished netlisting {"point": 8, "testname": "my_lib_pmos_tb_1"}
\o [2026-04-11 10:09:38.746 +0700] [EVENT] [cadence.virtuoso.ade.services.netlister] - NewPoint {"point": 9, "testname": "my_lib_pmos_tb_1", "event": "NewPoint", "EventSource": "Netlist Service", "HistoryName": "ExplorerRun.0", "logFile": "/home/dtvt_13/truong/logs_dtvt_13/logs0/Service16.log", "logFileSize": "22572"}
\o [2026-04-11 10:09:38.746 +0700] [INFO] [cadence.virtuoso.ade.services.netlister] - Started netlisting {"point": 9, "testname": "my_lib_pmos_tb_1"}
\o Resetting statistical vars
\o 
\o *Info*    Setting parameter values ...
\o 
\o Setting var l_sweep = "140n"
\o 
\o *Info*    Netlist Directory =
\o           /home/dtvt_13/simulation/my_lib/pmos_tb/maestro/results/maestro/ExplorerRun.0/9/my_lib_pmos_tb_1/netlist
\o 
\o 
\o *Info*    Data Directory    =
\o           /home/dtvt_13/simulation/my_lib/pmos_tb/maestro/results/maestro/ExplorerRun.0/9/my_lib_pmos_tb_1
\o 
\o Reusing AHDL Data dir
\o generate netlist...
\o Ignoring netlist creation since ignoreDesignChangesDuringRun is set to true
\o       ...successful.
\o compose simulator input file...
\o       ...successful.
\o [2026-04-11 10:09:38.919 +0700] [PROCESS] [cadence.virtuoso.ade.services.netlister] - Current memory used: 595.8984 MBytes, peak memory used: 595.9023 MBytes {"hostname": "dtvt_13", "processid": 11497, "testname": "my_lib_pmos_tb_1", "point": 9, "logfile": "/home/dtvt_13/truong/logs_dtvt_13/logs0/Service16.log"}
\o [2026-04-11 10:09:38.919 +0700] [INFO] [cadence.virtuoso.ade.services.netlister] - Finished netlisting {"point": 9, "testname": "my_lib_pmos_tb_1"}
\o [2026-04-11 10:09:38.920 +0700] [EVENT] [cadence.virtuoso.ade.services.netlister] - NewPoint {"point": 10, "testname": "my_lib_pmos_tb_1", "event": "NewPoint", "EventSource": "Netlist Service", "HistoryName": "ExplorerRun.0", "logFile": "/home/dtvt_13/truong/logs_dtvt_13/logs0/Service16.log", "logFileSize": "24142"}
\o [2026-04-11 10:09:38.920 +0700] [INFO] [cadence.virtuoso.ade.services.netlister] - Started netlisting {"point": 10, "testname": "my_lib_pmos_tb_1"}
\o Resetting statistical vars
\o 
\o *Info*    Setting parameter values ...
\o 
\o Setting var l_sweep = "150n"
\o 
\o *Info*    Netlist Directory =
\o           /home/dtvt_13/simulation/my_lib/pmos_tb/maestro/results/maestro/ExplorerRun.0/10/my_lib_pmos_tb_1/netlist
\o 
\o 
\o *Info*    Data Directory    =
\o           /home/dtvt_13/simulation/my_lib/pmos_tb/maestro/results/maestro/ExplorerRun.0/10/my_lib_pmos_tb_1
\o 
\o Reusing AHDL Data dir
\o generate netlist...
\o Ignoring netlist creation since ignoreDesignChangesDuringRun is set to true
\o       ...successful.
\o compose simulator input file...
\o       ...successful.
\o [2026-04-11 10:09:39.128 +0700] [PROCESS] [cadence.virtuoso.ade.services.netlister] - Current memory used: 595.8984 MBytes, peak memory used: 595.9023 MBytes {"hostname": "dtvt_13", "processid": 11497, "testname": "my_lib_pmos_tb_1", "point": 10, "logfile": "/home/dtvt_13/truong/logs_dtvt_13/logs0/Service16.log"}
\o [2026-04-11 10:09:39.129 +0700] [INFO] [cadence.virtuoso.ade.services.netlister] - Finished netlisting {"point": 10, "testname": "my_lib_pmos_tb_1"}
\o [2026-04-11 10:09:39.129 +0700] [EVENT] [cadence.virtuoso.ade.services.netlister] - NewPoint {"point": 11, "testname": "my_lib_pmos_tb_1", "event": "NewPoint", "EventSource": "Netlist Service", "HistoryName": "ExplorerRun.0", "logFile": "/home/dtvt_13/truong/logs_dtvt_13/logs0/Service16.log", "logFileSize": "25718"}
\o [2026-04-11 10:09:39.129 +0700] [INFO] [cadence.virtuoso.ade.services.netlister] - Started netlisting {"point": 11, "testname": "my_lib_pmos_tb_1"}
\o Resetting statistical vars
\o 
\o *Info*    Setting parameter values ...
\o 
\o Setting var l_sweep = "160n"
\o 
\o *Info*    Netlist Directory =
\o           /home/dtvt_13/simulation/my_lib/pmos_tb/maestro/results/maestro/ExplorerRun.0/11/my_lib_pmos_tb_1/netlist
\o 
\o 
\o *Info*    Data Directory    =
\o           /home/dtvt_13/simulation/my_lib/pmos_tb/maestro/results/maestro/ExplorerRun.0/11/my_lib_pmos_tb_1
\o 
\o Reusing AHDL Data dir
\o generate netlist...
\o Ignoring netlist creation since ignoreDesignChangesDuringRun is set to true
\o       ...successful.
\o compose simulator input file...
\o       ...successful.
\o [2026-04-11 10:09:39.338 +0700] [PROCESS] [cadence.virtuoso.ade.services.netlister] - Current memory used: 595.8984 MBytes, peak memory used: 595.9023 MBytes {"hostname": "dtvt_13", "processid": 11497, "testname": "my_lib_pmos_tb_1", "point": 11, "logfile": "/home/dtvt_13/truong/logs_dtvt_13/logs0/Service16.log"}
\o [2026-04-11 10:09:39.339 +0700] [INFO] [cadence.virtuoso.ade.services.netlister] - Finished netlisting {"point": 11, "testname": "my_lib_pmos_tb_1"}
\o [2026-04-11 10:09:39.339 +0700] [EVENT] [cadence.virtuoso.ade.services.netlister] - NewPoint {"point": 12, "testname": "my_lib_pmos_tb_1", "event": "NewPoint", "EventSource": "Netlist Service", "HistoryName": "ExplorerRun.0", "logFile": "/home/dtvt_13/truong/logs_dtvt_13/logs0/Service16.log", "logFileSize": "27294"}
\o [2026-04-11 10:09:39.340 +0700] [INFO] [cadence.virtuoso.ade.services.netlister] - Started netlisting {"point": 12, "testname": "my_lib_pmos_tb_1"}
\o Resetting statistical vars
\o 
\o *Info*    Setting parameter values ...
\o 
\o Setting var l_sweep = "170n"
\o 
\o *Info*    Netlist Directory =
\o           /home/dtvt_13/simulation/my_lib/pmos_tb/maestro/results/maestro/ExplorerRun.0/12/my_lib_pmos_tb_1/netlist
\o 
\o 
\o *Info*    Data Directory    =
\o           /home/dtvt_13/simulation/my_lib/pmos_tb/maestro/results/maestro/ExplorerRun.0/12/my_lib_pmos_tb_1
\o 
\o Reusing AHDL Data dir
\o generate netlist...
\o Ignoring netlist creation since ignoreDesignChangesDuringRun is set to true
\o       ...successful.
\o compose simulator input file...
\o       ...successful.
\o [2026-04-11 10:09:39.534 +0700] [PROCESS] [cadence.virtuoso.ade.services.netlister] - Current memory used: 595.8984 MBytes, peak memory used: 595.9023 MBytes {"hostname": "dtvt_13", "processid": 11497, "testname": "my_lib_pmos_tb_1", "point": 12, "logfile": "/home/dtvt_13/truong/logs_dtvt_13/logs0/Service16.log"}
\o [2026-04-11 10:09:39.534 +0700] [INFO] [cadence.virtuoso.ade.services.netlister] - Finished netlisting {"point": 12, "testname": "my_lib_pmos_tb_1"}
\o [2026-04-11 10:09:39.535 +0700] [EVENT] [cadence.virtuoso.ade.services.netlister] - NewPoint {"point": 13, "testname": "my_lib_pmos_tb_1", "event": "NewPoint", "EventSource": "Netlist Service", "HistoryName": "ExplorerRun.0", "logFile": "/home/dtvt_13/truong/logs_dtvt_13/logs0/Service16.log", "logFileSize": "28870"}
\o [2026-04-11 10:09:39.535 +0700] [INFO] [cadence.virtuoso.ade.services.netlister] - Started netlisting {"point": 13, "testname": "my_lib_pmos_tb_1"}
\o Resetting statistical vars
\o 
\o *Info*    Setting parameter values ...
\o 
\o Setting var l_sweep = "180n"
\o 
\o *Info*    Netlist Directory =
\o           /home/dtvt_13/simulation/my_lib/pmos_tb/maestro/results/maestro/ExplorerRun.0/13/my_lib_pmos_tb_1/netlist
\o 
\o 
\o *Info*    Data Directory    =
\o           /home/dtvt_13/simulation/my_lib/pmos_tb/maestro/results/maestro/ExplorerRun.0/13/my_lib_pmos_tb_1
\o 
\o Reusing AHDL Data dir
\o generate netlist...
\o Ignoring netlist creation since ignoreDesignChangesDuringRun is set to true
\o       ...successful.
\o compose simulator input file...
\o       ...successful.
\o [2026-04-11 10:09:39.762 +0700] [PROCESS] [cadence.virtuoso.ade.services.netlister] - Current memory used: 595.8984 MBytes, peak memory used: 595.9023 MBytes {"hostname": "dtvt_13", "processid": 11497, "testname": "my_lib_pmos_tb_1", "point": 13, "logfile": "/home/dtvt_13/truong/logs_dtvt_13/logs0/Service16.log"}
\o [2026-04-11 10:09:39.762 +0700] [INFO] [cadence.virtuoso.ade.services.netlister] - Finished netlisting {"point": 13, "testname": "my_lib_pmos_tb_1"}
\o [2026-04-11 10:09:39.764 +0700] [EVENT] [cadence.virtuoso.ade.services.netlister] - NewPoint {"point": 14, "testname": "my_lib_pmos_tb_1", "event": "NewPoint", "EventSource": "Netlist Service", "HistoryName": "ExplorerRun.0", "logFile": "/home/dtvt_13/truong/logs_dtvt_13/logs0/Service16.log", "logFileSize": "30446"}
\o [2026-04-11 10:09:39.764 +0700] [INFO] [cadence.virtuoso.ade.services.netlister] - Started netlisting {"point": 14, "testname": "my_lib_pmos_tb_1"}
\o Resetting statistical vars
\o 
\o *Info*    Setting parameter values ...
\o 
\o Setting var l_sweep = "190n"
\o 
\o *Info*    Netlist Directory =
\o           /home/dtvt_13/simulation/my_lib/pmos_tb/maestro/results/maestro/ExplorerRun.0/14/my_lib_pmos_tb_1/netlist
\o 
\o 
\o *Info*    Data Directory    =
\o           /home/dtvt_13/simulation/my_lib/pmos_tb/maestro/results/maestro/ExplorerRun.0/14/my_lib_pmos_tb_1
\o 
\o Reusing AHDL Data dir
\o generate netlist...
\o Ignoring netlist creation since ignoreDesignChangesDuringRun is set to true
\o       ...successful.
\o compose simulator input file...
\o       ...successful.
\o [2026-04-11 10:09:39.989 +0700] [PROCESS] [cadence.virtuoso.ade.services.netlister] - Current memory used: 595.9414 MBytes, peak memory used: 595.9453 MBytes {"hostname": "dtvt_13", "processid": 11497, "testname": "my_lib_pmos_tb_1", "point": 14, "logfile": "/home/dtvt_13/truong/logs_dtvt_13/logs0/Service16.log"}
\o [2026-04-11 10:09:39.989 +0700] [INFO] [cadence.virtuoso.ade.services.netlister] - Finished netlisting {"point": 14, "testname": "my_lib_pmos_tb_1"}
\o [2026-04-11 10:09:39.990 +0700] [EVENT] [cadence.virtuoso.ade.services.netlister] - NewPoint {"point": 15, "testname": "my_lib_pmos_tb_1", "event": "NewPoint", "EventSource": "Netlist Service", "HistoryName": "ExplorerRun.0", "logFile": "/home/dtvt_13/truong/logs_dtvt_13/logs0/Service16.log", "logFileSize": "32022"}
\o [2026-04-11 10:09:39.990 +0700] [INFO] [cadence.virtuoso.ade.services.netlister] - Started netlisting {"point": 15, "testname": "my_lib_pmos_tb_1"}
\o Resetting statistical vars
\o 
\o *Info*    Setting parameter values ...
\o 
\o Setting var l_sweep = "200n"
\o 
\o *Info*    Netlist Directory =
\o           /home/dtvt_13/simulation/my_lib/pmos_tb/maestro/results/maestro/ExplorerRun.0/15/my_lib_pmos_tb_1/netlist
\o 
\o 
\o *Info*    Data Directory    =
\o           /home/dtvt_13/simulation/my_lib/pmos_tb/maestro/results/maestro/ExplorerRun.0/15/my_lib_pmos_tb_1
\o 
\o Reusing AHDL Data dir
\o generate netlist...
\o Ignoring netlist creation since ignoreDesignChangesDuringRun is set to true
\o       ...successful.
\o compose simulator input file...
\o       ...successful.
\o [2026-04-11 10:09:40.186 +0700] [PROCESS] [cadence.virtuoso.ade.services.netlister] - Current memory used: 595.9414 MBytes, peak memory used: 595.9453 MBytes {"hostname": "dtvt_13", "processid": 11497, "testname": "my_lib_pmos_tb_1", "point": 15, "logfile": "/home/dtvt_13/truong/logs_dtvt_13/logs0/Service16.log"}
\o [2026-04-11 10:09:40.186 +0700] [INFO] [cadence.virtuoso.ade.services.netlister] - Finished netlisting {"point": 15, "testname": "my_lib_pmos_tb_1"}
\o [2026-04-11 10:09:40.187 +0700] [EVENT] [cadence.virtuoso.ade.services.netlister] - NewPoint {"point": 16, "testname": "my_lib_pmos_tb_1", "event": "NewPoint", "EventSource": "Netlist Service", "HistoryName": "ExplorerRun.0", "logFile": "/home/dtvt_13/truong/logs_dtvt_13/logs0/Service16.log", "logFileSize": "33598"}
\o [2026-04-11 10:09:40.187 +0700] [INFO] [cadence.virtuoso.ade.services.netlister] - Started netlisting {"point": 16, "testname": "my_lib_pmos_tb_1"}
\o Resetting statistical vars
\o 
\o *Info*    Setting parameter values ...
\o 
\o Setting var l_sweep = "210n"
\o 
\o *Info*    Netlist Directory =
\o           /home/dtvt_13/simulation/my_lib/pmos_tb/maestro/results/maestro/ExplorerRun.0/16/my_lib_pmos_tb_1/netlist
\o 
\o 
\o *Info*    Data Directory    =
\o           /home/dtvt_13/simulation/my_lib/pmos_tb/maestro/results/maestro/ExplorerRun.0/16/my_lib_pmos_tb_1
\o 
\o Reusing AHDL Data dir
\o generate netlist...
\o Ignoring netlist creation since ignoreDesignChangesDuringRun is set to true
\o       ...successful.
\o compose simulator input file...
\o       ...successful.
\o [2026-04-11 10:09:40.405 +0700] [PROCESS] [cadence.virtuoso.ade.services.netlister] - Current memory used: 595.9414 MBytes, peak memory used: 595.9453 MBytes {"hostname": "dtvt_13", "processid": 11497, "testname": "my_lib_pmos_tb_1", "point": 16, "logfile": "/home/dtvt_13/truong/logs_dtvt_13/logs0/Service16.log"}
\o [2026-04-11 10:09:40.405 +0700] [INFO] [cadence.virtuoso.ade.services.netlister] - Finished netlisting {"point": 16, "testname": "my_lib_pmos_tb_1"}
\o [2026-04-11 10:09:40.407 +0700] [EVENT] [cadence.virtuoso.ade.services.netlister] - NewPoint {"point": 17, "testname": "my_lib_pmos_tb_1", "event": "NewPoint", "EventSource": "Netlist Service", "HistoryName": "ExplorerRun.0", "logFile": "/home/dtvt_13/truong/logs_dtvt_13/logs0/Service16.log", "logFileSize": "35174"}
\o [2026-04-11 10:09:40.407 +0700] [INFO] [cadence.virtuoso.ade.services.netlister] - Started netlisting {"point": 17, "testname": "my_lib_pmos_tb_1"}
\o Resetting statistical vars
\o 
\o *Info*    Setting parameter values ...
\o 
\o Setting var l_sweep = "220n"
\o 
\o *Info*    Netlist Directory =
\o           /home/dtvt_13/simulation/my_lib/pmos_tb/maestro/results/maestro/ExplorerRun.0/17/my_lib_pmos_tb_1/netlist
\o 
\o 
\o *Info*    Data Directory    =
\o           /home/dtvt_13/simulation/my_lib/pmos_tb/maestro/results/maestro/ExplorerRun.0/17/my_lib_pmos_tb_1
\o 
\o Reusing AHDL Data dir
\o generate netlist...
\o Ignoring netlist creation since ignoreDesignChangesDuringRun is set to true
\o       ...successful.
\o compose simulator input file...
\o       ...successful.
\o [2026-04-11 10:09:40.635 +0700] [PROCESS] [cadence.virtuoso.ade.services.netlister] - Current memory used: 597.0234 MBytes, peak memory used: 597.0273 MBytes {"hostname": "dtvt_13", "processid": 11497, "testname": "my_lib_pmos_tb_1", "point": 17, "logfile": "/home/dtvt_13/truong/logs_dtvt_13/logs0/Service16.log"}
\o [2026-04-11 10:09:40.636 +0700] [INFO] [cadence.virtuoso.ade.services.netlister] - Finished netlisting {"point": 17, "testname": "my_lib_pmos_tb_1"}
\o [2026-04-11 10:09:40.637 +0700] [EVENT] [cadence.virtuoso.ade.services.netlister] - NewPoint {"point": 18, "testname": "my_lib_pmos_tb_1", "event": "NewPoint", "EventSource": "Netlist Service", "HistoryName": "ExplorerRun.0", "logFile": "/home/dtvt_13/truong/logs_dtvt_13/logs0/Service16.log", "logFileSize": "36750"}
\o [2026-04-11 10:09:40.637 +0700] [INFO] [cadence.virtuoso.ade.services.netlister] - Started netlisting {"point": 18, "testname": "my_lib_pmos_tb_1"}
\o Resetting statistical vars
\o 
\o *Info*    Setting parameter values ...
\o 
\o Setting var l_sweep = "230n"
\o 
\o *Info*    Netlist Directory =
\o           /home/dtvt_13/simulation/my_lib/pmos_tb/maestro/results/maestro/ExplorerRun.0/18/my_lib_pmos_tb_1/netlist
\o 
\o 
\o *Info*    Data Directory    =
\o           /home/dtvt_13/simulation/my_lib/pmos_tb/maestro/results/maestro/ExplorerRun.0/18/my_lib_pmos_tb_1
\o 
\o Reusing AHDL Data dir
\o generate netlist...
\o Ignoring netlist creation since ignoreDesignChangesDuringRun is set to true
\o       ...successful.
\o compose simulator input file...
\o       ...successful.
\o [2026-04-11 10:09:40.806 +0700] [PROCESS] [cadence.virtuoso.ade.services.netlister] - Current memory used: 598.2266 MBytes, peak memory used: 598.2305 MBytes {"hostname": "dtvt_13", "processid": 11497, "testname": "my_lib_pmos_tb_1", "point": 18, "logfile": "/home/dtvt_13/truong/logs_dtvt_13/logs0/Service16.log"}
\o [2026-04-11 10:09:40.807 +0700] [INFO] [cadence.virtuoso.ade.services.netlister] - Finished netlisting {"point": 18, "testname": "my_lib_pmos_tb_1"}
\o [2026-04-11 10:09:40.808 +0700] [EVENT] [cadence.virtuoso.ade.services.netlister] - NewPoint {"point": 19, "testname": "my_lib_pmos_tb_1", "event": "NewPoint", "EventSource": "Netlist Service", "HistoryName": "ExplorerRun.0", "logFile": "/home/dtvt_13/truong/logs_dtvt_13/logs0/Service16.log", "logFileSize": "38326"}
\o [2026-04-11 10:09:40.808 +0700] [INFO] [cadence.virtuoso.ade.services.netlister] - Started netlisting {"point": 19, "testname": "my_lib_pmos_tb_1"}
\o Resetting statistical vars
\o 
\o *Info*    Setting parameter values ...
\o 
\o Setting var l_sweep = "240n"
\o 
\o *Info*    Netlist Directory =
\o           /home/dtvt_13/simulation/my_lib/pmos_tb/maestro/results/maestro/ExplorerRun.0/19/my_lib_pmos_tb_1/netlist
\o 
\o 
\o *Info*    Data Directory    =
\o           /home/dtvt_13/simulation/my_lib/pmos_tb/maestro/results/maestro/ExplorerRun.0/19/my_lib_pmos_tb_1
\o 
\o Reusing AHDL Data dir
\o generate netlist...
\o Ignoring netlist creation since ignoreDesignChangesDuringRun is set to true
\o       ...successful.
\o compose simulator input file...
\o       ...successful.
\o [2026-04-11 10:09:40.976 +0700] [PROCESS] [cadence.virtuoso.ade.services.netlister] - Current memory used: 599.4258 MBytes, peak memory used: 599.4297 MBytes {"hostname": "dtvt_13", "processid": 11497, "testname": "my_lib_pmos_tb_1", "point": 19, "logfile": "/home/dtvt_13/truong/logs_dtvt_13/logs0/Service16.log"}
\o [2026-04-11 10:09:40.976 +0700] [INFO] [cadence.virtuoso.ade.services.netlister] - Finished netlisting {"point": 19, "testname": "my_lib_pmos_tb_1"}
\# Memory report: Maximum memory size now 11,636 MB at UTC 2026.04.11 03:10:07.004
\o Simulation design variables differ from those on the cellView,
\o they have been saved in the file "/tmp/saved-design-variables".
\o To save future changes, copy variables to cellView before exiting.
\# Lic Summary:
\# [10:14:42.376955] Cdslmd servers:5280@192.168.32.10
\# [10:14:42.377001] Feature usage summary:
\# Memory report: on exit            737 MB, process size 2,459 MB at UTC 2026.04.11 03:14:42.377
\# Memory report: peak usage         737 MB, process size 2,459 MB
