\# Program start time:     UTC 2026.04.11 02:50:24.818
\# Local time: +07 (UTC+07:00) 2026.04.11 09:50:24.818
\o Program:		@(#)$CDS: virtuoso version 6.1.8-64b 09/28/2022 11:07 (cpgsrv12) $
\o Hierarchy:		/home/dtvt_13/CDNS_Client/IC618-ISR28/tools.lnx86/dfII/
\o Sub version:		sub-version  IC6.1.8-64b.500.28  (64-bit addresses)
\# Command line:	/home/dtvt_13/CDNS_Client/IC618-ISR28/tools.lnx86/dfII/bin/64bit/virtuoso -beanhost dtvt_13 -beanport 11300 -beanbinlog  -beanLogFile /home/dtvt_13/truong/logs_dtvt_13/logs0/amps_Service13.log -mpssession virtuoso27980 -mpshost dtvt_13 -davinciService DaVinciService_27980_1775747799 -axlSession fnxSession2 -axlServiceIdFlag 13 -uuid c907fc15-662b-45b3-ae99-eb8b2b66d63e -heartbeat /dev/shm/swift-heartbeat.7BY2uxtgwU -log /home/dtvt_13/truong/logs_dtvt_13/logs0/Service13.log -noautostart -nographE -lscs 000175E1894CBE06FF0966E38F1FFC06BC4D4FA6D86BCF06E37C4FA6D86BCF06E37C5CD18F1FFC06867F66E38F1FFC06BC4D66E38F1FFC06BC4D0F3A39F04AE9D59400001EA9 -interactive -offlineExprEval -fenixMode explorer -heartbeatTimeout  -lingerTimeout 300 -pointlifetime -1
\# Host name (type):	dtvt_13 (x86_64)
\# Operating system:	Linux 3.10.0-1160.118.1.el7.x86_64 #1 SMP Wed Apr 24 16:01:50 UTC 2024
\# Linux /etc/issue:	\S
\# Linux /etc/issue:	Kernel \r on an \m
\# X display name (WxH):	:6055 (1024x868)
\# Available geometry:			TL(0:0) BR(1023:867)
\# X server:			The X.Org Foundation
\# Depth of Visual (Root):	24 (24)
\# Number of Planes Used:	24
\# X version:		11.0 (vendor release 12004000)
\# X resource pool:	base 0x400000, mask 0x1fffff (2097151), shift 0
\# 			current id 0x0, current max 0x1ffffa (2097146)
\# Max data seg size:	     unlimited
\# Max process size:	     unlimited
\# Initial sbrk value:	        625 MB
\# Available memory:	     11,497 MB
\# System memory:	     23,445 MB
\# Maximum memory size:	     23,108 MB
\# Max mem available:	     11,785 MB
\# Initial memory used:	        288 MB
\#        process size:	      1,870 MB
\# Thread usage limits (effective/default):	maxthreads 4096/4096 maxload 24.00/24.00
\# Qt version:		5.9.1
\# Window Manager:	other
\# User Name:		dtvt_13
\o Working Directory:	dtvt_13:/home/dtvt_13/truong
\# Process Id:		685
\o 
\o COPYRIGHT (C) 1992-2022  CADENCE DESIGN SYSTEMS INC.  ALL RIGHTS RESERVED.
\o           (C) 1992-2022  UNIX SYSTEMS Laboratories INC.,
\o                          Reproduced with permission.
\o 
\o This Cadence Design Systems program and online documentation are
\o proprietary/confidential information and may be disclosed/used only
\o as authorized in a license agreement controlling such use and disclosure.
\o 
\o           RESTRICTED RIGHTS NOTICE (SHORT FORM)
\o Use/reproduction/disclosure is subject to restriction
\o set forth at FAR 1252.227-19 or its equivalent.
\o Loading geView.cxt 
\o Loading menuBuilder.cxt 
\o Loading schView.cxt 
\o Loading selectSv.cxt 
\o Loading pvsui.cxt
\o Loading wireEdit.cxt 
\o Loading pte2.cxt 
\o Loading xlUI.cxt 
\o Loading auCore.cxt 
\o Loading vhdl.cxt 
\o Loading seismic.cxt 
\o Loading ci.cxt 
\o Loading ams.cxt 
\o Loading oasis.cxt 
\o Loading analog.cxt 
\o Loading asimenv.cxt 
\o Loading dal.cxt 
\o Loading awv.cxt 
\o Loading socket.cxt 
\o Loading par.cxt 
\o Loading alvs.cxt 
\o Loading caa.cxt 
\o Loading amps.cxt 
\o Loading adexlCore.cxt 
\o Loading adexl.cxt 
\# Memory report: using         415 MB, process size 2,118 MB at UTC 2026.04.11 02:50:27.095
\o *Info*    Exporting services from client ... 
\o 
\o Loading adexlDM.cxt 
\o Loading cpf.cxt 
\o Loading cli.cxt 
\o Loading lp.cxt 
\o INFO (ELI-00302) Connecting to parent process (session=virtuoso27980, host=dtvt_13). Connection mode is LSCS. Total timeout is 180 seconds. Connection timeout is 90 seconds.
\o INFO (ELI-00303) Step 1: Connecting to parent. Time spent is 0 seconds.
\o INFO (ELI-00304) The registration of the child 685 within 90 seconds is being processed...
\o INFO (ELI-00305) The result of registration is true. Time spent is 0 seconds.
\o INFO (ELI-00308) The connection has ended. Result is true. Total time spent is 0 seconds.
\# [09:50:24.461729] Configured Lic search path (21.01-s003): 5280@192.168.32.10
\w *WARNING* The directory: '/home/centos/WORK/gpdk045_v_6_0' does not exist
\w 	but was defined in libFile '/home/dtvt_13/CDNS_Client/IC618-ISR28/share/cdssetup/cds.lib' for Lib 'gpdk045_v_6_0'.
\p > 
\# Loading perfDiag...
\# (PerfDiag): Set GDB path to environment variable 'gdbPath' (gdb).
\# Performance Diagnostic tool is installed. You can access PerfDiag from CIW Tools or use the shell command 'cdsPerfDiag -p 685' to open it when Virtuoso freezes.
\# (PerfDiag): Loading backtrace from /home/dtvt_13/CDNS_Client/IC618-ISR28/tools/lib/64bit/cdnslibunwind.so
\i _axlRunServices()
\# [09:50:30.237616] periodic Lic check successful
\# [09:50:30.237618] Feature usage summary:
\o Loading simui.cxt 
\o [2026-04-11 09:50:30.260 +0700] [PROCESS] [cadence.virtuoso.ade.services] - Netlist Service has successfully started. Waiting for incoming messages ... {"hostname": "dtvt_13", "processid": 685, "logfile": "/home/dtvt_13/truong/logs_dtvt_13/logs0/Service13.log"}
\o [2026-04-11 09:50:30.302 +0700] [EVENT] [cadence.virtuoso.ade.services.netlister] - NewPoint {"point": 0, "testname": "my_lib_pmos_tb_1", "event": "NewPoint", "EventSource": "Netlist Service", "HistoryName": "ExplorerRun.0", "logFile": "/home/dtvt_13/truong/logs_dtvt_13/logs0/Service13.log", "logFileSize": "4745"}
\o [2026-04-11 09:50:30.303 +0700] [INFO] [cadence.virtuoso.ade.services.netlister] - Started preparing netlist {"point": 0, "testname": "my_lib_pmos_tb_1"}
\# Memory report: using         532 MB, process size 2,248 MB at UTC 2026.04.11 02:50:31.358
\o Loading vdsil.cxt 
\o *Warning* AXL Context Manager : job 13 is already registered. 
\o 
\o Loading vqp.cxt 
\o Loading hdlPkg.cxt 
\o 
\o 
\o *Info*    Configuring the session ...
\o 
\o 	Library      = my_lib
\o 	Cell         = pmos_tb
\o 	View         = schematic
\o 	Simulator    = spectre
\o 	State Path   = $AXL_SETUPDB_DIR/test_states
\o 	State Name   = ExplorerRun.0
\o 	Results DB   = /home/dtvt_13/truong/my_lib/pmos_tb/maestro/results/maestro/ExplorerRun.0.rdb
\o 	Results Dir  = /home/dtvt_13/simulation/my_lib/pmos_tb/maestro/results/maestro/ExplorerRun.0/1/my_lib_pmos_tb_1
\o 	Results Loc  = /home/dtvt_13/simulation/my_lib/pmos_tb/maestro/results/maestro
\o 	Project Dir  = /home/dtvt_13/simulation
\o 	Setup DB loc = /home/dtvt_13/truong/my_lib/pmos_tb/maestro
\o 	File Encoding = 0
\o 
\o 
\o Loading viva.cxt 
\w *WARNING* The directory: '/home/centos/WORK/gpdk045_v_6_0' does not exist
\w 	but was defined in libFile '/home/dtvt_13/CDNS_Client/IC618-ISR28/share/cdssetup/cds.lib' for Lib 'gpdk045_v_6_0'.
\o Initializing from libInit.il for library tsmcN65...
\o    --  /home/dtvt_13/WORK/65NTSMC/tsmcN65/../skill/pcode1.cxt
\o    --  /home/dtvt_13/WORK/65NTSMC/tsmcN65/../skill/pcode2.cxt
\o    --  tsmcN65_updateCDFs.il
\o    --  tsmcPdkParamTable.il
\o    --  tsmc_esti.ile
\o    --  /home/dtvt_13/WORK/65NTSMC/tsmcN65/../skill/tsmcN65gp_v1d0c.cxt
\o    --  /home/dtvt_13/WORK/65NTSMC/tsmcN65/../skill/tsmcN65_newAMS.cxt
\o    --  /home/dtvt_13/WORK/65NTSMC/tsmcN65/../skill/tsmcN65_newRTMOM.cxt
\o    --  /home/dtvt_13/WORK/65NTSMC/tsmcN65/../skill/tsmcN65GP_v1d0.cxt
\o    --  tsmcN65.cxt
\o    --  tsmcN65Tool.cxt
\o    --  tif_tcf_crn65gp_v1.0a.cxt
\o    --  /home/dtvt_13/WORK/65NTSMC/tsmcN65/../skill/tsmcN65GP_v1d0.cxt
\o    --  /home/dtvt_13/WORK/65NTSMC/tsmcN65/../skill/tsmcN65_newRTMOM.cxt
\o    --  /home/dtvt_13/WORK/65NTSMC/tsmcN65/../skill/tsmcN65_newAMS.cxt
\o Loading PDK Display File '/home/dtvt_13/WORK/65NTSMC/tsmcN65/../display.drf'
\o Display Information is modified in the current session. However Save Display Information Dialog Box has been suppressed as environment variable "drmSuppressSaveDialogBox" is set. The modified Display Information will not be saved.
\o Loading spectrei.cxt 
\o Loading devCheck.cxt 
\o Loading relXpert.cxt 
\o Loading hspiceD.cxt 
\# Memory report: using         668 MB, process size 2,384 MB at UTC 2026.04.11 02:50:32.058
\o Loading spectreinl.cxt 
\o Loading msgHandler.cxt 
\o Loading UltraSim.cxt 
\o Loading AMSOSS.cxt 
\o Loading AMS.cxt 
\o 
\o *Info*    The auto suspension is disabled.
\o 
\o Loading elec.cxt 
\o Resetting statistical vars
\o 
\o *Info*    Setting parameter values ...
\o 
\o Setting var l_sweep = "60n"
\o Setting var mul = "1"
\o Setting var vg = "0.74"
\o Setting var vs = "0.74"
\o Setting var w_sweep = "6u"
\o Loading monte.cxt 
\o Reusing AHDL Data dir
\o 
\o *Info*    Data Directory    =
\o           /home/dtvt_13/simulation/my_lib/pmos_tb/maestro/results/maestro/ExplorerRun.0/psf/my_lib_pmos_tb_1
\o 
\o generate netlist...
\o Loading hnlInit.cxt 
\o Loading seCore.cxt 
\o Initializing the control file using cp:
\o     cp /home/dtvt_13/CDNS_Client/IC618-ISR28/tools.lnx86/dfII/etc/si/control.spectre /home/dtvt_13/simulation/my_lib/pmos_tb/maestro/results/maestro/ExplorerRun.0/psf/my_lib_pmos_tb_1/netlist/control
\o Copying Spectre source file 'spectre.inp'
\o Copying Spectre command file 'spectre.sim'
\o Begin Incremental Netlisting Apr 11 09:50:33 2026
\o Loading json.cxt 
\o End netlisting Apr 11 09:50:33 2026
\o 
\o Netlisting Statistics:
\o 	Number of components:    3
\o 
\o 	Elapsed time:          0.0s
\o Errors: 0	Warnings: 0
\o       ...successful.
\o compose simulator input file...
\o       ...successful.
\o [2026-04-11 09:50:33.773 +0700] [INFO] [cadence.virtuoso.ade.services.netlister] - Finished preparing netlist {"point": 0, "testname": "my_lib_pmos_tb_1"}
\o [2026-04-11 09:50:34.778 +0700] [EVENT] [cadence.virtuoso.ade.services.netlister] - NewPoint {"point": 1, "testname": "my_lib_pmos_tb_1", "event": "NewPoint", "EventSource": "Netlist Service", "HistoryName": "ExplorerRun.0", "logFile": "/home/dtvt_13/truong/logs_dtvt_13/logs0/Service13.log", "logFileSize": "8123"}
\o [2026-04-11 09:50:34.779 +0700] [INFO] [cadence.virtuoso.ade.services.netlister] - Started netlisting {"point": 1, "testname": "my_lib_pmos_tb_1"}
\# Available memory:         11,156 MB at UTC 2026.04.11 02:50:35.122
\# Memory report: Maximum memory size now 11,866 MB at UTC 2026.04.11 02:50:35.122
\# Thread usage report: 30 active threads, active load 1.40 at UTC 2026.04.11 02:50:35.122
\o Resetting statistical vars
\o 
\o *Info*    Setting parameter values ...
\o 
\o Setting var l_sweep = "60n"
\o Setting var mul = "1"
\o Setting temp(T) = 27
\o Setting var vg = "0.74"
\o Setting var vs = "0.74"
\o Setting var w_sweep = "6u"
\o 
\o *Info*    Netlist Directory =
\o           /home/dtvt_13/simulation/my_lib/pmos_tb/maestro/results/maestro/ExplorerRun.0/1/my_lib_pmos_tb_1/netlist
\o 
\o 
\o *Info*    Data Directory    =
\o           /home/dtvt_13/simulation/my_lib/pmos_tb/maestro/results/maestro/ExplorerRun.0/1/my_lib_pmos_tb_1
\o 
\o Reusing AHDL Data dir
\o generate netlist...
\o Ignoring netlist creation since ignoreDesignChangesDuringRun is set to true
\o       ...successful.
\o compose simulator input file...
\o       ...successful.
\o [2026-04-11 09:50:35.640 +0700] [PROCESS] [cadence.virtuoso.ade.services.netlister] - Current memory used: 594.0977 MBytes, peak memory used: 594.0977 MBytes {"hostname": "dtvt_13", "processid": 685, "testname": "my_lib_pmos_tb_1", "point": 1, "logfile": "/home/dtvt_13/truong/logs_dtvt_13/logs0/Service13.log"}
\o [2026-04-11 09:50:35.641 +0700] [INFO] [cadence.virtuoso.ade.services.netlister] - Finished netlisting {"point": 1, "testname": "my_lib_pmos_tb_1"}
\o [2026-04-11 09:50:35.644 +0700] [EVENT] [cadence.virtuoso.ade.services.netlister] - NewPoint {"point": 2, "testname": "my_lib_pmos_tb_1", "event": "NewPoint", "EventSource": "Netlist Service", "HistoryName": "ExplorerRun.0", "logFile": "/home/dtvt_13/truong/logs_dtvt_13/logs0/Service13.log", "logFileSize": "11566"}
\o [2026-04-11 09:50:35.644 +0700] [INFO] [cadence.virtuoso.ade.services.netlister] - Started netlisting {"point": 2, "testname": "my_lib_pmos_tb_1"}
\o Resetting statistical vars
\o 
\o *Info*    Setting parameter values ...
\o 
\o Setting var l_sweep = "70n"
\o 
\o *Info*    Netlist Directory =
\o           /home/dtvt_13/simulation/my_lib/pmos_tb/maestro/results/maestro/ExplorerRun.0/2/my_lib_pmos_tb_1/netlist
\o 
\o 
\o *Info*    Data Directory    =
\o           /home/dtvt_13/simulation/my_lib/pmos_tb/maestro/results/maestro/ExplorerRun.0/2/my_lib_pmos_tb_1
\o 
\o Reusing AHDL Data dir
\o generate netlist...
\o Ignoring netlist creation since ignoreDesignChangesDuringRun is set to true
\o       ...successful.
\o compose simulator input file...
\o       ...successful.
\o [2026-04-11 09:50:35.988 +0700] [PROCESS] [cadence.virtuoso.ade.services.netlister] - Current memory used: 594.1367 MBytes, peak memory used: 594.1406 MBytes {"hostname": "dtvt_13", "processid": 685, "testname": "my_lib_pmos_tb_1", "point": 2, "logfile": "/home/dtvt_13/truong/logs_dtvt_13/logs0/Service13.log"}
\o [2026-04-11 09:50:35.989 +0700] [INFO] [cadence.virtuoso.ade.services.netlister] - Finished netlisting {"point": 2, "testname": "my_lib_pmos_tb_1"}
\o [2026-04-11 09:50:35.991 +0700] [EVENT] [cadence.virtuoso.ade.services.netlister] - NewPoint {"point": 3, "testname": "my_lib_pmos_tb_1", "event": "NewPoint", "EventSource": "Netlist Service", "HistoryName": "ExplorerRun.0", "logFile": "/home/dtvt_13/truong/logs_dtvt_13/logs0/Service13.log", "logFileSize": "13133"}
\o [2026-04-11 09:50:35.991 +0700] [INFO] [cadence.virtuoso.ade.services.netlister] - Started netlisting {"point": 3, "testname": "my_lib_pmos_tb_1"}
\o Resetting statistical vars
\o 
\o *Info*    Setting parameter values ...
\o 
\o Setting var l_sweep = "80n"
\o 
\o *Info*    Netlist Directory =
\o           /home/dtvt_13/simulation/my_lib/pmos_tb/maestro/results/maestro/ExplorerRun.0/3/my_lib_pmos_tb_1/netlist
\o 
\o 
\o *Info*    Data Directory    =
\o           /home/dtvt_13/simulation/my_lib/pmos_tb/maestro/results/maestro/ExplorerRun.0/3/my_lib_pmos_tb_1
\o 
\o Reusing AHDL Data dir
\o generate netlist...
\o Ignoring netlist creation since ignoreDesignChangesDuringRun is set to true
\o       ...successful.
\o compose simulator input file...
\o       ...successful.
\o [2026-04-11 09:50:36.387 +0700] [PROCESS] [cadence.virtuoso.ade.services.netlister] - Current memory used: 594.1367 MBytes, peak memory used: 594.1406 MBytes {"hostname": "dtvt_13", "processid": 685, "testname": "my_lib_pmos_tb_1", "point": 3, "logfile": "/home/dtvt_13/truong/logs_dtvt_13/logs0/Service13.log"}
\o [2026-04-11 09:50:36.388 +0700] [INFO] [cadence.virtuoso.ade.services.netlister] - Finished netlisting {"point": 3, "testname": "my_lib_pmos_tb_1"}
\o [2026-04-11 09:50:36.389 +0700] [EVENT] [cadence.virtuoso.ade.services.netlister] - NewPoint {"point": 4, "testname": "my_lib_pmos_tb_1", "event": "NewPoint", "EventSource": "Netlist Service", "HistoryName": "ExplorerRun.0", "logFile": "/home/dtvt_13/truong/logs_dtvt_13/logs0/Service13.log", "logFileSize": "14700"}
\o [2026-04-11 09:50:36.390 +0700] [INFO] [cadence.virtuoso.ade.services.netlister] - Started netlisting {"point": 4, "testname": "my_lib_pmos_tb_1"}
\o Resetting statistical vars
\o 
\o *Info*    Setting parameter values ...
\o 
\o Setting var l_sweep = "90n"
\o 
\o *Info*    Netlist Directory =
\o           /home/dtvt_13/simulation/my_lib/pmos_tb/maestro/results/maestro/ExplorerRun.0/4/my_lib_pmos_tb_1/netlist
\o 
\o 
\o *Info*    Data Directory    =
\o           /home/dtvt_13/simulation/my_lib/pmos_tb/maestro/results/maestro/ExplorerRun.0/4/my_lib_pmos_tb_1
\o 
\o Reusing AHDL Data dir
\o generate netlist...
\o Ignoring netlist creation since ignoreDesignChangesDuringRun is set to true
\o       ...successful.
\o compose simulator input file...
\o       ...successful.
\o [2026-04-11 09:50:36.803 +0700] [PROCESS] [cadence.virtuoso.ade.services.netlister] - Current memory used: 594.5508 MBytes, peak memory used: 594.5547 MBytes {"hostname": "dtvt_13", "processid": 685, "testname": "my_lib_pmos_tb_1", "point": 4, "logfile": "/home/dtvt_13/truong/logs_dtvt_13/logs0/Service13.log"}
\o [2026-04-11 09:50:36.804 +0700] [INFO] [cadence.virtuoso.ade.services.netlister] - Finished netlisting {"point": 4, "testname": "my_lib_pmos_tb_1"}
\o [2026-04-11 09:50:36.806 +0700] [EVENT] [cadence.virtuoso.ade.services.netlister] - NewPoint {"point": 5, "testname": "my_lib_pmos_tb_1", "event": "NewPoint", "EventSource": "Netlist Service", "HistoryName": "ExplorerRun.0", "logFile": "/home/dtvt_13/truong/logs_dtvt_13/logs0/Service13.log", "logFileSize": "16267"}
\o [2026-04-11 09:50:36.807 +0700] [INFO] [cadence.virtuoso.ade.services.netlister] - Started netlisting {"point": 5, "testname": "my_lib_pmos_tb_1"}
\o Resetting statistical vars
\o 
\o *Info*    Setting parameter values ...
\o 
\o Setting var l_sweep = "100n"
\o 
\o *Info*    Netlist Directory =
\o           /home/dtvt_13/simulation/my_lib/pmos_tb/maestro/results/maestro/ExplorerRun.0/5/my_lib_pmos_tb_1/netlist
\o 
\o 
\o *Info*    Data Directory    =
\o           /home/dtvt_13/simulation/my_lib/pmos_tb/maestro/results/maestro/ExplorerRun.0/5/my_lib_pmos_tb_1
\o 
\o Reusing AHDL Data dir
\o generate netlist...
\o Ignoring netlist creation since ignoreDesignChangesDuringRun is set to true
\o       ...successful.
\o compose simulator input file...
\o       ...successful.
\o [2026-04-11 09:50:37.405 +0700] [PROCESS] [cadence.virtuoso.ade.services.netlister] - Current memory used: 595.3555 MBytes, peak memory used: 595.3594 MBytes {"hostname": "dtvt_13", "processid": 685, "testname": "my_lib_pmos_tb_1", "point": 5, "logfile": "/home/dtvt_13/truong/logs_dtvt_13/logs0/Service13.log"}
\o [2026-04-11 09:50:37.406 +0700] [INFO] [cadence.virtuoso.ade.services.netlister] - Finished netlisting {"point": 5, "testname": "my_lib_pmos_tb_1"}
\o [2026-04-11 09:50:37.408 +0700] [EVENT] [cadence.virtuoso.ade.services.netlister] - NewPoint {"point": 6, "testname": "my_lib_pmos_tb_1", "event": "NewPoint", "EventSource": "Netlist Service", "HistoryName": "ExplorerRun.0", "logFile": "/home/dtvt_13/truong/logs_dtvt_13/logs0/Service13.log", "logFileSize": "17835"}
\o [2026-04-11 09:50:37.409 +0700] [INFO] [cadence.virtuoso.ade.services.netlister] - Started netlisting {"point": 6, "testname": "my_lib_pmos_tb_1"}
\o Resetting statistical vars
\o 
\o *Info*    Setting parameter values ...
\o 
\o Setting var l_sweep = "110n"
\o 
\o *Info*    Netlist Directory =
\o           /home/dtvt_13/simulation/my_lib/pmos_tb/maestro/results/maestro/ExplorerRun.0/6/my_lib_pmos_tb_1/netlist
\o 
\o 
\o *Info*    Data Directory    =
\o           /home/dtvt_13/simulation/my_lib/pmos_tb/maestro/results/maestro/ExplorerRun.0/6/my_lib_pmos_tb_1
\o 
\o Reusing AHDL Data dir
\o generate netlist...
\o Ignoring netlist creation since ignoreDesignChangesDuringRun is set to true
\o       ...successful.
\o compose simulator input file...
\o       ...successful.
\o [2026-04-11 09:50:37.826 +0700] [PROCESS] [cadence.virtuoso.ade.services.netlister] - Current memory used: 595.3555 MBytes, peak memory used: 595.3594 MBytes {"hostname": "dtvt_13", "processid": 685, "testname": "my_lib_pmos_tb_1", "point": 6, "logfile": "/home/dtvt_13/truong/logs_dtvt_13/logs0/Service13.log"}
\o [2026-04-11 09:50:37.827 +0700] [INFO] [cadence.virtuoso.ade.services.netlister] - Finished netlisting {"point": 6, "testname": "my_lib_pmos_tb_1"}
\o [2026-04-11 09:50:37.829 +0700] [EVENT] [cadence.virtuoso.ade.services.netlister] - NewPoint {"point": 7, "testname": "my_lib_pmos_tb_1", "event": "NewPoint", "EventSource": "Netlist Service", "HistoryName": "ExplorerRun.0", "logFile": "/home/dtvt_13/truong/logs_dtvt_13/logs0/Service13.log", "logFileSize": "19403"}
\o [2026-04-11 09:50:37.830 +0700] [INFO] [cadence.virtuoso.ade.services.netlister] - Started netlisting {"point": 7, "testname": "my_lib_pmos_tb_1"}
\o Resetting statistical vars
\o 
\o *Info*    Setting parameter values ...
\o 
\o Setting var l_sweep = "120n"
\o 
\o *Info*    Netlist Directory =
\o           /home/dtvt_13/simulation/my_lib/pmos_tb/maestro/results/maestro/ExplorerRun.0/7/my_lib_pmos_tb_1/netlist
\o 
\o 
\o *Info*    Data Directory    =
\o           /home/dtvt_13/simulation/my_lib/pmos_tb/maestro/results/maestro/ExplorerRun.0/7/my_lib_pmos_tb_1
\o 
\o Reusing AHDL Data dir
\o generate netlist...
\o Ignoring netlist creation since ignoreDesignChangesDuringRun is set to true
\o       ...successful.
\o compose simulator input file...
\o       ...successful.
\o [2026-04-11 09:50:38.268 +0700] [PROCESS] [cadence.virtuoso.ade.services.netlister] - Current memory used: 595.3555 MBytes, peak memory used: 595.3594 MBytes {"hostname": "dtvt_13", "processid": 685, "testname": "my_lib_pmos_tb_1", "point": 7, "logfile": "/home/dtvt_13/truong/logs_dtvt_13/logs0/Service13.log"}
\o [2026-04-11 09:50:38.269 +0700] [INFO] [cadence.virtuoso.ade.services.netlister] - Finished netlisting {"point": 7, "testname": "my_lib_pmos_tb_1"}
\o [2026-04-11 09:50:38.271 +0700] [EVENT] [cadence.virtuoso.ade.services.netlister] - NewPoint {"point": 8, "testname": "my_lib_pmos_tb_1", "event": "NewPoint", "EventSource": "Netlist Service", "HistoryName": "ExplorerRun.0", "logFile": "/home/dtvt_13/truong/logs_dtvt_13/logs0/Service13.log", "logFileSize": "20971"}
\o [2026-04-11 09:50:38.272 +0700] [INFO] [cadence.virtuoso.ade.services.netlister] - Started netlisting {"point": 8, "testname": "my_lib_pmos_tb_1"}
\o Resetting statistical vars
\o 
\o *Info*    Setting parameter values ...
\o 
\o Setting var l_sweep = "130n"
\o 
\o *Info*    Netlist Directory =
\o           /home/dtvt_13/simulation/my_lib/pmos_tb/maestro/results/maestro/ExplorerRun.0/8/my_lib_pmos_tb_1/netlist
\o 
\o 
\o *Info*    Data Directory    =
\o           /home/dtvt_13/simulation/my_lib/pmos_tb/maestro/results/maestro/ExplorerRun.0/8/my_lib_pmos_tb_1
\o 
\o Reusing AHDL Data dir
\o generate netlist...
\o Ignoring netlist creation since ignoreDesignChangesDuringRun is set to true
\o       ...successful.
\o compose simulator input file...
\o       ...successful.
\o [2026-04-11 09:50:38.568 +0700] [PROCESS] [cadence.virtuoso.ade.services.netlister] - Current memory used: 595.3555 MBytes, peak memory used: 595.3594 MBytes {"hostname": "dtvt_13", "processid": 685, "testname": "my_lib_pmos_tb_1", "point": 8, "logfile": "/home/dtvt_13/truong/logs_dtvt_13/logs0/Service13.log"}
\o [2026-04-11 09:50:38.568 +0700] [INFO] [cadence.virtuoso.ade.services.netlister] - Finished netlisting {"point": 8, "testname": "my_lib_pmos_tb_1"}
\o [2026-04-11 09:50:38.570 +0700] [EVENT] [cadence.virtuoso.ade.services.netlister] - NewPoint {"point": 9, "testname": "my_lib_pmos_tb_1", "event": "NewPoint", "EventSource": "Netlist Service", "HistoryName": "ExplorerRun.0", "logFile": "/home/dtvt_13/truong/logs_dtvt_13/logs0/Service13.log", "logFileSize": "22539"}
\o [2026-04-11 09:50:38.570 +0700] [INFO] [cadence.virtuoso.ade.services.netlister] - Started netlisting {"point": 9, "testname": "my_lib_pmos_tb_1"}
\o Resetting statistical vars
\o 
\o *Info*    Setting parameter values ...
\o 
\o Setting var l_sweep = "140n"
\o 
\o *Info*    Netlist Directory =
\o           /home/dtvt_13/simulation/my_lib/pmos_tb/maestro/results/maestro/ExplorerRun.0/9/my_lib_pmos_tb_1/netlist
\o 
\o 
\o *Info*    Data Directory    =
\o           /home/dtvt_13/simulation/my_lib/pmos_tb/maestro/results/maestro/ExplorerRun.0/9/my_lib_pmos_tb_1
\o 
\o Reusing AHDL Data dir
\o generate netlist...
\o Ignoring netlist creation since ignoreDesignChangesDuringRun is set to true
\o       ...successful.
\o compose simulator input file...
\o       ...successful.
\o [2026-04-11 09:50:38.948 +0700] [PROCESS] [cadence.virtuoso.ade.services.netlister] - Current memory used: 595.3555 MBytes, peak memory used: 595.3594 MBytes {"hostname": "dtvt_13", "processid": 685, "testname": "my_lib_pmos_tb_1", "point": 9, "logfile": "/home/dtvt_13/truong/logs_dtvt_13/logs0/Service13.log"}
\o [2026-04-11 09:50:38.948 +0700] [INFO] [cadence.virtuoso.ade.services.netlister] - Finished netlisting {"point": 9, "testname": "my_lib_pmos_tb_1"}
\o [2026-04-11 09:50:38.949 +0700] [EVENT] [cadence.virtuoso.ade.services.netlister] - NewPoint {"point": 10, "testname": "my_lib_pmos_tb_1", "event": "NewPoint", "EventSource": "Netlist Service", "HistoryName": "ExplorerRun.0", "logFile": "/home/dtvt_13/truong/logs_dtvt_13/logs0/Service13.log", "logFileSize": "24107"}
\o [2026-04-11 09:50:38.949 +0700] [INFO] [cadence.virtuoso.ade.services.netlister] - Started netlisting {"point": 10, "testname": "my_lib_pmos_tb_1"}
\o Resetting statistical vars
\o 
\o *Info*    Setting parameter values ...
\o 
\o Setting var l_sweep = "150n"
\o 
\o *Info*    Netlist Directory =
\o           /home/dtvt_13/simulation/my_lib/pmos_tb/maestro/results/maestro/ExplorerRun.0/10/my_lib_pmos_tb_1/netlist
\o 
\o 
\o *Info*    Data Directory    =
\o           /home/dtvt_13/simulation/my_lib/pmos_tb/maestro/results/maestro/ExplorerRun.0/10/my_lib_pmos_tb_1
\o 
\o Reusing AHDL Data dir
\o generate netlist...
\o Ignoring netlist creation since ignoreDesignChangesDuringRun is set to true
\o       ...successful.
\o compose simulator input file...
\o       ...successful.
\o [2026-04-11 09:50:39.333 +0700] [PROCESS] [cadence.virtuoso.ade.services.netlister] - Current memory used: 595.3555 MBytes, peak memory used: 595.3594 MBytes {"hostname": "dtvt_13", "processid": 685, "testname": "my_lib_pmos_tb_1", "point": 10, "logfile": "/home/dtvt_13/truong/logs_dtvt_13/logs0/Service13.log"}
\o [2026-04-11 09:50:39.334 +0700] [INFO] [cadence.virtuoso.ade.services.netlister] - Finished netlisting {"point": 10, "testname": "my_lib_pmos_tb_1"}
\o [2026-04-11 09:50:39.335 +0700] [EVENT] [cadence.virtuoso.ade.services.netlister] - NewPoint {"point": 11, "testname": "my_lib_pmos_tb_1", "event": "NewPoint", "EventSource": "Netlist Service", "HistoryName": "ExplorerRun.0", "logFile": "/home/dtvt_13/truong/logs_dtvt_13/logs0/Service13.log", "logFileSize": "25681"}
\o [2026-04-11 09:50:39.336 +0700] [INFO] [cadence.virtuoso.ade.services.netlister] - Started netlisting {"point": 11, "testname": "my_lib_pmos_tb_1"}
\o Resetting statistical vars
\o 
\o *Info*    Setting parameter values ...
\o 
\o Setting var l_sweep = "160n"
\o 
\o *Info*    Netlist Directory =
\o           /home/dtvt_13/simulation/my_lib/pmos_tb/maestro/results/maestro/ExplorerRun.0/11/my_lib_pmos_tb_1/netlist
\o 
\o 
\o *Info*    Data Directory    =
\o           /home/dtvt_13/simulation/my_lib/pmos_tb/maestro/results/maestro/ExplorerRun.0/11/my_lib_pmos_tb_1
\o 
\o Reusing AHDL Data dir
\o generate netlist...
\o Ignoring netlist creation since ignoreDesignChangesDuringRun is set to true
\o       ...successful.
\o compose simulator input file...
\o       ...successful.
\o [2026-04-11 09:50:39.603 +0700] [PROCESS] [cadence.virtuoso.ade.services.netlister] - Current memory used: 595.3555 MBytes, peak memory used: 595.3594 MBytes {"hostname": "dtvt_13", "processid": 685, "testname": "my_lib_pmos_tb_1", "point": 11, "logfile": "/home/dtvt_13/truong/logs_dtvt_13/logs0/Service13.log"}
\o [2026-04-11 09:50:39.604 +0700] [INFO] [cadence.virtuoso.ade.services.netlister] - Finished netlisting {"point": 11, "testname": "my_lib_pmos_tb_1"}
\o [2026-04-11 09:50:39.605 +0700] [EVENT] [cadence.virtuoso.ade.services.netlister] - NewPoint {"point": 12, "testname": "my_lib_pmos_tb_1", "event": "NewPoint", "EventSource": "Netlist Service", "HistoryName": "ExplorerRun.0", "logFile": "/home/dtvt_13/truong/logs_dtvt_13/logs0/Service13.log", "logFileSize": "27255"}
\o [2026-04-11 09:50:39.606 +0700] [INFO] [cadence.virtuoso.ade.services.netlister] - Started netlisting {"point": 12, "testname": "my_lib_pmos_tb_1"}
\o Resetting statistical vars
\o 
\o *Info*    Setting parameter values ...
\o 
\o Setting var l_sweep = "170n"
\o 
\o *Info*    Netlist Directory =
\o           /home/dtvt_13/simulation/my_lib/pmos_tb/maestro/results/maestro/ExplorerRun.0/12/my_lib_pmos_tb_1/netlist
\o 
\o 
\o *Info*    Data Directory    =
\o           /home/dtvt_13/simulation/my_lib/pmos_tb/maestro/results/maestro/ExplorerRun.0/12/my_lib_pmos_tb_1
\o 
\o Reusing AHDL Data dir
\o generate netlist...
\o Ignoring netlist creation since ignoreDesignChangesDuringRun is set to true
\o       ...successful.
\o compose simulator input file...
\o       ...successful.
\o [2026-04-11 09:50:39.870 +0700] [PROCESS] [cadence.virtuoso.ade.services.netlister] - Current memory used: 595.3555 MBytes, peak memory used: 595.3594 MBytes {"hostname": "dtvt_13", "processid": 685, "testname": "my_lib_pmos_tb_1", "point": 12, "logfile": "/home/dtvt_13/truong/logs_dtvt_13/logs0/Service13.log"}
\o [2026-04-11 09:50:39.871 +0700] [INFO] [cadence.virtuoso.ade.services.netlister] - Finished netlisting {"point": 12, "testname": "my_lib_pmos_tb_1"}
\o [2026-04-11 09:50:39.871 +0700] [EVENT] [cadence.virtuoso.ade.services.netlister] - NewPoint {"point": 13, "testname": "my_lib_pmos_tb_1", "event": "NewPoint", "EventSource": "Netlist Service", "HistoryName": "ExplorerRun.0", "logFile": "/home/dtvt_13/truong/logs_dtvt_13/logs0/Service13.log", "logFileSize": "28829"}
\o [2026-04-11 09:50:39.871 +0700] [INFO] [cadence.virtuoso.ade.services.netlister] - Started netlisting {"point": 13, "testname": "my_lib_pmos_tb_1"}
\o Resetting statistical vars
\o 
\o *Info*    Setting parameter values ...
\o 
\o Setting var l_sweep = "180n"
\o 
\o *Info*    Netlist Directory =
\o           /home/dtvt_13/simulation/my_lib/pmos_tb/maestro/results/maestro/ExplorerRun.0/13/my_lib_pmos_tb_1/netlist
\o 
\o 
\o *Info*    Data Directory    =
\o           /home/dtvt_13/simulation/my_lib/pmos_tb/maestro/results/maestro/ExplorerRun.0/13/my_lib_pmos_tb_1
\o 
\o Reusing AHDL Data dir
\o generate netlist...
\o Ignoring netlist creation since ignoreDesignChangesDuringRun is set to true
\o       ...successful.
\o compose simulator input file...
\o       ...successful.
\o [2026-04-11 09:50:40.055 +0700] [PROCESS] [cadence.virtuoso.ade.services.netlister] - Current memory used: 595.3555 MBytes, peak memory used: 595.3594 MBytes {"hostname": "dtvt_13", "processid": 685, "testname": "my_lib_pmos_tb_1", "point": 13, "logfile": "/home/dtvt_13/truong/logs_dtvt_13/logs0/Service13.log"}
\o [2026-04-11 09:50:40.056 +0700] [INFO] [cadence.virtuoso.ade.services.netlister] - Finished netlisting {"point": 13, "testname": "my_lib_pmos_tb_1"}
\o [2026-04-11 09:50:40.057 +0700] [EVENT] [cadence.virtuoso.ade.services.netlister] - NewPoint {"point": 14, "testname": "my_lib_pmos_tb_1", "event": "NewPoint", "EventSource": "Netlist Service", "HistoryName": "ExplorerRun.0", "logFile": "/home/dtvt_13/truong/logs_dtvt_13/logs0/Service13.log", "logFileSize": "30403"}
\o [2026-04-11 09:50:40.057 +0700] [INFO] [cadence.virtuoso.ade.services.netlister] - Started netlisting {"point": 14, "testname": "my_lib_pmos_tb_1"}
\o Resetting statistical vars
\o 
\o *Info*    Setting parameter values ...
\o 
\o Setting var l_sweep = "190n"
\o 
\o *Info*    Netlist Directory =
\o           /home/dtvt_13/simulation/my_lib/pmos_tb/maestro/results/maestro/ExplorerRun.0/14/my_lib_pmos_tb_1/netlist
\o 
\o 
\o *Info*    Data Directory    =
\o           /home/dtvt_13/simulation/my_lib/pmos_tb/maestro/results/maestro/ExplorerRun.0/14/my_lib_pmos_tb_1
\o 
\o Reusing AHDL Data dir
\o generate netlist...
\o Ignoring netlist creation since ignoreDesignChangesDuringRun is set to true
\o       ...successful.
\o compose simulator input file...
\o       ...successful.
\o [2026-04-11 09:50:40.257 +0700] [PROCESS] [cadence.virtuoso.ade.services.netlister] - Current memory used: 595.3555 MBytes, peak memory used: 595.3594 MBytes {"hostname": "dtvt_13", "processid": 685, "testname": "my_lib_pmos_tb_1", "point": 14, "logfile": "/home/dtvt_13/truong/logs_dtvt_13/logs0/Service13.log"}
\o [2026-04-11 09:50:40.257 +0700] [INFO] [cadence.virtuoso.ade.services.netlister] - Finished netlisting {"point": 14, "testname": "my_lib_pmos_tb_1"}
\o [2026-04-11 09:50:40.258 +0700] [EVENT] [cadence.virtuoso.ade.services.netlister] - NewPoint {"point": 15, "testname": "my_lib_pmos_tb_1", "event": "NewPoint", "EventSource": "Netlist Service", "HistoryName": "ExplorerRun.0", "logFile": "/home/dtvt_13/truong/logs_dtvt_13/logs0/Service13.log", "logFileSize": "31977"}
\o [2026-04-11 09:50:40.258 +0700] [INFO] [cadence.virtuoso.ade.services.netlister] - Started netlisting {"point": 15, "testname": "my_lib_pmos_tb_1"}
\o Resetting statistical vars
\o 
\o *Info*    Setting parameter values ...
\o 
\o Setting var l_sweep = "200n"
\o 
\o *Info*    Netlist Directory =
\o           /home/dtvt_13/simulation/my_lib/pmos_tb/maestro/results/maestro/ExplorerRun.0/15/my_lib_pmos_tb_1/netlist
\o 
\o 
\o *Info*    Data Directory    =
\o           /home/dtvt_13/simulation/my_lib/pmos_tb/maestro/results/maestro/ExplorerRun.0/15/my_lib_pmos_tb_1
\o 
\o Reusing AHDL Data dir
\o generate netlist...
\o Ignoring netlist creation since ignoreDesignChangesDuringRun is set to true
\o       ...successful.
\o compose simulator input file...
\o       ...successful.
\o [2026-04-11 09:50:40.476 +0700] [PROCESS] [cadence.virtuoso.ade.services.netlister] - Current memory used: 595.3555 MBytes, peak memory used: 595.3594 MBytes {"hostname": "dtvt_13", "processid": 685, "testname": "my_lib_pmos_tb_1", "point": 15, "logfile": "/home/dtvt_13/truong/logs_dtvt_13/logs0/Service13.log"}
\o [2026-04-11 09:50:40.477 +0700] [INFO] [cadence.virtuoso.ade.services.netlister] - Finished netlisting {"point": 15, "testname": "my_lib_pmos_tb_1"}
\o [2026-04-11 09:50:40.477 +0700] [EVENT] [cadence.virtuoso.ade.services.netlister] - NewPoint {"point": 16, "testname": "my_lib_pmos_tb_1", "event": "NewPoint", "EventSource": "Netlist Service", "HistoryName": "ExplorerRun.0", "logFile": "/home/dtvt_13/truong/logs_dtvt_13/logs0/Service13.log", "logFileSize": "33551"}
\o [2026-04-11 09:50:40.478 +0700] [INFO] [cadence.virtuoso.ade.services.netlister] - Started netlisting {"point": 16, "testname": "my_lib_pmos_tb_1"}
\o Resetting statistical vars
\o 
\o *Info*    Setting parameter values ...
\o 
\o Setting var l_sweep = "210n"
\o 
\o *Info*    Netlist Directory =
\o           /home/dtvt_13/simulation/my_lib/pmos_tb/maestro/results/maestro/ExplorerRun.0/16/my_lib_pmos_tb_1/netlist
\o 
\o 
\o *Info*    Data Directory    =
\o           /home/dtvt_13/simulation/my_lib/pmos_tb/maestro/results/maestro/ExplorerRun.0/16/my_lib_pmos_tb_1
\o 
\o Reusing AHDL Data dir
\o generate netlist...
\o Ignoring netlist creation since ignoreDesignChangesDuringRun is set to true
\o       ...successful.
\o compose simulator input file...
\o       ...successful.
\o [2026-04-11 09:50:40.715 +0700] [PROCESS] [cadence.virtuoso.ade.services.netlister] - Current memory used: 595.3555 MBytes, peak memory used: 595.3594 MBytes {"hostname": "dtvt_13", "processid": 685, "testname": "my_lib_pmos_tb_1", "point": 16, "logfile": "/home/dtvt_13/truong/logs_dtvt_13/logs0/Service13.log"}
\o [2026-04-11 09:50:40.715 +0700] [INFO] [cadence.virtuoso.ade.services.netlister] - Finished netlisting {"point": 16, "testname": "my_lib_pmos_tb_1"}
\o [2026-04-11 09:50:40.716 +0700] [EVENT] [cadence.virtuoso.ade.services.netlister] - NewPoint {"point": 17, "testname": "my_lib_pmos_tb_1", "event": "NewPoint", "EventSource": "Netlist Service", "HistoryName": "ExplorerRun.0", "logFile": "/home/dtvt_13/truong/logs_dtvt_13/logs0/Service13.log", "logFileSize": "35125"}
\o [2026-04-11 09:50:40.716 +0700] [INFO] [cadence.virtuoso.ade.services.netlister] - Started netlisting {"point": 17, "testname": "my_lib_pmos_tb_1"}
\o Resetting statistical vars
\o 
\o *Info*    Setting parameter values ...
\o 
\o Setting var l_sweep = "220n"
\o 
\o *Info*    Netlist Directory =
\o           /home/dtvt_13/simulation/my_lib/pmos_tb/maestro/results/maestro/ExplorerRun.0/17/my_lib_pmos_tb_1/netlist
\o 
\o 
\o *Info*    Data Directory    =
\o           /home/dtvt_13/simulation/my_lib/pmos_tb/maestro/results/maestro/ExplorerRun.0/17/my_lib_pmos_tb_1
\o 
\o Reusing AHDL Data dir
\o generate netlist...
\o Ignoring netlist creation since ignoreDesignChangesDuringRun is set to true
\o       ...successful.
\o compose simulator input file...
\o       ...successful.
\o [2026-04-11 09:50:40.930 +0700] [PROCESS] [cadence.virtuoso.ade.services.netlister] - Current memory used: 595.9609 MBytes, peak memory used: 595.9648 MBytes {"hostname": "dtvt_13", "processid": 685, "testname": "my_lib_pmos_tb_1", "point": 17, "logfile": "/home/dtvt_13/truong/logs_dtvt_13/logs0/Service13.log"}
\o [2026-04-11 09:50:40.931 +0700] [INFO] [cadence.virtuoso.ade.services.netlister] - Finished netlisting {"point": 17, "testname": "my_lib_pmos_tb_1"}
\o [2026-04-11 09:50:40.931 +0700] [EVENT] [cadence.virtuoso.ade.services.netlister] - NewPoint {"point": 18, "testname": "my_lib_pmos_tb_1", "event": "NewPoint", "EventSource": "Netlist Service", "HistoryName": "ExplorerRun.0", "logFile": "/home/dtvt_13/truong/logs_dtvt_13/logs0/Service13.log", "logFileSize": "36699"}
\o [2026-04-11 09:50:40.931 +0700] [INFO] [cadence.virtuoso.ade.services.netlister] - Started netlisting {"point": 18, "testname": "my_lib_pmos_tb_1"}
\o Resetting statistical vars
\o 
\o *Info*    Setting parameter values ...
\o 
\o Setting var l_sweep = "230n"
\o 
\o *Info*    Netlist Directory =
\o           /home/dtvt_13/simulation/my_lib/pmos_tb/maestro/results/maestro/ExplorerRun.0/18/my_lib_pmos_tb_1/netlist
\o 
\o 
\o *Info*    Data Directory    =
\o           /home/dtvt_13/simulation/my_lib/pmos_tb/maestro/results/maestro/ExplorerRun.0/18/my_lib_pmos_tb_1
\o 
\o Reusing AHDL Data dir
\o generate netlist...
\o Ignoring netlist creation since ignoreDesignChangesDuringRun is set to true
\o       ...successful.
\o compose simulator input file...
\o       ...successful.
\o [2026-04-11 09:50:41.267 +0700] [PROCESS] [cadence.virtuoso.ade.services.netlister] - Current memory used: 597.1250 MBytes, peak memory used: 597.1289 MBytes {"hostname": "dtvt_13", "processid": 685, "testname": "my_lib_pmos_tb_1", "point": 18, "logfile": "/home/dtvt_13/truong/logs_dtvt_13/logs0/Service13.log"}
\o [2026-04-11 09:50:41.268 +0700] [INFO] [cadence.virtuoso.ade.services.netlister] - Finished netlisting {"point": 18, "testname": "my_lib_pmos_tb_1"}
\o [2026-04-11 09:50:41.268 +0700] [EVENT] [cadence.virtuoso.ade.services.netlister] - NewPoint {"point": 19, "testname": "my_lib_pmos_tb_1", "event": "NewPoint", "EventSource": "Netlist Service", "HistoryName": "ExplorerRun.0", "logFile": "/home/dtvt_13/truong/logs_dtvt_13/logs0/Service13.log", "logFileSize": "38273"}
\o [2026-04-11 09:50:41.269 +0700] [INFO] [cadence.virtuoso.ade.services.netlister] - Started netlisting {"point": 19, "testname": "my_lib_pmos_tb_1"}
\o Resetting statistical vars
\o 
\o *Info*    Setting parameter values ...
\o 
\o Setting var l_sweep = "240n"
\o 
\o *Info*    Netlist Directory =
\o           /home/dtvt_13/simulation/my_lib/pmos_tb/maestro/results/maestro/ExplorerRun.0/19/my_lib_pmos_tb_1/netlist
\o 
\o 
\o *Info*    Data Directory    =
\o           /home/dtvt_13/simulation/my_lib/pmos_tb/maestro/results/maestro/ExplorerRun.0/19/my_lib_pmos_tb_1
\o 
\o Reusing AHDL Data dir
\o generate netlist...
\o Ignoring netlist creation since ignoreDesignChangesDuringRun is set to true
\o       ...successful.
\o compose simulator input file...
\o       ...successful.
\o [2026-04-11 09:50:41.460 +0700] [PROCESS] [cadence.virtuoso.ade.services.netlister] - Current memory used: 598.2852 MBytes, peak memory used: 598.2891 MBytes {"hostname": "dtvt_13", "processid": 685, "testname": "my_lib_pmos_tb_1", "point": 19, "logfile": "/home/dtvt_13/truong/logs_dtvt_13/logs0/Service13.log"}
\o [2026-04-11 09:50:41.461 +0700] [INFO] [cadence.virtuoso.ade.services.netlister] - Finished netlisting {"point": 19, "testname": "my_lib_pmos_tb_1"}
\# Memory report: Maximum memory size now 11,601 MB at UTC 2026.04.11 02:50:45.466
\o Simulation design variables differ from those on the cellView,
\o they have been saved in the file "/tmp/saved-design-variables".
\o To save future changes, copy variables to cellView before exiting.
\# Lic Summary:
\# [09:55:44.454760] Cdslmd servers:5280@192.168.32.10
\# [09:55:44.454794] Feature usage summary:
\# Memory report: on exit            714 MB, process size 2,437 MB at UTC 2026.04.11 02:55:44.979
\# Memory report: peak usage         714 MB, process size 2,437 MB
