\o Program:		@(#)$CDS: cdsLibEditor version 6.1.8 - CAT37 09/08/2022 08:41 (sjfdcl1034) $
\o Sub version:		sub-version  s284 
\o Arguments:		-display :0 -mpssession virtuoso28435 -mpshost dtvt05 -mpsversion 6.18 -namespace CDBA -cdslib /home/dtvt_05/DUT_VI_MACH_WORKING_DIR/truong/cds.lib 
\o Working Directory:	dtvt05:/home/dtvt_05/DUT_VI_MACH_WORKING_DIR/truong
\o 64-bit offsets
\a nrSetWindowVisibility(cdsLibEditor "show")
\o Qt version: 		5.9.1
\a nrSetCurrentWindow(cdsLibEditor)
\a nrListItemAction(cdsLibEditor->mainTable 0 0)
\o Active cell: 0 0 "basic"
\a nrResizeWindow(cdsLibEditor list(95 123 500 400))
\a nrListItemAction(cdsLibEditor->mainTable 0 1)
\o Active cell: 0 1 "/home/dtvt_13/CDNS_Client/IC20.1-ISR28/tools/dfII/etc/cdslib/basic"
\a nrListItemRename(cdsLibEditor->mainTable, 0 1 "/home/dtvt_05/CDNS_Client/IC20.1-ISR28/tools/dfII/etc/cdslib/basic")
\a nrListItemAction(cdsLibEditor->mainTable 1 1)
\o Active cell: 1 1 "/home/dtvt_13/CDNS_Client/IC20.1-ISR28/tools/dfII/etc/cdslib/artist/analogLib"
\a nrListItemRename(cdsLibEditor->mainTable, 1 1 "/home/dtvt_05/CDNS_Client/IC20.1-ISR28/tools/dfII/etc/cdslib/artist/analogLib")
\a nrListItemAction(cdsLibEditor->mainTable 2 0)
\o Active cell: 2 0 "tsmcN65"
\a nrListItemAction(cdsLibEditor->mainTable 2 1)
\o Active cell: 2 1 "/home/dtvt_13/WORK/65NTSMC/tsmcN65"
\a nrListItemRename(cdsLibEditor->mainTable, 2 1 "/home/dtvt_05/WORK/65NTSMC/tsmcN65")
\o QUESTION (CLE-200): The directory "/home/dtvt_05/WORK/65NTSMC/tsmcN65" \ndoesn't exist. If other tools use this file, \nan error will occur unless you either create \nthe directory you have specified or change the \npath to an existing directory. \n\nDo you want to create a new library? 
\a nrSetWindowVisibility(needCreateDialog "show")
\a nrSetCurrentWindow(needCreateDialog)
\a nrResizeWindow(needCreateDialog list(168 223 354 200))
\a needCreateDialog->yesButton->value = t
\a newLibraryDialog->filePathComboBox->value = "/home/dtvt_05/DUT_VI_MACH_WORKING_DIR/truong"
\a newLibraryDialog->libraryName->value = "tsmcN65"
\a newLibraryDialog->useMappedName->value = nil
\a nrSetWindowVisibility(newLibraryDialog "show")
\a nrListItemAction(cdsLibEditor->mainTable 3 0)
\o Active cell: 3 0 "my_lib"
\a nrSetCurrentWindow(newLibraryDialog)
\a nrResizeWindow(needCreateDialog list(168 186 354 200))
\a nrResizeWindow(newLibraryDialog list(80 66 531 513))
\a nrSetCurrentWindow(cdsLibEditor)
\a nrResizeWindow(newLibraryDialog list(80 29 531 513))
\a nrListItemAction(cdsLibEditor->mainTable 3 1)
\o Active cell: 3 1 "/home/dtvt_13/truong/my_lib"
\a nrListItemRename(cdsLibEditor->mainTable, 3 1 "/home/dtvt_05/truong/my_lib")
\o QUESTION (CLE-200): The directory "/home/dtvt_05/truong/my_lib" \ndoesn't exist. If other tools use this file, \nan error will occur unless you either create \nthe directory you have specified or change the \npath to an existing directory. \n\nDo you want to create a new library? 
\a nrSetCurrentWindow(needCreateDialog)
\a nrResizeWindow(needCreateDialog list(168 223 354 200))
\a nrListItemAction(cdsLibEditor->mainTable 4 0)
\o Active cell: 4 0 ""
\a nrSetCurrentWindow(cdsLibEditor)
\a nrResizeWindow(needCreateDialog list(168 186 354 200))
\a nrListItemAction(cdsLibEditor->mainTable 3 1)
\o Active cell: 3 1 "/home/dtvt_05/truong/my_lib"
\a nrListItemRename(cdsLibEditor->mainTable, 3 1 "/home/dtvt_05/DUT_VI_MACH_WORKING_DIR/truong/my_lib")
\a nrListItemAction(cdsLibEditor->mainTable 4 0)
\o Active cell: 4 0 ""
\a cdsLibEditor->fileSaveButton->value = t
\a nrSetCurrentWindow(cdsLibEditor)
\a nrListItemAction(cdsLibEditor->mainTable 2 1)
\o Active cell: 2 1 "/home/dtvt_05/WORK/65NTSMC/tsmcN65"
\a nrListItemRename(cdsLibEditor->mainTable, 2 1 "/home/dtvt_05/Downloads/65NTSMC/tsmcN65")
\a nrListItemAction(cdsLibEditor->mainTable 3 0)
\o Active cell: 3 0 "my_lib"
\a cdsLibEditor->fileSaveButton->value = t
\a exit(0)
