\o Program:		@(#)$CDS: libManager version 6.1.8 - CAT37 09/08/2022 08:39 (sjfdcl1034) $
\o Sub version:		sub-version  s284 
\o Arguments:		-unmapped -mpssession virtuoso20107 -mpshost dtvt05 
\o Working Directory:	dtvt05:/home/dtvt_05/DUT_VI_MACH_WORKING_DIR/truong
\o 64-bit offsets
\o Qt version: 		5.9.1
\o changeWorkingDir("/home/dtvt_05/DUT_VI_MACH_WORKING_DIR/truong") unnecessary.
\o ddSetForcedLib("") unnecessary.
\o Log file is "/home/dtvt_05/DUT_VI_MACH_WORKING_DIR/truong/libManager.log".
\o Opening libManager window.
\a nrSetWindowVisibility(cdsLibManager "show")
\o MPS service: map window
\o Library Manager customization server connected.
\a nrSetCurrentWindow(cdsLibManager)
\a nrResizeWindow(cdsLibManager list(176 92 1440 913))
\a cdsLibManager->libListBox->value = "my_lib"
\a cdsLibManager->libLineEdit->value = "my_lib"
\a cdsLibManager->cellListBox->value = "cs_amp"
\a cdsLibManager->cellLineEdit->value = "cs_amp"
\a cdsLibManager->cellLineEdit->value = ""
\a cdsLibManager->cellListBox->value = nil
\a cdsLibManager->cellListBox->value = "cs_amp"
\a cdsLibManager->cellLineEdit->value = "cs_amp"
\o MPS request: edit design
\a nrListItemAction(cdsLibManager->cellListBox 1 0)
\a cdsLibManager->libListBox->value = nil
\a cdsLibManager->libLineEdit->value = ""
\a cdsLibManager->cellLineEdit->value = ""
\a cdsLibManager->cellListBox->value = nil
\a cdsLibManager->libListBox->value = "my_lib"
\a cdsLibManager->libLineEdit->value = "my_lib"
\a cdsLibManager->cellListBox->value = "cs_amp"
\a cdsLibManager->cellLineEdit->value = "cs_amp"
\a nrSetCurrentWindow(cdsLibManager)
\a cdsLibManager->viewListBox->value = "schematic"
\a cdsLibManager->viewLineEdit->value = "schematic"
\a cdsLibManager->libListBox->value = nil
\a cdsLibManager->libLineEdit->value = ""
\a cdsLibManager->cellListBox->value = nil
\a cdsLibManager->viewLineEdit->value = ""
\a cdsLibManager->viewListBox->value = nil
\a cdsLibManager->cellLineEdit->value = ""
\a cdsLibManager->libListBox->value = "my_lib"
\a cdsLibManager->libLineEdit->value = "my_lib"
\a cdsLibManager->cellListBox->value = "cs_amp"
\a cdsLibManager->cellLineEdit->value = "cs_amp"
\a cdsLibManager->viewListBox->value = "schematic"
\a cdsLibManager->viewLineEdit->value = "schematic"
\a cdsLibManager->viewLineEdit->value = ""
\a cdsLibManager->viewListBox->value = nil
\a cdsLibManager->viewListBox->value = "schematic"
\a cdsLibManager->viewLineEdit->value = "schematic"
\a nrSetCurrentWindow(cdsLibManager)
\a cdsLibManager->viewListBox->value = nil
\a cdsLibManager->viewLineEdit->value = ""
\a cdsLibManager->viewListBox->value = "schematic"
\a cdsLibManager->viewLineEdit->value = "schematic"
\o MPS request: edit design
\a nrListItemAction(cdsLibManager->gdmXTView 1 0)
\a nrSetCurrentWindow(cdsLibManager)
\a nrSetWindowVisibility(cdsLibManager "hide")
\a _lmgrCloseIconify("cdsLibManager" 1)
\o MPS service: shutdown
\o libManager is exiting.
\a exit(0)
