[Simulation Monitor: 12]
[2026-03-30 13:01:07.427 +0700] [PROCESS] [cadence.virtuoso.ade.simulationMonitor] - Simulation Monitor has successfully started up. Trying to set up communication channels to other components ... {"hostname": "dtvt16", "processid": 26146, "logfile": "/home/dtvt_16/duyDUT/logs_dtvt_16/logs0/Job12.log"}
[2026-03-30 13:01:07.428 +0700] [PROCESS] [cadence.virtuoso.ade.simulationMonitor] - Communication channels have been successfully set up. Start processing events ... {"hostname": "dtvt16", "processid": 26146, "logfile": "/home/dtvt_16/duyDUT/logs_dtvt_16/logs0/Job12.log"}
[2026-03-30 13:01:07.428 +0700] [PROCESS] [cadence.virtuoso.ade.simulationMonitor] - Considering to start history {"hostname": "dtvt16", "processid": 26146, "history": "ExplorerRun.0", "logfile": "/home/dtvt_16/duyDUT/logs_dtvt_16/logs0/Job12.log"}
[2026-03-30 13:01:07.430 +0700] [PROCESS] [cadence.virtuoso.ade.simulationMonitor] - HostInfo:
Host name (type):	dtvt16 (x86_64)
Operating system:	Linux 3.10.0-1160.118.1.el7.x86_64 #1 SMP Wed Apr 24 16:01:50 UTC 2024 {"hostname": "dtvt16", "processid": 26146, "history": "ExplorerRun.0", "logfile": "/home/dtvt_16/duyDUT/logs_dtvt_16/logs0/Job12.log", "nodename": "dtvt16", "domainname": "(none)", "machine": "x86_64", "sysname": "Linux", "release": "3.10.0-1160.118.1.el7.x86_64", "version": "#1 SMP Wed Apr 24 16:01:50 UTC 2024"}
[2026-03-30 13:01:07.430 +0700] [PROCESS] [cadence.virtuoso.ade.simulationMonitor] - UsageInfo:
pid=26146
totalPhysicalMemory=15.208324GB,Used=8.672909GB,totalVirtualMemory=22.895821GB,Used=8.672909GB
Cpu: Cores=24, Load average:0.830000,0.380000,0.180000 {"hostname": "dtvt16", "processid": 26146, "history": "ExplorerRun.0", "logfile": "/home/dtvt_16/duyDUT/logs_dtvt_16/logs0/Job12.log", "pid": "26146", "totalPhysicalMemory": "15.208324", "physicalMemoryUsed": "8.672909", "totalVirtualMemory": "22.895821", "virtualMemoryUsed": "8.672909", "cpuCores": "24", "processes": "1405", "loadAverage1": "0.830000", "loadAverage5": "0.380000", "loadAverage15": "0.180000", "loadAverage1Percent": "0.034583"}
[2026-03-30 13:01:07.431 +0700] [EVENT] [cadence.virtuoso.ade.simulationMonitor] - NewPoint {"history": "ExplorerRun.0", "point": 1, "testname": "bandgapcore_bgr_1", "cornername": "Nominal", "event": "NewPoint", "EventSource": "Simulation Monitor", "HistoryName": "ExplorerRun.0", "logFile": "/home/dtvt_16/duyDUT/logs_dtvt_16/logs0/Job12.log", "logFileSize": "2089"}
[2026-03-30 13:01:07.532 +0700] [EVENT] [cadence.virtuoso.ade.simulationMonitor] - NewPoint {"history": "ExplorerRun.0", "point": 1, "testname": "bandgapcore_bgr_1", "cornername": "Nominal", "event": "NewPoint", "EventSource": "spectre", "HistoryName": "ExplorerRun.0", "logFile": "/home/dtvt_16/simulation/bandgapcore/bgr/maestro/results/maestro/ExplorerRun.0/1/bandgapcore_bgr_1/psf/spectre.out", "logFileSize": "-1"}
[2026-03-30 13:01:07.541 +0700] [PROCESS] [cadence.virtuoso.ade.simulationMonitor] - Simulator launched {"hostname": "dtvt16", "processid": 26146, "history": "ExplorerRun.0", "testname": "bandgapcore_bgr_1", "cornername": "Nominal", "point": 1, "logfile": "/home/dtvt_16/duyDUT/logs_dtvt_16/logs0/Job12.log", "simid": "1"}
[2026-03-30 13:01:07.544 +0700] [PROCESS] [cadence.virtuoso.ade.simulationMonitor] - Expression evaluator launched {"hostname": "dtvt16", "processid": 26146, "history": "ExplorerRun.0", "testname": "bandgapcore_bgr_1", "cornername": "Nominal", "point": 1, "logfile": "/home/dtvt_16/duyDUT/logs_dtvt_16/logs0/Job12.log"}
[2026-03-30 13:01:07.557 +0700] [PROCESS] [cadence.virtuoso.ade.simulationMonitor] - Started Simulation {"hostname": "dtvt16", "processid": 26146, "history": "ExplorerRun.0", "testname": "bandgapcore_bgr_1", "cornername": "Nominal", "point": 1, "logfile": "/home/dtvt_16/duyDUT/logs_dtvt_16/logs0/Job12.log"}
[2026-03-30 13:01:29.241 +0700] [INFO] [cadence.virtuoso.ade.simulationMonitor] - Peak resident memory used = 98.1 Mbytes. {"history": "ExplorerRun.0", "point": 1, "testname": "bandgapcore_bgr_1", "cornername": "Nominal"}
[2026-03-30 13:01:29.241 +0700] [INFO] [cadence.virtuoso.ade.simulationMonitor] - Peak resident memory used = 108 Mbytes. {"history": "ExplorerRun.0", "point": 1, "testname": "bandgapcore_bgr_1", "cornername": "Nominal"}
[2026-03-30 13:01:29.242 +0700] [INFO] [cadence.virtuoso.ade.simulationMonitor] - Notice from spectre during hierarchy flattening.
    The value 'psf' specified for the 'checklimitdest' option will no longer be supported in future releases. Use 'spectre -h' to see other recommended values for the 'checklimitdest' option. {"history": "ExplorerRun.0", "point": 1, "testname": "bandgapcore_bgr_1", "cornername": "Nominal"}
[2026-03-30 13:01:29.242 +0700] [INFO] [cadence.virtuoso.ade.simulationMonitor] - Peak resident memory used = 109 Mbytes. {"history": "ExplorerRun.0", "point": 1, "testname": "bandgapcore_bgr_1", "cornername": "Nominal"}
[2026-03-30 13:01:29.242 +0700] [INFO] [cadence.virtuoso.ade.simulationMonitor] - Notice from spectre during initial setup.
    Multithreading is disabled due to the size of the design being too small. {"history": "ExplorerRun.0", "point": 1, "testname": "bandgapcore_bgr_1", "cornername": "Nominal"}
[2026-03-30 13:01:29.243 +0700] [INFO] [cadence.virtuoso.ade.simulationMonitor] -               nodes 3 {"history": "ExplorerRun.0", "point": 1, "testname": "bandgapcore_bgr_1", "cornername": "Nominal"}
[2026-03-30 13:01:29.243 +0700] [INFO] [cadence.virtuoso.ade.simulationMonitor] - Notice from spectre during initial setup.
    APS enabled. {"history": "ExplorerRun.0", "point": 1, "testname": "bandgapcore_bgr_1", "cornername": "Nominal"}
[2026-03-30 13:01:29.243 +0700] [INFO] [cadence.virtuoso.ade.simulationMonitor] - Peak resident memory used = 110 Mbytes. {"history": "ExplorerRun.0", "point": 1, "testname": "bandgapcore_bgr_1", "cornername": "Nominal"}
[2026-03-30 13:01:29.243 +0700] [INFO] [cadence.virtuoso.ade.simulationMonitor] -    -   (APS) Multi-threading. The recommended number of threads is 1, consider adding +mt=1 on command line. {"history": "ExplorerRun.0", "point": 1, "testname": "bandgapcore_bgr_1", "cornername": "Nominal"}
[2026-03-30 13:01:29.244 +0700] [INFO] [cadence.virtuoso.ade.simulationMonitor] - Total time required for dc analysis `dcOp': CPU = 2.265 ms, elapsed = 3.19004 ms. {"history": "ExplorerRun.0", "point": 1, "testname": "bandgapcore_bgr_1", "cornername": "Nominal"}
[2026-03-30 13:01:29.244 +0700] [INFO] [cadence.virtuoso.ade.simulationMonitor] - Peak resident memory used = 112 Mbytes. {"history": "ExplorerRun.0", "point": 1, "testname": "bandgapcore_bgr_1", "cornername": "Nominal"}
[2026-03-30 13:01:29.244 +0700] [INFO] [cadence.virtuoso.ade.simulationMonitor] - Notice from spectre at temp = 125 C during DC analysis `dc'.
    The value of parameter 'temp' has been reset to the original value 27. {"history": "ExplorerRun.0", "point": 1, "testname": "bandgapcore_bgr_1", "cornername": "Nominal"}
[2026-03-30 13:01:29.244 +0700] [INFO] [cadence.virtuoso.ade.simulationMonitor] - Total time required for dc analysis `dc': CPU = 6.958 ms, elapsed = 7.85112 ms. {"history": "ExplorerRun.0", "point": 1, "testname": "bandgapcore_bgr_1", "cornername": "Nominal"}
[2026-03-30 13:01:29.244 +0700] [INFO] [cadence.virtuoso.ade.simulationMonitor] - Peak resident memory used = 112 Mbytes. {"history": "ExplorerRun.0", "point": 1, "testname": "bandgapcore_bgr_1", "cornername": "Nominal"}
[2026-03-30 13:01:29.745 +0700] [PROCESS] [cadence.virtuoso.ade.simulationMonitor] - Finished simulating for one point {"hostname": "dtvt16", "processid": 26146, "history": "ExplorerRun.0", "testname": "bandgapcore_bgr_1", "cornername": "Nominal", "point": 1, "logfile": "/home/dtvt_16/duyDUT/logs_dtvt_16/logs0/Job12.log", "simid": "1"}
[2026-03-30 13:01:29.746 +0700] [INFO] [cadence.virtuoso.ade.simulationMonitor] - Time used: CPU = 500 ms, elapsed = 21.3 s, util. = 2.34%. {"history": "ExplorerRun.0", "point": 1, "testname": "bandgapcore_bgr_1", "cornername": "Nominal"}
[2026-03-30 13:01:29.746 +0700] [INFO] [cadence.virtuoso.ade.simulationMonitor] - Time spent in licensing: elapsed = 20.3 s, percentage of total = 95.2%. {"history": "ExplorerRun.0", "point": 1, "testname": "bandgapcore_bgr_1", "cornername": "Nominal"}
[2026-03-30 13:01:29.747 +0700] [INFO] [cadence.virtuoso.ade.simulationMonitor] - Peak memory used = 121 Mbytes. {"history": "ExplorerRun.0", "point": 1, "testname": "bandgapcore_bgr_1", "cornername": "Nominal"}
[2026-03-30 13:01:29.747 +0700] [PROCESS] [cadence.virtuoso.ade.simulationMonitor] - Simulation started at: 1:01:07 PM, Mon Mar 30, 2026, ended at: 1:01:29 PM, Mon Mar 30, 2026, with elapsed time (wall clock): 21.3 s. {"history": "ExplorerRun.0", "point": 1, "testname": "bandgapcore_bgr_1", "cornername": "Nominal"}
[2026-03-30 13:01:29.748 +0700] [PROCESS] [cadence.virtuoso.ade.simulationMonitor] - spectre completes with 0 errors, 0 warnings, and 5 notices. {"history": "ExplorerRun.0", "point": 1, "testname": "bandgapcore_bgr_1", "cornername": "Nominal"}
[2026-03-30 13:01:29.748 +0700] [PROCESS] [cadence.virtuoso.ade.simulationMonitor] - Simulator exited {"hostname": "dtvt16", "processid": 26146, "history": "ExplorerRun.0", "testname": "bandgapcore_bgr_1", "cornername": "Nominal", "point": 1, "logfile": "/home/dtvt_16/duyDUT/logs_dtvt_16/logs0/Job12.log", "exitStatus": "0"}
[2026-03-30 13:01:29.748 +0700] [PROCESS] [cadence.virtuoso.ade.simulationMonitor] - Finished Simulation {"hostname": "dtvt16", "processid": 26146, "history": "ExplorerRun.0", "testname": "bandgapcore_bgr_1", "cornername": "Nominal", "point": 1, "logfile": "/home/dtvt_16/duyDUT/logs_dtvt_16/logs0/Job12.log", "simid": "1"}
[2026-03-30 13:01:30.261 +0700] [PROCESS] [cadence.virtuoso.ade.simulationMonitor] - Point Finished {"hostname": "dtvt16", "processid": 26146, "history": "ExplorerRun.0", "testname": "bandgapcore_bgr_1", "cornername": "Nominal", "point": 1, "logfile": "/home/dtvt_16/duyDUT/logs_dtvt_16/logs0/Job12.log"}
[2026-03-30 13:01:31.268 +0700] [PROCESS] [cadence.virtuoso.ade.simulationMonitor] - Stay with the runId '0', Linger time '300', currentRunSyn '1', currentTestSyn '1' {"hostname": "dtvt16", "processid": 26146, "history": "ExplorerRun.0", "testname": "bandgapcore_bgr_1", "cornername": "Nominal", "point": 1, "logfile": "/home/dtvt_16/duyDUT/logs_dtvt_16/logs0/Job12.log"}
[2026-03-30 13:04:58.254 +0700] [INFO] [cadence.virtuoso.ade.simulationMonitor] - SimulationMonitor has terminated the vds process '26226', reason: 'Force to stop the expression evalutor process because of new run' {"history": "ExplorerRun.0", "point": 1, "testname": "bandgapcore_bgr_1", "cornername": "Nominal"}
[2026-03-30 13:04:58.254 +0700] [PROCESS] [cadence.virtuoso.ade.simulationMonitor] - HostInfo:
Host name (type):	dtvt16 (x86_64)
Operating system:	Linux 3.10.0-1160.118.1.el7.x86_64 #1 SMP Wed Apr 24 16:01:50 UTC 2024 {"hostname": "dtvt16", "processid": 26146, "history": "ExplorerRun.0", "testname": "bandgapcore_bgr_1", "cornername": "Nominal", "point": 1, "logfile": "/home/dtvt_16/duyDUT/logs_dtvt_16/logs0/Job12.log", "nodename": "dtvt16", "domainname": "(none)", "machine": "x86_64", "sysname": "Linux", "release": "3.10.0-1160.118.1.el7.x86_64", "version": "#1 SMP Wed Apr 24 16:01:50 UTC 2024"}
[2026-03-30 13:04:58.254 +0700] [PROCESS] [cadence.virtuoso.ade.simulationMonitor] - UsageInfo:
pid=26146
totalPhysicalMemory=15.208324GB,Used=8.696175GB,totalVirtualMemory=22.895821GB,Used=8.696175GB
Cpu: Cores=24, Load average:0.260000,0.280000,0.180000 {"hostname": "dtvt16", "processid": 26146, "history": "ExplorerRun.0", "testname": "bandgapcore_bgr_1", "cornername": "Nominal", "point": 1, "logfile": "/home/dtvt_16/duyDUT/logs_dtvt_16/logs0/Job12.log", "pid": "26146", "totalPhysicalMemory": "15.208324", "physicalMemoryUsed": "8.696175", "totalVirtualMemory": "22.895821", "virtualMemoryUsed": "8.696175", "cpuCores": "24", "processes": "1421", "loadAverage1": "0.260000", "loadAverage5": "0.280000", "loadAverage15": "0.180000", "loadAverage1Percent": "0.010833"}
[2026-03-30 13:04:58.254 +0700] [EVENT] [cadence.virtuoso.ade.simulationMonitor] - NewPoint {"history": "ExplorerRun.0", "point": 1, "testname": "bandgapcore_bgr_1", "cornername": "Nominal", "event": "NewPoint", "EventSource": "Simulation Monitor", "HistoryName": "ExplorerRun.0", "logFile": "/home/dtvt_16/duyDUT/logs_dtvt_16/logs0/Job12.log", "logFileSize": "12074"}
[2026-03-30 13:04:58.355 +0700] [EVENT] [cadence.virtuoso.ade.simulationMonitor] - NewPoint {"history": "ExplorerRun.0", "point": 1, "testname": "bandgapcore_bgr_1", "cornername": "Nominal", "event": "NewPoint", "EventSource": "spectre", "HistoryName": "ExplorerRun.0", "logFile": "/home/dtvt_16/simulation/bandgapcore/bgr/maestro/results/maestro/ExplorerRun.0/1/bandgapcore_bgr_1/psf/spectre.out", "logFileSize": "-1"}
[2026-03-30 13:04:58.358 +0700] [PROCESS] [cadence.virtuoso.ade.simulationMonitor] - Simulator launched {"hostname": "dtvt16", "processid": 26146, "history": "ExplorerRun.0", "testname": "bandgapcore_bgr_1", "cornername": "Nominal", "point": 1, "logfile": "/home/dtvt_16/duyDUT/logs_dtvt_16/logs0/Job12.log", "simid": "2"}
[2026-03-30 13:04:58.362 +0700] [PROCESS] [cadence.virtuoso.ade.simulationMonitor] - Expression evaluator launched {"hostname": "dtvt16", "processid": 26146, "history": "ExplorerRun.0", "testname": "bandgapcore_bgr_1", "cornername": "Nominal", "point": 1, "logfile": "/home/dtvt_16/duyDUT/logs_dtvt_16/logs0/Job12.log"}
[2026-03-30 13:04:58.366 +0700] [PROCESS] [cadence.virtuoso.ade.simulationMonitor] - Started Simulation {"hostname": "dtvt16", "processid": 26146, "history": "ExplorerRun.0", "testname": "bandgapcore_bgr_1", "cornername": "Nominal", "point": 1, "logfile": "/home/dtvt_16/duyDUT/logs_dtvt_16/logs0/Job12.log"}
[2026-03-30 13:05:10.473 +0700] [PROCESS] [cadence.virtuoso.ade.simulationMonitor] - Finished simulating for one point {"hostname": "dtvt16", "processid": 26146, "history": "ExplorerRun.0", "testname": "bandgapcore_bgr_1", "cornername": "Nominal", "point": 1, "logfile": "/home/dtvt_16/duyDUT/logs_dtvt_16/logs0/Job12.log", "simid": "2"}
[2026-03-30 13:05:10.474 +0700] [INFO] [cadence.virtuoso.ade.simulationMonitor] - Peak resident memory used = 96.2 Mbytes. {"history": "ExplorerRun.0", "point": 1, "testname": "bandgapcore_bgr_1", "cornername": "Nominal"}
[2026-03-30 13:05:10.474 +0700] [INFO] [cadence.virtuoso.ade.simulationMonitor] - Peak resident memory used = 106 Mbytes. {"history": "ExplorerRun.0", "point": 1, "testname": "bandgapcore_bgr_1", "cornername": "Nominal"}
[2026-03-30 13:05:10.474 +0700] [INFO] [cadence.virtuoso.ade.simulationMonitor] - Notice from spectre during hierarchy flattening.
    The value 'psf' specified for the 'checklimitdest' option will no longer be supported in future releases. Use 'spectre -h' to see other recommended values for the 'checklimitdest' option. {"history": "ExplorerRun.0", "point": 1, "testname": "bandgapcore_bgr_1", "cornername": "Nominal"}
[2026-03-30 13:05:10.475 +0700] [INFO] [cadence.virtuoso.ade.simulationMonitor] - Peak resident memory used = 107 Mbytes. {"history": "ExplorerRun.0", "point": 1, "testname": "bandgapcore_bgr_1", "cornername": "Nominal"}
[2026-03-30 13:05:10.475 +0700] [INFO] [cadence.virtuoso.ade.simulationMonitor] - Notice from spectre during initial setup.
    Multithreading is disabled due to the size of the design being too small. {"history": "ExplorerRun.0", "point": 1, "testname": "bandgapcore_bgr_1", "cornername": "Nominal"}
[2026-03-30 13:05:10.476 +0700] [INFO] [cadence.virtuoso.ade.simulationMonitor] -               nodes 3 {"history": "ExplorerRun.0", "point": 1, "testname": "bandgapcore_bgr_1", "cornername": "Nominal"}
[2026-03-30 13:05:10.476 +0700] [INFO] [cadence.virtuoso.ade.simulationMonitor] - Notice from spectre during initial setup.
    APS enabled. {"history": "ExplorerRun.0", "point": 1, "testname": "bandgapcore_bgr_1", "cornername": "Nominal"}
[2026-03-30 13:05:10.477 +0700] [INFO] [cadence.virtuoso.ade.simulationMonitor] - Peak resident memory used = 108 Mbytes. {"history": "ExplorerRun.0", "point": 1, "testname": "bandgapcore_bgr_1", "cornername": "Nominal"}
[2026-03-30 13:05:10.477 +0700] [INFO] [cadence.virtuoso.ade.simulationMonitor] -    -   (APS) Multi-threading. The recommended number of threads is 1, consider adding +mt=1 on command line. {"history": "ExplorerRun.0", "point": 1, "testname": "bandgapcore_bgr_1", "cornername": "Nominal"}
[2026-03-30 13:05:10.477 +0700] [INFO] [cadence.virtuoso.ade.simulationMonitor] - Total time required for dc analysis `dcOp': CPU = 1.147 ms, elapsed = 2.04301 ms. {"history": "ExplorerRun.0", "point": 1, "testname": "bandgapcore_bgr_1", "cornername": "Nominal"}
[2026-03-30 13:05:10.477 +0700] [INFO] [cadence.virtuoso.ade.simulationMonitor] - Peak resident memory used = 110 Mbytes. {"history": "ExplorerRun.0", "point": 1, "testname": "bandgapcore_bgr_1", "cornername": "Nominal"}
[2026-03-30 13:05:10.477 +0700] [INFO] [cadence.virtuoso.ade.simulationMonitor] - Notice from spectre at temp = 125 C during DC analysis `dc'.
    The value of parameter 'temp' has been reset to the original value 27. {"history": "ExplorerRun.0", "point": 1, "testname": "bandgapcore_bgr_1", "cornername": "Nominal"}
[2026-03-30 13:05:10.478 +0700] [INFO] [cadence.virtuoso.ade.simulationMonitor] - Total time required for dc analysis `dc': CPU = 4.69 ms, elapsed = 5.58996 ms. {"history": "ExplorerRun.0", "point": 1, "testname": "bandgapcore_bgr_1", "cornername": "Nominal"}
[2026-03-30 13:05:10.478 +0700] [INFO] [cadence.virtuoso.ade.simulationMonitor] - Peak resident memory used = 110 Mbytes. {"history": "ExplorerRun.0", "point": 1, "testname": "bandgapcore_bgr_1", "cornername": "Nominal"}
[2026-03-30 13:05:10.478 +0700] [INFO] [cadence.virtuoso.ade.simulationMonitor] - Time used: CPU = 434 ms, elapsed = 11.4 s, util. = 3.8%. {"history": "ExplorerRun.0", "point": 1, "testname": "bandgapcore_bgr_1", "cornername": "Nominal"}
[2026-03-30 13:05:10.478 +0700] [INFO] [cadence.virtuoso.ade.simulationMonitor] - Time spent in licensing: elapsed = 10.4 s, percentage of total = 91.1%. {"history": "ExplorerRun.0", "point": 1, "testname": "bandgapcore_bgr_1", "cornername": "Nominal"}
[2026-03-30 13:05:10.478 +0700] [INFO] [cadence.virtuoso.ade.simulationMonitor] - Peak memory used = 119 Mbytes. {"history": "ExplorerRun.0", "point": 1, "testname": "bandgapcore_bgr_1", "cornername": "Nominal"}
[2026-03-30 13:05:10.479 +0700] [PROCESS] [cadence.virtuoso.ade.simulationMonitor] - Simulation started at: 1:04:58 PM, Mon Mar 30, 2026, ended at: 1:05:09 PM, Mon Mar 30, 2026, with elapsed time (wall clock): 11.4 s. {"history": "ExplorerRun.0", "point": 1, "testname": "bandgapcore_bgr_1", "cornername": "Nominal"}
[2026-03-30 13:05:10.479 +0700] [PROCESS] [cadence.virtuoso.ade.simulationMonitor] - spectre completes with 0 errors, 0 warnings, and 5 notices. {"history": "ExplorerRun.0", "point": 1, "testname": "bandgapcore_bgr_1", "cornername": "Nominal"}
[2026-03-30 13:05:10.479 +0700] [PROCESS] [cadence.virtuoso.ade.simulationMonitor] - Simulator exited {"hostname": "dtvt16", "processid": 26146, "history": "ExplorerRun.0", "testname": "bandgapcore_bgr_1", "cornername": "Nominal", "point": 1, "logfile": "/home/dtvt_16/duyDUT/logs_dtvt_16/logs0/Job12.log", "exitStatus": "0"}
[2026-03-30 13:05:10.479 +0700] [PROCESS] [cadence.virtuoso.ade.simulationMonitor] - Finished Simulation {"hostname": "dtvt16", "processid": 26146, "history": "ExplorerRun.0", "testname": "bandgapcore_bgr_1", "cornername": "Nominal", "point": 1, "logfile": "/home/dtvt_16/duyDUT/logs_dtvt_16/logs0/Job12.log", "simid": "2"}
[2026-03-30 13:05:11.493 +0700] [PROCESS] [cadence.virtuoso.ade.simulationMonitor] - Point Finished {"hostname": "dtvt16", "processid": 26146, "history": "ExplorerRun.0", "testname": "bandgapcore_bgr_1", "cornername": "Nominal", "point": 1, "logfile": "/home/dtvt_16/duyDUT/logs_dtvt_16/logs0/Job12.log"}
[2026-03-30 13:10:12.129 +0700] [PROCESS] [cadence.virtuoso.ade.simulationMonitor] - Current memory used: 32.2891 MBytes, peak memory used: 32.2891 MBytes {"hostname": "dtvt16", "processid": 26146, "history": "ExplorerRun.0", "testname": "bandgapcore_bgr_1", "cornername": "Nominal", "point": 1, "logfile": "/home/dtvt_16/duyDUT/logs_dtvt_16/logs0/Job12.log"}
[2026-03-30 13:10:12.129 +0700] [PROCESS] [cadence.virtuoso.ade.simulationMonitor] - Simulation Monitor process exit. {"hostname": "dtvt16", "processid": 26146, "history": "ExplorerRun.0", "testname": "bandgapcore_bgr_1", "cornername": "Nominal", "point": 1, "logfile": "/home/dtvt_16/duyDUT/logs_dtvt_16/logs0/Job12.log"}
