[Simulation Monitor: 2]
[2026-03-29 15:19:20.715 +0700] [PROCESS] [cadence.virtuoso.ade.simulationMonitor] - Simulation Monitor has successfully started up. Trying to set up communication channels to other components ... {"hostname": "dtvt16", "processid": 18009, "logfile": "/home/dtvt_16/duyDUT/logs_dtvt_16/logs0/Job2.log"}
[2026-03-29 15:19:20.716 +0700] [PROCESS] [cadence.virtuoso.ade.simulationMonitor] - Communication channels have been successfully set up. Start processing events ... {"hostname": "dtvt16", "processid": 18009, "logfile": "/home/dtvt_16/duyDUT/logs_dtvt_16/logs0/Job2.log"}
[2026-03-29 15:19:20.716 +0700] [PROCESS] [cadence.virtuoso.ade.simulationMonitor] - Considering to start history {"hostname": "dtvt16", "processid": 18009, "history": "ExplorerRun.0", "logfile": "/home/dtvt_16/duyDUT/logs_dtvt_16/logs0/Job2.log"}
[2026-03-29 15:19:20.718 +0700] [PROCESS] [cadence.virtuoso.ade.simulationMonitor] - HostInfo:
Host name (type):	dtvt16 (x86_64)
Operating system:	Linux 3.10.0-1160.118.1.el7.x86_64 #1 SMP Wed Apr 24 16:01:50 UTC 2024 {"hostname": "dtvt16", "processid": 18009, "history": "ExplorerRun.0", "logfile": "/home/dtvt_16/duyDUT/logs_dtvt_16/logs0/Job2.log", "nodename": "dtvt16", "domainname": "(none)", "machine": "x86_64", "sysname": "Linux", "release": "3.10.0-1160.118.1.el7.x86_64", "version": "#1 SMP Wed Apr 24 16:01:50 UTC 2024"}
[2026-03-29 15:19:20.718 +0700] [PROCESS] [cadence.virtuoso.ade.simulationMonitor] - UsageInfo:
pid=18009
totalPhysicalMemory=15.208324GB,Used=7.642349GB,totalVirtualMemory=22.895821GB,Used=7.642349GB
Cpu: Cores=24, Load average:0.350000,0.130000,0.120000 {"hostname": "dtvt16", "processid": 18009, "history": "ExplorerRun.0", "logfile": "/home/dtvt_16/duyDUT/logs_dtvt_16/logs0/Job2.log", "pid": "18009", "totalPhysicalMemory": "15.208324", "physicalMemoryUsed": "7.642349", "totalVirtualMemory": "22.895821", "virtualMemoryUsed": "7.642349", "cpuCores": "24", "processes": "1367", "loadAverage1": "0.350000", "loadAverage5": "0.130000", "loadAverage15": "0.120000", "loadAverage1Percent": "0.014583"}
[2026-03-29 15:19:20.718 +0700] [EVENT] [cadence.virtuoso.ade.simulationMonitor] - NewPoint {"history": "ExplorerRun.0", "point": 1, "testname": "bandgapcore_bgr_1", "cornername": "Nominal", "event": "NewPoint", "EventSource": "Simulation Monitor", "HistoryName": "ExplorerRun.0", "logFile": "/home/dtvt_16/duyDUT/logs_dtvt_16/logs0/Job2.log", "logFileSize": "2083"}
[2026-03-29 15:19:20.819 +0700] [EVENT] [cadence.virtuoso.ade.simulationMonitor] - NewPoint {"history": "ExplorerRun.0", "point": 1, "testname": "bandgapcore_bgr_1", "cornername": "Nominal", "event": "NewPoint", "EventSource": "spectre", "HistoryName": "ExplorerRun.0", "logFile": "/home/dtvt_16/simulation/bandgapcore/bgr/maestro/results/maestro/ExplorerRun.0/1/bandgapcore_bgr_1/psf/spectre.out", "logFileSize": "-1"}
[2026-03-29 15:19:20.828 +0700] [PROCESS] [cadence.virtuoso.ade.simulationMonitor] - Simulator launched {"hostname": "dtvt16", "processid": 18009, "history": "ExplorerRun.0", "testname": "bandgapcore_bgr_1", "cornername": "Nominal", "point": 1, "logfile": "/home/dtvt_16/duyDUT/logs_dtvt_16/logs0/Job2.log", "simid": "1"}
[2026-03-29 15:19:20.831 +0700] [PROCESS] [cadence.virtuoso.ade.simulationMonitor] - Expression evaluator launched {"hostname": "dtvt16", "processid": 18009, "history": "ExplorerRun.0", "testname": "bandgapcore_bgr_1", "cornername": "Nominal", "point": 1, "logfile": "/home/dtvt_16/duyDUT/logs_dtvt_16/logs0/Job2.log"}
[2026-03-29 15:19:20.850 +0700] [PROCESS] [cadence.virtuoso.ade.simulationMonitor] - Started Simulation {"hostname": "dtvt16", "processid": 18009, "history": "ExplorerRun.0", "testname": "bandgapcore_bgr_1", "cornername": "Nominal", "point": 1, "logfile": "/home/dtvt_16/duyDUT/logs_dtvt_16/logs0/Job2.log"}
[2026-03-29 15:19:43.077 +0700] [INFO] [cadence.virtuoso.ade.simulationMonitor] - Peak resident memory used = 92 Mbytes. {"history": "ExplorerRun.0", "point": 1, "testname": "bandgapcore_bgr_1", "cornername": "Nominal"}
[2026-03-29 15:19:43.077 +0700] [INFO] [cadence.virtuoso.ade.simulationMonitor] - Peak resident memory used = 102 Mbytes. {"history": "ExplorerRun.0", "point": 1, "testname": "bandgapcore_bgr_1", "cornername": "Nominal"}
[2026-03-29 15:19:43.077 +0700] [INFO] [cadence.virtuoso.ade.simulationMonitor] - Notice from spectre during hierarchy flattening.
    The value 'psf' specified for the 'checklimitdest' option will no longer be supported in future releases. Use 'spectre -h' to see other recommended values for the 'checklimitdest' option. {"history": "ExplorerRun.0", "point": 1, "testname": "bandgapcore_bgr_1", "cornername": "Nominal"}
[2026-03-29 15:19:43.078 +0700] [INFO] [cadence.virtuoso.ade.simulationMonitor] - Peak resident memory used = 103 Mbytes. {"history": "ExplorerRun.0", "point": 1, "testname": "bandgapcore_bgr_1", "cornername": "Nominal"}
[2026-03-29 15:19:43.078 +0700] [INFO] [cadence.virtuoso.ade.simulationMonitor] - Notice from spectre during initial setup.
    Multithreading is disabled due to the size of the design being too small. {"history": "ExplorerRun.0", "point": 1, "testname": "bandgapcore_bgr_1", "cornername": "Nominal"}
[2026-03-29 15:19:43.079 +0700] [INFO] [cadence.virtuoso.ade.simulationMonitor] -               nodes 2 {"history": "ExplorerRun.0", "point": 1, "testname": "bandgapcore_bgr_1", "cornername": "Nominal"}
[2026-03-29 15:19:43.079 +0700] [INFO] [cadence.virtuoso.ade.simulationMonitor] - Notice from spectre during initial setup.
    APS enabled. {"history": "ExplorerRun.0", "point": 1, "testname": "bandgapcore_bgr_1", "cornername": "Nominal"}
[2026-03-29 15:19:43.080 +0700] [INFO] [cadence.virtuoso.ade.simulationMonitor] - Peak resident memory used = 104 Mbytes. {"history": "ExplorerRun.0", "point": 1, "testname": "bandgapcore_bgr_1", "cornername": "Nominal"}
[2026-03-29 15:19:43.080 +0700] [INFO] [cadence.virtuoso.ade.simulationMonitor] -    -   (APS) Multi-threading. The recommended number of threads is 1, consider adding +mt=1 on command line. {"history": "ExplorerRun.0", "point": 1, "testname": "bandgapcore_bgr_1", "cornername": "Nominal"}
[2026-03-29 15:19:43.080 +0700] [INFO] [cadence.virtuoso.ade.simulationMonitor] - Total time required for dc analysis `dcOp': CPU = 2.719 ms, elapsed = 3.64995 ms. {"history": "ExplorerRun.0", "point": 1, "testname": "bandgapcore_bgr_1", "cornername": "Nominal"}
[2026-03-29 15:19:43.080 +0700] [INFO] [cadence.virtuoso.ade.simulationMonitor] - Peak resident memory used = 106 Mbytes. {"history": "ExplorerRun.0", "point": 1, "testname": "bandgapcore_bgr_1", "cornername": "Nominal"}
[2026-03-29 15:19:43.581 +0700] [PROCESS] [cadence.virtuoso.ade.simulationMonitor] - Finished simulating for one point {"hostname": "dtvt16", "processid": 18009, "history": "ExplorerRun.0", "testname": "bandgapcore_bgr_1", "cornername": "Nominal", "point": 1, "logfile": "/home/dtvt_16/duyDUT/logs_dtvt_16/logs0/Job2.log", "simid": "1"}
[2026-03-29 15:19:43.582 +0700] [INFO] [cadence.virtuoso.ade.simulationMonitor] - Notice from spectre at temp = 125 C during DC analysis `dc'.
    The value of parameter 'temp' has been reset to the original value 27. {"history": "ExplorerRun.0", "point": 1, "testname": "bandgapcore_bgr_1", "cornername": "Nominal"}
[2026-03-29 15:19:43.582 +0700] [INFO] [cadence.virtuoso.ade.simulationMonitor] - Total time required for dc analysis `dc': CPU = 12.681 ms, elapsed = 13.716 ms. {"history": "ExplorerRun.0", "point": 1, "testname": "bandgapcore_bgr_1", "cornername": "Nominal"}
[2026-03-29 15:19:43.582 +0700] [INFO] [cadence.virtuoso.ade.simulationMonitor] - Peak resident memory used = 106 Mbytes. {"history": "ExplorerRun.0", "point": 1, "testname": "bandgapcore_bgr_1", "cornername": "Nominal"}
[2026-03-29 15:19:43.582 +0700] [INFO] [cadence.virtuoso.ade.simulationMonitor] - Time used: CPU = 539 ms, elapsed = 21.8 s, util. = 2.47%. {"history": "ExplorerRun.0", "point": 1, "testname": "bandgapcore_bgr_1", "cornername": "Nominal"}
[2026-03-29 15:19:43.582 +0700] [INFO] [cadence.virtuoso.ade.simulationMonitor] - Time spent in licensing: elapsed = 20.6 s, percentage of total = 94.4%. {"history": "ExplorerRun.0", "point": 1, "testname": "bandgapcore_bgr_1", "cornername": "Nominal"}
[2026-03-29 15:19:43.583 +0700] [INFO] [cadence.virtuoso.ade.simulationMonitor] - Peak memory used = 115 Mbytes. {"history": "ExplorerRun.0", "point": 1, "testname": "bandgapcore_bgr_1", "cornername": "Nominal"}
[2026-03-29 15:19:43.583 +0700] [PROCESS] [cadence.virtuoso.ade.simulationMonitor] - Simulation started at: 3:19:21 PM, Sun Mar 29, 2026, ended at: 3:19:42 PM, Sun Mar 29, 2026, with elapsed time (wall clock): 21.8 s. {"history": "ExplorerRun.0", "point": 1, "testname": "bandgapcore_bgr_1", "cornername": "Nominal"}
[2026-03-29 15:19:43.583 +0700] [PROCESS] [cadence.virtuoso.ade.simulationMonitor] - spectre completes with 0 errors, 0 warnings, and 5 notices. {"history": "ExplorerRun.0", "point": 1, "testname": "bandgapcore_bgr_1", "cornername": "Nominal"}
[2026-03-29 15:19:43.583 +0700] [PROCESS] [cadence.virtuoso.ade.simulationMonitor] - Simulator exited {"hostname": "dtvt16", "processid": 18009, "history": "ExplorerRun.0", "testname": "bandgapcore_bgr_1", "cornername": "Nominal", "point": 1, "logfile": "/home/dtvt_16/duyDUT/logs_dtvt_16/logs0/Job2.log", "exitStatus": "0"}
[2026-03-29 15:19:43.584 +0700] [PROCESS] [cadence.virtuoso.ade.simulationMonitor] - Finished Simulation {"hostname": "dtvt16", "processid": 18009, "history": "ExplorerRun.0", "testname": "bandgapcore_bgr_1", "cornername": "Nominal", "point": 1, "logfile": "/home/dtvt_16/duyDUT/logs_dtvt_16/logs0/Job2.log", "simid": "1"}
[2026-03-29 15:19:44.599 +0700] [PROCESS] [cadence.virtuoso.ade.simulationMonitor] - Point Finished {"hostname": "dtvt16", "processid": 18009, "history": "ExplorerRun.0", "testname": "bandgapcore_bgr_1", "cornername": "Nominal", "point": 1, "logfile": "/home/dtvt_16/duyDUT/logs_dtvt_16/logs0/Job2.log"}
[2026-03-29 15:24:45.167 +0700] [PROCESS] [cadence.virtuoso.ade.simulationMonitor] - Current memory used: 32.2500 MBytes, peak memory used: 32.2500 MBytes {"hostname": "dtvt16", "processid": 18009, "history": "ExplorerRun.0", "testname": "bandgapcore_bgr_1", "cornername": "Nominal", "point": 1, "logfile": "/home/dtvt_16/duyDUT/logs_dtvt_16/logs0/Job2.log"}
[2026-03-29 15:24:45.168 +0700] [PROCESS] [cadence.virtuoso.ade.simulationMonitor] - Simulation Monitor process exit. {"hostname": "dtvt16", "processid": 18009, "history": "ExplorerRun.0", "testname": "bandgapcore_bgr_1", "cornername": "Nominal", "point": 1, "logfile": "/home/dtvt_16/duyDUT/logs_dtvt_16/logs0/Job2.log"}
