[Simulation Monitor: 3]
[2026-03-29 15:27:21.619 +0700] [PROCESS] [cadence.virtuoso.ade.simulationMonitor] - Simulation Monitor has successfully started up. Trying to set up communication channels to other components ... {"hostname": "dtvt16", "processid": 20229, "logfile": "/home/dtvt_16/duyDUT/logs_dtvt_16/logs0/Job3.log"}
[2026-03-29 15:27:21.620 +0700] [PROCESS] [cadence.virtuoso.ade.simulationMonitor] - Communication channels have been successfully set up. Start processing events ... {"hostname": "dtvt16", "processid": 20229, "logfile": "/home/dtvt_16/duyDUT/logs_dtvt_16/logs0/Job3.log"}
[2026-03-29 15:27:21.620 +0700] [PROCESS] [cadence.virtuoso.ade.simulationMonitor] - Considering to start history {"hostname": "dtvt16", "processid": 20229, "history": "ExplorerRun.0", "logfile": "/home/dtvt_16/duyDUT/logs_dtvt_16/logs0/Job3.log"}
[2026-03-29 15:27:21.621 +0700] [PROCESS] [cadence.virtuoso.ade.simulationMonitor] - HostInfo:
Host name (type):	dtvt16 (x86_64)
Operating system:	Linux 3.10.0-1160.118.1.el7.x86_64 #1 SMP Wed Apr 24 16:01:50 UTC 2024 {"hostname": "dtvt16", "processid": 20229, "history": "ExplorerRun.0", "logfile": "/home/dtvt_16/duyDUT/logs_dtvt_16/logs0/Job3.log", "nodename": "dtvt16", "domainname": "(none)", "machine": "x86_64", "sysname": "Linux", "release": "3.10.0-1160.118.1.el7.x86_64", "version": "#1 SMP Wed Apr 24 16:01:50 UTC 2024"}
[2026-03-29 15:27:21.621 +0700] [PROCESS] [cadence.virtuoso.ade.simulationMonitor] - UsageInfo:
pid=20229
totalPhysicalMemory=15.208324GB,Used=7.700718GB,totalVirtualMemory=22.895821GB,Used=7.700718GB
Cpu: Cores=24, Load average:0.320000,0.220000,0.160000 {"hostname": "dtvt16", "processid": 20229, "history": "ExplorerRun.0", "logfile": "/home/dtvt_16/duyDUT/logs_dtvt_16/logs0/Job3.log", "pid": "20229", "totalPhysicalMemory": "15.208324", "physicalMemoryUsed": "7.700718", "totalVirtualMemory": "22.895821", "virtualMemoryUsed": "7.700718", "cpuCores": "24", "processes": "1365", "loadAverage1": "0.320000", "loadAverage5": "0.220000", "loadAverage15": "0.160000", "loadAverage1Percent": "0.013333"}
[2026-03-29 15:27:21.621 +0700] [EVENT] [cadence.virtuoso.ade.simulationMonitor] - NewPoint {"history": "ExplorerRun.0", "point": 1, "testname": "bandgapcore_bgr_1", "cornername": "Nominal", "event": "NewPoint", "EventSource": "Simulation Monitor", "HistoryName": "ExplorerRun.0", "logFile": "/home/dtvt_16/duyDUT/logs_dtvt_16/logs0/Job3.log", "logFileSize": "2083"}
[2026-03-29 15:27:21.722 +0700] [EVENT] [cadence.virtuoso.ade.simulationMonitor] - NewPoint {"history": "ExplorerRun.0", "point": 1, "testname": "bandgapcore_bgr_1", "cornername": "Nominal", "event": "NewPoint", "EventSource": "spectre", "HistoryName": "ExplorerRun.0", "logFile": "/home/dtvt_16/simulation/bandgapcore/bgr/maestro/results/maestro/ExplorerRun.0/1/bandgapcore_bgr_1/psf/spectre.out", "logFileSize": "-1"}
[2026-03-29 15:27:21.730 +0700] [PROCESS] [cadence.virtuoso.ade.simulationMonitor] - Simulator launched {"hostname": "dtvt16", "processid": 20229, "history": "ExplorerRun.0", "testname": "bandgapcore_bgr_1", "cornername": "Nominal", "point": 1, "logfile": "/home/dtvt_16/duyDUT/logs_dtvt_16/logs0/Job3.log", "simid": "1"}
[2026-03-29 15:27:21.733 +0700] [PROCESS] [cadence.virtuoso.ade.simulationMonitor] - Expression evaluator launched {"hostname": "dtvt16", "processid": 20229, "history": "ExplorerRun.0", "testname": "bandgapcore_bgr_1", "cornername": "Nominal", "point": 1, "logfile": "/home/dtvt_16/duyDUT/logs_dtvt_16/logs0/Job3.log"}
[2026-03-29 15:27:21.744 +0700] [PROCESS] [cadence.virtuoso.ade.simulationMonitor] - Started Simulation {"hostname": "dtvt16", "processid": 20229, "history": "ExplorerRun.0", "testname": "bandgapcore_bgr_1", "cornername": "Nominal", "point": 1, "logfile": "/home/dtvt_16/duyDUT/logs_dtvt_16/logs0/Job3.log"}
[2026-03-29 15:27:43.970 +0700] [INFO] [cadence.virtuoso.ade.simulationMonitor] - Peak resident memory used = 91.4 Mbytes. {"history": "ExplorerRun.0", "point": 1, "testname": "bandgapcore_bgr_1", "cornername": "Nominal"}
[2026-03-29 15:27:43.971 +0700] [INFO] [cadence.virtuoso.ade.simulationMonitor] - Peak resident memory used = 101 Mbytes. {"history": "ExplorerRun.0", "point": 1, "testname": "bandgapcore_bgr_1", "cornername": "Nominal"}
[2026-03-29 15:27:43.971 +0700] [INFO] [cadence.virtuoso.ade.simulationMonitor] - Notice from spectre during hierarchy flattening.
    The value 'psf' specified for the 'checklimitdest' option will no longer be supported in future releases. Use 'spectre -h' to see other recommended values for the 'checklimitdest' option. {"history": "ExplorerRun.0", "point": 1, "testname": "bandgapcore_bgr_1", "cornername": "Nominal"}
[2026-03-29 15:27:43.971 +0700] [INFO] [cadence.virtuoso.ade.simulationMonitor] - Peak resident memory used = 102 Mbytes. {"history": "ExplorerRun.0", "point": 1, "testname": "bandgapcore_bgr_1", "cornername": "Nominal"}
[2026-03-29 15:27:43.972 +0700] [INFO] [cadence.virtuoso.ade.simulationMonitor] - Notice from spectre during initial setup.
    Multithreading is disabled due to the size of the design being too small. {"history": "ExplorerRun.0", "point": 1, "testname": "bandgapcore_bgr_1", "cornername": "Nominal"}
[2026-03-29 15:27:43.972 +0700] [INFO] [cadence.virtuoso.ade.simulationMonitor] -               nodes 3 {"history": "ExplorerRun.0", "point": 1, "testname": "bandgapcore_bgr_1", "cornername": "Nominal"}
[2026-03-29 15:27:43.972 +0700] [INFO] [cadence.virtuoso.ade.simulationMonitor] - Notice from spectre during initial setup.
    APS enabled. {"history": "ExplorerRun.0", "point": 1, "testname": "bandgapcore_bgr_1", "cornername": "Nominal"}
[2026-03-29 15:27:44.473 +0700] [PROCESS] [cadence.virtuoso.ade.simulationMonitor] - Finished simulating for one point {"hostname": "dtvt16", "processid": 20229, "history": "ExplorerRun.0", "testname": "bandgapcore_bgr_1", "cornername": "Nominal", "point": 1, "logfile": "/home/dtvt_16/duyDUT/logs_dtvt_16/logs0/Job3.log", "simid": "1"}
[2026-03-29 15:27:44.474 +0700] [INFO] [cadence.virtuoso.ade.simulationMonitor] - Peak resident memory used = 103 Mbytes. {"history": "ExplorerRun.0", "point": 1, "testname": "bandgapcore_bgr_1", "cornername": "Nominal"}
[2026-03-29 15:27:44.474 +0700] [INFO] [cadence.virtuoso.ade.simulationMonitor] -    -   (APS) Multi-threading. The recommended number of threads is 1, consider adding +mt=1 on command line. {"history": "ExplorerRun.0", "point": 1, "testname": "bandgapcore_bgr_1", "cornername": "Nominal"}
[2026-03-29 15:27:44.475 +0700] [INFO] [cadence.virtuoso.ade.simulationMonitor] - Total time required for dc analysis `dcOp': CPU = 2.389 ms, elapsed = 3.30114 ms. {"history": "ExplorerRun.0", "point": 1, "testname": "bandgapcore_bgr_1", "cornername": "Nominal"}
[2026-03-29 15:27:44.475 +0700] [INFO] [cadence.virtuoso.ade.simulationMonitor] - Peak resident memory used = 105 Mbytes. {"history": "ExplorerRun.0", "point": 1, "testname": "bandgapcore_bgr_1", "cornername": "Nominal"}
[2026-03-29 15:27:44.476 +0700] [INFO] [cadence.virtuoso.ade.simulationMonitor] - Notice from spectre at temp = 125 C during DC analysis `dc'.
    The value of parameter 'temp' has been reset to the original value 27. {"history": "ExplorerRun.0", "point": 1, "testname": "bandgapcore_bgr_1", "cornername": "Nominal"}
[2026-03-29 15:27:44.476 +0700] [INFO] [cadence.virtuoso.ade.simulationMonitor] - Total time required for dc analysis `dc': CPU = 6.957 ms, elapsed = 7.84802 ms. {"history": "ExplorerRun.0", "point": 1, "testname": "bandgapcore_bgr_1", "cornername": "Nominal"}
[2026-03-29 15:27:44.477 +0700] [INFO] [cadence.virtuoso.ade.simulationMonitor] - Peak resident memory used = 105 Mbytes. {"history": "ExplorerRun.0", "point": 1, "testname": "bandgapcore_bgr_1", "cornername": "Nominal"}
[2026-03-29 15:27:44.477 +0700] [INFO] [cadence.virtuoso.ade.simulationMonitor] - Time used: CPU = 509 ms, elapsed = 21.8 s, util. = 2.34%. {"history": "ExplorerRun.0", "point": 1, "testname": "bandgapcore_bgr_1", "cornername": "Nominal"}
[2026-03-29 15:27:44.477 +0700] [INFO] [cadence.virtuoso.ade.simulationMonitor] - Time spent in licensing: elapsed = 20.7 s, percentage of total = 95.1%. {"history": "ExplorerRun.0", "point": 1, "testname": "bandgapcore_bgr_1", "cornername": "Nominal"}
[2026-03-29 15:27:44.478 +0700] [INFO] [cadence.virtuoso.ade.simulationMonitor] - Peak memory used = 114 Mbytes. {"history": "ExplorerRun.0", "point": 1, "testname": "bandgapcore_bgr_1", "cornername": "Nominal"}
[2026-03-29 15:27:44.478 +0700] [PROCESS] [cadence.virtuoso.ade.simulationMonitor] - Simulation started at: 3:27:22 PM, Sun Mar 29, 2026, ended at: 3:27:43 PM, Sun Mar 29, 2026, with elapsed time (wall clock): 21.8 s. {"history": "ExplorerRun.0", "point": 1, "testname": "bandgapcore_bgr_1", "cornername": "Nominal"}
[2026-03-29 15:27:44.478 +0700] [PROCESS] [cadence.virtuoso.ade.simulationMonitor] - spectre completes with 0 errors, 0 warnings, and 5 notices. {"history": "ExplorerRun.0", "point": 1, "testname": "bandgapcore_bgr_1", "cornername": "Nominal"}
[2026-03-29 15:27:44.478 +0700] [PROCESS] [cadence.virtuoso.ade.simulationMonitor] - Simulator exited {"hostname": "dtvt16", "processid": 20229, "history": "ExplorerRun.0", "testname": "bandgapcore_bgr_1", "cornername": "Nominal", "point": 1, "logfile": "/home/dtvt_16/duyDUT/logs_dtvt_16/logs0/Job3.log", "exitStatus": "0"}
[2026-03-29 15:27:44.478 +0700] [PROCESS] [cadence.virtuoso.ade.simulationMonitor] - Finished Simulation {"hostname": "dtvt16", "processid": 20229, "history": "ExplorerRun.0", "testname": "bandgapcore_bgr_1", "cornername": "Nominal", "point": 1, "logfile": "/home/dtvt_16/duyDUT/logs_dtvt_16/logs0/Job3.log", "simid": "1"}
[2026-03-29 15:27:44.991 +0700] [PROCESS] [cadence.virtuoso.ade.simulationMonitor] - Point Finished {"hostname": "dtvt16", "processid": 20229, "history": "ExplorerRun.0", "testname": "bandgapcore_bgr_1", "cornername": "Nominal", "point": 1, "logfile": "/home/dtvt_16/duyDUT/logs_dtvt_16/logs0/Job3.log"}
[2026-03-29 15:27:45.994 +0700] [PROCESS] [cadence.virtuoso.ade.simulationMonitor] - Stay with the runId '1', Linger time '300', currentRunSyn '3', currentTestSyn '3' {"hostname": "dtvt16", "processid": 20229, "history": "ExplorerRun.0", "testname": "bandgapcore_bgr_1", "cornername": "Nominal", "point": 1, "logfile": "/home/dtvt_16/duyDUT/logs_dtvt_16/logs0/Job3.log"}
[2026-03-29 15:32:46.112 +0700] [PROCESS] [cadence.virtuoso.ade.simulationMonitor] - Current memory used: 32.2461 MBytes, peak memory used: 32.2461 MBytes {"hostname": "dtvt16", "processid": 20229, "history": "ExplorerRun.0", "testname": "bandgapcore_bgr_1", "cornername": "Nominal", "point": 1, "logfile": "/home/dtvt_16/duyDUT/logs_dtvt_16/logs0/Job3.log"}
[2026-03-29 15:32:46.112 +0700] [PROCESS] [cadence.virtuoso.ade.simulationMonitor] - Simulation Monitor process exit. {"hostname": "dtvt16", "processid": 20229, "history": "ExplorerRun.0", "testname": "bandgapcore_bgr_1", "cornername": "Nominal", "point": 1, "logfile": "/home/dtvt_16/duyDUT/logs_dtvt_16/logs0/Job3.log"}
