[Simulation Monitor: 5]
[2026-03-29 13:34:26.718 +0700] [PROCESS] [cadence.virtuoso.ade.simulationMonitor] - Simulation Monitor has successfully started up. Trying to set up communication channels to other components ... {"hostname": "dtvt16", "processid": 21717, "logfile": "/home/dtvt_16/duyDUT/logs_dtvt_16/logs0/Job5.log"}
[2026-03-29 13:34:26.719 +0700] [PROCESS] [cadence.virtuoso.ade.simulationMonitor] - Communication channels have been successfully set up. Start processing events ... {"hostname": "dtvt16", "processid": 21717, "logfile": "/home/dtvt_16/duyDUT/logs_dtvt_16/logs0/Job5.log"}
[2026-03-29 13:34:26.719 +0700] [PROCESS] [cadence.virtuoso.ade.simulationMonitor] - Considering to start history {"hostname": "dtvt16", "processid": 21717, "history": "ExplorerRun.0", "logfile": "/home/dtvt_16/duyDUT/logs_dtvt_16/logs0/Job5.log"}
[2026-03-29 13:34:26.720 +0700] [PROCESS] [cadence.virtuoso.ade.simulationMonitor] - HostInfo:
Host name (type):	dtvt16 (x86_64)
Operating system:	Linux 3.10.0-1160.118.1.el7.x86_64 #1 SMP Wed Apr 24 16:01:50 UTC 2024 {"hostname": "dtvt16", "processid": 21717, "history": "ExplorerRun.0", "logfile": "/home/dtvt_16/duyDUT/logs_dtvt_16/logs0/Job5.log", "nodename": "dtvt16", "domainname": "(none)", "machine": "x86_64", "sysname": "Linux", "release": "3.10.0-1160.118.1.el7.x86_64", "version": "#1 SMP Wed Apr 24 16:01:50 UTC 2024"}
[2026-03-29 13:34:26.720 +0700] [PROCESS] [cadence.virtuoso.ade.simulationMonitor] - UsageInfo:
pid=21717
totalPhysicalMemory=15.208324GB,Used=7.530399GB,totalVirtualMemory=22.895821GB,Used=7.530399GB
Cpu: Cores=24, Load average:0.460000,0.230000,0.210000 {"hostname": "dtvt16", "processid": 21717, "history": "ExplorerRun.0", "logfile": "/home/dtvt_16/duyDUT/logs_dtvt_16/logs0/Job5.log", "pid": "21717", "totalPhysicalMemory": "15.208324", "physicalMemoryUsed": "7.530399", "totalVirtualMemory": "22.895821", "virtualMemoryUsed": "7.530399", "cpuCores": "24", "processes": "1257", "loadAverage1": "0.460000", "loadAverage5": "0.230000", "loadAverage15": "0.210000", "loadAverage1Percent": "0.019167"}
[2026-03-29 13:34:26.720 +0700] [EVENT] [cadence.virtuoso.ade.simulationMonitor] - NewPoint {"history": "ExplorerRun.0", "point": 1, "testname": "bandgapcore_bgr_1", "cornername": "Nominal", "event": "NewPoint", "EventSource": "Simulation Monitor", "HistoryName": "ExplorerRun.0", "logFile": "/home/dtvt_16/duyDUT/logs_dtvt_16/logs0/Job5.log", "logFileSize": "2083"}
[2026-03-29 13:34:26.821 +0700] [EVENT] [cadence.virtuoso.ade.simulationMonitor] - NewPoint {"history": "ExplorerRun.0", "point": 1, "testname": "bandgapcore_bgr_1", "cornername": "Nominal", "event": "NewPoint", "EventSource": "spectre", "HistoryName": "ExplorerRun.0", "logFile": "/home/dtvt_16/simulation/bandgapcore/bgr/maestro/results/maestro/ExplorerRun.0/1/bandgapcore_bgr_1/psf/spectre.out", "logFileSize": "4081"}
[2026-03-29 13:34:26.829 +0700] [PROCESS] [cadence.virtuoso.ade.simulationMonitor] - Simulator launched {"hostname": "dtvt16", "processid": 21717, "history": "ExplorerRun.0", "testname": "bandgapcore_bgr_1", "cornername": "Nominal", "point": 1, "logfile": "/home/dtvt_16/duyDUT/logs_dtvt_16/logs0/Job5.log", "simid": "1"}
[2026-03-29 13:34:26.831 +0700] [PROCESS] [cadence.virtuoso.ade.simulationMonitor] - Expression evaluator launched {"hostname": "dtvt16", "processid": 21717, "history": "ExplorerRun.0", "testname": "bandgapcore_bgr_1", "cornername": "Nominal", "point": 1, "logfile": "/home/dtvt_16/duyDUT/logs_dtvt_16/logs0/Job5.log"}
[2026-03-29 13:34:26.839 +0700] [PROCESS] [cadence.virtuoso.ade.simulationMonitor] - Started Simulation {"hostname": "dtvt16", "processid": 21717, "history": "ExplorerRun.0", "testname": "bandgapcore_bgr_1", "cornername": "Nominal", "point": 1, "logfile": "/home/dtvt_16/duyDUT/logs_dtvt_16/logs0/Job5.log"}
[2026-03-29 13:34:48.556 +0700] [PROCESS] [cadence.virtuoso.ade.simulationMonitor] - Finished simulating for one point {"hostname": "dtvt16", "processid": 21717, "history": "ExplorerRun.0", "testname": "bandgapcore_bgr_1", "cornername": "Nominal", "point": 1, "logfile": "/home/dtvt_16/duyDUT/logs_dtvt_16/logs0/Job5.log", "simid": "1"}
[2026-03-29 13:34:48.556 +0700] [INFO] [cadence.virtuoso.ade.simulationMonitor] - Peak resident memory used = 67.3 Mbytes. {"history": "ExplorerRun.0", "point": 1, "testname": "bandgapcore_bgr_1", "cornername": "Nominal"}
[2026-03-29 13:34:48.557 +0700] [ERROR] [cadence.virtuoso.ade.simulationMonitor] -     ERROR (SFE-23): "input.scs" 13: The instance `Q0' is referencing an undefined model or subcircuit, `npn'. Either include the file containing the definition of `npn', or define `npn' before running the simulation. {"history": "ExplorerRun.0", "point": 1, "testname": "bandgapcore_bgr_1", "cornername": "Nominal"}
[2026-03-29 13:34:48.558 +0700] [INFO] [cadence.virtuoso.ade.simulationMonitor] - Peak resident memory used = 73.6 Mbytes. {"history": "ExplorerRun.0", "point": 1, "testname": "bandgapcore_bgr_1", "cornername": "Nominal"}
[2026-03-29 13:34:48.558 +0700] [INFO] [cadence.virtuoso.ade.simulationMonitor] - Time used: CPU = 144 ms, elapsed = 20.8 s, util. = 695e-03%. {"history": "ExplorerRun.0", "point": 1, "testname": "bandgapcore_bgr_1", "cornername": "Nominal"}
[2026-03-29 13:34:48.559 +0700] [INFO] [cadence.virtuoso.ade.simulationMonitor] - Time spent in licensing: elapsed = 20.6 s, percentage of total = 99.2%. {"history": "ExplorerRun.0", "point": 1, "testname": "bandgapcore_bgr_1", "cornername": "Nominal"}
[2026-03-29 13:34:48.559 +0700] [INFO] [cadence.virtuoso.ade.simulationMonitor] - Peak memory used = 73.7 Mbytes. {"history": "ExplorerRun.0", "point": 1, "testname": "bandgapcore_bgr_1", "cornername": "Nominal"}
[2026-03-29 13:34:48.559 +0700] [PROCESS] [cadence.virtuoso.ade.simulationMonitor] - Simulation started at: 1:34:27 PM, Sun Mar 29, 2026, ended at: 1:34:47 PM, Sun Mar 29, 2026, with elapsed time (wall clock): 20.8 s. {"history": "ExplorerRun.0", "point": 1, "testname": "bandgapcore_bgr_1", "cornername": "Nominal"}
[2026-03-29 13:34:48.559 +0700] [PROCESS] [cadence.virtuoso.ade.simulationMonitor] - spectre completes with 1 error, 0 warnings, and 0 notices. {"history": "ExplorerRun.0", "point": 1, "testname": "bandgapcore_bgr_1", "cornername": "Nominal"}
[2026-03-29 13:34:48.560 +0700] [FATAL] [cadence.virtuoso.ade.simulationMonitor] - spectre terminated prematurely due to fatal error. {"history": "ExplorerRun.0", "point": 1, "testname": "bandgapcore_bgr_1", "cornername": "Nominal"}
[2026-03-29 13:34:48.560 +0700] [ERROR] [cadence.virtuoso.ade.simulationMonitor] - While simulating run ExplorerRun.0, point 1, test bandgapcore_bgr_1, received error:
Simulation Error:
 The simulator process returned a non-zero exit code, indicating failure.
The simulator could have crashed or intentionally returned to indicate an error.
Check the simulator log file for more information.  Common causes:
1. Simulator may have crashed during exit even after reporting success in log file.
2. Abrupt automatic simulator termination (e.g., SIGKILL) because the simulator process has
   exceede... {"history": "ExplorerRun.0", "point": 1, "testname": "bandgapcore_bgr_1", "cornername": "Nominal"}
[2026-03-29 13:34:48.561 +0700] [PROCESS] [cadence.virtuoso.ade.simulationMonitor] - Finished Simulation {"hostname": "dtvt16", "processid": 21717, "history": "ExplorerRun.0", "testname": "bandgapcore_bgr_1", "cornername": "Nominal", "point": 1, "logfile": "/home/dtvt_16/duyDUT/logs_dtvt_16/logs0/Job5.log", "simid": "1"}
[2026-03-29 13:38:03.912 +0700] [INFO] [cadence.virtuoso.ade.simulationMonitor] - SimulationMonitor has terminated the vds process '21798', reason: 'Force to stop the expression evalutor process because of new run' {"history": "ExplorerRun.0", "point": 1, "testname": "bandgapcore_bgr_1", "cornername": "Nominal"}
[2026-03-29 13:38:03.912 +0700] [PROCESS] [cadence.virtuoso.ade.simulationMonitor] - HostInfo:
Host name (type):	dtvt16 (x86_64)
Operating system:	Linux 3.10.0-1160.118.1.el7.x86_64 #1 SMP Wed Apr 24 16:01:50 UTC 2024 {"hostname": "dtvt16", "processid": 21717, "history": "ExplorerRun.0", "testname": "bandgapcore_bgr_1", "cornername": "Nominal", "point": 1, "logfile": "/home/dtvt_16/duyDUT/logs_dtvt_16/logs0/Job5.log", "nodename": "dtvt16", "domainname": "(none)", "machine": "x86_64", "sysname": "Linux", "release": "3.10.0-1160.118.1.el7.x86_64", "version": "#1 SMP Wed Apr 24 16:01:50 UTC 2024"}
[2026-03-29 13:38:03.913 +0700] [PROCESS] [cadence.virtuoso.ade.simulationMonitor] - UsageInfo:
pid=21717
totalPhysicalMemory=15.208324GB,Used=7.308094GB,totalVirtualMemory=22.895821GB,Used=7.308094GB
Cpu: Cores=24, Load average:0.180000,0.200000,0.210000 {"hostname": "dtvt16", "processid": 21717, "history": "ExplorerRun.0", "testname": "bandgapcore_bgr_1", "cornername": "Nominal", "point": 1, "logfile": "/home/dtvt_16/duyDUT/logs_dtvt_16/logs0/Job5.log", "pid": "21717", "totalPhysicalMemory": "15.208324", "physicalMemoryUsed": "7.308094", "totalVirtualMemory": "22.895821", "virtualMemoryUsed": "7.308094", "cpuCores": "24", "processes": "1188", "loadAverage1": "0.180000", "loadAverage5": "0.200000", "loadAverage15": "0.210000", "loadAverage1Percent": "0.007500"}
[2026-03-29 13:38:03.913 +0700] [EVENT] [cadence.virtuoso.ade.simulationMonitor] - NewPoint {"history": "ExplorerRun.0", "point": 1, "testname": "bandgapcore_bgr_1", "cornername": "Nominal", "event": "NewPoint", "EventSource": "Simulation Monitor", "HistoryName": "ExplorerRun.0", "logFile": "/home/dtvt_16/duyDUT/logs_dtvt_16/logs0/Job5.log", "logFileSize": "9211"}
[2026-03-29 13:38:04.014 +0700] [EVENT] [cadence.virtuoso.ade.simulationMonitor] - NewPoint {"history": "ExplorerRun.0", "point": 1, "testname": "bandgapcore_bgr_1", "cornername": "Nominal", "event": "NewPoint", "EventSource": "spectre", "HistoryName": "ExplorerRun.0", "logFile": "/home/dtvt_16/simulation/bandgapcore/bgr/maestro/results/maestro/ExplorerRun.0/1/bandgapcore_bgr_1/psf/spectre.out", "logFileSize": "-1"}
[2026-03-29 13:38:04.021 +0700] [PROCESS] [cadence.virtuoso.ade.simulationMonitor] - Simulator launched {"hostname": "dtvt16", "processid": 21717, "history": "ExplorerRun.0", "testname": "bandgapcore_bgr_1", "cornername": "Nominal", "point": 1, "logfile": "/home/dtvt_16/duyDUT/logs_dtvt_16/logs0/Job5.log", "simid": "2"}
[2026-03-29 13:38:04.030 +0700] [PROCESS] [cadence.virtuoso.ade.simulationMonitor] - Expression evaluator launched {"hostname": "dtvt16", "processid": 21717, "history": "ExplorerRun.0", "testname": "bandgapcore_bgr_1", "cornername": "Nominal", "point": 1, "logfile": "/home/dtvt_16/duyDUT/logs_dtvt_16/logs0/Job5.log"}
[2026-03-29 13:38:04.041 +0700] [PROCESS] [cadence.virtuoso.ade.simulationMonitor] - Started Simulation {"hostname": "dtvt16", "processid": 21717, "history": "ExplorerRun.0", "testname": "bandgapcore_bgr_1", "cornername": "Nominal", "point": 1, "logfile": "/home/dtvt_16/duyDUT/logs_dtvt_16/logs0/Job5.log"}
[2026-03-29 13:38:25.252 +0700] [PROCESS] [cadence.virtuoso.ade.simulationMonitor] - Finished simulating for one point {"hostname": "dtvt16", "processid": 21717, "history": "ExplorerRun.0", "testname": "bandgapcore_bgr_1", "cornername": "Nominal", "point": 1, "logfile": "/home/dtvt_16/duyDUT/logs_dtvt_16/logs0/Job5.log", "simid": "2"}
[2026-03-29 13:38:25.252 +0700] [INFO] [cadence.virtuoso.ade.simulationMonitor] - Peak resident memory used = 70.1 Mbytes. {"history": "ExplorerRun.0", "point": 1, "testname": "bandgapcore_bgr_1", "cornername": "Nominal"}
[2026-03-29 13:38:25.253 +0700] [ERROR] [cadence.virtuoso.ade.simulationMonitor] -     ERROR (SFE-23): "input.scs" 15: The instance `Q0' is referencing an undefined model or subcircuit, `npn_11v0_W1p00L1p00'. Either include the file containing the definition of `npn_11v0_W1p00L1p00', or define `npn_11v0_W1p00L1p00' before running the simulation. {"history": "ExplorerRun.0", "point": 1, "testname": "bandgapcore_bgr_1", "cornername": "Nominal"}
[2026-03-29 13:38:25.253 +0700] [INFO] [cadence.virtuoso.ade.simulationMonitor] - Peak resident memory used = 76.4 Mbytes. {"history": "ExplorerRun.0", "point": 1, "testname": "bandgapcore_bgr_1", "cornername": "Nominal"}
[2026-03-29 13:38:25.254 +0700] [INFO] [cadence.virtuoso.ade.simulationMonitor] - Time used: CPU = 176 ms, elapsed = 20.5 s, util. = 859e-03%. {"history": "ExplorerRun.0", "point": 1, "testname": "bandgapcore_bgr_1", "cornername": "Nominal"}
[2026-03-29 13:38:25.254 +0700] [INFO] [cadence.virtuoso.ade.simulationMonitor] - Time spent in licensing: elapsed = 20.3 s, percentage of total = 99.2%. {"history": "ExplorerRun.0", "point": 1, "testname": "bandgapcore_bgr_1", "cornername": "Nominal"}
[2026-03-29 13:38:25.254 +0700] [INFO] [cadence.virtuoso.ade.simulationMonitor] - Peak memory used = 76.7 Mbytes. {"history": "ExplorerRun.0", "point": 1, "testname": "bandgapcore_bgr_1", "cornername": "Nominal"}
[2026-03-29 13:38:25.254 +0700] [PROCESS] [cadence.virtuoso.ade.simulationMonitor] - Simulation started at: 1:38:04 PM, Sun Mar 29, 2026, ended at: 1:38:24 PM, Sun Mar 29, 2026, with elapsed time (wall clock): 20.5 s. {"history": "ExplorerRun.0", "point": 1, "testname": "bandgapcore_bgr_1", "cornername": "Nominal"}
[2026-03-29 13:38:25.255 +0700] [PROCESS] [cadence.virtuoso.ade.simulationMonitor] - spectre completes with 1 error, 0 warnings, and 0 notices. {"history": "ExplorerRun.0", "point": 1, "testname": "bandgapcore_bgr_1", "cornername": "Nominal"}
[2026-03-29 13:38:25.255 +0700] [FATAL] [cadence.virtuoso.ade.simulationMonitor] - spectre terminated prematurely due to fatal error. {"history": "ExplorerRun.0", "point": 1, "testname": "bandgapcore_bgr_1", "cornername": "Nominal"}
[2026-03-29 13:38:25.255 +0700] [ERROR] [cadence.virtuoso.ade.simulationMonitor] - While simulating run ExplorerRun.0, point 1, test bandgapcore_bgr_1, received error:
Simulation Error:
 The simulator process returned a non-zero exit code, indicating failure.
The simulator could have crashed or intentionally returned to indicate an error.
Check the simulator log file for more information.  Common causes:
1. Simulator may have crashed during exit even after reporting success in log file.
2. Abrupt automatic simulator termination (e.g., SIGKILL) because the simulator process has
   exceede... {"history": "ExplorerRun.0", "point": 1, "testname": "bandgapcore_bgr_1", "cornername": "Nominal"}
[2026-03-29 13:38:25.255 +0700] [PROCESS] [cadence.virtuoso.ade.simulationMonitor] - Finished Simulation {"hostname": "dtvt16", "processid": 21717, "history": "ExplorerRun.0", "testname": "bandgapcore_bgr_1", "cornername": "Nominal", "point": 1, "logfile": "/home/dtvt_16/duyDUT/logs_dtvt_16/logs0/Job5.log", "simid": "2"}
[2026-03-29 13:39:06.935 +0700] [INFO] [cadence.virtuoso.ade.simulationMonitor] - SimulationMonitor has terminated the vds process '22934', reason: 'Force to stop the expression evalutor process because of new run' {"history": "ExplorerRun.0", "point": 1, "testname": "bandgapcore_bgr_1", "cornername": "Nominal"}
[2026-03-29 13:39:06.935 +0700] [PROCESS] [cadence.virtuoso.ade.simulationMonitor] - HostInfo:
Host name (type):	dtvt16 (x86_64)
Operating system:	Linux 3.10.0-1160.118.1.el7.x86_64 #1 SMP Wed Apr 24 16:01:50 UTC 2024 {"hostname": "dtvt16", "processid": 21717, "history": "ExplorerRun.0", "testname": "bandgapcore_bgr_1", "cornername": "Nominal", "point": 1, "logfile": "/home/dtvt_16/duyDUT/logs_dtvt_16/logs0/Job5.log", "nodename": "dtvt16", "domainname": "(none)", "machine": "x86_64", "sysname": "Linux", "release": "3.10.0-1160.118.1.el7.x86_64", "version": "#1 SMP Wed Apr 24 16:01:50 UTC 2024"}
[2026-03-29 13:39:06.936 +0700] [PROCESS] [cadence.virtuoso.ade.simulationMonitor] - UsageInfo:
pid=21717
totalPhysicalMemory=15.208324GB,Used=7.313358GB,totalVirtualMemory=22.895821GB,Used=7.313358GB
Cpu: Cores=24, Load average:0.420000,0.260000,0.230000 {"hostname": "dtvt16", "processid": 21717, "history": "ExplorerRun.0", "testname": "bandgapcore_bgr_1", "cornername": "Nominal", "point": 1, "logfile": "/home/dtvt_16/duyDUT/logs_dtvt_16/logs0/Job5.log", "pid": "21717", "totalPhysicalMemory": "15.208324", "physicalMemoryUsed": "7.313358", "totalVirtualMemory": "22.895821", "virtualMemoryUsed": "7.313358", "cpuCores": "24", "processes": "1188", "loadAverage1": "0.420000", "loadAverage5": "0.260000", "loadAverage15": "0.230000", "loadAverage1Percent": "0.017500"}
[2026-03-29 13:39:06.936 +0700] [EVENT] [cadence.virtuoso.ade.simulationMonitor] - NewPoint {"history": "ExplorerRun.0", "point": 1, "testname": "bandgapcore_bgr_1", "cornername": "Nominal", "event": "NewPoint", "EventSource": "Simulation Monitor", "HistoryName": "ExplorerRun.0", "logFile": "/home/dtvt_16/duyDUT/logs_dtvt_16/logs0/Job5.log", "logFileSize": "16385"}
[2026-03-29 13:39:07.037 +0700] [EVENT] [cadence.virtuoso.ade.simulationMonitor] - NewPoint {"history": "ExplorerRun.0", "point": 1, "testname": "bandgapcore_bgr_1", "cornername": "Nominal", "event": "NewPoint", "EventSource": "spectre", "HistoryName": "ExplorerRun.0", "logFile": "/home/dtvt_16/simulation/bandgapcore/bgr/maestro/results/maestro/ExplorerRun.0/1/bandgapcore_bgr_1/psf/spectre.out", "logFileSize": "-1"}
[2026-03-29 13:39:07.045 +0700] [PROCESS] [cadence.virtuoso.ade.simulationMonitor] - Simulator launched {"hostname": "dtvt16", "processid": 21717, "history": "ExplorerRun.0", "testname": "bandgapcore_bgr_1", "cornername": "Nominal", "point": 1, "logfile": "/home/dtvt_16/duyDUT/logs_dtvt_16/logs0/Job5.log", "simid": "3"}
[2026-03-29 13:39:07.050 +0700] [PROCESS] [cadence.virtuoso.ade.simulationMonitor] - Expression evaluator launched {"hostname": "dtvt16", "processid": 21717, "history": "ExplorerRun.0", "testname": "bandgapcore_bgr_1", "cornername": "Nominal", "point": 1, "logfile": "/home/dtvt_16/duyDUT/logs_dtvt_16/logs0/Job5.log"}
[2026-03-29 13:39:07.061 +0700] [PROCESS] [cadence.virtuoso.ade.simulationMonitor] - Started Simulation {"hostname": "dtvt16", "processid": 21717, "history": "ExplorerRun.0", "testname": "bandgapcore_bgr_1", "cornername": "Nominal", "point": 1, "logfile": "/home/dtvt_16/duyDUT/logs_dtvt_16/logs0/Job5.log"}
[2026-03-29 13:39:28.276 +0700] [PROCESS] [cadence.virtuoso.ade.simulationMonitor] - Finished simulating for one point {"hostname": "dtvt16", "processid": 21717, "history": "ExplorerRun.0", "testname": "bandgapcore_bgr_1", "cornername": "Nominal", "point": 1, "logfile": "/home/dtvt_16/duyDUT/logs_dtvt_16/logs0/Job5.log", "simid": "3"}
[2026-03-29 13:39:28.276 +0700] [INFO] [cadence.virtuoso.ade.simulationMonitor] - Peak resident memory used = 68 Mbytes. {"history": "ExplorerRun.0", "point": 1, "testname": "bandgapcore_bgr_1", "cornername": "Nominal"}
[2026-03-29 13:39:28.277 +0700] [ERROR] [cadence.virtuoso.ade.simulationMonitor] -     ERROR (SFE-23): "input.scs" 15: The instance `Q0' is referencing an undefined model or subcircuit, `npn_11v0_W1p00L1p00'. Either include the file containing the definition of `npn_11v0_W1p00L1p00', or define `npn_11v0_W1p00L1p00' before running the simulation. {"history": "ExplorerRun.0", "point": 1, "testname": "bandgapcore_bgr_1", "cornername": "Nominal"}
[2026-03-29 13:39:28.278 +0700] [INFO] [cadence.virtuoso.ade.simulationMonitor] - Peak resident memory used = 74.3 Mbytes. {"history": "ExplorerRun.0", "point": 1, "testname": "bandgapcore_bgr_1", "cornername": "Nominal"}
[2026-03-29 13:39:28.278 +0700] [INFO] [cadence.virtuoso.ade.simulationMonitor] - Time used: CPU = 150 ms, elapsed = 20.5 s, util. = 730e-03%. {"history": "ExplorerRun.0", "point": 1, "testname": "bandgapcore_bgr_1", "cornername": "Nominal"}
[2026-03-29 13:39:28.278 +0700] [INFO] [cadence.virtuoso.ade.simulationMonitor] - Time spent in licensing: elapsed = 20.4 s, percentage of total = 99.4%. {"history": "ExplorerRun.0", "point": 1, "testname": "bandgapcore_bgr_1", "cornername": "Nominal"}
[2026-03-29 13:39:28.279 +0700] [INFO] [cadence.virtuoso.ade.simulationMonitor] - Peak memory used = 74.6 Mbytes. {"history": "ExplorerRun.0", "point": 1, "testname": "bandgapcore_bgr_1", "cornername": "Nominal"}
[2026-03-29 13:39:28.279 +0700] [PROCESS] [cadence.virtuoso.ade.simulationMonitor] - Simulation started at: 1:39:07 PM, Sun Mar 29, 2026, ended at: 1:39:27 PM, Sun Mar 29, 2026, with elapsed time (wall clock): 20.5 s. {"history": "ExplorerRun.0", "point": 1, "testname": "bandgapcore_bgr_1", "cornername": "Nominal"}
[2026-03-29 13:39:28.279 +0700] [PROCESS] [cadence.virtuoso.ade.simulationMonitor] - spectre completes with 1 error, 0 warnings, and 0 notices. {"history": "ExplorerRun.0", "point": 1, "testname": "bandgapcore_bgr_1", "cornername": "Nominal"}
[2026-03-29 13:39:28.279 +0700] [FATAL] [cadence.virtuoso.ade.simulationMonitor] - spectre terminated prematurely due to fatal error. {"history": "ExplorerRun.0", "point": 1, "testname": "bandgapcore_bgr_1", "cornername": "Nominal"}
[2026-03-29 13:39:28.280 +0700] [ERROR] [cadence.virtuoso.ade.simulationMonitor] - While simulating run ExplorerRun.0, point 1, test bandgapcore_bgr_1, received error:
Simulation Error:
 The simulator process returned a non-zero exit code, indicating failure.
The simulator could have crashed or intentionally returned to indicate an error.
Check the simulator log file for more information.  Common causes:
1. Simulator may have crashed during exit even after reporting success in log file.
2. Abrupt automatic simulator termination (e.g., SIGKILL) because the simulator process has
   exceede... {"history": "ExplorerRun.0", "point": 1, "testname": "bandgapcore_bgr_1", "cornername": "Nominal"}
[2026-03-29 13:39:28.280 +0700] [PROCESS] [cadence.virtuoso.ade.simulationMonitor] - Finished Simulation {"hostname": "dtvt16", "processid": 21717, "history": "ExplorerRun.0", "testname": "bandgapcore_bgr_1", "cornername": "Nominal", "point": 1, "logfile": "/home/dtvt_16/duyDUT/logs_dtvt_16/logs0/Job5.log", "simid": "3"}
[2026-03-29 13:44:28.906 +0700] [PROCESS] [cadence.virtuoso.ade.simulationMonitor] - Current memory used: 32.3516 MBytes, peak memory used: 34.1562 MBytes {"hostname": "dtvt16", "processid": 21717, "history": "ExplorerRun.0", "testname": "bandgapcore_bgr_1", "cornername": "Nominal", "point": 1, "logfile": "/home/dtvt_16/duyDUT/logs_dtvt_16/logs0/Job5.log"}
[2026-03-29 13:44:28.906 +0700] [PROCESS] [cadence.virtuoso.ade.simulationMonitor] - Simulation Monitor process exit. {"hostname": "dtvt16", "processid": 21717, "history": "ExplorerRun.0", "testname": "bandgapcore_bgr_1", "cornername": "Nominal", "point": 1, "logfile": "/home/dtvt_16/duyDUT/logs_dtvt_16/logs0/Job5.log"}
