[Simulation Monitor: 8]
[2026-03-29 14:36:21.878 +0700] [PROCESS] [cadence.virtuoso.ade.simulationMonitor] - Simulation Monitor has successfully started up. Trying to set up communication channels to other components ... {"hostname": "dtvt16", "processid": 2444, "logfile": "/home/dtvt_16/duyDUT/logs_dtvt_16/logs0/Job8.log"}
[2026-03-29 14:36:21.878 +0700] [PROCESS] [cadence.virtuoso.ade.simulationMonitor] - Communication channels have been successfully set up. Start processing events ... {"hostname": "dtvt16", "processid": 2444, "logfile": "/home/dtvt_16/duyDUT/logs_dtvt_16/logs0/Job8.log"}
[2026-03-29 14:36:21.878 +0700] [PROCESS] [cadence.virtuoso.ade.simulationMonitor] - Considering to start history {"hostname": "dtvt16", "processid": 2444, "history": "ExplorerRun.0", "logfile": "/home/dtvt_16/duyDUT/logs_dtvt_16/logs0/Job8.log"}
[2026-03-29 14:36:21.880 +0700] [PROCESS] [cadence.virtuoso.ade.simulationMonitor] - HostInfo:
Host name (type):	dtvt16 (x86_64)
Operating system:	Linux 3.10.0-1160.118.1.el7.x86_64 #1 SMP Wed Apr 24 16:01:50 UTC 2024 {"hostname": "dtvt16", "processid": 2444, "history": "ExplorerRun.0", "logfile": "/home/dtvt_16/duyDUT/logs_dtvt_16/logs0/Job8.log", "nodename": "dtvt16", "domainname": "(none)", "machine": "x86_64", "sysname": "Linux", "release": "3.10.0-1160.118.1.el7.x86_64", "version": "#1 SMP Wed Apr 24 16:01:50 UTC 2024"}
[2026-03-29 14:36:21.880 +0700] [PROCESS] [cadence.virtuoso.ade.simulationMonitor] - UsageInfo:
pid=2444
totalPhysicalMemory=15.208324GB,Used=7.465736GB,totalVirtualMemory=22.895821GB,Used=7.465736GB
Cpu: Cores=24, Load average:0.140000,0.130000,0.140000 {"hostname": "dtvt16", "processid": 2444, "history": "ExplorerRun.0", "logfile": "/home/dtvt_16/duyDUT/logs_dtvt_16/logs0/Job8.log", "pid": "2444", "totalPhysicalMemory": "15.208324", "physicalMemoryUsed": "7.465736", "totalVirtualMemory": "22.895821", "virtualMemoryUsed": "7.465736", "cpuCores": "24", "processes": "1204", "loadAverage1": "0.140000", "loadAverage5": "0.130000", "loadAverage15": "0.140000", "loadAverage1Percent": "0.005833"}
[2026-03-29 14:36:21.880 +0700] [EVENT] [cadence.virtuoso.ade.simulationMonitor] - NewPoint {"history": "ExplorerRun.0", "point": 1, "testname": "bandgapcore_bgr_1", "cornername": "Nominal", "event": "NewPoint", "EventSource": "Simulation Monitor", "HistoryName": "ExplorerRun.0", "logFile": "/home/dtvt_16/duyDUT/logs_dtvt_16/logs0/Job8.log", "logFileSize": "2076"}
[2026-03-29 14:36:21.981 +0700] [EVENT] [cadence.virtuoso.ade.simulationMonitor] - NewPoint {"history": "ExplorerRun.0", "point": 1, "testname": "bandgapcore_bgr_1", "cornername": "Nominal", "event": "NewPoint", "EventSource": "spectre", "HistoryName": "ExplorerRun.0", "logFile": "/home/dtvt_16/simulation/bandgapcore/bgr/maestro/results/maestro/ExplorerRun.0/1/bandgapcore_bgr_1/psf/spectre.out", "logFileSize": "-1"}
[2026-03-29 14:36:21.990 +0700] [PROCESS] [cadence.virtuoso.ade.simulationMonitor] - Simulator launched {"hostname": "dtvt16", "processid": 2444, "history": "ExplorerRun.0", "testname": "bandgapcore_bgr_1", "cornername": "Nominal", "point": 1, "logfile": "/home/dtvt_16/duyDUT/logs_dtvt_16/logs0/Job8.log", "simid": "1"}
[2026-03-29 14:36:21.993 +0700] [PROCESS] [cadence.virtuoso.ade.simulationMonitor] - Expression evaluator launched {"hostname": "dtvt16", "processid": 2444, "history": "ExplorerRun.0", "testname": "bandgapcore_bgr_1", "cornername": "Nominal", "point": 1, "logfile": "/home/dtvt_16/duyDUT/logs_dtvt_16/logs0/Job8.log"}
[2026-03-29 14:36:22.005 +0700] [PROCESS] [cadence.virtuoso.ade.simulationMonitor] - Started Simulation {"hostname": "dtvt16", "processid": 2444, "history": "ExplorerRun.0", "testname": "bandgapcore_bgr_1", "cornername": "Nominal", "point": 1, "logfile": "/home/dtvt_16/duyDUT/logs_dtvt_16/logs0/Job8.log"}
[2026-03-29 14:36:43.232 +0700] [PROCESS] [cadence.virtuoso.ade.simulationMonitor] - Finished simulating for one point {"hostname": "dtvt16", "processid": 2444, "history": "ExplorerRun.0", "testname": "bandgapcore_bgr_1", "cornername": "Nominal", "point": 1, "logfile": "/home/dtvt_16/duyDUT/logs_dtvt_16/logs0/Job8.log", "simid": "1"}
[2026-03-29 14:36:43.233 +0700] [INFO] [cadence.virtuoso.ade.simulationMonitor] - Peak resident memory used = 70.7 Mbytes. {"history": "ExplorerRun.0", "point": 1, "testname": "bandgapcore_bgr_1", "cornername": "Nominal"}
[2026-03-29 14:36:43.233 +0700] [ERROR] [cadence.virtuoso.ade.simulationMonitor] -     ERROR (SFE-23): "input.scs" 16: The instance `Q0' is referencing an undefined model or subcircuit, `pnp_05v5_W0p68L0p68'. Either include the file containing the definition of `pnp_05v5_W0p68L0p68', or define `pnp_05v5_W0p68L0p68' before running the simulation. {"history": "ExplorerRun.0", "point": 1, "testname": "bandgapcore_bgr_1", "cornername": "Nominal"}
[2026-03-29 14:36:43.234 +0700] [INFO] [cadence.virtuoso.ade.simulationMonitor] - Peak resident memory used = 76.8 Mbytes. {"history": "ExplorerRun.0", "point": 1, "testname": "bandgapcore_bgr_1", "cornername": "Nominal"}
[2026-03-29 14:36:43.235 +0700] [INFO] [cadence.virtuoso.ade.simulationMonitor] - Time used: CPU = 159 ms, elapsed = 20.5 s, util. = 776e-03%. {"history": "ExplorerRun.0", "point": 1, "testname": "bandgapcore_bgr_1", "cornername": "Nominal"}
[2026-03-29 14:36:43.235 +0700] [INFO] [cadence.virtuoso.ade.simulationMonitor] - Time spent in licensing: elapsed = 20.4 s, percentage of total = 99.4%. {"history": "ExplorerRun.0", "point": 1, "testname": "bandgapcore_bgr_1", "cornername": "Nominal"}
[2026-03-29 14:36:43.236 +0700] [INFO] [cadence.virtuoso.ade.simulationMonitor] - Peak memory used = 77.1 Mbytes. {"history": "ExplorerRun.0", "point": 1, "testname": "bandgapcore_bgr_1", "cornername": "Nominal"}
[2026-03-29 14:36:43.236 +0700] [PROCESS] [cadence.virtuoso.ade.simulationMonitor] - Simulation started at: 2:36:22 PM, Sun Mar 29, 2026, ended at: 2:36:42 PM, Sun Mar 29, 2026, with elapsed time (wall clock): 20.5 s. {"history": "ExplorerRun.0", "point": 1, "testname": "bandgapcore_bgr_1", "cornername": "Nominal"}
[2026-03-29 14:36:43.236 +0700] [PROCESS] [cadence.virtuoso.ade.simulationMonitor] - spectre completes with 1 error, 0 warnings, and 0 notices. {"history": "ExplorerRun.0", "point": 1, "testname": "bandgapcore_bgr_1", "cornername": "Nominal"}
[2026-03-29 14:36:43.236 +0700] [FATAL] [cadence.virtuoso.ade.simulationMonitor] - spectre terminated prematurely due to fatal error. {"history": "ExplorerRun.0", "point": 1, "testname": "bandgapcore_bgr_1", "cornername": "Nominal"}
[2026-03-29 14:36:43.236 +0700] [ERROR] [cadence.virtuoso.ade.simulationMonitor] - While simulating run ExplorerRun.0, point 1, test bandgapcore_bgr_1, received error:
Simulation Error:
 The simulator process returned a non-zero exit code, indicating failure.
The simulator could have crashed or intentionally returned to indicate an error.
Check the simulator log file for more information.  Common causes:
1. Simulator may have crashed during exit even after reporting success in log file.
2. Abrupt automatic simulator termination (e.g., SIGKILL) because the simulator process has
   exceede... {"history": "ExplorerRun.0", "point": 1, "testname": "bandgapcore_bgr_1", "cornername": "Nominal"}
[2026-03-29 14:36:43.237 +0700] [PROCESS] [cadence.virtuoso.ade.simulationMonitor] - Finished Simulation {"hostname": "dtvt16", "processid": 2444, "history": "ExplorerRun.0", "testname": "bandgapcore_bgr_1", "cornername": "Nominal", "point": 1, "logfile": "/home/dtvt_16/duyDUT/logs_dtvt_16/logs0/Job8.log", "simid": "1"}
[2026-03-29 14:39:28.200 +0700] [INFO] [cadence.virtuoso.ade.simulationMonitor] - SimulationMonitor has terminated the vds process '2539', reason: 'Force to stop the expression evalutor process because of new run' {"history": "ExplorerRun.0", "point": 1, "testname": "bandgapcore_bgr_1", "cornername": "Nominal"}
[2026-03-29 14:39:28.201 +0700] [PROCESS] [cadence.virtuoso.ade.simulationMonitor] - HostInfo:
Host name (type):	dtvt16 (x86_64)
Operating system:	Linux 3.10.0-1160.118.1.el7.x86_64 #1 SMP Wed Apr 24 16:01:50 UTC 2024 {"hostname": "dtvt16", "processid": 2444, "history": "ExplorerRun.0", "testname": "bandgapcore_bgr_1", "cornername": "Nominal", "point": 1, "logfile": "/home/dtvt_16/duyDUT/logs_dtvt_16/logs0/Job8.log", "nodename": "dtvt16", "domainname": "(none)", "machine": "x86_64", "sysname": "Linux", "release": "3.10.0-1160.118.1.el7.x86_64", "version": "#1 SMP Wed Apr 24 16:01:50 UTC 2024"}
[2026-03-29 14:39:28.201 +0700] [PROCESS] [cadence.virtuoso.ade.simulationMonitor] - UsageInfo:
pid=2444
totalPhysicalMemory=15.208324GB,Used=7.472641GB,totalVirtualMemory=22.895821GB,Used=7.472641GB
Cpu: Cores=24, Load average:0.080000,0.140000,0.140000 {"hostname": "dtvt16", "processid": 2444, "history": "ExplorerRun.0", "testname": "bandgapcore_bgr_1", "cornername": "Nominal", "point": 1, "logfile": "/home/dtvt_16/duyDUT/logs_dtvt_16/logs0/Job8.log", "pid": "2444", "totalPhysicalMemory": "15.208324", "physicalMemoryUsed": "7.472641", "totalVirtualMemory": "22.895821", "virtualMemoryUsed": "7.472641", "cpuCores": "24", "processes": "1218", "loadAverage1": "0.080000", "loadAverage5": "0.140000", "loadAverage15": "0.140000", "loadAverage1Percent": "0.003333"}
[2026-03-29 14:39:28.201 +0700] [EVENT] [cadence.virtuoso.ade.simulationMonitor] - NewPoint {"history": "ExplorerRun.0", "point": 1, "testname": "bandgapcore_bgr_1", "cornername": "Nominal", "event": "NewPoint", "EventSource": "Simulation Monitor", "HistoryName": "ExplorerRun.0", "logFile": "/home/dtvt_16/duyDUT/logs_dtvt_16/logs0/Job8.log", "logFileSize": "9240"}
[2026-03-29 14:39:28.302 +0700] [EVENT] [cadence.virtuoso.ade.simulationMonitor] - NewPoint {"history": "ExplorerRun.0", "point": 1, "testname": "bandgapcore_bgr_1", "cornername": "Nominal", "event": "NewPoint", "EventSource": "spectre", "HistoryName": "ExplorerRun.0", "logFile": "/home/dtvt_16/simulation/bandgapcore/bgr/maestro/results/maestro/ExplorerRun.0/1/bandgapcore_bgr_1/psf/spectre.out", "logFileSize": "-1"}
[2026-03-29 14:39:28.304 +0700] [PROCESS] [cadence.virtuoso.ade.simulationMonitor] - Simulator launched {"hostname": "dtvt16", "processid": 2444, "history": "ExplorerRun.0", "testname": "bandgapcore_bgr_1", "cornername": "Nominal", "point": 1, "logfile": "/home/dtvt_16/duyDUT/logs_dtvt_16/logs0/Job8.log", "simid": "2"}
[2026-03-29 14:39:28.310 +0700] [PROCESS] [cadence.virtuoso.ade.simulationMonitor] - Expression evaluator launched {"hostname": "dtvt16", "processid": 2444, "history": "ExplorerRun.0", "testname": "bandgapcore_bgr_1", "cornername": "Nominal", "point": 1, "logfile": "/home/dtvt_16/duyDUT/logs_dtvt_16/logs0/Job8.log"}
[2026-03-29 14:39:28.314 +0700] [PROCESS] [cadence.virtuoso.ade.simulationMonitor] - Started Simulation {"hostname": "dtvt16", "processid": 2444, "history": "ExplorerRun.0", "testname": "bandgapcore_bgr_1", "cornername": "Nominal", "point": 1, "logfile": "/home/dtvt_16/duyDUT/logs_dtvt_16/logs0/Job8.log"}
[2026-03-29 14:39:49.553 +0700] [PROCESS] [cadence.virtuoso.ade.simulationMonitor] - Finished simulating for one point {"hostname": "dtvt16", "processid": 2444, "history": "ExplorerRun.0", "testname": "bandgapcore_bgr_1", "cornername": "Nominal", "point": 1, "logfile": "/home/dtvt_16/duyDUT/logs_dtvt_16/logs0/Job8.log", "simid": "2"}
[2026-03-29 14:39:49.553 +0700] [INFO] [cadence.virtuoso.ade.simulationMonitor] - Peak resident memory used = 69 Mbytes. {"history": "ExplorerRun.0", "point": 1, "testname": "bandgapcore_bgr_1", "cornername": "Nominal"}
[2026-03-29 14:39:49.554 +0700] [ERROR] [cadence.virtuoso.ade.simulationMonitor] -     ERROR (SFE-1999): "/home/dtvt_16/CDNS_Client/sky130_release_0.1.0/cells/pnp_05v5/sky130_fd_pr__pnp_05v5_W0p68L0p68.model.spice" 30: Model `Q0.sky130_fd_pr__pnp_05v5_W0p68L0p68__model': parameter `is': Unknown parameter `dkispp' has been specified in expression `1.5075e-18*1*dkispp+sky130_fd_pr__pnp_05v5_W0p68L0p68__is_mm' {"history": "ExplorerRun.0", "point": 1, "testname": "bandgapcore_bgr_1", "cornername": "Nominal"}
[2026-03-29 14:39:49.555 +0700] [ERROR] [cadence.virtuoso.ade.simulationMonitor] -     ERROR (SFE-1999): "/home/dtvt_16/CDNS_Client/sky130_release_0.1.0/cells/pnp_05v5/sky130_fd_pr__pnp_05v5_W0p68L0p68.model.spice" 30: Model `Q0.sky130_fd_pr__pnp_05v5_W0p68L0p68__model': parameter `bf': Unknown parameter `dkbfpp' has been specified in expression `19.35*dkbfpp+sky130_fd_pr__pnp_05v5_W0p68L0p68__bf_mm' {"history": "ExplorerRun.0", "point": 1, "testname": "bandgapcore_bgr_1", "cornername": "Nominal"}
[2026-03-29 14:39:49.555 +0700] [ERROR] [cadence.virtuoso.ade.simulationMonitor] -     ERROR (SFE-1999): "/home/dtvt_16/CDNS_Client/sky130_release_0.1.0/cells/pnp_05v5/sky130_fd_pr__pnp_05v5_W0p68L0p68.model.spice" 30: Model `Q0.sky130_fd_pr__pnp_05v5_W0p68L0p68__model': parameter `nf': Unknown parameter `dknfpp' has been specified in expression `1.028*dknfpp' {"history": "ExplorerRun.0", "point": 1, "testname": "bandgapcore_bgr_1", "cornername": "Nominal"}
[2026-03-29 14:39:49.556 +0700] [INFO] [cadence.virtuoso.ade.simulationMonitor] - Peak resident memory used = 75.4 Mbytes. {"history": "ExplorerRun.0", "point": 1, "testname": "bandgapcore_bgr_1", "cornername": "Nominal"}
[2026-03-29 14:39:49.556 +0700] [INFO] [cadence.virtuoso.ade.simulationMonitor] - Time used: CPU = 110 ms, elapsed = 20.4 s, util. = 540e-03%. {"history": "ExplorerRun.0", "point": 1, "testname": "bandgapcore_bgr_1", "cornername": "Nominal"}
[2026-03-29 14:39:49.556 +0700] [INFO] [cadence.virtuoso.ade.simulationMonitor] - Time spent in licensing: elapsed = 20.3 s, percentage of total = 99.4%. {"history": "ExplorerRun.0", "point": 1, "testname": "bandgapcore_bgr_1", "cornername": "Nominal"}
[2026-03-29 14:39:49.556 +0700] [INFO] [cadence.virtuoso.ade.simulationMonitor] - Peak memory used = 75.7 Mbytes. {"history": "ExplorerRun.0", "point": 1, "testname": "bandgapcore_bgr_1", "cornername": "Nominal"}
[2026-03-29 14:39:49.557 +0700] [PROCESS] [cadence.virtuoso.ade.simulationMonitor] - Simulation started at: 2:39:28 PM, Sun Mar 29, 2026, ended at: 2:39:48 PM, Sun Mar 29, 2026, with elapsed time (wall clock): 20.4 s. {"history": "ExplorerRun.0", "point": 1, "testname": "bandgapcore_bgr_1", "cornername": "Nominal"}
[2026-03-29 14:39:49.557 +0700] [PROCESS] [cadence.virtuoso.ade.simulationMonitor] - spectre completes with 3 errors, 0 warnings, and 0 notices. {"history": "ExplorerRun.0", "point": 1, "testname": "bandgapcore_bgr_1", "cornername": "Nominal"}
[2026-03-29 14:39:49.557 +0700] [FATAL] [cadence.virtuoso.ade.simulationMonitor] - spectre terminated prematurely due to fatal error. {"history": "ExplorerRun.0", "point": 1, "testname": "bandgapcore_bgr_1", "cornername": "Nominal"}
[2026-03-29 14:39:49.557 +0700] [ERROR] [cadence.virtuoso.ade.simulationMonitor] - While simulating run ExplorerRun.0, point 1, test bandgapcore_bgr_1, received error:
Simulation Error:
 The simulator process returned a non-zero exit code, indicating failure.
The simulator could have crashed or intentionally returned to indicate an error.
Check the simulator log file for more information.  Common causes:
1. Simulator may have crashed during exit even after reporting success in log file.
2. Abrupt automatic simulator termination (e.g., SIGKILL) because the simulator process has
   exceede... {"history": "ExplorerRun.0", "point": 1, "testname": "bandgapcore_bgr_1", "cornername": "Nominal"}
[2026-03-29 14:39:49.558 +0700] [PROCESS] [cadence.virtuoso.ade.simulationMonitor] - Finished Simulation {"hostname": "dtvt16", "processid": 2444, "history": "ExplorerRun.0", "testname": "bandgapcore_bgr_1", "cornername": "Nominal", "point": 1, "logfile": "/home/dtvt_16/duyDUT/logs_dtvt_16/logs0/Job8.log", "simid": "2"}
[2026-03-29 14:44:50.143 +0700] [PROCESS] [cadence.virtuoso.ade.simulationMonitor] - Current memory used: 32.3125 MBytes, peak memory used: 32.3125 MBytes {"hostname": "dtvt16", "processid": 2444, "history": "ExplorerRun.0", "testname": "bandgapcore_bgr_1", "cornername": "Nominal", "point": 1, "logfile": "/home/dtvt_16/duyDUT/logs_dtvt_16/logs0/Job8.log"}
[2026-03-29 14:44:50.144 +0700] [PROCESS] [cadence.virtuoso.ade.simulationMonitor] - Simulation Monitor process exit. {"hostname": "dtvt16", "processid": 2444, "history": "ExplorerRun.0", "testname": "bandgapcore_bgr_1", "cornername": "Nominal", "point": 1, "logfile": "/home/dtvt_16/duyDUT/logs_dtvt_16/logs0/Job8.log"}
