[ADE GUI: 1d126e2b-8e68-4d3d-8ee1-a5358e809691]
[2026-03-29 15:07:17.093 +0700] [PROCESS] [cadence.virtuoso.ade.gui] - /home/dtvt_16/duyDUT/.tmp_dtvt_16/.cmddir0/swiftLoggingService0 is starting {"logfile": "/home/dtvt_16/duyDUT/logs_dtvt_16/logs0/LoggingService0.log"}
[2026-03-29 15:07:17.202 +0700] [PROCESS] [cadence.virtuoso.ade.gui] - /home/dtvt_16/duyDUT/.tmp_dtvt_16/.cmddir0/swiftNetlistService1 is starting {"logfile": "/home/dtvt_16/duyDUT/logs_dtvt_16/logs0/Service1.log"}
[2026-03-29 15:07:17.203 +0700] [PROCESS] [cadence.virtuoso.ade.gui] - Logging Service '15075' is starting up on host 'dtvt16' {"logfile": "/home/dtvt_16/duyDUT/logs_dtvt_16/logs0/LoggingService0.log"}
[2026-03-29 15:07:18.234 +0700] [PROCESS] [cadence.virtuoso.ade.gui] - Netlist Service '15113' is starting up on host 'dtvt16' {"logfile": "/home/dtvt_16/duyDUT/logs_dtvt_16/logs0/Service1.log"}
[2026-03-29 15:12:26.397 +0700] [PROCESS] [cadence.virtuoso.ade.gui] - Netlist Service '15113' stopped with exit code '0' {"logfile": "/home/dtvt_16/duyDUT/logs_dtvt_16/logs0/Service1.log"}
[2026-03-29 15:19:14.840 +0700] [EVENT] [cadence.virtuoso.ade.gui] - NewHistoryCreated {"history": "ExplorerRun.0", "event": "NewHistoryCreated", "EventSource": "ADE GUI", "HistoryName": "ExplorerRun.0", "WorkDir": "/home/dtvt_16/duyDUT", "HistorySimDir": "/home/dtvt_16/simulation/bandgapcore/bgr/maestro/results/maestro/ExplorerRun.0", "HistoryResultsDir": "/home/dtvt_16/duyDUT/mydesign/bandgapcore/bgr/maestro/results/maestro"}
[2026-03-29 15:19:14.842 +0700] [PROCESS] [cadence.virtuoso.ade.gui] - History Setup {"hostname": "dtvt16", "processid": 13411, "history": "ExplorerRun.0", "logfile": "/home/dtvt_16/duyDUT/logs_dtvt_16/logs0/virtuoso_ade_debug.log", "jobmode": "LSCS", "runmode": "Single Run, Sweeps and Corners", "lib": "bandgapcore", "cell": "bgr", "view": "maestro", "icversion": "sub-version  IC6.1.8-64b.500.28 ", "runstart": "Sun Mar 29 15:19:14 2026\n", "timezonelocal": "+000", "spectreversion": "unknown", "jobpolicyname": "", "maxjobs": "unknown", "ncjobpolicyname": "", "ncmaxjobs": "unknown", "numtests": "1", "runfinished": "unknown", "runelapsed": "-1", "numcorners": "1"}
[2026-03-29 15:19:15.316 +0700] [WARN] [cadence.virtuoso.ade.gui] - Could not find log file for Same Process Job 0. Log message for this job will be printed in the CDS log file. {"history": "ExplorerRun.0", "testname": "bandgapcore_bgr_1", "detailed_message": "", "message_id": "EXPLORER-5028"}
[2026-03-29 15:19:15.736 +0700] [INFO] [cadence.virtuoso.ade.gui] - Simulation will use spectre batch mode because the GCC version used by Spectre and Virtuoso are not compatible. {"history": "ExplorerRun.0", "testname": "bandgapcore_bgr_1", "detailed_message": "", "message_id": "EXPLORER-5024"}
[2026-03-29 15:19:15.769 +0700] [EVENT] [cadence.virtuoso.ade.pointevaluator] - NewPoint {"history": "ExplorerRun.0", "point": 1, "testname": "bandgapcore_bgr_1", "event": "NewPoint", "EventSource": "ADE GUI", "HistoryName": "ExplorerRun.0", "logFile": "/home/dtvt_16/duyDUT/logs_dtvt_16/logs0/virtuoso_ade_debug.log", "logFileSize": "2766"}
[2026-03-29 15:19:15.770 +0700] [INFO] [cadence.virtuoso.ade.pointevaluator] - Started netlisting {"history": "ExplorerRun.0", "point": 1, "testname": "bandgapcore_bgr_1"}
[2026-03-29 15:19:16.364 +0700] [INFO] [cadence.virtuoso.ade.pointevaluator] - Finished netlisting {"history": "ExplorerRun.0", "point": 1, "testname": "bandgapcore_bgr_1"}
[2026-03-29 15:19:16.365 +0700] [INFO] [cadence.virtuoso.ade.pointevaluator] - Submitted {"history": "ExplorerRun.0", "point": 1, "testname": "bandgapcore_bgr_1"}
[2026-03-29 15:19:20.418 +0700] [PROCESS] [cadence.virtuoso.ade.gui] - /home/dtvt_16/duyDUT/.tmp_dtvt_16/.cmddir0/swiftJob2 is starting {"logfile": "/home/dtvt_16/duyDUT/logs_dtvt_16/logs0/Job2.log"}
[2026-03-29 15:19:20.524 +0700] [PROCESS] [cadence.virtuoso.ade.gui] - Simulation Monitor process '18009' is starting up on host 'dtvt16' {"logfile": "/home/dtvt_16/duyDUT/logs_dtvt_16/logs0/Job2.log"}
[2026-03-29 15:19:43.592 +0700] [PROCESS] [cadence.virtuoso.ade.gui] - ln: failed to create symbolic link '/home/dtvt_16/simulation/bandgapcore/bgr/maestro/results/maestro/ExplorerRun.0/1/bandgapcore_bgr_1/netlist/exprOutputs.log': File exists
 {"logfile": "/home/dtvt_16/duyDUT/logs_dtvt_16/logs0/Job2.log"}
[2026-03-29 15:19:43.598 +0700] [PROCESS] [cadence.virtuoso.ade.gui] - ln: failed to create symbolic link '/home/dtvt_16/simulation/bandgapcore/bgr/maestro/results/maestro/ExplorerRun.0/1/bandgapcore_bgr_1/netlist/amps_evaluator.log': File exists
 {"logfile": "/home/dtvt_16/duyDUT/logs_dtvt_16/logs0/Job2.log"}
[2026-03-29 15:19:44.880 +0700] [INFO] [cadence.virtuoso.ade.gui] - Point completed {"history": "ExplorerRun.0", "point": 1, "testname": "bandgapcore_bgr_1"}
[2026-03-29 15:19:44.888 +0700] [EVENT] [cadence.virtuoso.ade.gui] - HistoryFinished {"history": "ExplorerRun.0", "point": 1, "testname": "bandgapcore_bgr_1", "event": "HistoryFinished", "EventSource": "ADE GUI", "HistoryName": "ExplorerRun.0"}
[2026-03-29 15:27:15.857 +0700] [EVENT] [cadence.virtuoso.ade.gui] - NewHistoryCreated {"history": "ExplorerRun.0", "point": 1, "testname": "bandgapcore_bgr_1", "event": "NewHistoryCreated", "EventSource": "ADE GUI", "HistoryName": "ExplorerRun.0", "WorkDir": "/home/dtvt_16/duyDUT", "HistorySimDir": "/home/dtvt_16/simulation/bandgapcore/bgr/maestro/results/maestro/ExplorerRun.0", "HistoryResultsDir": "/home/dtvt_16/duyDUT/mydesign/bandgapcore/bgr/maestro/results/maestro"}
[2026-03-29 15:27:15.859 +0700] [PROCESS] [cadence.virtuoso.ade.gui] - History Setup {"hostname": "dtvt16", "processid": 13411, "history": "ExplorerRun.0", "testname": "bandgapcore_bgr_1", "point": 1, "logfile": "/home/dtvt_16/duyDUT/logs_dtvt_16/logs0/virtuoso_ade_debug.log", "jobmode": "LSCS", "runmode": "Single Run, Sweeps and Corners", "lib": "bandgapcore", "cell": "bgr", "view": "maestro", "icversion": "sub-version  IC6.1.8-64b.500.28 ", "runstart": "Sun Mar 29 15:27:15 2026\n", "timezonelocal": "+000", "spectreversion": "unknown", "jobpolicyname": "", "maxjobs": "unknown", "ncjobpolicyname": "", "ncmaxjobs": "unknown", "numtests": "1", "runfinished": "unknown", "runelapsed": "-1", "numcorners": "1"}
[2026-03-29 15:27:16.367 +0700] [INFO] [cadence.virtuoso.ade.gui] - Simulation will use spectre batch mode because the GCC version used by Spectre and Virtuoso are not compatible. {"history": "ExplorerRun.0", "point": 1, "testname": "bandgapcore_bgr_1", "detailed_message": "", "message_id": "EXPLORER-5024"}
[2026-03-29 15:27:16.387 +0700] [EVENT] [cadence.virtuoso.ade.pointevaluator] - NewPoint {"history": "ExplorerRun.0", "point": 1, "testname": "bandgapcore_bgr_1", "event": "NewPoint", "EventSource": "ADE GUI", "HistoryName": "ExplorerRun.0", "logFile": "/home/dtvt_16/duyDUT/logs_dtvt_16/logs0/virtuoso_ade_debug.log", "logFileSize": "6543"}
[2026-03-29 15:27:16.388 +0700] [INFO] [cadence.virtuoso.ade.pointevaluator] - Started netlisting {"history": "ExplorerRun.0", "point": 1, "testname": "bandgapcore_bgr_1"}
[2026-03-29 15:27:16.853 +0700] [INFO] [cadence.virtuoso.ade.pointevaluator] - Finished netlisting {"history": "ExplorerRun.0", "point": 1, "testname": "bandgapcore_bgr_1"}
[2026-03-29 15:27:16.853 +0700] [INFO] [cadence.virtuoso.ade.pointevaluator] - Submitted {"history": "ExplorerRun.0", "point": 1, "testname": "bandgapcore_bgr_1"}
[2026-03-29 15:27:21.381 +0700] [PROCESS] [cadence.virtuoso.ade.gui] - /home/dtvt_16/duyDUT/.tmp_dtvt_16/.cmddir0/swiftJob3 is starting {"logfile": "/home/dtvt_16/duyDUT/logs_dtvt_16/logs0/Job3.log"}
[2026-03-29 15:27:21.484 +0700] [PROCESS] [cadence.virtuoso.ade.gui] - Simulation Monitor process '20229' is starting up on host 'dtvt16' {"logfile": "/home/dtvt_16/duyDUT/logs_dtvt_16/logs0/Job3.log"}
[2026-03-29 15:27:44.485 +0700] [PROCESS] [cadence.virtuoso.ade.gui] - ln: failed to create symbolic link '/home/dtvt_16/simulation/bandgapcore/bgr/maestro/results/maestro/ExplorerRun.0/1/bandgapcore_bgr_1/netlist/exprOutputs.log': File exists
 {"logfile": "/home/dtvt_16/duyDUT/logs_dtvt_16/logs0/Job3.log"}
[2026-03-29 15:27:44.490 +0700] [PROCESS] [cadence.virtuoso.ade.gui] - ln: failed to create symbolic link '/home/dtvt_16/simulation/bandgapcore/bgr/maestro/results/maestro/ExplorerRun.0/1/bandgapcore_bgr_1/netlist/amps_evaluator.log': File exists
 {"logfile": "/home/dtvt_16/duyDUT/logs_dtvt_16/logs0/Job3.log"}
[2026-03-29 15:27:45.879 +0700] [INFO] [cadence.virtuoso.ade.gui] - Point completed {"history": "ExplorerRun.0", "point": 1, "testname": "bandgapcore_bgr_1"}
[2026-03-29 15:27:45.899 +0700] [EVENT] [cadence.virtuoso.ade.gui] - HistoryFinished {"history": "ExplorerRun.0", "point": 1, "testname": "bandgapcore_bgr_1", "event": "HistoryFinished", "EventSource": "ADE GUI", "HistoryName": "ExplorerRun.0"}
[2026-03-29 15:38:01.288 +0700] [EVENT] [cadence.virtuoso.ade.gui] - NewHistoryCreated {"history": "ExplorerRun.0", "point": 1, "testname": "bandgapcore_bgr_1", "event": "NewHistoryCreated", "EventSource": "ADE GUI", "HistoryName": "ExplorerRun.0", "WorkDir": "/home/dtvt_16/duyDUT", "HistorySimDir": "/home/dtvt_16/simulation/bandgapcore/bgr/maestro/results/maestro/ExplorerRun.0", "HistoryResultsDir": "/home/dtvt_16/duyDUT/mydesign/bandgapcore/bgr/maestro/results/maestro"}
[2026-03-29 15:38:01.291 +0700] [PROCESS] [cadence.virtuoso.ade.gui] - History Setup {"hostname": "dtvt16", "processid": 13411, "history": "ExplorerRun.0", "testname": "bandgapcore_bgr_1", "point": 1, "logfile": "/home/dtvt_16/duyDUT/logs_dtvt_16/logs0/virtuoso_ade_debug.log", "jobmode": "LSCS", "runmode": "Single Run, Sweeps and Corners", "lib": "bandgapcore", "cell": "bgr", "view": "maestro", "icversion": "sub-version  IC6.1.8-64b.500.28 ", "runstart": "Sun Mar 29 15:38:01 2026\n", "timezonelocal": "+000", "spectreversion": "unknown", "jobpolicyname": "", "maxjobs": "unknown", "ncjobpolicyname": "", "ncmaxjobs": "unknown", "numtests": "1", "runfinished": "unknown", "runelapsed": "-1", "numcorners": "1"}
[2026-03-29 15:38:01.942 +0700] [INFO] [cadence.virtuoso.ade.gui] - Simulation will use spectre batch mode because the GCC version used by Spectre and Virtuoso are not compatible. {"history": "ExplorerRun.0", "point": 1, "testname": "bandgapcore_bgr_1", "detailed_message": "", "message_id": "EXPLORER-5024"}
[2026-03-29 15:38:01.969 +0700] [EVENT] [cadence.virtuoso.ade.pointevaluator] - NewPoint {"history": "ExplorerRun.0", "point": 1, "testname": "bandgapcore_bgr_1", "event": "NewPoint", "EventSource": "ADE GUI", "HistoryName": "ExplorerRun.0", "logFile": "/home/dtvt_16/duyDUT/logs_dtvt_16/logs0/virtuoso_ade_debug.log", "logFileSize": "10320"}
[2026-03-29 15:38:01.969 +0700] [INFO] [cadence.virtuoso.ade.pointevaluator] - Started netlisting {"history": "ExplorerRun.0", "point": 1, "testname": "bandgapcore_bgr_1"}
[2026-03-29 15:38:02.340 +0700] [INFO] [cadence.virtuoso.ade.pointevaluator] - Finished netlisting {"history": "ExplorerRun.0", "point": 1, "testname": "bandgapcore_bgr_1"}
[2026-03-29 15:38:02.340 +0700] [INFO] [cadence.virtuoso.ade.pointevaluator] - Submitted {"history": "ExplorerRun.0", "point": 1, "testname": "bandgapcore_bgr_1"}
[2026-03-29 15:38:06.381 +0700] [PROCESS] [cadence.virtuoso.ade.gui] - /home/dtvt_16/duyDUT/.tmp_dtvt_16/.cmddir0/swiftJob4 is starting {"logfile": "/home/dtvt_16/duyDUT/logs_dtvt_16/logs0/Job4.log"}
[2026-03-29 15:38:06.483 +0700] [PROCESS] [cadence.virtuoso.ade.gui] - Simulation Monitor process '22658' is starting up on host 'dtvt16' {"logfile": "/home/dtvt_16/duyDUT/logs_dtvt_16/logs0/Job4.log"}
[2026-03-29 15:38:28.891 +0700] [PROCESS] [cadence.virtuoso.ade.gui] - ln: failed to create symbolic link '/home/dtvt_16/simulation/bandgapcore/bgr/maestro/results/maestro/ExplorerRun.0/1/bandgapcore_bgr_1/netlist/exprOutputs.log': File exists
 {"logfile": "/home/dtvt_16/duyDUT/logs_dtvt_16/logs0/Job4.log"}
[2026-03-29 15:38:28.896 +0700] [PROCESS] [cadence.virtuoso.ade.gui] - ln: failed to create symbolic link '/home/dtvt_16/simulation/bandgapcore/bgr/maestro/results/maestro/ExplorerRun.0/1/bandgapcore_bgr_1/netlist/amps_evaluator.log': File exists
 {"logfile": "/home/dtvt_16/duyDUT/logs_dtvt_16/logs0/Job4.log"}
[2026-03-29 15:38:29.881 +0700] [INFO] [cadence.virtuoso.ade.gui] - Point completed {"history": "ExplorerRun.0", "point": 1, "testname": "bandgapcore_bgr_1"}
[2026-03-29 15:38:29.899 +0700] [EVENT] [cadence.virtuoso.ade.gui] - HistoryFinished {"history": "ExplorerRun.0", "point": 1, "testname": "bandgapcore_bgr_1", "event": "HistoryFinished", "EventSource": "ADE GUI", "HistoryName": "ExplorerRun.0"}
[2026-03-29 15:42:03.868 +0700] [EVENT] [cadence.virtuoso.ade.gui] - NewHistoryCreated {"history": "ExplorerRun.0", "point": 1, "testname": "bandgapcore_bgr_1", "event": "NewHistoryCreated", "EventSource": "ADE GUI", "HistoryName": "ExplorerRun.0", "WorkDir": "/home/dtvt_16/duyDUT", "HistorySimDir": "/home/dtvt_16/simulation/bandgapcore/bgr/maestro/results/maestro/ExplorerRun.0", "HistoryResultsDir": "/home/dtvt_16/duyDUT/mydesign/bandgapcore/bgr/maestro/results/maestro"}
[2026-03-29 15:42:03.872 +0700] [PROCESS] [cadence.virtuoso.ade.gui] - History Setup {"hostname": "dtvt16", "processid": 13411, "history": "ExplorerRun.0", "testname": "bandgapcore_bgr_1", "point": 1, "logfile": "/home/dtvt_16/duyDUT/logs_dtvt_16/logs0/virtuoso_ade_debug.log", "jobmode": "LSCS", "runmode": "Single Run, Sweeps and Corners", "lib": "bandgapcore", "cell": "bgr", "view": "maestro", "icversion": "sub-version  IC6.1.8-64b.500.28 ", "runstart": "Sun Mar 29 15:42:03 2026\n", "timezonelocal": "+000", "spectreversion": "unknown", "jobpolicyname": "", "maxjobs": "unknown", "ncjobpolicyname": "", "ncmaxjobs": "unknown", "numtests": "1", "runfinished": "unknown", "runelapsed": "-1", "numcorners": "1"}
[2026-03-29 15:42:04.639 +0700] [INFO] [cadence.virtuoso.ade.gui] - Simulation will use spectre batch mode because the GCC version used by Spectre and Virtuoso are not compatible. {"history": "ExplorerRun.0", "point": 1, "testname": "bandgapcore_bgr_1", "detailed_message": "", "message_id": "EXPLORER-5024"}
[2026-03-29 15:42:04.662 +0700] [EVENT] [cadence.virtuoso.ade.pointevaluator] - NewPoint {"history": "ExplorerRun.0", "point": 1, "testname": "bandgapcore_bgr_1", "event": "NewPoint", "EventSource": "ADE GUI", "HistoryName": "ExplorerRun.0", "logFile": "/home/dtvt_16/duyDUT/logs_dtvt_16/logs0/virtuoso_ade_debug.log", "logFileSize": "14098"}
[2026-03-29 15:42:04.662 +0700] [INFO] [cadence.virtuoso.ade.pointevaluator] - Started netlisting {"history": "ExplorerRun.0", "point": 1, "testname": "bandgapcore_bgr_1"}
[2026-03-29 15:42:05.133 +0700] [INFO] [cadence.virtuoso.ade.pointevaluator] - Finished netlisting {"history": "ExplorerRun.0", "point": 1, "testname": "bandgapcore_bgr_1"}
[2026-03-29 15:42:05.134 +0700] [INFO] [cadence.virtuoso.ade.pointevaluator] - Submitted {"history": "ExplorerRun.0", "point": 1, "testname": "bandgapcore_bgr_1"}
[2026-03-29 15:42:27.590 +0700] [PROCESS] [cadence.virtuoso.ade.gui] - ln: failed to create symbolic link '/home/dtvt_16/simulation/bandgapcore/bgr/maestro/results/maestro/ExplorerRun.0/1/bandgapcore_bgr_1/netlist/exprOutputs.log': File exists
 {"logfile": "/home/dtvt_16/duyDUT/logs_dtvt_16/logs0/Job4.log"}
[2026-03-29 15:42:27.596 +0700] [PROCESS] [cadence.virtuoso.ade.gui] - ln: failed to create symbolic link '/home/dtvt_16/simulation/bandgapcore/bgr/maestro/results/maestro/ExplorerRun.0/1/bandgapcore_bgr_1/netlist/amps_evaluator.log': File exists
 {"logfile": "/home/dtvt_16/duyDUT/logs_dtvt_16/logs0/Job4.log"}
[2026-03-29 15:42:28.880 +0700] [INFO] [cadence.virtuoso.ade.gui] - Point completed {"history": "ExplorerRun.0", "point": 1, "testname": "bandgapcore_bgr_1"}
[2026-03-29 15:42:28.897 +0700] [EVENT] [cadence.virtuoso.ade.gui] - HistoryFinished {"history": "ExplorerRun.0", "point": 1, "testname": "bandgapcore_bgr_1", "event": "HistoryFinished", "EventSource": "ADE GUI", "HistoryName": "ExplorerRun.0"}
[2026-03-29 15:46:44.989 +0700] [EVENT] [cadence.virtuoso.ade.gui] - NewHistoryCreated {"history": "ExplorerRun.0", "point": 1, "testname": "bandgapcore_bgr_1", "event": "NewHistoryCreated", "EventSource": "ADE GUI", "HistoryName": "ExplorerRun.0", "WorkDir": "/home/dtvt_16/duyDUT", "HistorySimDir": "/home/dtvt_16/simulation/bandgapcore/bgr/maestro/results/maestro/ExplorerRun.0", "HistoryResultsDir": "/home/dtvt_16/duyDUT/mydesign/bandgapcore/bgr/maestro/results/maestro"}
[2026-03-29 15:46:44.992 +0700] [PROCESS] [cadence.virtuoso.ade.gui] - History Setup {"hostname": "dtvt16", "processid": 13411, "history": "ExplorerRun.0", "testname": "bandgapcore_bgr_1", "point": 1, "logfile": "/home/dtvt_16/duyDUT/logs_dtvt_16/logs0/virtuoso_ade_debug.log", "jobmode": "LSCS", "runmode": "Single Run, Sweeps and Corners", "lib": "bandgapcore", "cell": "bgr", "view": "maestro", "icversion": "sub-version  IC6.1.8-64b.500.28 ", "runstart": "Sun Mar 29 15:46:44 2026\n", "timezonelocal": "+000", "spectreversion": "unknown", "jobpolicyname": "", "maxjobs": "unknown", "ncjobpolicyname": "", "ncmaxjobs": "unknown", "numtests": "1", "runfinished": "unknown", "runelapsed": "-1", "numcorners": "1"}
[2026-03-29 15:46:45.770 +0700] [INFO] [cadence.virtuoso.ade.gui] - Simulation will use spectre batch mode because the GCC version used by Spectre and Virtuoso are not compatible. {"history": "ExplorerRun.0", "point": 1, "testname": "bandgapcore_bgr_1", "detailed_message": "", "message_id": "EXPLORER-5024"}
[2026-03-29 15:46:45.794 +0700] [EVENT] [cadence.virtuoso.ade.pointevaluator] - NewPoint {"history": "ExplorerRun.0", "point": 1, "testname": "bandgapcore_bgr_1", "event": "NewPoint", "EventSource": "ADE GUI", "HistoryName": "ExplorerRun.0", "logFile": "/home/dtvt_16/duyDUT/logs_dtvt_16/logs0/virtuoso_ade_debug.log", "logFileSize": "17474"}
[2026-03-29 15:46:45.794 +0700] [INFO] [cadence.virtuoso.ade.pointevaluator] - Started netlisting {"history": "ExplorerRun.0", "point": 1, "testname": "bandgapcore_bgr_1"}
[2026-03-29 15:46:46.149 +0700] [INFO] [cadence.virtuoso.ade.pointevaluator] - Finished netlisting {"history": "ExplorerRun.0", "point": 1, "testname": "bandgapcore_bgr_1"}
[2026-03-29 15:46:46.149 +0700] [INFO] [cadence.virtuoso.ade.pointevaluator] - Submitted {"history": "ExplorerRun.0", "point": 1, "testname": "bandgapcore_bgr_1"}
[2026-03-29 15:47:08.580 +0700] [PROCESS] [cadence.virtuoso.ade.gui] - ln: failed to create symbolic link '/home/dtvt_16/simulation/bandgapcore/bgr/maestro/results/maestro/ExplorerRun.0/1/bandgapcore_bgr_1/netlist/exprOutputs.log': File exists
 {"logfile": "/home/dtvt_16/duyDUT/logs_dtvt_16/logs0/Job4.log"}
[2026-03-29 15:47:08.586 +0700] [PROCESS] [cadence.virtuoso.ade.gui] - ln: failed to create symbolic link '/home/dtvt_16/simulation/bandgapcore/bgr/maestro/results/maestro/ExplorerRun.0/1/bandgapcore_bgr_1/netlist/amps_evaluator.log': File exists
 {"logfile": "/home/dtvt_16/duyDUT/logs_dtvt_16/logs0/Job4.log"}
[2026-03-29 15:47:09.880 +0700] [INFO] [cadence.virtuoso.ade.gui] - Point completed {"history": "ExplorerRun.0", "point": 1, "testname": "bandgapcore_bgr_1"}
[2026-03-29 15:47:09.899 +0700] [EVENT] [cadence.virtuoso.ade.gui] - HistoryFinished {"history": "ExplorerRun.0", "point": 1, "testname": "bandgapcore_bgr_1", "event": "HistoryFinished", "EventSource": "ADE GUI", "HistoryName": "ExplorerRun.0"}
[2026-03-29 15:48:39.926 +0700] [EVENT] [cadence.virtuoso.ade.gui] - NewHistoryCreated {"history": "ExplorerRun.0", "point": 1, "testname": "bandgapcore_bgr_1", "event": "NewHistoryCreated", "EventSource": "ADE GUI", "HistoryName": "ExplorerRun.0", "WorkDir": "/home/dtvt_16/duyDUT", "HistorySimDir": "/home/dtvt_16/simulation/bandgapcore/bgr/maestro/results/maestro/ExplorerRun.0", "HistoryResultsDir": "/home/dtvt_16/duyDUT/mydesign/bandgapcore/bgr/maestro/results/maestro"}
[2026-03-29 15:48:39.929 +0700] [PROCESS] [cadence.virtuoso.ade.gui] - History Setup {"hostname": "dtvt16", "processid": 13411, "history": "ExplorerRun.0", "testname": "bandgapcore_bgr_1", "point": 1, "logfile": "/home/dtvt_16/duyDUT/logs_dtvt_16/logs0/virtuoso_ade_debug.log", "jobmode": "LSCS", "runmode": "Single Run, Sweeps and Corners", "lib": "bandgapcore", "cell": "bgr", "view": "maestro", "icversion": "sub-version  IC6.1.8-64b.500.28 ", "runstart": "Sun Mar 29 15:48:39 2026\n", "timezonelocal": "+000", "spectreversion": "unknown", "jobpolicyname": "", "maxjobs": "unknown", "ncjobpolicyname": "", "ncmaxjobs": "unknown", "numtests": "1", "runfinished": "unknown", "runelapsed": "-1", "numcorners": "1"}
[2026-03-29 15:48:40.687 +0700] [INFO] [cadence.virtuoso.ade.gui] - Simulation will use spectre batch mode because the GCC version used by Spectre and Virtuoso are not compatible. {"history": "ExplorerRun.0", "point": 1, "testname": "bandgapcore_bgr_1", "detailed_message": "", "message_id": "EXPLORER-5024"}
[2026-03-29 15:48:40.707 +0700] [EVENT] [cadence.virtuoso.ade.pointevaluator] - NewPoint {"history": "ExplorerRun.0", "point": 1, "testname": "bandgapcore_bgr_1", "event": "NewPoint", "EventSource": "ADE GUI", "HistoryName": "ExplorerRun.0", "logFile": "/home/dtvt_16/duyDUT/logs_dtvt_16/logs0/virtuoso_ade_debug.log", "logFileSize": "20850"}
[2026-03-29 15:48:40.708 +0700] [INFO] [cadence.virtuoso.ade.pointevaluator] - Started netlisting {"history": "ExplorerRun.0", "point": 1, "testname": "bandgapcore_bgr_1"}
[2026-03-29 15:48:41.053 +0700] [INFO] [cadence.virtuoso.ade.pointevaluator] - Finished netlisting {"history": "ExplorerRun.0", "point": 1, "testname": "bandgapcore_bgr_1"}
[2026-03-29 15:48:41.054 +0700] [INFO] [cadence.virtuoso.ade.pointevaluator] - Submitted {"history": "ExplorerRun.0", "point": 1, "testname": "bandgapcore_bgr_1"}
[2026-03-29 15:49:03.512 +0700] [PROCESS] [cadence.virtuoso.ade.gui] - ln: failed to create symbolic link '/home/dtvt_16/simulation/bandgapcore/bgr/maestro/results/maestro/ExplorerRun.0/1/bandgapcore_bgr_1/netlist/exprOutputs.log': File exists
 {"logfile": "/home/dtvt_16/duyDUT/logs_dtvt_16/logs0/Job4.log"}
[2026-03-29 15:49:03.517 +0700] [PROCESS] [cadence.virtuoso.ade.gui] - ln: failed to create symbolic link '/home/dtvt_16/simulation/bandgapcore/bgr/maestro/results/maestro/ExplorerRun.0/1/bandgapcore_bgr_1/netlist/amps_evaluator.log': File exists
 {"logfile": "/home/dtvt_16/duyDUT/logs_dtvt_16/logs0/Job4.log"}
[2026-03-29 15:49:03.883 +0700] [INFO] [cadence.virtuoso.ade.gui] - Point completed {"history": "ExplorerRun.0", "point": 1, "testname": "bandgapcore_bgr_1"}
[2026-03-29 15:49:03.893 +0700] [EVENT] [cadence.virtuoso.ade.gui] - HistoryFinished {"history": "ExplorerRun.0", "point": 1, "testname": "bandgapcore_bgr_1", "event": "HistoryFinished", "EventSource": "ADE GUI", "HistoryName": "ExplorerRun.0"}
[2026-03-29 15:52:19.136 +0700] [PROCESS] [cadence.virtuoso.ade.gui] - Logging Service '15075' stopped with exit code '0' {"logfile": "/home/dtvt_16/duyDUT/logs_dtvt_16/logs0/LoggingService0.log"}
[2026-03-29 15:52:39.656 +0700] [PROCESS] [cadence.virtuoso.ade.gui] - /home/dtvt_16/duyDUT/.tmp_dtvt_16/.cmddir0/swiftLoggingService5 is starting {"logfile": "/home/dtvt_16/duyDUT/logs_dtvt_16/logs0/LoggingService5.log"}
[2026-03-29 15:52:39.773 +0700] [PROCESS] [cadence.virtuoso.ade.gui] - /home/dtvt_16/duyDUT/.tmp_dtvt_16/.cmddir0/swiftNetlistService6 is starting {"logfile": "/home/dtvt_16/duyDUT/logs_dtvt_16/logs0/Service6.log"}
[2026-03-29 15:52:39.774 +0700] [PROCESS] [cadence.virtuoso.ade.gui] - Logging Service '27673' is starting up on host 'dtvt16' {"logfile": "/home/dtvt_16/duyDUT/logs_dtvt_16/logs0/LoggingService5.log"}
[2026-03-29 15:52:40.915 +0700] [PROCESS] [cadence.virtuoso.ade.gui] - Netlist Service '27702' is starting up on host 'dtvt16' {"logfile": "/home/dtvt_16/duyDUT/logs_dtvt_16/logs0/Service6.log"}
[2026-03-29 15:54:42.987 +0700] [PROCESS] [cadence.virtuoso.ade.gui] - Logging Service '27673' stopped with exit code '0' {"logfile": "/home/dtvt_16/duyDUT/logs_dtvt_16/logs0/LoggingService5.log"}
[2026-03-29 15:55:02.912 +0700] [PROCESS] [cadence.virtuoso.ade.gui] - /home/dtvt_16/duyDUT/.tmp_dtvt_16/.cmddir0/swiftLoggingService7 is starting {"logfile": "/home/dtvt_16/duyDUT/logs_dtvt_16/logs0/LoggingService7.log"}
[2026-03-29 15:55:03.022 +0700] [PROCESS] [cadence.virtuoso.ade.gui] - /home/dtvt_16/duyDUT/.tmp_dtvt_16/.cmddir0/swiftNetlistService8 is starting {"logfile": "/home/dtvt_16/duyDUT/logs_dtvt_16/logs0/Service8.log"}
[2026-03-29 15:55:03.023 +0700] [PROCESS] [cadence.virtuoso.ade.gui] - Logging Service '28743' is starting up on host 'dtvt16' {"logfile": "/home/dtvt_16/duyDUT/logs_dtvt_16/logs0/LoggingService7.log"}
[2026-03-29 15:55:04.065 +0700] [PROCESS] [cadence.virtuoso.ade.gui] - Netlist Service '28774' is starting up on host 'dtvt16' {"logfile": "/home/dtvt_16/duyDUT/logs_dtvt_16/logs0/Service8.log"}
[2026-03-29 15:58:50.463 +0700] [EVENT] [cadence.virtuoso.ade.gui] - NewHistoryCreated {"history": "ExplorerRun.0", "event": "NewHistoryCreated", "EventSource": "ADE GUI", "HistoryName": "ExplorerRun.0", "WorkDir": "/home/dtvt_16/duyDUT", "HistorySimDir": "/home/dtvt_16/simulation/bandgapcore/bgr/maestro/results/maestro/ExplorerRun.0", "HistoryResultsDir": "/home/dtvt_16/duyDUT/mydesign/bandgapcore/bgr/maestro/results/maestro"}
[2026-03-29 15:58:50.465 +0700] [PROCESS] [cadence.virtuoso.ade.gui] - History Setup {"hostname": "dtvt16", "processid": 13411, "history": "ExplorerRun.0", "logfile": "/home/dtvt_16/duyDUT/logs_dtvt_16/logs0/virtuoso_ade_debug.log", "jobmode": "LSCS", "runmode": "Single Run, Sweeps and Corners", "lib": "bandgapcore", "cell": "bgr", "view": "maestro", "icversion": "sub-version  IC6.1.8-64b.500.28 ", "runstart": "Sun Mar 29 15:58:50 2026\n", "timezonelocal": "+000", "spectreversion": "unknown", "jobpolicyname": "", "maxjobs": "unknown", "ncjobpolicyname": "", "ncmaxjobs": "unknown", "numtests": "1", "runfinished": "unknown", "runelapsed": "-1", "numcorners": "1"}
[2026-03-29 15:58:50.986 +0700] [INFO] [cadence.virtuoso.ade.gui] - Simulation will use spectre batch mode because the GCC version used by Spectre and Virtuoso are not compatible. {"history": "ExplorerRun.0", "testname": "bandgapcore_bgr_1", "detailed_message": "", "message_id": "EXPLORER-5024"}
[2026-03-29 15:58:51.011 +0700] [EVENT] [cadence.virtuoso.ade.pointevaluator] - NewPoint {"history": "ExplorerRun.0", "point": 1, "testname": "bandgapcore_bgr_1", "event": "NewPoint", "EventSource": "ADE GUI", "HistoryName": "ExplorerRun.0", "logFile": "/home/dtvt_16/duyDUT/logs_dtvt_16/logs0/virtuoso_ade_debug.log", "logFileSize": "26186"}
[2026-03-29 15:58:51.011 +0700] [INFO] [cadence.virtuoso.ade.pointevaluator] - Started netlisting {"history": "ExplorerRun.0", "point": 1, "testname": "bandgapcore_bgr_1"}
[2026-03-29 15:58:51.402 +0700] [INFO] [cadence.virtuoso.ade.pointevaluator] - Finished netlisting {"history": "ExplorerRun.0", "point": 1, "testname": "bandgapcore_bgr_1"}
[2026-03-29 15:58:51.402 +0700] [INFO] [cadence.virtuoso.ade.pointevaluator] - Submitted {"history": "ExplorerRun.0", "point": 1, "testname": "bandgapcore_bgr_1"}
[2026-03-29 15:58:55.543 +0700] [PROCESS] [cadence.virtuoso.ade.gui] - /home/dtvt_16/duyDUT/.tmp_dtvt_16/.cmddir0/swiftJob9 is starting {"logfile": "/home/dtvt_16/duyDUT/logs_dtvt_16/logs0/Job9.log"}
[2026-03-29 15:58:55.645 +0700] [PROCESS] [cadence.virtuoso.ade.gui] - Simulation Monitor process '30361' is starting up on host 'dtvt16' {"logfile": "/home/dtvt_16/duyDUT/logs_dtvt_16/logs0/Job9.log"}
[2026-03-29 15:59:18.121 +0700] [PROCESS] [cadence.virtuoso.ade.gui] - ln: failed to create symbolic link '/home/dtvt_16/simulation/bandgapcore/bgr/maestro/results/maestro/ExplorerRun.0/1/bandgapcore_bgr_1/netlist/exprOutputs.log': File exists
 {"logfile": "/home/dtvt_16/duyDUT/logs_dtvt_16/logs0/Job9.log"}
[2026-03-29 15:59:18.122 +0700] [PROCESS] [cadence.virtuoso.ade.gui] - ln: failed to create symbolic link '/home/dtvt_16/simulation/bandgapcore/bgr/maestro/results/maestro/ExplorerRun.0/1/bandgapcore_bgr_1/netlist/amps_evaluator.log': File exists
 {"logfile": "/home/dtvt_16/duyDUT/logs_dtvt_16/logs0/Job9.log"}
[2026-03-29 15:59:18.881 +0700] [INFO] [cadence.virtuoso.ade.gui] - Point completed {"history": "ExplorerRun.0", "point": 1, "testname": "bandgapcore_bgr_1"}
[2026-03-29 15:59:18.888 +0700] [EVENT] [cadence.virtuoso.ade.gui] - HistoryFinished {"history": "ExplorerRun.0", "point": 1, "testname": "bandgapcore_bgr_1", "event": "HistoryFinished", "EventSource": "ADE GUI", "HistoryName": "ExplorerRun.0"}
[2026-03-29 15:59:58.746 +0700] [PROCESS] [cadence.virtuoso.ade.gui] - Logging Service '28743' stopped with exit code '0' {"logfile": "/home/dtvt_16/duyDUT/logs_dtvt_16/logs0/LoggingService7.log"}
[2026-03-29 15:59:58.747 +0700] [PROCESS] [cadence.virtuoso.ade.gui] - Netlist Service '28774' stopped with exit code '0' {"logfile": "/home/dtvt_16/duyDUT/logs_dtvt_16/logs0/Service8.log"}
[2026-03-30 13:00:25.873 +0700] [PROCESS] [cadence.virtuoso.ade.gui] - /home/dtvt_16/duyDUT/.tmp_dtvt_16/.cmddir0/swiftLoggingService10 is starting {"logfile": "/home/dtvt_16/duyDUT/logs_dtvt_16/logs0/LoggingService10.log"}
[2026-03-30 13:00:25.980 +0700] [PROCESS] [cadence.virtuoso.ade.gui] - /home/dtvt_16/duyDUT/.tmp_dtvt_16/.cmddir0/swiftNetlistService11 is starting {"logfile": "/home/dtvt_16/duyDUT/logs_dtvt_16/logs0/Service11.log"}
[2026-03-30 13:00:25.981 +0700] [PROCESS] [cadence.virtuoso.ade.gui] - Logging Service '25344' is starting up on host 'dtvt16' {"logfile": "/home/dtvt_16/duyDUT/logs_dtvt_16/logs0/LoggingService10.log"}
[2026-03-30 13:00:26.978 +0700] [PROCESS] [cadence.virtuoso.ade.gui] - Netlist Service '25380' is starting up on host 'dtvt16' {"logfile": "/home/dtvt_16/duyDUT/logs_dtvt_16/logs0/Service11.log"}
[2026-03-30 13:01:01.559 +0700] [EVENT] [cadence.virtuoso.ade.gui] - NewHistoryCreated {"history": "ExplorerRun.0", "event": "NewHistoryCreated", "EventSource": "ADE GUI", "HistoryName": "ExplorerRun.0", "WorkDir": "/home/dtvt_16/duyDUT", "HistorySimDir": "/home/dtvt_16/simulation/bandgapcore/bgr/maestro/results/maestro/ExplorerRun.0", "HistoryResultsDir": "/home/dtvt_16/duyDUT/mydesign/bandgapcore/bgr/maestro/results/maestro"}
[2026-03-30 13:01:01.560 +0700] [PROCESS] [cadence.virtuoso.ade.gui] - History Setup {"hostname": "dtvt16", "processid": 13411, "history": "ExplorerRun.0", "logfile": "/home/dtvt_16/duyDUT/logs_dtvt_16/logs0/virtuoso_ade_debug.log", "jobmode": "LSCS", "runmode": "Single Run, Sweeps and Corners", "lib": "bandgapcore", "cell": "bgr", "view": "maestro", "icversion": "sub-version  IC6.1.8-64b.500.28 ", "runstart": "Mon Mar 30 13:01:01 2026\n", "timezonelocal": "+000", "spectreversion": "unknown", "jobpolicyname": "", "maxjobs": "unknown", "ncjobpolicyname": "", "ncmaxjobs": "unknown", "numtests": "1", "runfinished": "unknown", "runelapsed": "-1", "numcorners": "1"}
[2026-03-30 13:01:02.238 +0700] [INFO] [cadence.virtuoso.ade.gui] - Simulation will use spectre batch mode because the GCC version used by Spectre and Virtuoso are not compatible. {"history": "ExplorerRun.0", "testname": "bandgapcore_bgr_1", "detailed_message": "", "message_id": "EXPLORER-5024"}
[2026-03-30 13:01:02.266 +0700] [EVENT] [cadence.virtuoso.ade.pointevaluator] - NewPoint {"history": "ExplorerRun.0", "point": 1, "testname": "bandgapcore_bgr_1", "event": "NewPoint", "EventSource": "ADE GUI", "HistoryName": "ExplorerRun.0", "logFile": "/home/dtvt_16/duyDUT/logs_dtvt_16/logs0/virtuoso_ade_debug.log", "logFileSize": "31089"}
[2026-03-30 13:01:02.266 +0700] [INFO] [cadence.virtuoso.ade.pointevaluator] - Started netlisting {"history": "ExplorerRun.0", "point": 1, "testname": "bandgapcore_bgr_1"}
[2026-03-30 13:01:02.599 +0700] [INFO] [cadence.virtuoso.ade.pointevaluator] - Finished netlisting {"history": "ExplorerRun.0", "point": 1, "testname": "bandgapcore_bgr_1"}
[2026-03-30 13:01:02.599 +0700] [INFO] [cadence.virtuoso.ade.pointevaluator] - Submitted {"history": "ExplorerRun.0", "point": 1, "testname": "bandgapcore_bgr_1"}
[2026-03-30 13:01:07.192 +0700] [PROCESS] [cadence.virtuoso.ade.gui] - /home/dtvt_16/duyDUT/.tmp_dtvt_16/.cmddir0/swiftJob12 is starting {"logfile": "/home/dtvt_16/duyDUT/logs_dtvt_16/logs0/Job12.log"}
[2026-03-30 13:01:07.299 +0700] [PROCESS] [cadence.virtuoso.ade.gui] - Simulation Monitor process '26146' is starting up on host 'dtvt16' {"logfile": "/home/dtvt_16/duyDUT/logs_dtvt_16/logs0/Job12.log"}
[2026-03-30 13:01:29.755 +0700] [PROCESS] [cadence.virtuoso.ade.gui] - ln: failed to create symbolic link '/home/dtvt_16/simulation/bandgapcore/bgr/maestro/results/maestro/ExplorerRun.0/1/bandgapcore_bgr_1/netlist/exprOutputs.log': File exists
 {"logfile": "/home/dtvt_16/duyDUT/logs_dtvt_16/logs0/Job12.log"}
[2026-03-30 13:01:29.760 +0700] [PROCESS] [cadence.virtuoso.ade.gui] - ln: failed to create symbolic link '/home/dtvt_16/simulation/bandgapcore/bgr/maestro/results/maestro/ExplorerRun.0/1/bandgapcore_bgr_1/netlist/amps_evaluator.log': File exists
 {"logfile": "/home/dtvt_16/duyDUT/logs_dtvt_16/logs0/Job12.log"}
[2026-03-30 13:01:30.881 +0700] [INFO] [cadence.virtuoso.ade.gui] - Point completed {"history": "ExplorerRun.0", "point": 1, "testname": "bandgapcore_bgr_1"}
[2026-03-30 13:01:30.899 +0700] [EVENT] [cadence.virtuoso.ade.gui] - HistoryFinished {"history": "ExplorerRun.0", "point": 1, "testname": "bandgapcore_bgr_1", "event": "HistoryFinished", "EventSource": "ADE GUI", "HistoryName": "ExplorerRun.0"}
[2026-03-30 13:04:57.347 +0700] [EVENT] [cadence.virtuoso.ade.gui] - NewHistoryCreated {"history": "ExplorerRun.0", "point": 1, "testname": "bandgapcore_bgr_1", "event": "NewHistoryCreated", "EventSource": "ADE GUI", "HistoryName": "ExplorerRun.0", "WorkDir": "/home/dtvt_16/duyDUT", "HistorySimDir": "/home/dtvt_16/simulation/bandgapcore/bgr/maestro/results/maestro/ExplorerRun.0", "HistoryResultsDir": "/home/dtvt_16/duyDUT/mydesign/bandgapcore/bgr/maestro/results/maestro"}
[2026-03-30 13:04:57.348 +0700] [PROCESS] [cadence.virtuoso.ade.gui] - History Setup {"hostname": "dtvt16", "processid": 13411, "history": "ExplorerRun.0", "testname": "bandgapcore_bgr_1", "point": 1, "logfile": "/home/dtvt_16/duyDUT/logs_dtvt_16/logs0/virtuoso_ade_debug.log", "jobmode": "LSCS", "runmode": "Single Run, Sweeps and Corners", "lib": "bandgapcore", "cell": "bgr", "view": "maestro", "icversion": "sub-version  IC6.1.8-64b.500.28 ", "runstart": "Mon Mar 30 13:04:57 2026\n", "timezonelocal": "+000", "spectreversion": "unknown", "jobpolicyname": "", "maxjobs": "unknown", "ncjobpolicyname": "", "ncmaxjobs": "unknown", "numtests": "1", "runfinished": "unknown", "runelapsed": "-1", "numcorners": "1"}
[2026-03-30 13:04:57.861 +0700] [INFO] [cadence.virtuoso.ade.gui] - Simulation will use spectre batch mode because the GCC version used by Spectre and Virtuoso are not compatible. {"history": "ExplorerRun.0", "point": 1, "testname": "bandgapcore_bgr_1", "detailed_message": "", "message_id": "EXPLORER-5024"}
[2026-03-30 13:04:57.883 +0700] [EVENT] [cadence.virtuoso.ade.pointevaluator] - NewPoint {"history": "ExplorerRun.0", "point": 1, "testname": "bandgapcore_bgr_1", "event": "NewPoint", "EventSource": "ADE GUI", "HistoryName": "ExplorerRun.0", "logFile": "/home/dtvt_16/duyDUT/logs_dtvt_16/logs0/virtuoso_ade_debug.log", "logFileSize": "34872"}
[2026-03-30 13:04:57.883 +0700] [INFO] [cadence.virtuoso.ade.pointevaluator] - Started netlisting {"history": "ExplorerRun.0", "point": 1, "testname": "bandgapcore_bgr_1"}
[2026-03-30 13:04:58.153 +0700] [INFO] [cadence.virtuoso.ade.pointevaluator] - Finished netlisting {"history": "ExplorerRun.0", "point": 1, "testname": "bandgapcore_bgr_1"}
[2026-03-30 13:04:58.153 +0700] [INFO] [cadence.virtuoso.ade.pointevaluator] - Submitted {"history": "ExplorerRun.0", "point": 1, "testname": "bandgapcore_bgr_1"}
[2026-03-30 13:05:10.486 +0700] [PROCESS] [cadence.virtuoso.ade.gui] - ln: failed to create symbolic link '/home/dtvt_16/simulation/bandgapcore/bgr/maestro/results/maestro/ExplorerRun.0/1/bandgapcore_bgr_1/netlist/exprOutputs.log': File exists
 {"logfile": "/home/dtvt_16/duyDUT/logs_dtvt_16/logs0/Job12.log"}
[2026-03-30 13:05:10.492 +0700] [PROCESS] [cadence.virtuoso.ade.gui] - ln: failed to create symbolic link '/home/dtvt_16/simulation/bandgapcore/bgr/maestro/results/maestro/ExplorerRun.0/1/bandgapcore_bgr_1/netlist/amps_evaluator.log': File exists
 {"logfile": "/home/dtvt_16/duyDUT/logs_dtvt_16/logs0/Job12.log"}
[2026-03-30 13:05:11.879 +0700] [INFO] [cadence.virtuoso.ade.gui] - Point completed {"history": "ExplorerRun.0", "point": 1, "testname": "bandgapcore_bgr_1"}
[2026-03-30 13:05:11.897 +0700] [EVENT] [cadence.virtuoso.ade.gui] - HistoryFinished {"history": "ExplorerRun.0", "point": 1, "testname": "bandgapcore_bgr_1", "event": "HistoryFinished", "EventSource": "ADE GUI", "HistoryName": "ExplorerRun.0"}
[2026-03-30 13:05:37.610 +0700] [PROCESS] [cadence.virtuoso.ade.gui] - Netlist Service '25380' stopped with exit code '0' {"logfile": "/home/dtvt_16/duyDUT/logs_dtvt_16/logs0/Service11.log"}
[2026-03-30 13:20:19.582 +0700] [PROCESS] [cadence.virtuoso.ade.gui] - Logging Service '25344' stopped with exit code '0' {"logfile": "/home/dtvt_16/duyDUT/logs_dtvt_16/logs0/LoggingService10.log"}
