[Simulation Monitor: 14]
[2026-04-13 01:13:13.755 +0700] [PROCESS] [cadence.virtuoso.ade.simulationMonitor] - Simulation Monitor has successfully started up. Trying to set up communication channels to other components ... {"hostname": "dtvt_13", "processid": 8052, "logfile": "/home/dtvt_13/duyDUT/logs_dtvt_13/logs0/Job14.log"}
[2026-04-13 01:13:13.756 +0700] [PROCESS] [cadence.virtuoso.ade.simulationMonitor] - Communication channels have been successfully set up. Start processing events ... {"hostname": "dtvt_13", "processid": 8052, "logfile": "/home/dtvt_13/duyDUT/logs_dtvt_13/logs0/Job14.log"}
[2026-04-13 01:13:13.756 +0700] [PROCESS] [cadence.virtuoso.ade.simulationMonitor] - Considering to start history {"hostname": "dtvt_13", "processid": 8052, "history": "ExplorerRun.0", "logfile": "/home/dtvt_13/duyDUT/logs_dtvt_13/logs0/Job14.log"}
[2026-04-13 01:13:13.757 +0700] [PROCESS] [cadence.virtuoso.ade.simulationMonitor] - HostInfo:
Host name (type):	dtvt_13 (x86_64)
Operating system:	Linux 3.10.0-1160.118.1.el7.x86_64 #1 SMP Wed Apr 24 16:01:50 UTC 2024 {"hostname": "dtvt_13", "processid": 8052, "history": "ExplorerRun.0", "logfile": "/home/dtvt_13/duyDUT/logs_dtvt_13/logs0/Job14.log", "nodename": "dtvt_13", "domainname": "(none)", "machine": "x86_64", "sysname": "Linux", "release": "3.10.0-1160.118.1.el7.x86_64", "version": "#1 SMP Wed Apr 24 16:01:50 UTC 2024"}
[2026-04-13 01:13:13.757 +0700] [PROCESS] [cadence.virtuoso.ade.simulationMonitor] - UsageInfo:
pid=8052
totalPhysicalMemory=15.208324GB,Used=13.618656GB,totalVirtualMemory=22.895821GB,Used=13.682377GB
Cpu: Cores=24, Load average:0.090000,0.060000,0.050000 {"hostname": "dtvt_13", "processid": 8052, "history": "ExplorerRun.0", "logfile": "/home/dtvt_13/duyDUT/logs_dtvt_13/logs0/Job14.log", "pid": "8052", "totalPhysicalMemory": "15.208324", "physicalMemoryUsed": "13.618656", "totalVirtualMemory": "22.895821", "virtualMemoryUsed": "13.682377", "cpuCores": "24", "processes": "2559", "loadAverage1": "0.090000", "loadAverage5": "0.060000", "loadAverage15": "0.050000", "loadAverage1Percent": "0.003750"}
[2026-04-13 01:13:13.757 +0700] [EVENT] [cadence.virtuoso.ade.simulationMonitor] - NewPoint {"history": "ExplorerRun.0", "point": 1, "testname": "gmIdwl_gmid_1", "cornername": "Nominal", "event": "NewPoint", "EventSource": "Simulation Monitor", "HistoryName": "ExplorerRun.0", "logFile": "/home/dtvt_13/duyDUT/logs_dtvt_13/logs0/Job14.log", "logFileSize": "2093"}
[2026-04-13 01:13:13.858 +0700] [EVENT] [cadence.virtuoso.ade.simulationMonitor] - NewPoint {"history": "ExplorerRun.0", "point": 1, "testname": "gmIdwl_gmid_1", "cornername": "Nominal", "event": "NewPoint", "EventSource": "spectre", "HistoryName": "ExplorerRun.0", "logFile": "/home/dtvt_13/simulation/gmIdwl/gmid/maestro/results/maestro/ExplorerRun.0/1/gmIdwl_gmid_1/psf/spectre.out", "logFileSize": "-1"}
[2026-04-13 01:13:13.867 +0700] [PROCESS] [cadence.virtuoso.ade.simulationMonitor] - Simulator launched {"hostname": "dtvt_13", "processid": 8052, "history": "ExplorerRun.0", "testname": "gmIdwl_gmid_1", "cornername": "Nominal", "point": 1, "logfile": "/home/dtvt_13/duyDUT/logs_dtvt_13/logs0/Job14.log", "simid": "1"}
[2026-04-13 01:13:13.870 +0700] [PROCESS] [cadence.virtuoso.ade.simulationMonitor] - Expression evaluator launched {"hostname": "dtvt_13", "processid": 8052, "history": "ExplorerRun.0", "testname": "gmIdwl_gmid_1", "cornername": "Nominal", "point": 1, "logfile": "/home/dtvt_13/duyDUT/logs_dtvt_13/logs0/Job14.log"}
[2026-04-13 01:13:13.885 +0700] [PROCESS] [cadence.virtuoso.ade.simulationMonitor] - Started Simulation {"hostname": "dtvt_13", "processid": 8052, "history": "ExplorerRun.0", "testname": "gmIdwl_gmid_1", "cornername": "Nominal", "point": 1, "logfile": "/home/dtvt_13/duyDUT/logs_dtvt_13/logs0/Job14.log"}
[2026-04-13 01:13:35.770 +0700] [INFO] [cadence.virtuoso.ade.simulationMonitor] - Peak resident memory used = 86.1 Mbytes. {"history": "ExplorerRun.0", "point": 1, "testname": "gmIdwl_gmid_1", "cornername": "Nominal"}
[2026-04-13 01:13:35.771 +0700] [INFO] [cadence.virtuoso.ade.simulationMonitor] - Peak resident memory used = 96.4 Mbytes. {"history": "ExplorerRun.0", "point": 1, "testname": "gmIdwl_gmid_1", "cornername": "Nominal"}
[2026-04-13 01:13:35.771 +0700] [INFO] [cadence.virtuoso.ade.simulationMonitor] - Notice from spectre during hierarchy flattening.
    The value 'psf' specified for the 'checklimitdest' option will no longer be supported in future releases. Use 'spectre -h' to see other recommended values for the 'checklimitdest' option. {"history": "ExplorerRun.0", "point": 1, "testname": "gmIdwl_gmid_1", "cornername": "Nominal"}
[2026-04-13 01:13:35.771 +0700] [INFO] [cadence.virtuoso.ade.simulationMonitor] - Peak resident memory used = 97.3 Mbytes. {"history": "ExplorerRun.0", "point": 1, "testname": "gmIdwl_gmid_1", "cornername": "Nominal"}
[2026-04-13 01:13:35.771 +0700] [WARN] [cadence.virtuoso.ade.simulationMonitor] -     WARNING (SPECTRE-8061): `PM0': Does not have a terminal named `ids'. {"history": "ExplorerRun.0", "point": 1, "testname": "gmIdwl_gmid_1", "cornername": "Nominal"}
[2026-04-13 01:13:35.771 +0700] [WARN] [cadence.virtuoso.ade.simulationMonitor] -     WARNING (SPECTRE-8287): Ignoring invalid item `PM0:ids' in save statement. {"history": "ExplorerRun.0", "point": 1, "testname": "gmIdwl_gmid_1", "cornername": "Nominal"}
[2026-04-13 01:13:35.772 +0700] [WARN] [cadence.virtuoso.ade.simulationMonitor] -     WARNING (SPECTRE-8061): `PM0': Does not have a terminal named `vth'. {"history": "ExplorerRun.0", "point": 1, "testname": "gmIdwl_gmid_1", "cornername": "Nominal"}
[2026-04-13 01:13:35.772 +0700] [WARN] [cadence.virtuoso.ade.simulationMonitor] -     WARNING (SPECTRE-8287): Ignoring invalid item `PM0:vth' in save statement. {"history": "ExplorerRun.0", "point": 1, "testname": "gmIdwl_gmid_1", "cornername": "Nominal"}
[2026-04-13 01:13:35.772 +0700] [WARN] [cadence.virtuoso.ade.simulationMonitor] -     WARNING (SPECTRE-8061): `PM0': Does not have a terminal named `vgs'. {"history": "ExplorerRun.0", "point": 1, "testname": "gmIdwl_gmid_1", "cornername": "Nominal"}
[2026-04-13 01:13:35.772 +0700] [WARN] [cadence.virtuoso.ade.simulationMonitor] -     WARNING (SPECTRE-8287): Ignoring invalid item `PM0:vgs' in save statement. {"history": "ExplorerRun.0", "point": 1, "testname": "gmIdwl_gmid_1", "cornername": "Nominal"}
[2026-04-13 01:13:35.772 +0700] [WARN] [cadence.virtuoso.ade.simulationMonitor] -     WARNING (SPECTRE-8061): `PM0': Does not have a terminal named `id'. {"history": "ExplorerRun.0", "point": 1, "testname": "gmIdwl_gmid_1", "cornername": "Nominal"}
[2026-04-13 01:13:35.772 +0700] [WARN] [cadence.virtuoso.ade.simulationMonitor] -     WARNING (SPECTRE-8287): Ignoring invalid item `PM0:id' in save statement. {"history": "ExplorerRun.0", "point": 1, "testname": "gmIdwl_gmid_1", "cornername": "Nominal"}
[2026-04-13 01:13:35.772 +0700] [WARN] [cadence.virtuoso.ade.simulationMonitor] -     WARNING (SPECTRE-8061): `PM0': Does not have a terminal named `gm'.
        Further occurrences of this warning will be suppressed. {"history": "ExplorerRun.0", "point": 1, "testname": "gmIdwl_gmid_1", "cornername": "Nominal"}
[2026-04-13 01:13:35.772 +0700] [WARN] [cadence.virtuoso.ade.simulationMonitor] -     WARNING (SPECTRE-8287): Ignoring invalid item `PM0:gm' in save statement.
        Further occurrences of this warning will be suppressed. {"history": "ExplorerRun.0", "point": 1, "testname": "gmIdwl_gmid_1", "cornername": "Nominal"}
[2026-04-13 01:13:35.772 +0700] [INFO] [cadence.virtuoso.ade.simulationMonitor] - Notice from spectre during initial setup.
    Multithreading is disabled due to the size of the design being too small. {"history": "ExplorerRun.0", "point": 1, "testname": "gmIdwl_gmid_1", "cornername": "Nominal"}
[2026-04-13 01:13:35.772 +0700] [INFO] [cadence.virtuoso.ade.simulationMonitor] -               nodes 3 {"history": "ExplorerRun.0", "point": 1, "testname": "gmIdwl_gmid_1", "cornername": "Nominal"}
[2026-04-13 01:13:35.772 +0700] [INFO] [cadence.virtuoso.ade.simulationMonitor] - Notice from spectre during initial setup.
    APS enabled. {"history": "ExplorerRun.0", "point": 1, "testname": "gmIdwl_gmid_1", "cornername": "Nominal"}
[2026-04-13 01:13:35.773 +0700] [INFO] [cadence.virtuoso.ade.simulationMonitor] - Peak resident memory used = 98.8 Mbytes. {"history": "ExplorerRun.0", "point": 1, "testname": "gmIdwl_gmid_1", "cornername": "Nominal"}
[2026-04-13 01:13:35.773 +0700] [INFO] [cadence.virtuoso.ade.simulationMonitor] -    -   (APS) Multi-threading. The recommended number of threads is 1, consider adding +mt=1 on command line. {"history": "ExplorerRun.0", "point": 1, "testname": "gmIdwl_gmid_1", "cornername": "Nominal"}
[2026-04-13 01:13:35.773 +0700] [INFO] [cadence.virtuoso.ade.simulationMonitor] - Total time required for dc analysis `dcOp': CPU = 4.374 ms, elapsed = 5.52988 ms. {"history": "ExplorerRun.0", "point": 1, "testname": "gmIdwl_gmid_1", "cornername": "Nominal"}
[2026-04-13 01:13:35.773 +0700] [INFO] [cadence.virtuoso.ade.simulationMonitor] - Peak resident memory used = 101 Mbytes. {"history": "ExplorerRun.0", "point": 1, "testname": "gmIdwl_gmid_1", "cornername": "Nominal"}
[2026-04-13 01:13:36.774 +0700] [PROCESS] [cadence.virtuoso.ade.simulationMonitor] - Finished simulating for one point {"hostname": "dtvt_13", "processid": 8052, "history": "ExplorerRun.0", "testname": "gmIdwl_gmid_1", "cornername": "Nominal", "point": 1, "logfile": "/home/dtvt_13/duyDUT/logs_dtvt_13/logs0/Job14.log", "simid": "1"}
[2026-04-13 01:13:36.775 +0700] [INFO] [cadence.virtuoso.ade.simulationMonitor] - Notice from spectre at vsg = 1.8 during DC analysis `dc'.
    The value of parameter 'vsg' has been reset to the original value 0.5. {"history": "ExplorerRun.0", "point": 1, "testname": "gmIdwl_gmid_1", "cornername": "Nominal"}
[2026-04-13 01:13:36.775 +0700] [INFO] [cadence.virtuoso.ade.simulationMonitor] - Total time required for dc analysis `dc': CPU = 423.787 ms, elapsed = 424.906 ms. {"history": "ExplorerRun.0", "point": 1, "testname": "gmIdwl_gmid_1", "cornername": "Nominal"}
[2026-04-13 01:13:36.776 +0700] [INFO] [cadence.virtuoso.ade.simulationMonitor] - Peak resident memory used = 102 Mbytes. {"history": "ExplorerRun.0", "point": 1, "testname": "gmIdwl_gmid_1", "cornername": "Nominal"}
[2026-04-13 01:13:36.776 +0700] [INFO] [cadence.virtuoso.ade.simulationMonitor] - Time used: CPU = 954 ms, elapsed = 22 s, util. = 4.33%. {"history": "ExplorerRun.0", "point": 1, "testname": "gmIdwl_gmid_1", "cornername": "Nominal"}
[2026-04-13 01:13:36.776 +0700] [INFO] [cadence.virtuoso.ade.simulationMonitor] - Time spent in licensing: elapsed = 20.5 s, percentage of total = 93.2%. {"history": "ExplorerRun.0", "point": 1, "testname": "gmIdwl_gmid_1", "cornername": "Nominal"}
[2026-04-13 01:13:36.777 +0700] [INFO] [cadence.virtuoso.ade.simulationMonitor] - Peak memory used = 111 Mbytes. {"history": "ExplorerRun.0", "point": 1, "testname": "gmIdwl_gmid_1", "cornername": "Nominal"}
[2026-04-13 01:13:36.777 +0700] [PROCESS] [cadence.virtuoso.ade.simulationMonitor] - Simulation started at: 1:13:14 AM, Mon Apr 13, 2026, ended at: 1:13:36 AM, Mon Apr 13, 2026, with elapsed time (wall clock): 22 s. {"history": "ExplorerRun.0", "point": 1, "testname": "gmIdwl_gmid_1", "cornername": "Nominal"}
[2026-04-13 01:13:36.777 +0700] [PROCESS] [cadence.virtuoso.ade.simulationMonitor] - spectre completes with 0 errors, 10 warnings, and 5 notices. {"history": "ExplorerRun.0", "point": 1, "testname": "gmIdwl_gmid_1", "cornername": "Nominal"}
[2026-04-13 01:13:36.778 +0700] [PROCESS] [cadence.virtuoso.ade.simulationMonitor] - Simulator exited {"hostname": "dtvt_13", "processid": 8052, "history": "ExplorerRun.0", "testname": "gmIdwl_gmid_1", "cornername": "Nominal", "point": 1, "logfile": "/home/dtvt_13/duyDUT/logs_dtvt_13/logs0/Job14.log", "exitStatus": "0"}
[2026-04-13 01:13:36.778 +0700] [PROCESS] [cadence.virtuoso.ade.simulationMonitor] - Finished Simulation {"hostname": "dtvt_13", "processid": 8052, "history": "ExplorerRun.0", "testname": "gmIdwl_gmid_1", "cornername": "Nominal", "point": 1, "logfile": "/home/dtvt_13/duyDUT/logs_dtvt_13/logs0/Job14.log", "simid": "1"}
[2026-04-13 01:13:37.292 +0700] [PROCESS] [cadence.virtuoso.ade.simulationMonitor] - Point Finished {"hostname": "dtvt_13", "processid": 8052, "history": "ExplorerRun.0", "testname": "gmIdwl_gmid_1", "cornername": "Nominal", "point": 1, "logfile": "/home/dtvt_13/duyDUT/logs_dtvt_13/logs0/Job14.log"}
[2026-04-13 01:14:20.804 +0700] [INFO] [cadence.virtuoso.ade.simulationMonitor] - SimulationMonitor has terminated the vds process '8163', reason: 'Force to stop the expression evalutor process because of new run' {"history": "ExplorerRun.0", "point": 1, "testname": "gmIdwl_gmid_1", "cornername": "Nominal"}
[2026-04-13 01:14:20.804 +0700] [PROCESS] [cadence.virtuoso.ade.simulationMonitor] - HostInfo:
Host name (type):	dtvt_13 (x86_64)
Operating system:	Linux 3.10.0-1160.118.1.el7.x86_64 #1 SMP Wed Apr 24 16:01:50 UTC 2024 {"hostname": "dtvt_13", "processid": 8052, "history": "ExplorerRun.0", "testname": "gmIdwl_gmid_1", "cornername": "Nominal", "point": 1, "logfile": "/home/dtvt_13/duyDUT/logs_dtvt_13/logs0/Job14.log", "nodename": "dtvt_13", "domainname": "(none)", "machine": "x86_64", "sysname": "Linux", "release": "3.10.0-1160.118.1.el7.x86_64", "version": "#1 SMP Wed Apr 24 16:01:50 UTC 2024"}
[2026-04-13 01:14:20.804 +0700] [PROCESS] [cadence.virtuoso.ade.simulationMonitor] - UsageInfo:
pid=8052
totalPhysicalMemory=15.208324GB,Used=13.635754GB,totalVirtualMemory=22.895821GB,Used=13.699474GB
Cpu: Cores=24, Load average:0.110000,0.070000,0.050000 {"hostname": "dtvt_13", "processid": 8052, "history": "ExplorerRun.0", "testname": "gmIdwl_gmid_1", "cornername": "Nominal", "point": 1, "logfile": "/home/dtvt_13/duyDUT/logs_dtvt_13/logs0/Job14.log", "pid": "8052", "totalPhysicalMemory": "15.208324", "physicalMemoryUsed": "13.635754", "totalVirtualMemory": "22.895821", "virtualMemoryUsed": "13.699474", "cpuCores": "24", "processes": "2569", "loadAverage1": "0.110000", "loadAverage5": "0.070000", "loadAverage15": "0.050000", "loadAverage1Percent": "0.004583"}
[2026-04-13 01:14:20.804 +0700] [EVENT] [cadence.virtuoso.ade.simulationMonitor] - NewPoint {"history": "ExplorerRun.0", "point": 1, "testname": "gmIdwl_gmid_1", "cornername": "Nominal", "event": "NewPoint", "EventSource": "Simulation Monitor", "HistoryName": "ExplorerRun.0", "logFile": "/home/dtvt_13/duyDUT/logs_dtvt_13/logs0/Job14.log", "logFileSize": "14230"}
[2026-04-13 01:14:20.905 +0700] [EVENT] [cadence.virtuoso.ade.simulationMonitor] - NewPoint {"history": "ExplorerRun.0", "point": 1, "testname": "gmIdwl_gmid_1", "cornername": "Nominal", "event": "NewPoint", "EventSource": "spectre", "HistoryName": "ExplorerRun.0", "logFile": "/home/dtvt_13/simulation/gmIdwl/gmid/maestro/results/maestro/ExplorerRun.0/1/gmIdwl_gmid_1/psf/spectre.out", "logFileSize": "-1"}
[2026-04-13 01:14:20.914 +0700] [PROCESS] [cadence.virtuoso.ade.simulationMonitor] - Simulator launched {"hostname": "dtvt_13", "processid": 8052, "history": "ExplorerRun.0", "testname": "gmIdwl_gmid_1", "cornername": "Nominal", "point": 1, "logfile": "/home/dtvt_13/duyDUT/logs_dtvt_13/logs0/Job14.log", "simid": "2"}
[2026-04-13 01:14:20.920 +0700] [PROCESS] [cadence.virtuoso.ade.simulationMonitor] - Expression evaluator launched {"hostname": "dtvt_13", "processid": 8052, "history": "ExplorerRun.0", "testname": "gmIdwl_gmid_1", "cornername": "Nominal", "point": 1, "logfile": "/home/dtvt_13/duyDUT/logs_dtvt_13/logs0/Job14.log"}
[2026-04-13 01:14:20.933 +0700] [PROCESS] [cadence.virtuoso.ade.simulationMonitor] - Started Simulation {"hostname": "dtvt_13", "processid": 8052, "history": "ExplorerRun.0", "testname": "gmIdwl_gmid_1", "cornername": "Nominal", "point": 1, "logfile": "/home/dtvt_13/duyDUT/logs_dtvt_13/logs0/Job14.log"}
[2026-04-13 01:14:42.831 +0700] [INFO] [cadence.virtuoso.ade.simulationMonitor] - Peak resident memory used = 86.1 Mbytes. {"history": "ExplorerRun.0", "point": 1, "testname": "gmIdwl_gmid_1", "cornername": "Nominal"}
[2026-04-13 01:14:42.831 +0700] [INFO] [cadence.virtuoso.ade.simulationMonitor] - Peak resident memory used = 96.4 Mbytes. {"history": "ExplorerRun.0", "point": 1, "testname": "gmIdwl_gmid_1", "cornername": "Nominal"}
[2026-04-13 01:14:42.832 +0700] [INFO] [cadence.virtuoso.ade.simulationMonitor] - Notice from spectre during hierarchy flattening.
    The value 'psf' specified for the 'checklimitdest' option will no longer be supported in future releases. Use 'spectre -h' to see other recommended values for the 'checklimitdest' option. {"history": "ExplorerRun.0", "point": 1, "testname": "gmIdwl_gmid_1", "cornername": "Nominal"}
[2026-04-13 01:14:42.832 +0700] [INFO] [cadence.virtuoso.ade.simulationMonitor] - Peak resident memory used = 97.3 Mbytes. {"history": "ExplorerRun.0", "point": 1, "testname": "gmIdwl_gmid_1", "cornername": "Nominal"}
[2026-04-13 01:14:42.832 +0700] [WARN] [cadence.virtuoso.ade.simulationMonitor] -     WARNING (SPECTRE-8061): `PM0': Does not have a terminal named `is'. {"history": "ExplorerRun.0", "point": 1, "testname": "gmIdwl_gmid_1", "cornername": "Nominal"}
[2026-04-13 01:14:42.832 +0700] [WARN] [cadence.virtuoso.ade.simulationMonitor] -     WARNING (SPECTRE-8287): Ignoring invalid item `PM0:is' in save statement. {"history": "ExplorerRun.0", "point": 1, "testname": "gmIdwl_gmid_1", "cornername": "Nominal"}
[2026-04-13 01:14:42.832 +0700] [WARN] [cadence.virtuoso.ade.simulationMonitor] -     WARNING (SPECTRE-8061): `PM0': Does not have a terminal named `ids'. {"history": "ExplorerRun.0", "point": 1, "testname": "gmIdwl_gmid_1", "cornername": "Nominal"}
[2026-04-13 01:14:42.832 +0700] [WARN] [cadence.virtuoso.ade.simulationMonitor] -     WARNING (SPECTRE-8287): Ignoring invalid item `PM0:ids' in save statement. {"history": "ExplorerRun.0", "point": 1, "testname": "gmIdwl_gmid_1", "cornername": "Nominal"}
[2026-04-13 01:14:42.832 +0700] [WARN] [cadence.virtuoso.ade.simulationMonitor] -     WARNING (SPECTRE-8061): `PM0': Does not have a terminal named `vth'. {"history": "ExplorerRun.0", "point": 1, "testname": "gmIdwl_gmid_1", "cornername": "Nominal"}
[2026-04-13 01:14:42.832 +0700] [WARN] [cadence.virtuoso.ade.simulationMonitor] -     WARNING (SPECTRE-8287): Ignoring invalid item `PM0:vth' in save statement. {"history": "ExplorerRun.0", "point": 1, "testname": "gmIdwl_gmid_1", "cornername": "Nominal"}
[2026-04-13 01:14:42.832 +0700] [WARN] [cadence.virtuoso.ade.simulationMonitor] -     WARNING (SPECTRE-8061): `PM0': Does not have a terminal named `vgs'. {"history": "ExplorerRun.0", "point": 1, "testname": "gmIdwl_gmid_1", "cornername": "Nominal"}
[2026-04-13 01:14:42.832 +0700] [WARN] [cadence.virtuoso.ade.simulationMonitor] -     WARNING (SPECTRE-8287): Ignoring invalid item `PM0:vgs' in save statement. {"history": "ExplorerRun.0", "point": 1, "testname": "gmIdwl_gmid_1", "cornername": "Nominal"}
[2026-04-13 01:14:42.832 +0700] [WARN] [cadence.virtuoso.ade.simulationMonitor] -     WARNING (SPECTRE-8061): `PM0': Does not have a terminal named `id'.
        Further occurrences of this warning will be suppressed. {"history": "ExplorerRun.0", "point": 1, "testname": "gmIdwl_gmid_1", "cornername": "Nominal"}
[2026-04-13 01:14:42.832 +0700] [WARN] [cadence.virtuoso.ade.simulationMonitor] -     WARNING (SPECTRE-8287): Ignoring invalid item `PM0:id' in save statement.
        Further occurrences of this warning will be suppressed. {"history": "ExplorerRun.0", "point": 1, "testname": "gmIdwl_gmid_1", "cornername": "Nominal"}
[2026-04-13 01:14:42.832 +0700] [INFO] [cadence.virtuoso.ade.simulationMonitor] - Notice from spectre during initial setup.
    Multithreading is disabled due to the size of the design being too small. {"history": "ExplorerRun.0", "point": 1, "testname": "gmIdwl_gmid_1", "cornername": "Nominal"}
[2026-04-13 01:14:42.832 +0700] [INFO] [cadence.virtuoso.ade.simulationMonitor] -               nodes 3 {"history": "ExplorerRun.0", "point": 1, "testname": "gmIdwl_gmid_1", "cornername": "Nominal"}
[2026-04-13 01:14:42.833 +0700] [INFO] [cadence.virtuoso.ade.simulationMonitor] - Notice from spectre during initial setup.
    APS enabled.
    2 warnings suppressed. {"history": "ExplorerRun.0", "point": 1, "testname": "gmIdwl_gmid_1", "cornername": "Nominal"}
[2026-04-13 01:14:42.833 +0700] [INFO] [cadence.virtuoso.ade.simulationMonitor] - Peak resident memory used = 98.8 Mbytes. {"history": "ExplorerRun.0", "point": 1, "testname": "gmIdwl_gmid_1", "cornername": "Nominal"}
[2026-04-13 01:14:42.833 +0700] [INFO] [cadence.virtuoso.ade.simulationMonitor] -    -   (APS) Multi-threading. The recommended number of threads is 1, consider adding +mt=1 on command line. {"history": "ExplorerRun.0", "point": 1, "testname": "gmIdwl_gmid_1", "cornername": "Nominal"}
[2026-04-13 01:14:42.833 +0700] [INFO] [cadence.virtuoso.ade.simulationMonitor] - Total time required for dc analysis `dcOp': CPU = 2.027 ms, elapsed = 3.07703 ms. {"history": "ExplorerRun.0", "point": 1, "testname": "gmIdwl_gmid_1", "cornername": "Nominal"}
[2026-04-13 01:14:42.833 +0700] [INFO] [cadence.virtuoso.ade.simulationMonitor] - Peak resident memory used = 101 Mbytes. {"history": "ExplorerRun.0", "point": 1, "testname": "gmIdwl_gmid_1", "cornername": "Nominal"}
[2026-04-13 01:14:44.334 +0700] [PROCESS] [cadence.virtuoso.ade.simulationMonitor] - Finished simulating for one point {"hostname": "dtvt_13", "processid": 8052, "history": "ExplorerRun.0", "testname": "gmIdwl_gmid_1", "cornername": "Nominal", "point": 1, "logfile": "/home/dtvt_13/duyDUT/logs_dtvt_13/logs0/Job14.log", "simid": "2"}
[2026-04-13 01:14:44.334 +0700] [INFO] [cadence.virtuoso.ade.simulationMonitor] - Notice from spectre at vsg = 1.8 during DC analysis `dc'.
    The value of parameter 'vsg' has been reset to the original value 0.5. {"history": "ExplorerRun.0", "point": 1, "testname": "gmIdwl_gmid_1", "cornername": "Nominal"}
[2026-04-13 01:14:44.334 +0700] [INFO] [cadence.virtuoso.ade.simulationMonitor] - Total time required for dc analysis `dc': CPU = 1.20458 s, elapsed = 1.20575 s. {"history": "ExplorerRun.0", "point": 1, "testname": "gmIdwl_gmid_1", "cornername": "Nominal"}
[2026-04-13 01:14:44.335 +0700] [INFO] [cadence.virtuoso.ade.simulationMonitor] - Peak resident memory used = 102 Mbytes. {"history": "ExplorerRun.0", "point": 1, "testname": "gmIdwl_gmid_1", "cornername": "Nominal"}
[2026-04-13 01:14:44.335 +0700] [INFO] [cadence.virtuoso.ade.simulationMonitor] - Time used: CPU = 1.77 s, elapsed = 22.7 s, util. = 7.79%. {"history": "ExplorerRun.0", "point": 1, "testname": "gmIdwl_gmid_1", "cornername": "Nominal"}
[2026-04-13 01:14:44.335 +0700] [INFO] [cadence.virtuoso.ade.simulationMonitor] - Time spent in licensing: elapsed = 20.4 s, percentage of total = 89.8%. {"history": "ExplorerRun.0", "point": 1, "testname": "gmIdwl_gmid_1", "cornername": "Nominal"}
[2026-04-13 01:14:44.335 +0700] [INFO] [cadence.virtuoso.ade.simulationMonitor] - Peak memory used = 111 Mbytes. {"history": "ExplorerRun.0", "point": 1, "testname": "gmIdwl_gmid_1", "cornername": "Nominal"}
[2026-04-13 01:14:44.336 +0700] [PROCESS] [cadence.virtuoso.ade.simulationMonitor] - Simulation started at: 1:14:21 AM, Mon Apr 13, 2026, ended at: 1:14:43 AM, Mon Apr 13, 2026, with elapsed time (wall clock): 22.7 s. {"history": "ExplorerRun.0", "point": 1, "testname": "gmIdwl_gmid_1", "cornername": "Nominal"}
[2026-04-13 01:14:44.336 +0700] [PROCESS] [cadence.virtuoso.ade.simulationMonitor] - spectre completes with 0 errors, 10 warnings, and 6 notices. {"history": "ExplorerRun.0", "point": 1, "testname": "gmIdwl_gmid_1", "cornername": "Nominal"}
[2026-04-13 01:14:44.336 +0700] [PROCESS] [cadence.virtuoso.ade.simulationMonitor] - Simulator exited {"hostname": "dtvt_13", "processid": 8052, "history": "ExplorerRun.0", "testname": "gmIdwl_gmid_1", "cornername": "Nominal", "point": 1, "logfile": "/home/dtvt_13/duyDUT/logs_dtvt_13/logs0/Job14.log", "exitStatus": "0"}
[2026-04-13 01:14:44.336 +0700] [PROCESS] [cadence.virtuoso.ade.simulationMonitor] - Finished Simulation {"hostname": "dtvt_13", "processid": 8052, "history": "ExplorerRun.0", "testname": "gmIdwl_gmid_1", "cornername": "Nominal", "point": 1, "logfile": "/home/dtvt_13/duyDUT/logs_dtvt_13/logs0/Job14.log", "simid": "2"}
[2026-04-13 01:14:44.849 +0700] [PROCESS] [cadence.virtuoso.ade.simulationMonitor] - Point Finished {"hostname": "dtvt_13", "processid": 8052, "history": "ExplorerRun.0", "testname": "gmIdwl_gmid_1", "cornername": "Nominal", "point": 1, "logfile": "/home/dtvt_13/duyDUT/logs_dtvt_13/logs0/Job14.log"}
[2026-04-13 01:14:54.750 +0700] [INFO] [cadence.virtuoso.ade.simulationMonitor] - SimulationMonitor has terminated the vds process '9203', reason: 'Force to stop the expression evalutor process because of new run' {"history": "ExplorerRun.0", "point": 1, "testname": "gmIdwl_gmid_1", "cornername": "Nominal"}
[2026-04-13 01:14:54.751 +0700] [PROCESS] [cadence.virtuoso.ade.simulationMonitor] - HostInfo:
Host name (type):	dtvt_13 (x86_64)
Operating system:	Linux 3.10.0-1160.118.1.el7.x86_64 #1 SMP Wed Apr 24 16:01:50 UTC 2024 {"hostname": "dtvt_13", "processid": 8052, "history": "ExplorerRun.0", "testname": "gmIdwl_gmid_1", "cornername": "Nominal", "point": 1, "logfile": "/home/dtvt_13/duyDUT/logs_dtvt_13/logs0/Job14.log", "nodename": "dtvt_13", "domainname": "(none)", "machine": "x86_64", "sysname": "Linux", "release": "3.10.0-1160.118.1.el7.x86_64", "version": "#1 SMP Wed Apr 24 16:01:50 UTC 2024"}
[2026-04-13 01:14:54.751 +0700] [PROCESS] [cadence.virtuoso.ade.simulationMonitor] - UsageInfo:
pid=8052
totalPhysicalMemory=15.208324GB,Used=13.635681GB,totalVirtualMemory=22.895821GB,Used=13.699402GB
Cpu: Cores=24, Load average:0.170000,0.090000,0.060000 {"hostname": "dtvt_13", "processid": 8052, "history": "ExplorerRun.0", "testname": "gmIdwl_gmid_1", "cornername": "Nominal", "point": 1, "logfile": "/home/dtvt_13/duyDUT/logs_dtvt_13/logs0/Job14.log", "pid": "8052", "totalPhysicalMemory": "15.208324", "physicalMemoryUsed": "13.635681", "totalVirtualMemory": "22.895821", "virtualMemoryUsed": "13.699402", "cpuCores": "24", "processes": "2569", "loadAverage1": "0.170000", "loadAverage5": "0.090000", "loadAverage15": "0.060000", "loadAverage1Percent": "0.007083"}
[2026-04-13 01:14:54.751 +0700] [EVENT] [cadence.virtuoso.ade.simulationMonitor] - NewPoint {"history": "ExplorerRun.0", "point": 1, "testname": "gmIdwl_gmid_1", "cornername": "Nominal", "event": "NewPoint", "EventSource": "Simulation Monitor", "HistoryName": "ExplorerRun.0", "logFile": "/home/dtvt_13/duyDUT/logs_dtvt_13/logs0/Job14.log", "logFileSize": "26397"}
[2026-04-13 01:14:54.852 +0700] [EVENT] [cadence.virtuoso.ade.simulationMonitor] - NewPoint {"history": "ExplorerRun.0", "point": 1, "testname": "gmIdwl_gmid_1", "cornername": "Nominal", "event": "NewPoint", "EventSource": "spectre", "HistoryName": "ExplorerRun.0", "logFile": "/home/dtvt_13/simulation/gmIdwl/gmid/maestro/results/maestro/ExplorerRun.0/1/gmIdwl_gmid_1/psf/spectre.out", "logFileSize": "-1"}
[2026-04-13 01:14:54.862 +0700] [PROCESS] [cadence.virtuoso.ade.simulationMonitor] - Simulator launched {"hostname": "dtvt_13", "processid": 8052, "history": "ExplorerRun.0", "testname": "gmIdwl_gmid_1", "cornername": "Nominal", "point": 1, "logfile": "/home/dtvt_13/duyDUT/logs_dtvt_13/logs0/Job14.log", "simid": "3"}
[2026-04-13 01:14:54.864 +0700] [PROCESS] [cadence.virtuoso.ade.simulationMonitor] - Expression evaluator launched {"hostname": "dtvt_13", "processid": 8052, "history": "ExplorerRun.0", "testname": "gmIdwl_gmid_1", "cornername": "Nominal", "point": 1, "logfile": "/home/dtvt_13/duyDUT/logs_dtvt_13/logs0/Job14.log"}
[2026-04-13 01:14:54.877 +0700] [PROCESS] [cadence.virtuoso.ade.simulationMonitor] - Started Simulation {"hostname": "dtvt_13", "processid": 8052, "history": "ExplorerRun.0", "testname": "gmIdwl_gmid_1", "cornername": "Nominal", "point": 1, "logfile": "/home/dtvt_13/duyDUT/logs_dtvt_13/logs0/Job14.log"}
[2026-04-13 01:15:17.184 +0700] [INFO] [cadence.virtuoso.ade.simulationMonitor] - Peak resident memory used = 86.1 Mbytes. {"history": "ExplorerRun.0", "point": 1, "testname": "gmIdwl_gmid_1", "cornername": "Nominal"}
[2026-04-13 01:15:17.184 +0700] [INFO] [cadence.virtuoso.ade.simulationMonitor] - Peak resident memory used = 96.4 Mbytes. {"history": "ExplorerRun.0", "point": 1, "testname": "gmIdwl_gmid_1", "cornername": "Nominal"}
[2026-04-13 01:15:17.184 +0700] [INFO] [cadence.virtuoso.ade.simulationMonitor] - Notice from spectre during hierarchy flattening.
    The value 'psf' specified for the 'checklimitdest' option will no longer be supported in future releases. Use 'spectre -h' to see other recommended values for the 'checklimitdest' option. {"history": "ExplorerRun.0", "point": 1, "testname": "gmIdwl_gmid_1", "cornername": "Nominal"}
[2026-04-13 01:15:17.184 +0700] [INFO] [cadence.virtuoso.ade.simulationMonitor] - Peak resident memory used = 97.3 Mbytes. {"history": "ExplorerRun.0", "point": 1, "testname": "gmIdwl_gmid_1", "cornername": "Nominal"}
[2026-04-13 01:15:17.184 +0700] [WARN] [cadence.virtuoso.ade.simulationMonitor] -     WARNING (SPECTRE-8061): `PM0': Does not have a terminal named `is'. {"history": "ExplorerRun.0", "point": 1, "testname": "gmIdwl_gmid_1", "cornername": "Nominal"}
[2026-04-13 01:15:17.185 +0700] [WARN] [cadence.virtuoso.ade.simulationMonitor] -     WARNING (SPECTRE-8287): Ignoring invalid item `PM0:is' in save statement. {"history": "ExplorerRun.0", "point": 1, "testname": "gmIdwl_gmid_1", "cornername": "Nominal"}
[2026-04-13 01:15:17.185 +0700] [WARN] [cadence.virtuoso.ade.simulationMonitor] -     WARNING (SPECTRE-8061): `PM0': Does not have a terminal named `ids'. {"history": "ExplorerRun.0", "point": 1, "testname": "gmIdwl_gmid_1", "cornername": "Nominal"}
[2026-04-13 01:15:17.185 +0700] [WARN] [cadence.virtuoso.ade.simulationMonitor] -     WARNING (SPECTRE-8287): Ignoring invalid item `PM0:ids' in save statement. {"history": "ExplorerRun.0", "point": 1, "testname": "gmIdwl_gmid_1", "cornername": "Nominal"}
[2026-04-13 01:15:17.185 +0700] [WARN] [cadence.virtuoso.ade.simulationMonitor] -     WARNING (SPECTRE-8061): `PM0': Does not have a terminal named `vth'. {"history": "ExplorerRun.0", "point": 1, "testname": "gmIdwl_gmid_1", "cornername": "Nominal"}
[2026-04-13 01:15:17.185 +0700] [WARN] [cadence.virtuoso.ade.simulationMonitor] -     WARNING (SPECTRE-8287): Ignoring invalid item `PM0:vth' in save statement. {"history": "ExplorerRun.0", "point": 1, "testname": "gmIdwl_gmid_1", "cornername": "Nominal"}
[2026-04-13 01:15:17.185 +0700] [WARN] [cadence.virtuoso.ade.simulationMonitor] -     WARNING (SPECTRE-8061): `PM0': Does not have a terminal named `vgs'. {"history": "ExplorerRun.0", "point": 1, "testname": "gmIdwl_gmid_1", "cornername": "Nominal"}
[2026-04-13 01:15:17.185 +0700] [WARN] [cadence.virtuoso.ade.simulationMonitor] -     WARNING (SPECTRE-8287): Ignoring invalid item `PM0:vgs' in save statement. {"history": "ExplorerRun.0", "point": 1, "testname": "gmIdwl_gmid_1", "cornername": "Nominal"}
[2026-04-13 01:15:17.185 +0700] [WARN] [cadence.virtuoso.ade.simulationMonitor] -     WARNING (SPECTRE-8061): `PM0': Does not have a terminal named `id'.
        Further occurrences of this warning will be suppressed. {"history": "ExplorerRun.0", "point": 1, "testname": "gmIdwl_gmid_1", "cornername": "Nominal"}
[2026-04-13 01:15:17.185 +0700] [WARN] [cadence.virtuoso.ade.simulationMonitor] -     WARNING (SPECTRE-8287): Ignoring invalid item `PM0:id' in save statement.
        Further occurrences of this warning will be suppressed. {"history": "ExplorerRun.0", "point": 1, "testname": "gmIdwl_gmid_1", "cornername": "Nominal"}
[2026-04-13 01:15:17.185 +0700] [INFO] [cadence.virtuoso.ade.simulationMonitor] - Notice from spectre during initial setup.
    Multithreading is disabled due to the size of the design being too small. {"history": "ExplorerRun.0", "point": 1, "testname": "gmIdwl_gmid_1", "cornername": "Nominal"}
[2026-04-13 01:15:17.185 +0700] [INFO] [cadence.virtuoso.ade.simulationMonitor] -               nodes 3 {"history": "ExplorerRun.0", "point": 1, "testname": "gmIdwl_gmid_1", "cornername": "Nominal"}
[2026-04-13 01:15:17.186 +0700] [INFO] [cadence.virtuoso.ade.simulationMonitor] - Notice from spectre during initial setup.
    APS enabled.
    2 warnings suppressed. {"history": "ExplorerRun.0", "point": 1, "testname": "gmIdwl_gmid_1", "cornername": "Nominal"}
[2026-04-13 01:15:17.186 +0700] [INFO] [cadence.virtuoso.ade.simulationMonitor] - Peak resident memory used = 98.8 Mbytes. {"history": "ExplorerRun.0", "point": 1, "testname": "gmIdwl_gmid_1", "cornername": "Nominal"}
[2026-04-13 01:15:17.186 +0700] [INFO] [cadence.virtuoso.ade.simulationMonitor] -    -   (APS) Multi-threading. The recommended number of threads is 1, consider adding +mt=1 on command line. {"history": "ExplorerRun.0", "point": 1, "testname": "gmIdwl_gmid_1", "cornername": "Nominal"}
[2026-04-13 01:15:17.186 +0700] [INFO] [cadence.virtuoso.ade.simulationMonitor] - Total time required for dc analysis `dcOp': CPU = 2.699 ms, elapsed = 3.75891 ms. {"history": "ExplorerRun.0", "point": 1, "testname": "gmIdwl_gmid_1", "cornername": "Nominal"}
[2026-04-13 01:15:17.186 +0700] [INFO] [cadence.virtuoso.ade.simulationMonitor] - Peak resident memory used = 101 Mbytes. {"history": "ExplorerRun.0", "point": 1, "testname": "gmIdwl_gmid_1", "cornername": "Nominal"}
[2026-04-13 01:15:18.187 +0700] [PROCESS] [cadence.virtuoso.ade.simulationMonitor] - Finished simulating for one point {"hostname": "dtvt_13", "processid": 8052, "history": "ExplorerRun.0", "testname": "gmIdwl_gmid_1", "cornername": "Nominal", "point": 1, "logfile": "/home/dtvt_13/duyDUT/logs_dtvt_13/logs0/Job14.log", "simid": "3"}
[2026-04-13 01:15:18.187 +0700] [INFO] [cadence.virtuoso.ade.simulationMonitor] - Notice from spectre at vsg = 1.8 during DC analysis `dc'.
    The value of parameter 'vsg' has been reset to the original value 0.5. {"history": "ExplorerRun.0", "point": 1, "testname": "gmIdwl_gmid_1", "cornername": "Nominal"}
[2026-04-13 01:15:18.188 +0700] [INFO] [cadence.virtuoso.ade.simulationMonitor] - Total time required for dc analysis `dc': CPU = 1.19993 s, elapsed = 1.20102 s. {"history": "ExplorerRun.0", "point": 1, "testname": "gmIdwl_gmid_1", "cornername": "Nominal"}
[2026-04-13 01:15:18.188 +0700] [INFO] [cadence.virtuoso.ade.simulationMonitor] - Peak resident memory used = 102 Mbytes. {"history": "ExplorerRun.0", "point": 1, "testname": "gmIdwl_gmid_1", "cornername": "Nominal"}
[2026-04-13 01:15:18.188 +0700] [INFO] [cadence.virtuoso.ade.simulationMonitor] - Time used: CPU = 1.69 s, elapsed = 22.9 s, util. = 7.39%. {"history": "ExplorerRun.0", "point": 1, "testname": "gmIdwl_gmid_1", "cornername": "Nominal"}
[2026-04-13 01:15:18.189 +0700] [INFO] [cadence.virtuoso.ade.simulationMonitor] - Time spent in licensing: elapsed = 20.7 s, percentage of total = 90.6%. {"history": "ExplorerRun.0", "point": 1, "testname": "gmIdwl_gmid_1", "cornername": "Nominal"}
[2026-04-13 01:15:18.189 +0700] [INFO] [cadence.virtuoso.ade.simulationMonitor] - Peak memory used = 111 Mbytes. {"history": "ExplorerRun.0", "point": 1, "testname": "gmIdwl_gmid_1", "cornername": "Nominal"}
[2026-04-13 01:15:18.189 +0700] [PROCESS] [cadence.virtuoso.ade.simulationMonitor] - Simulation started at: 1:14:55 AM, Mon Apr 13, 2026, ended at: 1:15:17 AM, Mon Apr 13, 2026, with elapsed time (wall clock): 22.9 s. {"history": "ExplorerRun.0", "point": 1, "testname": "gmIdwl_gmid_1", "cornername": "Nominal"}
[2026-04-13 01:15:18.189 +0700] [PROCESS] [cadence.virtuoso.ade.simulationMonitor] - spectre completes with 0 errors, 10 warnings, and 6 notices. {"history": "ExplorerRun.0", "point": 1, "testname": "gmIdwl_gmid_1", "cornername": "Nominal"}
[2026-04-13 01:15:18.190 +0700] [PROCESS] [cadence.virtuoso.ade.simulationMonitor] - Simulator exited {"hostname": "dtvt_13", "processid": 8052, "history": "ExplorerRun.0", "testname": "gmIdwl_gmid_1", "cornername": "Nominal", "point": 1, "logfile": "/home/dtvt_13/duyDUT/logs_dtvt_13/logs0/Job14.log", "exitStatus": "0"}
[2026-04-13 01:15:18.190 +0700] [PROCESS] [cadence.virtuoso.ade.simulationMonitor] - Finished Simulation {"hostname": "dtvt_13", "processid": 8052, "history": "ExplorerRun.0", "testname": "gmIdwl_gmid_1", "cornername": "Nominal", "point": 1, "logfile": "/home/dtvt_13/duyDUT/logs_dtvt_13/logs0/Job14.log", "simid": "3"}
[2026-04-13 01:15:19.203 +0700] [PROCESS] [cadence.virtuoso.ade.simulationMonitor] - Point Finished {"hostname": "dtvt_13", "processid": 8052, "history": "ExplorerRun.0", "testname": "gmIdwl_gmid_1", "cornername": "Nominal", "point": 1, "logfile": "/home/dtvt_13/duyDUT/logs_dtvt_13/logs0/Job14.log"}
[2026-04-13 01:17:32.523 +0700] [INFO] [cadence.virtuoso.ade.simulationMonitor] - SimulationMonitor has terminated the vds process '9795', reason: 'Force to stop the expression evalutor process because of new run' {"history": "ExplorerRun.0", "point": 1, "testname": "gmIdwl_gmid_1", "cornername": "Nominal"}
[2026-04-13 01:17:32.524 +0700] [PROCESS] [cadence.virtuoso.ade.simulationMonitor] - HostInfo:
Host name (type):	dtvt_13 (x86_64)
Operating system:	Linux 3.10.0-1160.118.1.el7.x86_64 #1 SMP Wed Apr 24 16:01:50 UTC 2024 {"hostname": "dtvt_13", "processid": 8052, "history": "ExplorerRun.0", "testname": "gmIdwl_gmid_1", "cornername": "Nominal", "point": 1, "logfile": "/home/dtvt_13/duyDUT/logs_dtvt_13/logs0/Job14.log", "nodename": "dtvt_13", "domainname": "(none)", "machine": "x86_64", "sysname": "Linux", "release": "3.10.0-1160.118.1.el7.x86_64", "version": "#1 SMP Wed Apr 24 16:01:50 UTC 2024"}
[2026-04-13 01:17:32.524 +0700] [PROCESS] [cadence.virtuoso.ade.simulationMonitor] - UsageInfo:
pid=8052
totalPhysicalMemory=15.208324GB,Used=13.653904GB,totalVirtualMemory=22.895821GB,Used=13.717625GB
Cpu: Cores=24, Load average:0.200000,0.120000,0.070000 {"hostname": "dtvt_13", "processid": 8052, "history": "ExplorerRun.0", "testname": "gmIdwl_gmid_1", "cornername": "Nominal", "point": 1, "logfile": "/home/dtvt_13/duyDUT/logs_dtvt_13/logs0/Job14.log", "pid": "8052", "totalPhysicalMemory": "15.208324", "physicalMemoryUsed": "13.653904", "totalVirtualMemory": "22.895821", "virtualMemoryUsed": "13.717625", "cpuCores": "24", "processes": "2569", "loadAverage1": "0.200000", "loadAverage5": "0.120000", "loadAverage15": "0.070000", "loadAverage1Percent": "0.008333"}
[2026-04-13 01:17:32.524 +0700] [EVENT] [cadence.virtuoso.ade.simulationMonitor] - NewPoint {"history": "ExplorerRun.0", "point": 1, "testname": "gmIdwl_gmid_1", "cornername": "Nominal", "event": "NewPoint", "EventSource": "Simulation Monitor", "HistoryName": "ExplorerRun.0", "logFile": "/home/dtvt_13/duyDUT/logs_dtvt_13/logs0/Job14.log", "logFileSize": "38564"}
[2026-04-13 01:17:32.625 +0700] [EVENT] [cadence.virtuoso.ade.simulationMonitor] - NewPoint {"history": "ExplorerRun.0", "point": 1, "testname": "gmIdwl_gmid_1", "cornername": "Nominal", "event": "NewPoint", "EventSource": "spectre", "HistoryName": "ExplorerRun.0", "logFile": "/home/dtvt_13/simulation/gmIdwl/gmid/maestro/results/maestro/ExplorerRun.0/1/gmIdwl_gmid_1/psf/spectre.out", "logFileSize": "-1"}
[2026-04-13 01:17:32.635 +0700] [PROCESS] [cadence.virtuoso.ade.simulationMonitor] - Simulator launched {"hostname": "dtvt_13", "processid": 8052, "history": "ExplorerRun.0", "testname": "gmIdwl_gmid_1", "cornername": "Nominal", "point": 1, "logfile": "/home/dtvt_13/duyDUT/logs_dtvt_13/logs0/Job14.log", "simid": "4"}
[2026-04-13 01:17:32.644 +0700] [PROCESS] [cadence.virtuoso.ade.simulationMonitor] - Expression evaluator launched {"hostname": "dtvt_13", "processid": 8052, "history": "ExplorerRun.0", "testname": "gmIdwl_gmid_1", "cornername": "Nominal", "point": 1, "logfile": "/home/dtvt_13/duyDUT/logs_dtvt_13/logs0/Job14.log"}
[2026-04-13 01:17:32.657 +0700] [PROCESS] [cadence.virtuoso.ade.simulationMonitor] - Started Simulation {"hostname": "dtvt_13", "processid": 8052, "history": "ExplorerRun.0", "testname": "gmIdwl_gmid_1", "cornername": "Nominal", "point": 1, "logfile": "/home/dtvt_13/duyDUT/logs_dtvt_13/logs0/Job14.log"}
[2026-04-13 01:17:55.023 +0700] [INFO] [cadence.virtuoso.ade.simulationMonitor] - Peak resident memory used = 86.1 Mbytes. {"history": "ExplorerRun.0", "point": 1, "testname": "gmIdwl_gmid_1", "cornername": "Nominal"}
[2026-04-13 01:17:55.023 +0700] [INFO] [cadence.virtuoso.ade.simulationMonitor] - Peak resident memory used = 96.4 Mbytes. {"history": "ExplorerRun.0", "point": 1, "testname": "gmIdwl_gmid_1", "cornername": "Nominal"}
[2026-04-13 01:17:55.023 +0700] [INFO] [cadence.virtuoso.ade.simulationMonitor] - Notice from spectre during hierarchy flattening.
    The value 'psf' specified for the 'checklimitdest' option will no longer be supported in future releases. Use 'spectre -h' to see other recommended values for the 'checklimitdest' option. {"history": "ExplorerRun.0", "point": 1, "testname": "gmIdwl_gmid_1", "cornername": "Nominal"}
[2026-04-13 01:17:55.023 +0700] [INFO] [cadence.virtuoso.ade.simulationMonitor] - Peak resident memory used = 97.3 Mbytes. {"history": "ExplorerRun.0", "point": 1, "testname": "gmIdwl_gmid_1", "cornername": "Nominal"}
[2026-04-13 01:17:55.023 +0700] [WARN] [cadence.virtuoso.ade.simulationMonitor] -     WARNING (SPECTRE-8061): `PM0': Does not have a terminal named `is'. {"history": "ExplorerRun.0", "point": 1, "testname": "gmIdwl_gmid_1", "cornername": "Nominal"}
[2026-04-13 01:17:55.024 +0700] [WARN] [cadence.virtuoso.ade.simulationMonitor] -     WARNING (SPECTRE-8287): Ignoring invalid item `PM0:is' in save statement. {"history": "ExplorerRun.0", "point": 1, "testname": "gmIdwl_gmid_1", "cornername": "Nominal"}
[2026-04-13 01:17:55.024 +0700] [WARN] [cadence.virtuoso.ade.simulationMonitor] -     WARNING (SPECTRE-8061): `PM0': Does not have a terminal named `ids'. {"history": "ExplorerRun.0", "point": 1, "testname": "gmIdwl_gmid_1", "cornername": "Nominal"}
[2026-04-13 01:17:55.024 +0700] [WARN] [cadence.virtuoso.ade.simulationMonitor] -     WARNING (SPECTRE-8287): Ignoring invalid item `PM0:ids' in save statement. {"history": "ExplorerRun.0", "point": 1, "testname": "gmIdwl_gmid_1", "cornername": "Nominal"}
[2026-04-13 01:17:55.024 +0700] [WARN] [cadence.virtuoso.ade.simulationMonitor] -     WARNING (SPECTRE-8061): `PM0': Does not have a terminal named `vth'. {"history": "ExplorerRun.0", "point": 1, "testname": "gmIdwl_gmid_1", "cornername": "Nominal"}
[2026-04-13 01:17:55.024 +0700] [WARN] [cadence.virtuoso.ade.simulationMonitor] -     WARNING (SPECTRE-8287): Ignoring invalid item `PM0:vth' in save statement. {"history": "ExplorerRun.0", "point": 1, "testname": "gmIdwl_gmid_1", "cornername": "Nominal"}
[2026-04-13 01:17:55.024 +0700] [WARN] [cadence.virtuoso.ade.simulationMonitor] -     WARNING (SPECTRE-8061): `PM0': Does not have a terminal named `vgs'. {"history": "ExplorerRun.0", "point": 1, "testname": "gmIdwl_gmid_1", "cornername": "Nominal"}
[2026-04-13 01:17:55.024 +0700] [WARN] [cadence.virtuoso.ade.simulationMonitor] -     WARNING (SPECTRE-8287): Ignoring invalid item `PM0:vgs' in save statement. {"history": "ExplorerRun.0", "point": 1, "testname": "gmIdwl_gmid_1", "cornername": "Nominal"}
[2026-04-13 01:17:55.024 +0700] [WARN] [cadence.virtuoso.ade.simulationMonitor] -     WARNING (SPECTRE-8061): `PM0': Does not have a terminal named `id'.
        Further occurrences of this warning will be suppressed. {"history": "ExplorerRun.0", "point": 1, "testname": "gmIdwl_gmid_1", "cornername": "Nominal"}
[2026-04-13 01:17:55.024 +0700] [WARN] [cadence.virtuoso.ade.simulationMonitor] -     WARNING (SPECTRE-8287): Ignoring invalid item `PM0:id' in save statement.
        Further occurrences of this warning will be suppressed. {"history": "ExplorerRun.0", "point": 1, "testname": "gmIdwl_gmid_1", "cornername": "Nominal"}
[2026-04-13 01:17:55.024 +0700] [INFO] [cadence.virtuoso.ade.simulationMonitor] - Notice from spectre during initial setup.
    Multithreading is disabled due to the size of the design being too small. {"history": "ExplorerRun.0", "point": 1, "testname": "gmIdwl_gmid_1", "cornername": "Nominal"}
[2026-04-13 01:17:55.025 +0700] [INFO] [cadence.virtuoso.ade.simulationMonitor] -               nodes 3 {"history": "ExplorerRun.0", "point": 1, "testname": "gmIdwl_gmid_1", "cornername": "Nominal"}
[2026-04-13 01:17:55.025 +0700] [INFO] [cadence.virtuoso.ade.simulationMonitor] - Notice from spectre during initial setup.
    APS enabled.
    2 warnings suppressed. {"history": "ExplorerRun.0", "point": 1, "testname": "gmIdwl_gmid_1", "cornername": "Nominal"}
[2026-04-13 01:17:55.025 +0700] [INFO] [cadence.virtuoso.ade.simulationMonitor] - Peak resident memory used = 98.8 Mbytes. {"history": "ExplorerRun.0", "point": 1, "testname": "gmIdwl_gmid_1", "cornername": "Nominal"}
[2026-04-13 01:17:55.025 +0700] [INFO] [cadence.virtuoso.ade.simulationMonitor] -    -   (APS) Multi-threading. The recommended number of threads is 1, consider adding +mt=1 on command line. {"history": "ExplorerRun.0", "point": 1, "testname": "gmIdwl_gmid_1", "cornername": "Nominal"}
[2026-04-13 01:17:55.025 +0700] [INFO] [cadence.virtuoso.ade.simulationMonitor] - Total time required for dc analysis `dcOp': CPU = 4.553 ms, elapsed = 5.60713 ms. {"history": "ExplorerRun.0", "point": 1, "testname": "gmIdwl_gmid_1", "cornername": "Nominal"}
[2026-04-13 01:17:55.025 +0700] [INFO] [cadence.virtuoso.ade.simulationMonitor] - Peak resident memory used = 101 Mbytes. {"history": "ExplorerRun.0", "point": 1, "testname": "gmIdwl_gmid_1", "cornername": "Nominal"}
[2026-04-13 01:17:55.526 +0700] [PROCESS] [cadence.virtuoso.ade.simulationMonitor] - Finished simulating for one point {"hostname": "dtvt_13", "processid": 8052, "history": "ExplorerRun.0", "testname": "gmIdwl_gmid_1", "cornername": "Nominal", "point": 1, "logfile": "/home/dtvt_13/duyDUT/logs_dtvt_13/logs0/Job14.log", "simid": "4"}
[2026-04-13 01:17:55.526 +0700] [INFO] [cadence.virtuoso.ade.simulationMonitor] - Notice from spectre at vsg = 1.8 during DC analysis `dc'.
    The value of parameter 'vsg' has been reset to the original value 0.5. {"history": "ExplorerRun.0", "point": 1, "testname": "gmIdwl_gmid_1", "cornername": "Nominal"}
[2026-04-13 01:17:55.526 +0700] [INFO] [cadence.virtuoso.ade.simulationMonitor] - Total time required for dc analysis `dc': CPU = 429.289 ms, elapsed = 430.433 ms. {"history": "ExplorerRun.0", "point": 1, "testname": "gmIdwl_gmid_1", "cornername": "Nominal"}
[2026-04-13 01:17:55.527 +0700] [INFO] [cadence.virtuoso.ade.simulationMonitor] - Peak resident memory used = 102 Mbytes. {"history": "ExplorerRun.0", "point": 1, "testname": "gmIdwl_gmid_1", "cornername": "Nominal"}
[2026-04-13 01:17:55.527 +0700] [INFO] [cadence.virtuoso.ade.simulationMonitor] - Time used: CPU = 971 ms, elapsed = 22.2 s, util. = 4.38%. {"history": "ExplorerRun.0", "point": 1, "testname": "gmIdwl_gmid_1", "cornername": "Nominal"}
[2026-04-13 01:17:55.527 +0700] [INFO] [cadence.virtuoso.ade.simulationMonitor] - Time spent in licensing: elapsed = 20.7 s, percentage of total = 93.2%. {"history": "ExplorerRun.0", "point": 1, "testname": "gmIdwl_gmid_1", "cornername": "Nominal"}
[2026-04-13 01:17:55.527 +0700] [INFO] [cadence.virtuoso.ade.simulationMonitor] - Peak memory used = 111 Mbytes. {"history": "ExplorerRun.0", "point": 1, "testname": "gmIdwl_gmid_1", "cornername": "Nominal"}
[2026-04-13 01:17:55.527 +0700] [PROCESS] [cadence.virtuoso.ade.simulationMonitor] - Simulation started at: 1:17:33 AM, Mon Apr 13, 2026, ended at: 1:17:55 AM, Mon Apr 13, 2026, with elapsed time (wall clock): 22.2 s. {"history": "ExplorerRun.0", "point": 1, "testname": "gmIdwl_gmid_1", "cornername": "Nominal"}
[2026-04-13 01:17:55.527 +0700] [PROCESS] [cadence.virtuoso.ade.simulationMonitor] - spectre completes with 0 errors, 10 warnings, and 6 notices. {"history": "ExplorerRun.0", "point": 1, "testname": "gmIdwl_gmid_1", "cornername": "Nominal"}
[2026-04-13 01:17:55.527 +0700] [PROCESS] [cadence.virtuoso.ade.simulationMonitor] - Simulator exited {"hostname": "dtvt_13", "processid": 8052, "history": "ExplorerRun.0", "testname": "gmIdwl_gmid_1", "cornername": "Nominal", "point": 1, "logfile": "/home/dtvt_13/duyDUT/logs_dtvt_13/logs0/Job14.log", "exitStatus": "0"}
[2026-04-13 01:17:55.528 +0700] [PROCESS] [cadence.virtuoso.ade.simulationMonitor] - Finished Simulation {"hostname": "dtvt_13", "processid": 8052, "history": "ExplorerRun.0", "testname": "gmIdwl_gmid_1", "cornername": "Nominal", "point": 1, "logfile": "/home/dtvt_13/duyDUT/logs_dtvt_13/logs0/Job14.log", "simid": "4"}
[2026-04-13 01:17:56.541 +0700] [PROCESS] [cadence.virtuoso.ade.simulationMonitor] - Point Finished {"hostname": "dtvt_13", "processid": 8052, "history": "ExplorerRun.0", "testname": "gmIdwl_gmid_1", "cornername": "Nominal", "point": 1, "logfile": "/home/dtvt_13/duyDUT/logs_dtvt_13/logs0/Job14.log"}
[2026-04-13 01:22:57.220 +0700] [PROCESS] [cadence.virtuoso.ade.simulationMonitor] - Current memory used: 32.2461 MBytes, peak memory used: 32.2461 MBytes {"hostname": "dtvt_13", "processid": 8052, "history": "ExplorerRun.0", "testname": "gmIdwl_gmid_1", "cornername": "Nominal", "point": 1, "logfile": "/home/dtvt_13/duyDUT/logs_dtvt_13/logs0/Job14.log"}
[2026-04-13 01:22:57.221 +0700] [PROCESS] [cadence.virtuoso.ade.simulationMonitor] - Simulation Monitor process exit. {"hostname": "dtvt_13", "processid": 8052, "history": "ExplorerRun.0", "testname": "gmIdwl_gmid_1", "cornername": "Nominal", "point": 1, "logfile": "/home/dtvt_13/duyDUT/logs_dtvt_13/logs0/Job14.log"}
