[Simulation Monitor: 11]
[2026-04-13 00:32:33.640 +0700] [PROCESS] [cadence.virtuoso.ade.simulationMonitor] - Simulation Monitor has successfully started up. Trying to set up communication channels to other components ... {"hostname": "dtvt_13", "processid": 32188, "logfile": "/home/dtvt_13/duyDUT/logs_dtvt_13/logs0/Job11.log"}
[2026-04-13 00:32:33.640 +0700] [PROCESS] [cadence.virtuoso.ade.simulationMonitor] - Communication channels have been successfully set up. Start processing events ... {"hostname": "dtvt_13", "processid": 32188, "logfile": "/home/dtvt_13/duyDUT/logs_dtvt_13/logs0/Job11.log"}
[2026-04-13 00:32:33.640 +0700] [PROCESS] [cadence.virtuoso.ade.simulationMonitor] - Considering to start history {"hostname": "dtvt_13", "processid": 32188, "history": "ExplorerRun.0", "logfile": "/home/dtvt_13/duyDUT/logs_dtvt_13/logs0/Job11.log"}
[2026-04-13 00:32:33.641 +0700] [PROCESS] [cadence.virtuoso.ade.simulationMonitor] - HostInfo:
Host name (type):	dtvt_13 (x86_64)
Operating system:	Linux 3.10.0-1160.118.1.el7.x86_64 #1 SMP Wed Apr 24 16:01:50 UTC 2024 {"hostname": "dtvt_13", "processid": 32188, "history": "ExplorerRun.0", "logfile": "/home/dtvt_13/duyDUT/logs_dtvt_13/logs0/Job11.log", "nodename": "dtvt_13", "domainname": "(none)", "machine": "x86_64", "sysname": "Linux", "release": "3.10.0-1160.118.1.el7.x86_64", "version": "#1 SMP Wed Apr 24 16:01:50 UTC 2024"}
[2026-04-13 00:32:33.642 +0700] [PROCESS] [cadence.virtuoso.ade.simulationMonitor] - UsageInfo:
pid=32188
totalPhysicalMemory=15.208324GB,Used=13.612633GB,totalVirtualMemory=22.895821GB,Used=13.676353GB
Cpu: Cores=24, Load average:0.100000,0.170000,0.220000 {"hostname": "dtvt_13", "processid": 32188, "history": "ExplorerRun.0", "logfile": "/home/dtvt_13/duyDUT/logs_dtvt_13/logs0/Job11.log", "pid": "32188", "totalPhysicalMemory": "15.208324", "physicalMemoryUsed": "13.612633", "totalVirtualMemory": "22.895821", "virtualMemoryUsed": "13.676353", "cpuCores": "24", "processes": "2586", "loadAverage1": "0.100000", "loadAverage5": "0.170000", "loadAverage15": "0.220000", "loadAverage1Percent": "0.004167"}
[2026-04-13 00:32:33.642 +0700] [EVENT] [cadence.virtuoso.ade.simulationMonitor] - NewPoint {"history": "ExplorerRun.0", "point": 1, "testname": "gmIdwl_gmid_1", "cornername": "Nominal", "event": "NewPoint", "EventSource": "Simulation Monitor", "HistoryName": "ExplorerRun.0", "logFile": "/home/dtvt_13/duyDUT/logs_dtvt_13/logs0/Job11.log", "logFileSize": "2100"}
[2026-04-13 00:32:33.743 +0700] [EVENT] [cadence.virtuoso.ade.simulationMonitor] - NewPoint {"history": "ExplorerRun.0", "point": 1, "testname": "gmIdwl_gmid_1", "cornername": "Nominal", "event": "NewPoint", "EventSource": "spectre", "HistoryName": "ExplorerRun.0", "logFile": "/home/dtvt_13/simulation/gmIdwl/gmid/maestro/results/maestro/ExplorerRun.0/1/gmIdwl_gmid_1/psf/spectre.out", "logFileSize": "-1"}
[2026-04-13 00:32:33.753 +0700] [PROCESS] [cadence.virtuoso.ade.simulationMonitor] - Simulator launched {"hostname": "dtvt_13", "processid": 32188, "history": "ExplorerRun.0", "testname": "gmIdwl_gmid_1", "cornername": "Nominal", "point": 1, "logfile": "/home/dtvt_13/duyDUT/logs_dtvt_13/logs0/Job11.log", "simid": "1"}
[2026-04-13 00:32:33.757 +0700] [PROCESS] [cadence.virtuoso.ade.simulationMonitor] - Expression evaluator launched {"hostname": "dtvt_13", "processid": 32188, "history": "ExplorerRun.0", "testname": "gmIdwl_gmid_1", "cornername": "Nominal", "point": 1, "logfile": "/home/dtvt_13/duyDUT/logs_dtvt_13/logs0/Job11.log"}
[2026-04-13 00:32:33.772 +0700] [PROCESS] [cadence.virtuoso.ade.simulationMonitor] - Started Simulation {"hostname": "dtvt_13", "processid": 32188, "history": "ExplorerRun.0", "testname": "gmIdwl_gmid_1", "cornername": "Nominal", "point": 1, "logfile": "/home/dtvt_13/duyDUT/logs_dtvt_13/logs0/Job11.log"}
[2026-04-13 00:32:56.110 +0700] [INFO] [cadence.virtuoso.ade.simulationMonitor] - Peak resident memory used = 86.1 Mbytes. {"history": "ExplorerRun.0", "point": 1, "testname": "gmIdwl_gmid_1", "cornername": "Nominal"}
[2026-04-13 00:32:56.110 +0700] [INFO] [cadence.virtuoso.ade.simulationMonitor] - Peak resident memory used = 96.4 Mbytes. {"history": "ExplorerRun.0", "point": 1, "testname": "gmIdwl_gmid_1", "cornername": "Nominal"}
[2026-04-13 00:32:56.111 +0700] [INFO] [cadence.virtuoso.ade.simulationMonitor] - Notice from spectre during hierarchy flattening.
    The value 'psf' specified for the 'checklimitdest' option will no longer be supported in future releases. Use 'spectre -h' to see other recommended values for the 'checklimitdest' option. {"history": "ExplorerRun.0", "point": 1, "testname": "gmIdwl_gmid_1", "cornername": "Nominal"}
[2026-04-13 00:32:56.111 +0700] [INFO] [cadence.virtuoso.ade.simulationMonitor] - Peak resident memory used = 97.3 Mbytes. {"history": "ExplorerRun.0", "point": 1, "testname": "gmIdwl_gmid_1", "cornername": "Nominal"}
[2026-04-13 00:32:56.111 +0700] [WARN] [cadence.virtuoso.ade.simulationMonitor] -     WARNING (SPECTRE-8061): `PM0': Does not have a terminal named `ids'. {"history": "ExplorerRun.0", "point": 1, "testname": "gmIdwl_gmid_1", "cornername": "Nominal"}
[2026-04-13 00:32:56.111 +0700] [WARN] [cadence.virtuoso.ade.simulationMonitor] -     WARNING (SPECTRE-8287): Ignoring invalid item `PM0:ids' in save statement. {"history": "ExplorerRun.0", "point": 1, "testname": "gmIdwl_gmid_1", "cornername": "Nominal"}
[2026-04-13 00:32:56.111 +0700] [WARN] [cadence.virtuoso.ade.simulationMonitor] -     WARNING (SPECTRE-8061): `PM0': Does not have a terminal named `vth'. {"history": "ExplorerRun.0", "point": 1, "testname": "gmIdwl_gmid_1", "cornername": "Nominal"}
[2026-04-13 00:32:56.111 +0700] [WARN] [cadence.virtuoso.ade.simulationMonitor] -     WARNING (SPECTRE-8287): Ignoring invalid item `PM0:vth' in save statement. {"history": "ExplorerRun.0", "point": 1, "testname": "gmIdwl_gmid_1", "cornername": "Nominal"}
[2026-04-13 00:32:56.111 +0700] [WARN] [cadence.virtuoso.ade.simulationMonitor] -     WARNING (SPECTRE-8061): `PM0': Does not have a terminal named `vgs'. {"history": "ExplorerRun.0", "point": 1, "testname": "gmIdwl_gmid_1", "cornername": "Nominal"}
[2026-04-13 00:32:56.111 +0700] [WARN] [cadence.virtuoso.ade.simulationMonitor] -     WARNING (SPECTRE-8287): Ignoring invalid item `PM0:vgs' in save statement. {"history": "ExplorerRun.0", "point": 1, "testname": "gmIdwl_gmid_1", "cornername": "Nominal"}
[2026-04-13 00:32:56.112 +0700] [WARN] [cadence.virtuoso.ade.simulationMonitor] -     WARNING (SPECTRE-8061): `PM0': Does not have a terminal named `id'. {"history": "ExplorerRun.0", "point": 1, "testname": "gmIdwl_gmid_1", "cornername": "Nominal"}
[2026-04-13 00:32:56.112 +0700] [WARN] [cadence.virtuoso.ade.simulationMonitor] -     WARNING (SPECTRE-8287): Ignoring invalid item `PM0:id' in save statement. {"history": "ExplorerRun.0", "point": 1, "testname": "gmIdwl_gmid_1", "cornername": "Nominal"}
[2026-04-13 00:32:56.112 +0700] [WARN] [cadence.virtuoso.ade.simulationMonitor] -     WARNING (SPECTRE-8061): `PM0': Does not have a terminal named `gm'.
        Further occurrences of this warning will be suppressed. {"history": "ExplorerRun.0", "point": 1, "testname": "gmIdwl_gmid_1", "cornername": "Nominal"}
[2026-04-13 00:32:56.112 +0700] [WARN] [cadence.virtuoso.ade.simulationMonitor] -     WARNING (SPECTRE-8287): Ignoring invalid item `PM0:gm' in save statement.
        Further occurrences of this warning will be suppressed. {"history": "ExplorerRun.0", "point": 1, "testname": "gmIdwl_gmid_1", "cornername": "Nominal"}
[2026-04-13 00:32:56.112 +0700] [INFO] [cadence.virtuoso.ade.simulationMonitor] - Notice from spectre during initial setup.
    Multithreading is disabled due to the size of the design being too small. {"history": "ExplorerRun.0", "point": 1, "testname": "gmIdwl_gmid_1", "cornername": "Nominal"}
[2026-04-13 00:32:56.112 +0700] [INFO] [cadence.virtuoso.ade.simulationMonitor] -               nodes 3 {"history": "ExplorerRun.0", "point": 1, "testname": "gmIdwl_gmid_1", "cornername": "Nominal"}
[2026-04-13 00:32:56.112 +0700] [INFO] [cadence.virtuoso.ade.simulationMonitor] - Notice from spectre during initial setup.
    APS enabled. {"history": "ExplorerRun.0", "point": 1, "testname": "gmIdwl_gmid_1", "cornername": "Nominal"}
[2026-04-13 00:32:56.112 +0700] [INFO] [cadence.virtuoso.ade.simulationMonitor] - Peak resident memory used = 98.8 Mbytes. {"history": "ExplorerRun.0", "point": 1, "testname": "gmIdwl_gmid_1", "cornername": "Nominal"}
[2026-04-13 00:32:56.112 +0700] [INFO] [cadence.virtuoso.ade.simulationMonitor] -    -   (APS) Multi-threading. The recommended number of threads is 1, consider adding +mt=1 on command line. {"history": "ExplorerRun.0", "point": 1, "testname": "gmIdwl_gmid_1", "cornername": "Nominal"}
[2026-04-13 00:32:56.112 +0700] [INFO] [cadence.virtuoso.ade.simulationMonitor] - Total time required for dc analysis `dcOp': CPU = 1.885 ms, elapsed = 2.84791 ms. {"history": "ExplorerRun.0", "point": 1, "testname": "gmIdwl_gmid_1", "cornername": "Nominal"}
[2026-04-13 00:32:56.112 +0700] [INFO] [cadence.virtuoso.ade.simulationMonitor] - Peak resident memory used = 101 Mbytes. {"history": "ExplorerRun.0", "point": 1, "testname": "gmIdwl_gmid_1", "cornername": "Nominal"}
[2026-04-13 00:32:57.113 +0700] [INFO] [cadence.virtuoso.ade.simulationMonitor] - Notice from spectre at vsg = 1.8 during DC analysis `dc'.
    The value of parameter 'vsg' has been reset to the original value 0.5. {"history": "ExplorerRun.0", "point": 1, "testname": "gmIdwl_gmid_1", "cornername": "Nominal"}
[2026-04-13 00:32:57.113 +0700] [INFO] [cadence.virtuoso.ade.simulationMonitor] - Total time required for dc analysis `dc': CPU = 1.2109 s, elapsed = 1.21204 s. {"history": "ExplorerRun.0", "point": 1, "testname": "gmIdwl_gmid_1", "cornername": "Nominal"}
[2026-04-13 00:32:57.114 +0700] [INFO] [cadence.virtuoso.ade.simulationMonitor] - Peak resident memory used = 102 Mbytes. {"history": "ExplorerRun.0", "point": 1, "testname": "gmIdwl_gmid_1", "cornername": "Nominal"}
[2026-04-13 00:32:57.615 +0700] [PROCESS] [cadence.virtuoso.ade.simulationMonitor] - Finished simulating for one point {"hostname": "dtvt_13", "processid": 32188, "history": "ExplorerRun.0", "testname": "gmIdwl_gmid_1", "cornername": "Nominal", "point": 1, "logfile": "/home/dtvt_13/duyDUT/logs_dtvt_13/logs0/Job11.log", "simid": "1"}
[2026-04-13 00:32:57.616 +0700] [INFO] [cadence.virtuoso.ade.simulationMonitor] - Time used: CPU = 1.76 s, elapsed = 22.9 s, util. = 7.66%. {"history": "ExplorerRun.0", "point": 1, "testname": "gmIdwl_gmid_1", "cornername": "Nominal"}
[2026-04-13 00:32:57.617 +0700] [INFO] [cadence.virtuoso.ade.simulationMonitor] - Time spent in licensing: elapsed = 20.6 s, percentage of total = 89.8%. {"history": "ExplorerRun.0", "point": 1, "testname": "gmIdwl_gmid_1", "cornername": "Nominal"}
[2026-04-13 00:32:57.617 +0700] [INFO] [cadence.virtuoso.ade.simulationMonitor] - Peak memory used = 111 Mbytes. {"history": "ExplorerRun.0", "point": 1, "testname": "gmIdwl_gmid_1", "cornername": "Nominal"}
[2026-04-13 00:32:57.617 +0700] [PROCESS] [cadence.virtuoso.ade.simulationMonitor] - Simulation started at: 12:32:34 AM, Mon Apr 13, 2026, ended at: 12:32:56 AM, Mon Apr 13, 2026, with elapsed time (wall clock): 22.9 s. {"history": "ExplorerRun.0", "point": 1, "testname": "gmIdwl_gmid_1", "cornername": "Nominal"}
[2026-04-13 00:32:57.618 +0700] [PROCESS] [cadence.virtuoso.ade.simulationMonitor] - spectre completes with 0 errors, 10 warnings, and 5 notices. {"history": "ExplorerRun.0", "point": 1, "testname": "gmIdwl_gmid_1", "cornername": "Nominal"}
[2026-04-13 00:32:57.618 +0700] [PROCESS] [cadence.virtuoso.ade.simulationMonitor] - Simulator exited {"hostname": "dtvt_13", "processid": 32188, "history": "ExplorerRun.0", "testname": "gmIdwl_gmid_1", "cornername": "Nominal", "point": 1, "logfile": "/home/dtvt_13/duyDUT/logs_dtvt_13/logs0/Job11.log", "exitStatus": "0"}
[2026-04-13 00:32:57.618 +0700] [PROCESS] [cadence.virtuoso.ade.simulationMonitor] - Finished Simulation {"hostname": "dtvt_13", "processid": 32188, "history": "ExplorerRun.0", "testname": "gmIdwl_gmid_1", "cornername": "Nominal", "point": 1, "logfile": "/home/dtvt_13/duyDUT/logs_dtvt_13/logs0/Job11.log", "simid": "1"}
[2026-04-13 00:32:58.133 +0700] [PROCESS] [cadence.virtuoso.ade.simulationMonitor] - Point Finished {"hostname": "dtvt_13", "processid": 32188, "history": "ExplorerRun.0", "testname": "gmIdwl_gmid_1", "cornername": "Nominal", "point": 1, "logfile": "/home/dtvt_13/duyDUT/logs_dtvt_13/logs0/Job11.log"}
[2026-04-13 00:37:59.319 +0700] [PROCESS] [cadence.virtuoso.ade.simulationMonitor] - Current memory used: 32.1641 MBytes, peak memory used: 32.1641 MBytes {"hostname": "dtvt_13", "processid": 32188, "history": "ExplorerRun.0", "testname": "gmIdwl_gmid_1", "cornername": "Nominal", "point": 1, "logfile": "/home/dtvt_13/duyDUT/logs_dtvt_13/logs0/Job11.log"}
[2026-04-13 00:37:59.320 +0700] [PROCESS] [cadence.virtuoso.ade.simulationMonitor] - Simulation Monitor process exit. {"hostname": "dtvt_13", "processid": 32188, "history": "ExplorerRun.0", "testname": "gmIdwl_gmid_1", "cornername": "Nominal", "point": 1, "logfile": "/home/dtvt_13/duyDUT/logs_dtvt_13/logs0/Job11.log"}
