[Simulation Monitor: 18]
[2026-04-08 00:19:36.593 +0700] [PROCESS] [cadence.virtuoso.ade.simulationMonitor] - Simulation Monitor has successfully started up. Trying to set up communication channels to other components ... {"hostname": "dtvt_13", "processid": 5951, "logfile": "/home/dtvt_13/duyDUT/logs_dtvt_13/logs0/Job18.log"}
[2026-04-08 00:19:36.594 +0700] [PROCESS] [cadence.virtuoso.ade.simulationMonitor] - Communication channels have been successfully set up. Start processing events ... {"hostname": "dtvt_13", "processid": 5951, "logfile": "/home/dtvt_13/duyDUT/logs_dtvt_13/logs0/Job18.log"}
[2026-04-08 00:19:36.594 +0700] [PROCESS] [cadence.virtuoso.ade.simulationMonitor] - Considering to start history {"hostname": "dtvt_13", "processid": 5951, "history": "ExplorerRun.0", "logfile": "/home/dtvt_13/duyDUT/logs_dtvt_13/logs0/Job18.log"}
[2026-04-08 00:19:36.594 +0700] [PROCESS] [cadence.virtuoso.ade.simulationMonitor] - HostInfo:
Host name (type):	dtvt_13 (x86_64)
Operating system:	Linux 3.10.0-1160.118.1.el7.x86_64 #1 SMP Wed Apr 24 16:01:50 UTC 2024 {"hostname": "dtvt_13", "processid": 5951, "history": "ExplorerRun.0", "logfile": "/home/dtvt_13/duyDUT/logs_dtvt_13/logs0/Job18.log", "nodename": "dtvt_13", "domainname": "(none)", "machine": "x86_64", "sysname": "Linux", "release": "3.10.0-1160.118.1.el7.x86_64", "version": "#1 SMP Wed Apr 24 16:01:50 UTC 2024"}
[2026-04-08 00:19:36.595 +0700] [PROCESS] [cadence.virtuoso.ade.simulationMonitor] - UsageInfo:
pid=5951
totalPhysicalMemory=15.208324GB,Used=14.620720GB,totalVirtualMemory=22.895821GB,Used=14.640739GB
Cpu: Cores=24, Load average:0.420000,0.330000,0.320000 {"hostname": "dtvt_13", "processid": 5951, "history": "ExplorerRun.0", "logfile": "/home/dtvt_13/duyDUT/logs_dtvt_13/logs0/Job18.log", "pid": "5951", "totalPhysicalMemory": "15.208324", "physicalMemoryUsed": "14.620720", "totalVirtualMemory": "22.895821", "virtualMemoryUsed": "14.640739", "cpuCores": "24", "processes": "2657", "loadAverage1": "0.420000", "loadAverage5": "0.330000", "loadAverage15": "0.320000", "loadAverage1Percent": "0.017500"}
[2026-04-08 00:19:36.595 +0700] [EVENT] [cadence.virtuoso.ade.simulationMonitor] - NewPoint {"history": "ExplorerRun.0", "point": 1, "testname": "gmIdwl_WL_1", "cornername": "Nominal", "event": "NewPoint", "EventSource": "Simulation Monitor", "HistoryName": "ExplorerRun.0", "logFile": "/home/dtvt_13/duyDUT/logs_dtvt_13/logs0/Job18.log", "logFileSize": "2093"}
[2026-04-08 00:19:36.697 +0700] [EVENT] [cadence.virtuoso.ade.simulationMonitor] - NewPoint {"history": "ExplorerRun.0", "point": 1, "testname": "gmIdwl_WL_1", "cornername": "Nominal", "event": "NewPoint", "EventSource": "spectre", "HistoryName": "ExplorerRun.0", "logFile": "/home/dtvt_13/simulation/gmIdwl/WL/maestro/results/maestro/ExplorerRun.0/1/gmIdwl_WL_1/psf/spectre.out", "logFileSize": "-1"}
[2026-04-08 00:19:36.699 +0700] [PROCESS] [cadence.virtuoso.ade.simulationMonitor] - Simulator launched {"hostname": "dtvt_13", "processid": 5951, "history": "ExplorerRun.0", "testname": "gmIdwl_WL_1", "cornername": "Nominal", "point": 1, "logfile": "/home/dtvt_13/duyDUT/logs_dtvt_13/logs0/Job18.log", "simid": "1"}
[2026-04-08 00:19:36.701 +0700] [PROCESS] [cadence.virtuoso.ade.simulationMonitor] - Expression evaluator launched {"hostname": "dtvt_13", "processid": 5951, "history": "ExplorerRun.0", "testname": "gmIdwl_WL_1", "cornername": "Nominal", "point": 1, "logfile": "/home/dtvt_13/duyDUT/logs_dtvt_13/logs0/Job18.log"}
[2026-04-08 00:19:36.705 +0700] [PROCESS] [cadence.virtuoso.ade.simulationMonitor] - Started Simulation {"hostname": "dtvt_13", "processid": 5951, "history": "ExplorerRun.0", "testname": "gmIdwl_WL_1", "cornername": "Nominal", "point": 1, "logfile": "/home/dtvt_13/duyDUT/logs_dtvt_13/logs0/Job18.log"}
[2026-04-08 00:19:58.584 +0700] [PROCESS] [cadence.virtuoso.ade.simulationMonitor] - Finished simulating for one point {"hostname": "dtvt_13", "processid": 5951, "history": "ExplorerRun.0", "testname": "gmIdwl_WL_1", "cornername": "Nominal", "point": 1, "logfile": "/home/dtvt_13/duyDUT/logs_dtvt_13/logs0/Job18.log", "simid": "1"}
[2026-04-08 00:19:58.585 +0700] [INFO] [cadence.virtuoso.ade.simulationMonitor] - Peak resident memory used = 86 Mbytes. {"history": "ExplorerRun.0", "point": 1, "testname": "gmIdwl_WL_1", "cornername": "Nominal"}
[2026-04-08 00:19:58.585 +0700] [INFO] [cadence.virtuoso.ade.simulationMonitor] - Peak resident memory used = 96.4 Mbytes. {"history": "ExplorerRun.0", "point": 1, "testname": "gmIdwl_WL_1", "cornername": "Nominal"}
[2026-04-08 00:19:58.585 +0700] [INFO] [cadence.virtuoso.ade.simulationMonitor] - Notice from spectre during hierarchy flattening.
    The value 'psf' specified for the 'checklimitdest' option will no longer be supported in future releases. Use 'spectre -h' to see other recommended values for the 'checklimitdest' option. {"history": "ExplorerRun.0", "point": 1, "testname": "gmIdwl_WL_1", "cornername": "Nominal"}
[2026-04-08 00:19:58.585 +0700] [INFO] [cadence.virtuoso.ade.simulationMonitor] - Peak resident memory used = 97.3 Mbytes. {"history": "ExplorerRun.0", "point": 1, "testname": "gmIdwl_WL_1", "cornername": "Nominal"}
[2026-04-08 00:19:58.585 +0700] [INFO] [cadence.virtuoso.ade.simulationMonitor] - Notice from spectre during initial setup.
    Multithreading is disabled due to the size of the design being too small. {"history": "ExplorerRun.0", "point": 1, "testname": "gmIdwl_WL_1", "cornername": "Nominal"}
[2026-04-08 00:19:58.585 +0700] [INFO] [cadence.virtuoso.ade.simulationMonitor] -               nodes 2 {"history": "ExplorerRun.0", "point": 1, "testname": "gmIdwl_WL_1", "cornername": "Nominal"}
[2026-04-08 00:19:58.585 +0700] [INFO] [cadence.virtuoso.ade.simulationMonitor] - Notice from spectre during initial setup.
    APS enabled. {"history": "ExplorerRun.0", "point": 1, "testname": "gmIdwl_WL_1", "cornername": "Nominal"}
[2026-04-08 00:19:58.585 +0700] [INFO] [cadence.virtuoso.ade.simulationMonitor] - Peak resident memory used = 98.8 Mbytes. {"history": "ExplorerRun.0", "point": 1, "testname": "gmIdwl_WL_1", "cornername": "Nominal"}
[2026-04-08 00:19:58.585 +0700] [INFO] [cadence.virtuoso.ade.simulationMonitor] -    -   (APS) Multi-threading. The recommended number of threads is 1, consider adding +mt=1 on command line. {"history": "ExplorerRun.0", "point": 1, "testname": "gmIdwl_WL_1", "cornername": "Nominal"}
[2026-04-08 00:19:58.586 +0700] [INFO] [cadence.virtuoso.ade.simulationMonitor] - Total time required for dc analysis `dcOp': CPU = 1.217 ms, elapsed = 2.23923 ms. {"history": "ExplorerRun.0", "point": 1, "testname": "gmIdwl_WL_1", "cornername": "Nominal"}
[2026-04-08 00:19:58.586 +0700] [INFO] [cadence.virtuoso.ade.simulationMonitor] - Peak resident memory used = 100 Mbytes. {"history": "ExplorerRun.0", "point": 1, "testname": "gmIdwl_WL_1", "cornername": "Nominal"}
[2026-04-08 00:19:58.586 +0700] [INFO] [cadence.virtuoso.ade.simulationMonitor] - Notice from spectre at vsg = 1.8 during DC analysis `dc'.
    The value of parameter 'vsg' has been reset to the original value 0.5. {"history": "ExplorerRun.0", "point": 1, "testname": "gmIdwl_WL_1", "cornername": "Nominal"}
[2026-04-08 00:19:58.586 +0700] [INFO] [cadence.virtuoso.ade.simulationMonitor] - Total time required for dc analysis `dc': CPU = 3.988 ms, elapsed = 4.96817 ms. {"history": "ExplorerRun.0", "point": 1, "testname": "gmIdwl_WL_1", "cornername": "Nominal"}
[2026-04-08 00:19:58.586 +0700] [INFO] [cadence.virtuoso.ade.simulationMonitor] - Peak resident memory used = 101 Mbytes. {"history": "ExplorerRun.0", "point": 1, "testname": "gmIdwl_WL_1", "cornername": "Nominal"}
[2026-04-08 00:19:58.586 +0700] [INFO] [cadence.virtuoso.ade.simulationMonitor] - Time used: CPU = 474 ms, elapsed = 21.3 s, util. = 2.22%. {"history": "ExplorerRun.0", "point": 1, "testname": "gmIdwl_WL_1", "cornername": "Nominal"}
[2026-04-08 00:19:58.586 +0700] [INFO] [cadence.virtuoso.ade.simulationMonitor] - Time spent in licensing: elapsed = 20.3 s, percentage of total = 95%. {"history": "ExplorerRun.0", "point": 1, "testname": "gmIdwl_WL_1", "cornername": "Nominal"}
[2026-04-08 00:19:58.586 +0700] [INFO] [cadence.virtuoso.ade.simulationMonitor] - Peak memory used = 110 Mbytes. {"history": "ExplorerRun.0", "point": 1, "testname": "gmIdwl_WL_1", "cornername": "Nominal"}
[2026-04-08 00:19:58.586 +0700] [PROCESS] [cadence.virtuoso.ade.simulationMonitor] - Simulation started at: 12:19:36 AM, Wed Apr 8, 2026, ended at: 12:19:58 AM, Wed Apr 8, 2026, with elapsed time (wall clock): 21.3 s. {"history": "ExplorerRun.0", "point": 1, "testname": "gmIdwl_WL_1", "cornername": "Nominal"}
[2026-04-08 00:19:58.586 +0700] [PROCESS] [cadence.virtuoso.ade.simulationMonitor] - spectre completes with 0 errors, 0 warnings, and 5 notices. {"history": "ExplorerRun.0", "point": 1, "testname": "gmIdwl_WL_1", "cornername": "Nominal"}
[2026-04-08 00:19:58.586 +0700] [PROCESS] [cadence.virtuoso.ade.simulationMonitor] - Simulator exited {"hostname": "dtvt_13", "processid": 5951, "history": "ExplorerRun.0", "testname": "gmIdwl_WL_1", "cornername": "Nominal", "point": 1, "logfile": "/home/dtvt_13/duyDUT/logs_dtvt_13/logs0/Job18.log", "exitStatus": "0"}
[2026-04-08 00:19:58.586 +0700] [PROCESS] [cadence.virtuoso.ade.simulationMonitor] - Finished Simulation {"hostname": "dtvt_13", "processid": 5951, "history": "ExplorerRun.0", "testname": "gmIdwl_WL_1", "cornername": "Nominal", "point": 1, "logfile": "/home/dtvt_13/duyDUT/logs_dtvt_13/logs0/Job18.log", "simid": "1"}
[2026-04-08 00:19:59.090 +0700] [PROCESS] [cadence.virtuoso.ade.simulationMonitor] - Point Finished {"hostname": "dtvt_13", "processid": 5951, "history": "ExplorerRun.0", "testname": "gmIdwl_WL_1", "cornername": "Nominal", "point": 1, "logfile": "/home/dtvt_13/duyDUT/logs_dtvt_13/logs0/Job18.log"}
[2026-04-08 00:20:00.094 +0700] [PROCESS] [cadence.virtuoso.ade.simulationMonitor] - Stay with the runId '4', Linger time '300', currentRunSyn '9', currentTestSyn '9' {"hostname": "dtvt_13", "processid": 5951, "history": "ExplorerRun.0", "testname": "gmIdwl_WL_1", "cornername": "Nominal", "point": 1, "logfile": "/home/dtvt_13/duyDUT/logs_dtvt_13/logs0/Job18.log"}
[2026-04-08 00:25:00.195 +0700] [PROCESS] [cadence.virtuoso.ade.simulationMonitor] - Current memory used: 32.1602 MBytes, peak memory used: 32.1602 MBytes {"hostname": "dtvt_13", "processid": 5951, "history": "ExplorerRun.0", "testname": "gmIdwl_WL_1", "cornername": "Nominal", "point": 1, "logfile": "/home/dtvt_13/duyDUT/logs_dtvt_13/logs0/Job18.log"}
[2026-04-08 00:25:00.195 +0700] [PROCESS] [cadence.virtuoso.ade.simulationMonitor] - Simulation Monitor process exit. {"hostname": "dtvt_13", "processid": 5951, "history": "ExplorerRun.0", "testname": "gmIdwl_WL_1", "cornername": "Nominal", "point": 1, "logfile": "/home/dtvt_13/duyDUT/logs_dtvt_13/logs0/Job18.log"}
