[Simulation Monitor: 13]
[2026-04-07 23:57:27.547 +0700] [PROCESS] [cadence.virtuoso.ade.simulationMonitor] - Simulation Monitor has successfully started up. Trying to set up communication channels to other components ... {"hostname": "dtvt_13", "processid": 27970, "logfile": "/home/dtvt_13/duyDUT/logs_dtvt_13/logs0/Job13.log"}
[2026-04-07 23:57:27.548 +0700] [PROCESS] [cadence.virtuoso.ade.simulationMonitor] - Communication channels have been successfully set up. Start processing events ... {"hostname": "dtvt_13", "processid": 27970, "logfile": "/home/dtvt_13/duyDUT/logs_dtvt_13/logs0/Job13.log"}
[2026-04-07 23:57:27.548 +0700] [PROCESS] [cadence.virtuoso.ade.simulationMonitor] - Considering to start history {"hostname": "dtvt_13", "processid": 27970, "history": "ExplorerRun.0", "logfile": "/home/dtvt_13/duyDUT/logs_dtvt_13/logs0/Job13.log"}
[2026-04-07 23:57:27.549 +0700] [PROCESS] [cadence.virtuoso.ade.simulationMonitor] - HostInfo:
Host name (type):	dtvt_13 (x86_64)
Operating system:	Linux 3.10.0-1160.118.1.el7.x86_64 #1 SMP Wed Apr 24 16:01:50 UTC 2024 {"hostname": "dtvt_13", "processid": 27970, "history": "ExplorerRun.0", "logfile": "/home/dtvt_13/duyDUT/logs_dtvt_13/logs0/Job13.log", "nodename": "dtvt_13", "domainname": "(none)", "machine": "x86_64", "sysname": "Linux", "release": "3.10.0-1160.118.1.el7.x86_64", "version": "#1 SMP Wed Apr 24 16:01:50 UTC 2024"}
[2026-04-07 23:57:27.549 +0700] [PROCESS] [cadence.virtuoso.ade.simulationMonitor] - UsageInfo:
pid=27970
totalPhysicalMemory=15.208324GB,Used=14.761898GB,totalVirtualMemory=22.895821GB,Used=14.777523GB
Cpu: Cores=24, Load average:0.080000,0.200000,0.170000 {"hostname": "dtvt_13", "processid": 27970, "history": "ExplorerRun.0", "logfile": "/home/dtvt_13/duyDUT/logs_dtvt_13/logs0/Job13.log", "pid": "27970", "totalPhysicalMemory": "15.208324", "physicalMemoryUsed": "14.761898", "totalVirtualMemory": "22.895821", "virtualMemoryUsed": "14.777523", "cpuCores": "24", "processes": "2592", "loadAverage1": "0.080000", "loadAverage5": "0.200000", "loadAverage15": "0.170000", "loadAverage1Percent": "0.003333"}
[2026-04-07 23:57:27.549 +0700] [EVENT] [cadence.virtuoso.ade.simulationMonitor] - NewPoint {"history": "ExplorerRun.0", "point": 1, "testname": "gmIdwl_WL_1", "cornername": "Nominal", "event": "NewPoint", "EventSource": "Simulation Monitor", "HistoryName": "ExplorerRun.0", "logFile": "/home/dtvt_13/duyDUT/logs_dtvt_13/logs0/Job13.log", "logFileSize": "2100"}
[2026-04-07 23:57:27.651 +0700] [EVENT] [cadence.virtuoso.ade.simulationMonitor] - NewPoint {"history": "ExplorerRun.0", "point": 1, "testname": "gmIdwl_WL_1", "cornername": "Nominal", "event": "NewPoint", "EventSource": "spectre", "HistoryName": "ExplorerRun.0", "logFile": "/home/dtvt_13/simulation/gmIdwl/WL/maestro/results/maestro/ExplorerRun.0/1/gmIdwl_WL_1/psf/spectre.out", "logFileSize": "-1"}
[2026-04-07 23:57:27.654 +0700] [PROCESS] [cadence.virtuoso.ade.simulationMonitor] - Simulator launched {"hostname": "dtvt_13", "processid": 27970, "history": "ExplorerRun.0", "testname": "gmIdwl_WL_1", "cornername": "Nominal", "point": 1, "logfile": "/home/dtvt_13/duyDUT/logs_dtvt_13/logs0/Job13.log", "simid": "1"}
[2026-04-07 23:57:27.655 +0700] [PROCESS] [cadence.virtuoso.ade.simulationMonitor] - Expression evaluator launched {"hostname": "dtvt_13", "processid": 27970, "history": "ExplorerRun.0", "testname": "gmIdwl_WL_1", "cornername": "Nominal", "point": 1, "logfile": "/home/dtvt_13/duyDUT/logs_dtvt_13/logs0/Job13.log"}
[2026-04-07 23:57:27.659 +0700] [PROCESS] [cadence.virtuoso.ade.simulationMonitor] - Started Simulation {"hostname": "dtvt_13", "processid": 27970, "history": "ExplorerRun.0", "testname": "gmIdwl_WL_1", "cornername": "Nominal", "point": 1, "logfile": "/home/dtvt_13/duyDUT/logs_dtvt_13/logs0/Job13.log"}
[2026-04-07 23:58:16.196 +0700] [PROCESS] [cadence.virtuoso.ade.simulationMonitor] - Finished simulating for one point {"hostname": "dtvt_13", "processid": 27970, "history": "ExplorerRun.0", "testname": "gmIdwl_WL_1", "cornername": "Nominal", "point": 1, "logfile": "/home/dtvt_13/duyDUT/logs_dtvt_13/logs0/Job13.log", "simid": "1"}
[2026-04-07 23:58:16.197 +0700] [INFO] [cadence.virtuoso.ade.simulationMonitor] - Peak resident memory used = 85.9 Mbytes. {"history": "ExplorerRun.0", "point": 1, "testname": "gmIdwl_WL_1", "cornername": "Nominal"}
[2026-04-07 23:58:16.198 +0700] [INFO] [cadence.virtuoso.ade.simulationMonitor] - Peak resident memory used = 96.3 Mbytes. {"history": "ExplorerRun.0", "point": 1, "testname": "gmIdwl_WL_1", "cornername": "Nominal"}
[2026-04-07 23:58:16.198 +0700] [INFO] [cadence.virtuoso.ade.simulationMonitor] - Notice from spectre during hierarchy flattening.
    The value 'psf' specified for the 'checklimitdest' option will no longer be supported in future releases. Use 'spectre -h' to see other recommended values for the 'checklimitdest' option. {"history": "ExplorerRun.0", "point": 1, "testname": "gmIdwl_WL_1", "cornername": "Nominal"}
[2026-04-07 23:58:16.199 +0700] [INFO] [cadence.virtuoso.ade.simulationMonitor] - Peak resident memory used = 97.2 Mbytes. {"history": "ExplorerRun.0", "point": 1, "testname": "gmIdwl_WL_1", "cornername": "Nominal"}
[2026-04-07 23:58:16.199 +0700] [INFO] [cadence.virtuoso.ade.simulationMonitor] - Notice from spectre during initial setup.
    Multithreading is disabled due to the size of the design being too small. {"history": "ExplorerRun.0", "point": 1, "testname": "gmIdwl_WL_1", "cornername": "Nominal"}
[2026-04-07 23:58:16.199 +0700] [INFO] [cadence.virtuoso.ade.simulationMonitor] -               nodes 2 {"history": "ExplorerRun.0", "point": 1, "testname": "gmIdwl_WL_1", "cornername": "Nominal"}
[2026-04-07 23:58:16.200 +0700] [INFO] [cadence.virtuoso.ade.simulationMonitor] - Notice from spectre during initial setup.
    APS enabled. {"history": "ExplorerRun.0", "point": 1, "testname": "gmIdwl_WL_1", "cornername": "Nominal"}
[2026-04-07 23:58:16.200 +0700] [INFO] [cadence.virtuoso.ade.simulationMonitor] - Peak resident memory used = 98.6 Mbytes. {"history": "ExplorerRun.0", "point": 1, "testname": "gmIdwl_WL_1", "cornername": "Nominal"}
[2026-04-07 23:58:16.200 +0700] [INFO] [cadence.virtuoso.ade.simulationMonitor] -    -   (APS) Multi-threading. The recommended number of threads is 1, consider adding +mt=1 on command line. {"history": "ExplorerRun.0", "point": 1, "testname": "gmIdwl_WL_1", "cornername": "Nominal"}
[2026-04-07 23:58:16.200 +0700] [INFO] [cadence.virtuoso.ade.simulationMonitor] - Total time required for dc analysis `dcOp': CPU = 2.717 ms, elapsed = 3.87502 ms. {"history": "ExplorerRun.0", "point": 1, "testname": "gmIdwl_WL_1", "cornername": "Nominal"}
[2026-04-07 23:58:16.201 +0700] [INFO] [cadence.virtuoso.ade.simulationMonitor] - Peak resident memory used = 100 Mbytes. {"history": "ExplorerRun.0", "point": 1, "testname": "gmIdwl_WL_1", "cornername": "Nominal"}
[2026-04-07 23:58:16.201 +0700] [INFO] [cadence.virtuoso.ade.simulationMonitor] - Notice from spectre at vsg = 1.8 during DC analysis `dc'.
    The value of parameter 'vsg' has been reset to the original value 0.5. {"history": "ExplorerRun.0", "point": 1, "testname": "gmIdwl_WL_1", "cornername": "Nominal"}
[2026-04-07 23:58:16.201 +0700] [INFO] [cadence.virtuoso.ade.simulationMonitor] - Total time required for dc analysis `dc': CPU = 9.75 ms, elapsed = 10.9019 ms. {"history": "ExplorerRun.0", "point": 1, "testname": "gmIdwl_WL_1", "cornername": "Nominal"}
[2026-04-07 23:58:16.201 +0700] [INFO] [cadence.virtuoso.ade.simulationMonitor] - Peak resident memory used = 101 Mbytes. {"history": "ExplorerRun.0", "point": 1, "testname": "gmIdwl_WL_1", "cornername": "Nominal"}
[2026-04-07 23:58:16.201 +0700] [INFO] [cadence.virtuoso.ade.simulationMonitor] - Time used: CPU = 899 ms, elapsed = 29.8 s, util. = 3.02%. {"history": "ExplorerRun.0", "point": 1, "testname": "gmIdwl_WL_1", "cornername": "Nominal"}
[2026-04-07 23:58:16.201 +0700] [INFO] [cadence.virtuoso.ade.simulationMonitor] - Time spent in licensing: elapsed = 20.7 s, percentage of total = 69.5%. {"history": "ExplorerRun.0", "point": 1, "testname": "gmIdwl_WL_1", "cornername": "Nominal"}
[2026-04-07 23:58:16.202 +0700] [INFO] [cadence.virtuoso.ade.simulationMonitor] - Peak memory used = 110 Mbytes. {"history": "ExplorerRun.0", "point": 1, "testname": "gmIdwl_WL_1", "cornername": "Nominal"}
[2026-04-07 23:58:16.202 +0700] [PROCESS] [cadence.virtuoso.ade.simulationMonitor] - Simulation started at: 11:57:46 PM, Tue Apr 7, 2026, ended at: 11:58:15 PM, Tue Apr 7, 2026, with elapsed time (wall clock): 29.8 s. {"history": "ExplorerRun.0", "point": 1, "testname": "gmIdwl_WL_1", "cornername": "Nominal"}
[2026-04-07 23:58:16.202 +0700] [PROCESS] [cadence.virtuoso.ade.simulationMonitor] - spectre completes with 0 errors, 0 warnings, and 5 notices. {"history": "ExplorerRun.0", "point": 1, "testname": "gmIdwl_WL_1", "cornername": "Nominal"}
[2026-04-07 23:58:16.202 +0700] [PROCESS] [cadence.virtuoso.ade.simulationMonitor] - Simulator exited {"hostname": "dtvt_13", "processid": 27970, "history": "ExplorerRun.0", "testname": "gmIdwl_WL_1", "cornername": "Nominal", "point": 1, "logfile": "/home/dtvt_13/duyDUT/logs_dtvt_13/logs0/Job13.log", "exitStatus": "0"}
[2026-04-07 23:58:16.202 +0700] [PROCESS] [cadence.virtuoso.ade.simulationMonitor] - Finished Simulation {"hostname": "dtvt_13", "processid": 27970, "history": "ExplorerRun.0", "testname": "gmIdwl_WL_1", "cornername": "Nominal", "point": 1, "logfile": "/home/dtvt_13/duyDUT/logs_dtvt_13/logs0/Job13.log", "simid": "1"}
[2026-04-07 23:58:17.215 +0700] [PROCESS] [cadence.virtuoso.ade.simulationMonitor] - Point Finished {"hostname": "dtvt_13", "processid": 27970, "history": "ExplorerRun.0", "testname": "gmIdwl_WL_1", "cornername": "Nominal", "point": 1, "logfile": "/home/dtvt_13/duyDUT/logs_dtvt_13/logs0/Job13.log"}
[2026-04-08 00:00:49.703 +0700] [INFO] [cadence.virtuoso.ade.simulationMonitor] - SimulationMonitor has terminated the vds process '28050', reason: 'Force to stop the expression evalutor process because of new run' {"history": "ExplorerRun.0", "point": 1, "testname": "gmIdwl_WL_1", "cornername": "Nominal"}
[2026-04-08 00:00:49.704 +0700] [PROCESS] [cadence.virtuoso.ade.simulationMonitor] - HostInfo:
Host name (type):	dtvt_13 (x86_64)
Operating system:	Linux 3.10.0-1160.118.1.el7.x86_64 #1 SMP Wed Apr 24 16:01:50 UTC 2024 {"hostname": "dtvt_13", "processid": 27970, "history": "ExplorerRun.0", "testname": "gmIdwl_WL_1", "cornername": "Nominal", "point": 1, "logfile": "/home/dtvt_13/duyDUT/logs_dtvt_13/logs0/Job13.log", "nodename": "dtvt_13", "domainname": "(none)", "machine": "x86_64", "sysname": "Linux", "release": "3.10.0-1160.118.1.el7.x86_64", "version": "#1 SMP Wed Apr 24 16:01:50 UTC 2024"}
[2026-04-08 00:00:49.704 +0700] [PROCESS] [cadence.virtuoso.ade.simulationMonitor] - UsageInfo:
pid=27970
totalPhysicalMemory=15.208324GB,Used=14.702312GB,totalVirtualMemory=22.895821GB,Used=14.719402GB
Cpu: Cores=24, Load average:0.390000,0.390000,0.260000 {"hostname": "dtvt_13", "processid": 27970, "history": "ExplorerRun.0", "testname": "gmIdwl_WL_1", "cornername": "Nominal", "point": 1, "logfile": "/home/dtvt_13/duyDUT/logs_dtvt_13/logs0/Job13.log", "pid": "27970", "totalPhysicalMemory": "15.208324", "physicalMemoryUsed": "14.702312", "totalVirtualMemory": "22.895821", "virtualMemoryUsed": "14.719402", "cpuCores": "24", "processes": "2605", "loadAverage1": "0.390000", "loadAverage5": "0.390000", "loadAverage15": "0.260000", "loadAverage1Percent": "0.016250"}
[2026-04-08 00:00:49.704 +0700] [EVENT] [cadence.virtuoso.ade.simulationMonitor] - NewPoint {"history": "ExplorerRun.0", "point": 1, "testname": "gmIdwl_WL_1", "cornername": "Nominal", "event": "NewPoint", "EventSource": "Simulation Monitor", "HistoryName": "ExplorerRun.0", "logFile": "/home/dtvt_13/duyDUT/logs_dtvt_13/logs0/Job13.log", "logFileSize": "11529"}
[2026-04-08 00:00:49.805 +0700] [EVENT] [cadence.virtuoso.ade.simulationMonitor] - NewPoint {"history": "ExplorerRun.0", "point": 1, "testname": "gmIdwl_WL_1", "cornername": "Nominal", "event": "NewPoint", "EventSource": "spectre", "HistoryName": "ExplorerRun.0", "logFile": "/home/dtvt_13/simulation/gmIdwl/WL/maestro/results/maestro/ExplorerRun.0/1/gmIdwl_WL_1/psf/spectre.out", "logFileSize": "-1"}
[2026-04-08 00:00:49.809 +0700] [PROCESS] [cadence.virtuoso.ade.simulationMonitor] - Simulator launched {"hostname": "dtvt_13", "processid": 27970, "history": "ExplorerRun.0", "testname": "gmIdwl_WL_1", "cornername": "Nominal", "point": 1, "logfile": "/home/dtvt_13/duyDUT/logs_dtvt_13/logs0/Job13.log", "simid": "2"}
[2026-04-08 00:00:49.815 +0700] [PROCESS] [cadence.virtuoso.ade.simulationMonitor] - Expression evaluator launched {"hostname": "dtvt_13", "processid": 27970, "history": "ExplorerRun.0", "testname": "gmIdwl_WL_1", "cornername": "Nominal", "point": 1, "logfile": "/home/dtvt_13/duyDUT/logs_dtvt_13/logs0/Job13.log"}
[2026-04-08 00:00:49.820 +0700] [PROCESS] [cadence.virtuoso.ade.simulationMonitor] - Started Simulation {"hostname": "dtvt_13", "processid": 27970, "history": "ExplorerRun.0", "testname": "gmIdwl_WL_1", "cornername": "Nominal", "point": 1, "logfile": "/home/dtvt_13/duyDUT/logs_dtvt_13/logs0/Job13.log"}
[2026-04-08 00:01:12.234 +0700] [PROCESS] [cadence.virtuoso.ade.simulationMonitor] - Finished simulating for one point {"hostname": "dtvt_13", "processid": 27970, "history": "ExplorerRun.0", "testname": "gmIdwl_WL_1", "cornername": "Nominal", "point": 1, "logfile": "/home/dtvt_13/duyDUT/logs_dtvt_13/logs0/Job13.log", "simid": "2"}
[2026-04-08 00:01:12.235 +0700] [INFO] [cadence.virtuoso.ade.simulationMonitor] - Peak resident memory used = 85.9 Mbytes. {"history": "ExplorerRun.0", "point": 1, "testname": "gmIdwl_WL_1", "cornername": "Nominal"}
[2026-04-08 00:01:12.235 +0700] [INFO] [cadence.virtuoso.ade.simulationMonitor] - Peak resident memory used = 96.3 Mbytes. {"history": "ExplorerRun.0", "point": 1, "testname": "gmIdwl_WL_1", "cornername": "Nominal"}
[2026-04-08 00:01:12.236 +0700] [INFO] [cadence.virtuoso.ade.simulationMonitor] - Notice from spectre during hierarchy flattening.
    The value 'psf' specified for the 'checklimitdest' option will no longer be supported in future releases. Use 'spectre -h' to see other recommended values for the 'checklimitdest' option. {"history": "ExplorerRun.0", "point": 1, "testname": "gmIdwl_WL_1", "cornername": "Nominal"}
[2026-04-08 00:01:12.236 +0700] [INFO] [cadence.virtuoso.ade.simulationMonitor] - Peak resident memory used = 97.2 Mbytes. {"history": "ExplorerRun.0", "point": 1, "testname": "gmIdwl_WL_1", "cornername": "Nominal"}
[2026-04-08 00:01:12.236 +0700] [INFO] [cadence.virtuoso.ade.simulationMonitor] - Notice from spectre during initial setup.
    Multithreading is disabled due to the size of the design being too small. {"history": "ExplorerRun.0", "point": 1, "testname": "gmIdwl_WL_1", "cornername": "Nominal"}
[2026-04-08 00:01:12.237 +0700] [INFO] [cadence.virtuoso.ade.simulationMonitor] -               nodes 2 {"history": "ExplorerRun.0", "point": 1, "testname": "gmIdwl_WL_1", "cornername": "Nominal"}
[2026-04-08 00:01:12.237 +0700] [INFO] [cadence.virtuoso.ade.simulationMonitor] - Notice from spectre during initial setup.
    APS enabled. {"history": "ExplorerRun.0", "point": 1, "testname": "gmIdwl_WL_1", "cornername": "Nominal"}
[2026-04-08 00:01:12.237 +0700] [INFO] [cadence.virtuoso.ade.simulationMonitor] - Peak resident memory used = 98.6 Mbytes. {"history": "ExplorerRun.0", "point": 1, "testname": "gmIdwl_WL_1", "cornername": "Nominal"}
[2026-04-08 00:01:12.238 +0700] [INFO] [cadence.virtuoso.ade.simulationMonitor] -    -   (APS) Multi-threading. The recommended number of threads is 1, consider adding +mt=1 on command line. {"history": "ExplorerRun.0", "point": 1, "testname": "gmIdwl_WL_1", "cornername": "Nominal"}
[2026-04-08 00:01:12.238 +0700] [INFO] [cadence.virtuoso.ade.simulationMonitor] - Total time required for dc analysis `dcOp': CPU = 2.343 ms, elapsed = 3.47114 ms. {"history": "ExplorerRun.0", "point": 1, "testname": "gmIdwl_WL_1", "cornername": "Nominal"}
[2026-04-08 00:01:12.238 +0700] [INFO] [cadence.virtuoso.ade.simulationMonitor] - Peak resident memory used = 100 Mbytes. {"history": "ExplorerRun.0", "point": 1, "testname": "gmIdwl_WL_1", "cornername": "Nominal"}
[2026-04-08 00:01:12.238 +0700] [INFO] [cadence.virtuoso.ade.simulationMonitor] - Notice from spectre at vsg = 1.8 during DC analysis `dc'.
    The value of parameter 'vsg' has been reset to the original value 0.5. {"history": "ExplorerRun.0", "point": 1, "testname": "gmIdwl_WL_1", "cornername": "Nominal"}
[2026-04-08 00:01:12.238 +0700] [INFO] [cadence.virtuoso.ade.simulationMonitor] - Total time required for dc analysis `dc': CPU = 10.686 ms, elapsed = 11.843 ms. {"history": "ExplorerRun.0", "point": 1, "testname": "gmIdwl_WL_1", "cornername": "Nominal"}
[2026-04-08 00:01:12.238 +0700] [INFO] [cadence.virtuoso.ade.simulationMonitor] - Peak resident memory used = 101 Mbytes. {"history": "ExplorerRun.0", "point": 1, "testname": "gmIdwl_WL_1", "cornername": "Nominal"}
[2026-04-08 00:01:12.238 +0700] [INFO] [cadence.virtuoso.ade.simulationMonitor] - Time used: CPU = 489 ms, elapsed = 21.7 s, util. = 2.25%. {"history": "ExplorerRun.0", "point": 1, "testname": "gmIdwl_WL_1", "cornername": "Nominal"}
[2026-04-08 00:01:12.239 +0700] [INFO] [cadence.virtuoso.ade.simulationMonitor] - Time spent in licensing: elapsed = 20.7 s, percentage of total = 95.2%. {"history": "ExplorerRun.0", "point": 1, "testname": "gmIdwl_WL_1", "cornername": "Nominal"}
[2026-04-08 00:01:12.239 +0700] [INFO] [cadence.virtuoso.ade.simulationMonitor] - Peak memory used = 110 Mbytes. {"history": "ExplorerRun.0", "point": 1, "testname": "gmIdwl_WL_1", "cornername": "Nominal"}
[2026-04-08 00:01:12.239 +0700] [PROCESS] [cadence.virtuoso.ade.simulationMonitor] - Simulation started at: 12:00:50 AM, Wed Apr 8, 2026, ended at: 12:01:11 AM, Wed Apr 8, 2026, with elapsed time (wall clock): 21.7 s. {"history": "ExplorerRun.0", "point": 1, "testname": "gmIdwl_WL_1", "cornername": "Nominal"}
[2026-04-08 00:01:12.239 +0700] [PROCESS] [cadence.virtuoso.ade.simulationMonitor] - spectre completes with 0 errors, 0 warnings, and 5 notices. {"history": "ExplorerRun.0", "point": 1, "testname": "gmIdwl_WL_1", "cornername": "Nominal"}
[2026-04-08 00:01:12.239 +0700] [PROCESS] [cadence.virtuoso.ade.simulationMonitor] - Simulator exited {"hostname": "dtvt_13", "processid": 27970, "history": "ExplorerRun.0", "testname": "gmIdwl_WL_1", "cornername": "Nominal", "point": 1, "logfile": "/home/dtvt_13/duyDUT/logs_dtvt_13/logs0/Job13.log", "exitStatus": "0"}
[2026-04-08 00:01:12.239 +0700] [PROCESS] [cadence.virtuoso.ade.simulationMonitor] - Finished Simulation {"hostname": "dtvt_13", "processid": 27970, "history": "ExplorerRun.0", "testname": "gmIdwl_WL_1", "cornername": "Nominal", "point": 1, "logfile": "/home/dtvt_13/duyDUT/logs_dtvt_13/logs0/Job13.log", "simid": "2"}
[2026-04-08 00:01:12.752 +0700] [PROCESS] [cadence.virtuoso.ade.simulationMonitor] - Point Finished {"hostname": "dtvt_13", "processid": 27970, "history": "ExplorerRun.0", "testname": "gmIdwl_WL_1", "cornername": "Nominal", "point": 1, "logfile": "/home/dtvt_13/duyDUT/logs_dtvt_13/logs0/Job13.log"}
[2026-04-08 00:02:24.065 +0700] [INFO] [cadence.virtuoso.ade.simulationMonitor] - SimulationMonitor has terminated the vds process '29327', reason: 'Force to stop the expression evalutor process because of new run' {"history": "ExplorerRun.0", "point": 1, "testname": "gmIdwl_WL_1", "cornername": "Nominal"}
[2026-04-08 00:02:24.065 +0700] [PROCESS] [cadence.virtuoso.ade.simulationMonitor] - HostInfo:
Host name (type):	dtvt_13 (x86_64)
Operating system:	Linux 3.10.0-1160.118.1.el7.x86_64 #1 SMP Wed Apr 24 16:01:50 UTC 2024 {"hostname": "dtvt_13", "processid": 27970, "history": "ExplorerRun.0", "testname": "gmIdwl_WL_1", "cornername": "Nominal", "point": 1, "logfile": "/home/dtvt_13/duyDUT/logs_dtvt_13/logs0/Job13.log", "nodename": "dtvt_13", "domainname": "(none)", "machine": "x86_64", "sysname": "Linux", "release": "3.10.0-1160.118.1.el7.x86_64", "version": "#1 SMP Wed Apr 24 16:01:50 UTC 2024"}
[2026-04-08 00:02:24.066 +0700] [PROCESS] [cadence.virtuoso.ade.simulationMonitor] - UsageInfo:
pid=27970
totalPhysicalMemory=15.208324GB,Used=14.718880GB,totalVirtualMemory=22.895821GB,Used=14.735970GB
Cpu: Cores=24, Load average:0.690000,0.480000,0.300000 {"hostname": "dtvt_13", "processid": 27970, "history": "ExplorerRun.0", "testname": "gmIdwl_WL_1", "cornername": "Nominal", "point": 1, "logfile": "/home/dtvt_13/duyDUT/logs_dtvt_13/logs0/Job13.log", "pid": "27970", "totalPhysicalMemory": "15.208324", "physicalMemoryUsed": "14.718880", "totalVirtualMemory": "22.895821", "virtualMemoryUsed": "14.735970", "cpuCores": "24", "processes": "2607", "loadAverage1": "0.690000", "loadAverage5": "0.480000", "loadAverage15": "0.300000", "loadAverage1Percent": "0.028750"}
[2026-04-08 00:02:24.066 +0700] [EVENT] [cadence.virtuoso.ade.simulationMonitor] - NewPoint {"history": "ExplorerRun.0", "point": 1, "testname": "gmIdwl_WL_1", "cornername": "Nominal", "event": "NewPoint", "EventSource": "Simulation Monitor", "HistoryName": "ExplorerRun.0", "logFile": "/home/dtvt_13/duyDUT/logs_dtvt_13/logs0/Job13.log", "logFileSize": "20960"}
[2026-04-08 00:02:24.168 +0700] [EVENT] [cadence.virtuoso.ade.simulationMonitor] - NewPoint {"history": "ExplorerRun.0", "point": 1, "testname": "gmIdwl_WL_1", "cornername": "Nominal", "event": "NewPoint", "EventSource": "spectre", "HistoryName": "ExplorerRun.0", "logFile": "/home/dtvt_13/simulation/gmIdwl/WL/maestro/results/maestro/ExplorerRun.0/1/gmIdwl_WL_1/psf/spectre.out", "logFileSize": "-1"}
[2026-04-08 00:02:24.172 +0700] [PROCESS] [cadence.virtuoso.ade.simulationMonitor] - Simulator launched {"hostname": "dtvt_13", "processid": 27970, "history": "ExplorerRun.0", "testname": "gmIdwl_WL_1", "cornername": "Nominal", "point": 1, "logfile": "/home/dtvt_13/duyDUT/logs_dtvt_13/logs0/Job13.log", "simid": "3"}
[2026-04-08 00:02:24.178 +0700] [PROCESS] [cadence.virtuoso.ade.simulationMonitor] - Expression evaluator launched {"hostname": "dtvt_13", "processid": 27970, "history": "ExplorerRun.0", "testname": "gmIdwl_WL_1", "cornername": "Nominal", "point": 1, "logfile": "/home/dtvt_13/duyDUT/logs_dtvt_13/logs0/Job13.log"}
[2026-04-08 00:02:24.183 +0700] [PROCESS] [cadence.virtuoso.ade.simulationMonitor] - Started Simulation {"hostname": "dtvt_13", "processid": 27970, "history": "ExplorerRun.0", "testname": "gmIdwl_WL_1", "cornername": "Nominal", "point": 1, "logfile": "/home/dtvt_13/duyDUT/logs_dtvt_13/logs0/Job13.log"}
[2026-04-08 00:02:45.974 +0700] [INFO] [cadence.virtuoso.ade.simulationMonitor] - Peak resident memory used = 86 Mbytes. {"history": "ExplorerRun.0", "point": 1, "testname": "gmIdwl_WL_1", "cornername": "Nominal"}
[2026-04-08 00:02:46.475 +0700] [PROCESS] [cadence.virtuoso.ade.simulationMonitor] - Finished simulating for one point {"hostname": "dtvt_13", "processid": 27970, "history": "ExplorerRun.0", "testname": "gmIdwl_WL_1", "cornername": "Nominal", "point": 1, "logfile": "/home/dtvt_13/duyDUT/logs_dtvt_13/logs0/Job13.log", "simid": "3"}
[2026-04-08 00:02:46.476 +0700] [INFO] [cadence.virtuoso.ade.simulationMonitor] - Peak resident memory used = 96.4 Mbytes. {"history": "ExplorerRun.0", "point": 1, "testname": "gmIdwl_WL_1", "cornername": "Nominal"}
[2026-04-08 00:02:46.476 +0700] [INFO] [cadence.virtuoso.ade.simulationMonitor] - Notice from spectre during hierarchy flattening.
    The value 'psf' specified for the 'checklimitdest' option will no longer be supported in future releases. Use 'spectre -h' to see other recommended values for the 'checklimitdest' option. {"history": "ExplorerRun.0", "point": 1, "testname": "gmIdwl_WL_1", "cornername": "Nominal"}
[2026-04-08 00:02:46.477 +0700] [INFO] [cadence.virtuoso.ade.simulationMonitor] - Peak resident memory used = 97.3 Mbytes. {"history": "ExplorerRun.0", "point": 1, "testname": "gmIdwl_WL_1", "cornername": "Nominal"}
[2026-04-08 00:02:46.477 +0700] [INFO] [cadence.virtuoso.ade.simulationMonitor] - Notice from spectre during initial setup.
    Multithreading is disabled due to the size of the design being too small. {"history": "ExplorerRun.0", "point": 1, "testname": "gmIdwl_WL_1", "cornername": "Nominal"}
[2026-04-08 00:02:46.478 +0700] [INFO] [cadence.virtuoso.ade.simulationMonitor] -               nodes 2 {"history": "ExplorerRun.0", "point": 1, "testname": "gmIdwl_WL_1", "cornername": "Nominal"}
[2026-04-08 00:02:46.478 +0700] [INFO] [cadence.virtuoso.ade.simulationMonitor] - Notice from spectre during initial setup.
    APS enabled. {"history": "ExplorerRun.0", "point": 1, "testname": "gmIdwl_WL_1", "cornername": "Nominal"}
[2026-04-08 00:02:46.478 +0700] [INFO] [cadence.virtuoso.ade.simulationMonitor] - Peak resident memory used = 98.8 Mbytes. {"history": "ExplorerRun.0", "point": 1, "testname": "gmIdwl_WL_1", "cornername": "Nominal"}
[2026-04-08 00:02:46.478 +0700] [INFO] [cadence.virtuoso.ade.simulationMonitor] -    -   (APS) Multi-threading. The recommended number of threads is 1, consider adding +mt=1 on command line. {"history": "ExplorerRun.0", "point": 1, "testname": "gmIdwl_WL_1", "cornername": "Nominal"}
[2026-04-08 00:02:46.479 +0700] [INFO] [cadence.virtuoso.ade.simulationMonitor] - Total time required for dc analysis `dcOp': CPU = 1.221 ms, elapsed = 2.22707 ms. {"history": "ExplorerRun.0", "point": 1, "testname": "gmIdwl_WL_1", "cornername": "Nominal"}
[2026-04-08 00:02:46.479 +0700] [INFO] [cadence.virtuoso.ade.simulationMonitor] - Peak resident memory used = 100 Mbytes. {"history": "ExplorerRun.0", "point": 1, "testname": "gmIdwl_WL_1", "cornername": "Nominal"}
[2026-04-08 00:02:46.479 +0700] [INFO] [cadence.virtuoso.ade.simulationMonitor] - Notice from spectre at vsg = 1.8 during DC analysis `dc'.
    The value of parameter 'vsg' has been reset to the original value 0.5. {"history": "ExplorerRun.0", "point": 1, "testname": "gmIdwl_WL_1", "cornername": "Nominal"}
[2026-04-08 00:02:46.479 +0700] [INFO] [cadence.virtuoso.ade.simulationMonitor] - Total time required for dc analysis `dc': CPU = 7.188 ms, elapsed = 8.31604 ms. {"history": "ExplorerRun.0", "point": 1, "testname": "gmIdwl_WL_1", "cornername": "Nominal"}
[2026-04-08 00:02:46.479 +0700] [INFO] [cadence.virtuoso.ade.simulationMonitor] - Peak resident memory used = 101 Mbytes. {"history": "ExplorerRun.0", "point": 1, "testname": "gmIdwl_WL_1", "cornername": "Nominal"}
[2026-04-08 00:02:46.479 +0700] [INFO] [cadence.virtuoso.ade.simulationMonitor] - Time used: CPU = 564 ms, elapsed = 21.4 s, util. = 2.63%. {"history": "ExplorerRun.0", "point": 1, "testname": "gmIdwl_WL_1", "cornername": "Nominal"}
[2026-04-08 00:02:46.480 +0700] [INFO] [cadence.virtuoso.ade.simulationMonitor] - Time spent in licensing: elapsed = 20.3 s, percentage of total = 94.7%. {"history": "ExplorerRun.0", "point": 1, "testname": "gmIdwl_WL_1", "cornername": "Nominal"}
[2026-04-08 00:02:46.480 +0700] [INFO] [cadence.virtuoso.ade.simulationMonitor] - Peak memory used = 110 Mbytes. {"history": "ExplorerRun.0", "point": 1, "testname": "gmIdwl_WL_1", "cornername": "Nominal"}
[2026-04-08 00:02:46.480 +0700] [PROCESS] [cadence.virtuoso.ade.simulationMonitor] - Simulation started at: 12:02:24 AM, Wed Apr 8, 2026, ended at: 12:02:45 AM, Wed Apr 8, 2026, with elapsed time (wall clock): 21.4 s. {"history": "ExplorerRun.0", "point": 1, "testname": "gmIdwl_WL_1", "cornername": "Nominal"}
[2026-04-08 00:02:46.480 +0700] [PROCESS] [cadence.virtuoso.ade.simulationMonitor] - spectre completes with 0 errors, 0 warnings, and 5 notices. {"history": "ExplorerRun.0", "point": 1, "testname": "gmIdwl_WL_1", "cornername": "Nominal"}
[2026-04-08 00:02:46.480 +0700] [PROCESS] [cadence.virtuoso.ade.simulationMonitor] - Simulator exited {"hostname": "dtvt_13", "processid": 27970, "history": "ExplorerRun.0", "testname": "gmIdwl_WL_1", "cornername": "Nominal", "point": 1, "logfile": "/home/dtvt_13/duyDUT/logs_dtvt_13/logs0/Job13.log", "exitStatus": "0"}
[2026-04-08 00:02:46.481 +0700] [PROCESS] [cadence.virtuoso.ade.simulationMonitor] - Finished Simulation {"hostname": "dtvt_13", "processid": 27970, "history": "ExplorerRun.0", "testname": "gmIdwl_WL_1", "cornername": "Nominal", "point": 1, "logfile": "/home/dtvt_13/duyDUT/logs_dtvt_13/logs0/Job13.log", "simid": "3"}
[2026-04-08 00:02:47.495 +0700] [PROCESS] [cadence.virtuoso.ade.simulationMonitor] - Point Finished {"hostname": "dtvt_13", "processid": 27970, "history": "ExplorerRun.0", "testname": "gmIdwl_WL_1", "cornername": "Nominal", "point": 1, "logfile": "/home/dtvt_13/duyDUT/logs_dtvt_13/logs0/Job13.log"}
[2026-04-08 00:07:48.027 +0700] [PROCESS] [cadence.virtuoso.ade.simulationMonitor] - Current memory used: 32.2344 MBytes, peak memory used: 32.2344 MBytes {"hostname": "dtvt_13", "processid": 27970, "history": "ExplorerRun.0", "testname": "gmIdwl_WL_1", "cornername": "Nominal", "point": 1, "logfile": "/home/dtvt_13/duyDUT/logs_dtvt_13/logs0/Job13.log"}
[2026-04-08 00:07:48.028 +0700] [PROCESS] [cadence.virtuoso.ade.simulationMonitor] - Simulation Monitor process exit. {"hostname": "dtvt_13", "processid": 27970, "history": "ExplorerRun.0", "testname": "gmIdwl_WL_1", "cornername": "Nominal", "point": 1, "logfile": "/home/dtvt_13/duyDUT/logs_dtvt_13/logs0/Job13.log"}
