[Simulation Monitor: 16]
[2026-04-08 00:09:48.548 +0700] [PROCESS] [cadence.virtuoso.ade.simulationMonitor] - Simulation Monitor has successfully started up. Trying to set up communication channels to other components ... {"hostname": "dtvt_13", "processid": 1157, "logfile": "/home/dtvt_13/duyDUT/logs_dtvt_13/logs0/Job16.log"}
[2026-04-08 00:09:48.549 +0700] [PROCESS] [cadence.virtuoso.ade.simulationMonitor] - Communication channels have been successfully set up. Start processing events ... {"hostname": "dtvt_13", "processid": 1157, "logfile": "/home/dtvt_13/duyDUT/logs_dtvt_13/logs0/Job16.log"}
[2026-04-08 00:09:48.549 +0700] [PROCESS] [cadence.virtuoso.ade.simulationMonitor] - Considering to start history {"hostname": "dtvt_13", "processid": 1157, "history": "ExplorerRun.0", "logfile": "/home/dtvt_13/duyDUT/logs_dtvt_13/logs0/Job16.log"}
[2026-04-08 00:09:48.550 +0700] [PROCESS] [cadence.virtuoso.ade.simulationMonitor] - HostInfo:
Host name (type):	dtvt_13 (x86_64)
Operating system:	Linux 3.10.0-1160.118.1.el7.x86_64 #1 SMP Wed Apr 24 16:01:50 UTC 2024 {"hostname": "dtvt_13", "processid": 1157, "history": "ExplorerRun.0", "logfile": "/home/dtvt_13/duyDUT/logs_dtvt_13/logs0/Job16.log", "nodename": "dtvt_13", "domainname": "(none)", "machine": "x86_64", "sysname": "Linux", "release": "3.10.0-1160.118.1.el7.x86_64", "version": "#1 SMP Wed Apr 24 16:01:50 UTC 2024"}
[2026-04-08 00:09:48.550 +0700] [PROCESS] [cadence.virtuoso.ade.simulationMonitor] - UsageInfo:
pid=1157
totalPhysicalMemory=15.208324GB,Used=14.804832GB,totalVirtualMemory=22.895821GB,Used=14.822899GB
Cpu: Cores=24, Load average:0.320000,0.380000,0.320000 {"hostname": "dtvt_13", "processid": 1157, "history": "ExplorerRun.0", "logfile": "/home/dtvt_13/duyDUT/logs_dtvt_13/logs0/Job16.log", "pid": "1157", "totalPhysicalMemory": "15.208324", "physicalMemoryUsed": "14.804832", "totalVirtualMemory": "22.895821", "virtualMemoryUsed": "14.822899", "cpuCores": "24", "processes": "2679", "loadAverage1": "0.320000", "loadAverage5": "0.380000", "loadAverage15": "0.320000", "loadAverage1Percent": "0.013333"}
[2026-04-08 00:09:48.550 +0700] [EVENT] [cadence.virtuoso.ade.simulationMonitor] - NewPoint {"history": "ExplorerRun.0", "point": 1, "testname": "TC_TCBJT_1", "cornername": "Nominal", "event": "NewPoint", "EventSource": "Simulation Monitor", "HistoryName": "ExplorerRun.0", "logFile": "/home/dtvt_13/duyDUT/logs_dtvt_13/logs0/Job16.log", "logFileSize": "2093"}
[2026-04-08 00:09:48.651 +0700] [EVENT] [cadence.virtuoso.ade.simulationMonitor] - NewPoint {"history": "ExplorerRun.0", "point": 1, "testname": "TC_TCBJT_1", "cornername": "Nominal", "event": "NewPoint", "EventSource": "spectre", "HistoryName": "ExplorerRun.0", "logFile": "/home/dtvt_13/simulation/TC/TCBJT/maestro/results/maestro/ExplorerRun.0/1/TC_TCBJT_1/psf/spectre.out", "logFileSize": "-1"}
[2026-04-08 00:09:48.653 +0700] [PROCESS] [cadence.virtuoso.ade.simulationMonitor] - Simulator launched {"hostname": "dtvt_13", "processid": 1157, "history": "ExplorerRun.0", "testname": "TC_TCBJT_1", "cornername": "Nominal", "point": 1, "logfile": "/home/dtvt_13/duyDUT/logs_dtvt_13/logs0/Job16.log", "simid": "1"}
[2026-04-08 00:09:48.655 +0700] [PROCESS] [cadence.virtuoso.ade.simulationMonitor] - Expression evaluator launched {"hostname": "dtvt_13", "processid": 1157, "history": "ExplorerRun.0", "testname": "TC_TCBJT_1", "cornername": "Nominal", "point": 1, "logfile": "/home/dtvt_13/duyDUT/logs_dtvt_13/logs0/Job16.log"}
[2026-04-08 00:09:48.659 +0700] [PROCESS] [cadence.virtuoso.ade.simulationMonitor] - Started Simulation {"hostname": "dtvt_13", "processid": 1157, "history": "ExplorerRun.0", "testname": "TC_TCBJT_1", "cornername": "Nominal", "point": 1, "logfile": "/home/dtvt_13/duyDUT/logs_dtvt_13/logs0/Job16.log"}
[2026-04-08 00:10:10.575 +0700] [PROCESS] [cadence.virtuoso.ade.simulationMonitor] - Finished simulating for one point {"hostname": "dtvt_13", "processid": 1157, "history": "ExplorerRun.0", "testname": "TC_TCBJT_1", "cornername": "Nominal", "point": 1, "logfile": "/home/dtvt_13/duyDUT/logs_dtvt_13/logs0/Job16.log", "simid": "1"}
[2026-04-08 00:10:10.575 +0700] [INFO] [cadence.virtuoso.ade.simulationMonitor] - Peak resident memory used = 85.9 Mbytes. {"history": "ExplorerRun.0", "point": 1, "testname": "TC_TCBJT_1", "cornername": "Nominal"}
[2026-04-08 00:10:10.576 +0700] [INFO] [cadence.virtuoso.ade.simulationMonitor] - Peak resident memory used = 95.9 Mbytes. {"history": "ExplorerRun.0", "point": 1, "testname": "TC_TCBJT_1", "cornername": "Nominal"}
[2026-04-08 00:10:10.576 +0700] [INFO] [cadence.virtuoso.ade.simulationMonitor] - Notice from spectre during hierarchy flattening.
    The value 'psf' specified for the 'checklimitdest' option will no longer be supported in future releases. Use 'spectre -h' to see other recommended values for the 'checklimitdest' option. {"history": "ExplorerRun.0", "point": 1, "testname": "TC_TCBJT_1", "cornername": "Nominal"}
[2026-04-08 00:10:10.576 +0700] [INFO] [cadence.virtuoso.ade.simulationMonitor] - Peak resident memory used = 96.6 Mbytes. {"history": "ExplorerRun.0", "point": 1, "testname": "TC_TCBJT_1", "cornername": "Nominal"}
[2026-04-08 00:10:10.576 +0700] [INFO] [cadence.virtuoso.ade.simulationMonitor] - Notice from spectre during initial setup.
    Multithreading is disabled due to the size of the design being too small. {"history": "ExplorerRun.0", "point": 1, "testname": "TC_TCBJT_1", "cornername": "Nominal"}
[2026-04-08 00:10:10.577 +0700] [INFO] [cadence.virtuoso.ade.simulationMonitor] -               nodes 2 {"history": "ExplorerRun.0", "point": 1, "testname": "TC_TCBJT_1", "cornername": "Nominal"}
[2026-04-08 00:10:10.577 +0700] [INFO] [cadence.virtuoso.ade.simulationMonitor] - Notice from spectre during initial setup.
    APS enabled. {"history": "ExplorerRun.0", "point": 1, "testname": "TC_TCBJT_1", "cornername": "Nominal"}
[2026-04-08 00:10:10.577 +0700] [INFO] [cadence.virtuoso.ade.simulationMonitor] - Peak resident memory used = 98 Mbytes. {"history": "ExplorerRun.0", "point": 1, "testname": "TC_TCBJT_1", "cornername": "Nominal"}
[2026-04-08 00:10:10.578 +0700] [INFO] [cadence.virtuoso.ade.simulationMonitor] -    -   (APS) Multi-threading. The recommended number of threads is 1, consider adding +mt=1 on command line. {"history": "ExplorerRun.0", "point": 1, "testname": "TC_TCBJT_1", "cornername": "Nominal"}
[2026-04-08 00:10:10.578 +0700] [INFO] [cadence.virtuoso.ade.simulationMonitor] - Notice from spectre at temp = 125 C during DC analysis `dc'.
    The value of parameter 'temp' has been reset to the original value 27. {"history": "ExplorerRun.0", "point": 1, "testname": "TC_TCBJT_1", "cornername": "Nominal"}
[2026-04-08 00:10:10.578 +0700] [INFO] [cadence.virtuoso.ade.simulationMonitor] - Total time required for dc analysis `dc': CPU = 5.595 ms, elapsed = 6.50787 ms. {"history": "ExplorerRun.0", "point": 1, "testname": "TC_TCBJT_1", "cornername": "Nominal"}
[2026-04-08 00:10:10.578 +0700] [INFO] [cadence.virtuoso.ade.simulationMonitor] - Peak resident memory used = 99.8 Mbytes. {"history": "ExplorerRun.0", "point": 1, "testname": "TC_TCBJT_1", "cornername": "Nominal"}
[2026-04-08 00:10:10.579 +0700] [INFO] [cadence.virtuoso.ade.simulationMonitor] - Time used: CPU = 478 ms, elapsed = 21.3 s, util. = 2.24%. {"history": "ExplorerRun.0", "point": 1, "testname": "TC_TCBJT_1", "cornername": "Nominal"}
[2026-04-08 00:10:10.579 +0700] [INFO] [cadence.virtuoso.ade.simulationMonitor] - Time spent in licensing: elapsed = 20.3 s, percentage of total = 95.2%. {"history": "ExplorerRun.0", "point": 1, "testname": "TC_TCBJT_1", "cornername": "Nominal"}
[2026-04-08 00:10:10.579 +0700] [INFO] [cadence.virtuoso.ade.simulationMonitor] - Peak memory used = 109 Mbytes. {"history": "ExplorerRun.0", "point": 1, "testname": "TC_TCBJT_1", "cornername": "Nominal"}
[2026-04-08 00:10:10.579 +0700] [PROCESS] [cadence.virtuoso.ade.simulationMonitor] - Simulation started at: 12:09:48 AM, Wed Apr 8, 2026, ended at: 12:10:10 AM, Wed Apr 8, 2026, with elapsed time (wall clock): 21.3 s. {"history": "ExplorerRun.0", "point": 1, "testname": "TC_TCBJT_1", "cornername": "Nominal"}
[2026-04-08 00:10:10.579 +0700] [PROCESS] [cadence.virtuoso.ade.simulationMonitor] - spectre completes with 0 errors, 0 warnings, and 5 notices. {"history": "ExplorerRun.0", "point": 1, "testname": "TC_TCBJT_1", "cornername": "Nominal"}
[2026-04-08 00:10:10.579 +0700] [PROCESS] [cadence.virtuoso.ade.simulationMonitor] - Simulator exited {"hostname": "dtvt_13", "processid": 1157, "history": "ExplorerRun.0", "testname": "TC_TCBJT_1", "cornername": "Nominal", "point": 1, "logfile": "/home/dtvt_13/duyDUT/logs_dtvt_13/logs0/Job16.log", "exitStatus": "0"}
[2026-04-08 00:10:10.580 +0700] [PROCESS] [cadence.virtuoso.ade.simulationMonitor] - Finished Simulation {"hostname": "dtvt_13", "processid": 1157, "history": "ExplorerRun.0", "testname": "TC_TCBJT_1", "cornername": "Nominal", "point": 1, "logfile": "/home/dtvt_13/duyDUT/logs_dtvt_13/logs0/Job16.log", "simid": "1"}
[2026-04-08 00:10:11.092 +0700] [PROCESS] [cadence.virtuoso.ade.simulationMonitor] - Point Finished {"hostname": "dtvt_13", "processid": 1157, "history": "ExplorerRun.0", "testname": "TC_TCBJT_1", "cornername": "Nominal", "point": 1, "logfile": "/home/dtvt_13/duyDUT/logs_dtvt_13/logs0/Job16.log"}
[2026-04-08 00:10:12.099 +0700] [PROCESS] [cadence.virtuoso.ade.simulationMonitor] - Stay with the runId '0', Linger time '300', currentRunSyn '1', currentTestSyn '1' {"hostname": "dtvt_13", "processid": 1157, "history": "ExplorerRun.0", "testname": "TC_TCBJT_1", "cornername": "Nominal", "point": 1, "logfile": "/home/dtvt_13/duyDUT/logs_dtvt_13/logs0/Job16.log"}
[2026-04-08 00:14:43.549 +0700] [INFO] [cadence.virtuoso.ade.simulationMonitor] - SimulationMonitor has terminated the vds process '1242', reason: 'Force to stop the expression evalutor process because of new run' {"history": "ExplorerRun.0", "point": 1, "testname": "TC_TCBJT_1", "cornername": "Nominal"}
[2026-04-08 00:14:43.549 +0700] [PROCESS] [cadence.virtuoso.ade.simulationMonitor] - HostInfo:
Host name (type):	dtvt_13 (x86_64)
Operating system:	Linux 3.10.0-1160.118.1.el7.x86_64 #1 SMP Wed Apr 24 16:01:50 UTC 2024 {"hostname": "dtvt_13", "processid": 1157, "history": "ExplorerRun.0", "testname": "TC_TCBJT_1", "cornername": "Nominal", "point": 1, "logfile": "/home/dtvt_13/duyDUT/logs_dtvt_13/logs0/Job16.log", "nodename": "dtvt_13", "domainname": "(none)", "machine": "x86_64", "sysname": "Linux", "release": "3.10.0-1160.118.1.el7.x86_64", "version": "#1 SMP Wed Apr 24 16:01:50 UTC 2024"}
[2026-04-08 00:14:43.549 +0700] [PROCESS] [cadence.virtuoso.ade.simulationMonitor] - UsageInfo:
pid=1157
totalPhysicalMemory=15.208324GB,Used=14.795773GB,totalVirtualMemory=22.895821GB,Used=14.814816GB
Cpu: Cores=24, Load average:0.410000,0.390000,0.330000 {"hostname": "dtvt_13", "processid": 1157, "history": "ExplorerRun.0", "testname": "TC_TCBJT_1", "cornername": "Nominal", "point": 1, "logfile": "/home/dtvt_13/duyDUT/logs_dtvt_13/logs0/Job16.log", "pid": "1157", "totalPhysicalMemory": "15.208324", "physicalMemoryUsed": "14.795773", "totalVirtualMemory": "22.895821", "virtualMemoryUsed": "14.814816", "cpuCores": "24", "processes": "2658", "loadAverage1": "0.410000", "loadAverage5": "0.390000", "loadAverage15": "0.330000", "loadAverage1Percent": "0.017083"}
[2026-04-08 00:14:43.550 +0700] [EVENT] [cadence.virtuoso.ade.simulationMonitor] - NewPoint {"history": "ExplorerRun.0", "point": 1, "testname": "TC_TCBJT_1", "cornername": "Nominal", "event": "NewPoint", "EventSource": "Simulation Monitor", "HistoryName": "ExplorerRun.0", "logFile": "/home/dtvt_13/duyDUT/logs_dtvt_13/logs0/Job16.log", "logFileSize": "11375"}
[2026-04-08 00:14:43.650 +0700] [EVENT] [cadence.virtuoso.ade.simulationMonitor] - NewPoint {"history": "ExplorerRun.0", "point": 1, "testname": "TC_TCBJT_1", "cornername": "Nominal", "event": "NewPoint", "EventSource": "spectre", "HistoryName": "ExplorerRun.0", "logFile": "/home/dtvt_13/simulation/TC/TCBJT/maestro/results/maestro/ExplorerRun.0/1/TC_TCBJT_1/psf/spectre.out", "logFileSize": "-1"}
[2026-04-08 00:14:43.653 +0700] [PROCESS] [cadence.virtuoso.ade.simulationMonitor] - Simulator launched {"hostname": "dtvt_13", "processid": 1157, "history": "ExplorerRun.0", "testname": "TC_TCBJT_1", "cornername": "Nominal", "point": 1, "logfile": "/home/dtvt_13/duyDUT/logs_dtvt_13/logs0/Job16.log", "simid": "2"}
[2026-04-08 00:14:43.659 +0700] [PROCESS] [cadence.virtuoso.ade.simulationMonitor] - Expression evaluator launched {"hostname": "dtvt_13", "processid": 1157, "history": "ExplorerRun.0", "testname": "TC_TCBJT_1", "cornername": "Nominal", "point": 1, "logfile": "/home/dtvt_13/duyDUT/logs_dtvt_13/logs0/Job16.log"}
[2026-04-08 00:14:43.663 +0700] [PROCESS] [cadence.virtuoso.ade.simulationMonitor] - Started Simulation {"hostname": "dtvt_13", "processid": 1157, "history": "ExplorerRun.0", "testname": "TC_TCBJT_1", "cornername": "Nominal", "point": 1, "logfile": "/home/dtvt_13/duyDUT/logs_dtvt_13/logs0/Job16.log"}
[2026-04-08 00:15:05.450 +0700] [INFO] [cadence.virtuoso.ade.simulationMonitor] - Peak resident memory used = 86 Mbytes. {"history": "ExplorerRun.0", "point": 1, "testname": "TC_TCBJT_1", "cornername": "Nominal"}
[2026-04-08 00:15:05.450 +0700] [INFO] [cadence.virtuoso.ade.simulationMonitor] - Peak resident memory used = 96 Mbytes. {"history": "ExplorerRun.0", "point": 1, "testname": "TC_TCBJT_1", "cornername": "Nominal"}
[2026-04-08 00:15:05.451 +0700] [INFO] [cadence.virtuoso.ade.simulationMonitor] - Notice from spectre during hierarchy flattening.
    The value 'psf' specified for the 'checklimitdest' option will no longer be supported in future releases. Use 'spectre -h' to see other recommended values for the 'checklimitdest' option. {"history": "ExplorerRun.0", "point": 1, "testname": "TC_TCBJT_1", "cornername": "Nominal"}
[2026-04-08 00:15:05.451 +0700] [INFO] [cadence.virtuoso.ade.simulationMonitor] - Peak resident memory used = 96.7 Mbytes. {"history": "ExplorerRun.0", "point": 1, "testname": "TC_TCBJT_1", "cornername": "Nominal"}
[2026-04-08 00:15:05.452 +0700] [INFO] [cadence.virtuoso.ade.simulationMonitor] - Notice from spectre during initial setup.
    Multithreading is disabled due to the size of the design being too small. {"history": "ExplorerRun.0", "point": 1, "testname": "TC_TCBJT_1", "cornername": "Nominal"}
[2026-04-08 00:15:05.454 +0700] [INFO] [cadence.virtuoso.ade.simulationMonitor] -               nodes 2 {"history": "ExplorerRun.0", "point": 1, "testname": "TC_TCBJT_1", "cornername": "Nominal"}
[2026-04-08 00:15:05.454 +0700] [INFO] [cadence.virtuoso.ade.simulationMonitor] - Notice from spectre during initial setup.
    APS enabled. {"history": "ExplorerRun.0", "point": 1, "testname": "TC_TCBJT_1", "cornername": "Nominal"}
[2026-04-08 00:15:05.454 +0700] [INFO] [cadence.virtuoso.ade.simulationMonitor] - Peak resident memory used = 98.2 Mbytes. {"history": "ExplorerRun.0", "point": 1, "testname": "TC_TCBJT_1", "cornername": "Nominal"}
[2026-04-08 00:15:05.455 +0700] [INFO] [cadence.virtuoso.ade.simulationMonitor] -    -   (APS) Multi-threading. The recommended number of threads is 1, consider adding +mt=1 on command line. {"history": "ExplorerRun.0", "point": 1, "testname": "TC_TCBJT_1", "cornername": "Nominal"}
[2026-04-08 00:15:05.455 +0700] [INFO] [cadence.virtuoso.ade.simulationMonitor] - Notice from spectre at temp = 125 C during DC analysis `dc'.
    The value of parameter 'temp' has been reset to the original value 27. {"history": "ExplorerRun.0", "point": 1, "testname": "TC_TCBJT_1", "cornername": "Nominal"}
[2026-04-08 00:15:05.455 +0700] [INFO] [cadence.virtuoso.ade.simulationMonitor] - Total time required for dc analysis `dc': CPU = 10.875 ms, elapsed = 11.8101 ms. {"history": "ExplorerRun.0", "point": 1, "testname": "TC_TCBJT_1", "cornername": "Nominal"}
[2026-04-08 00:15:05.455 +0700] [INFO] [cadence.virtuoso.ade.simulationMonitor] - Peak resident memory used = 100 Mbytes. {"history": "ExplorerRun.0", "point": 1, "testname": "TC_TCBJT_1", "cornername": "Nominal"}
[2026-04-08 00:15:05.456 +0700] [INFO] [cadence.virtuoso.ade.simulationMonitor] - Time used: CPU = 529 ms, elapsed = 21.4 s, util. = 2.47%. {"history": "ExplorerRun.0", "point": 1, "testname": "TC_TCBJT_1", "cornername": "Nominal"}
[2026-04-08 00:15:05.456 +0700] [INFO] [cadence.virtuoso.ade.simulationMonitor] - Time spent in licensing: elapsed = 20.3 s, percentage of total = 94.8%. {"history": "ExplorerRun.0", "point": 1, "testname": "TC_TCBJT_1", "cornername": "Nominal"}
[2026-04-08 00:15:05.456 +0700] [INFO] [cadence.virtuoso.ade.simulationMonitor] - Peak memory used = 109 Mbytes. {"history": "ExplorerRun.0", "point": 1, "testname": "TC_TCBJT_1", "cornername": "Nominal"}
[2026-04-08 00:15:05.456 +0700] [PROCESS] [cadence.virtuoso.ade.simulationMonitor] - Simulation started at: 12:14:43 AM, Wed Apr 8, 2026, ended at: 12:15:05 AM, Wed Apr 8, 2026, with elapsed time (wall clock): 21.4 s. {"history": "ExplorerRun.0", "point": 1, "testname": "TC_TCBJT_1", "cornername": "Nominal"}
[2026-04-08 00:15:05.456 +0700] [PROCESS] [cadence.virtuoso.ade.simulationMonitor] - spectre completes with 0 errors, 0 warnings, and 5 notices. {"history": "ExplorerRun.0", "point": 1, "testname": "TC_TCBJT_1", "cornername": "Nominal"}
[2026-04-08 00:15:05.958 +0700] [PROCESS] [cadence.virtuoso.ade.simulationMonitor] - Finished simulating for one point {"hostname": "dtvt_13", "processid": 1157, "history": "ExplorerRun.0", "testname": "TC_TCBJT_1", "cornername": "Nominal", "point": 1, "logfile": "/home/dtvt_13/duyDUT/logs_dtvt_13/logs0/Job16.log", "simid": "2"}
[2026-04-08 00:15:05.958 +0700] [PROCESS] [cadence.virtuoso.ade.simulationMonitor] - Simulator exited {"hostname": "dtvt_13", "processid": 1157, "history": "ExplorerRun.0", "testname": "TC_TCBJT_1", "cornername": "Nominal", "point": 1, "logfile": "/home/dtvt_13/duyDUT/logs_dtvt_13/logs0/Job16.log", "exitStatus": "0"}
[2026-04-08 00:15:05.959 +0700] [PROCESS] [cadence.virtuoso.ade.simulationMonitor] - Finished Simulation {"hostname": "dtvt_13", "processid": 1157, "history": "ExplorerRun.0", "testname": "TC_TCBJT_1", "cornername": "Nominal", "point": 1, "logfile": "/home/dtvt_13/duyDUT/logs_dtvt_13/logs0/Job16.log", "simid": "2"}
[2026-04-08 00:15:06.974 +0700] [PROCESS] [cadence.virtuoso.ade.simulationMonitor] - Point Finished {"hostname": "dtvt_13", "processid": 1157, "history": "ExplorerRun.0", "testname": "TC_TCBJT_1", "cornername": "Nominal", "point": 1, "logfile": "/home/dtvt_13/duyDUT/logs_dtvt_13/logs0/Job16.log"}
[2026-04-08 00:20:07.522 +0700] [PROCESS] [cadence.virtuoso.ade.simulationMonitor] - Current memory used: 32.2188 MBytes, peak memory used: 32.2188 MBytes {"hostname": "dtvt_13", "processid": 1157, "history": "ExplorerRun.0", "testname": "TC_TCBJT_1", "cornername": "Nominal", "point": 1, "logfile": "/home/dtvt_13/duyDUT/logs_dtvt_13/logs0/Job16.log"}
[2026-04-08 00:20:07.522 +0700] [PROCESS] [cadence.virtuoso.ade.simulationMonitor] - Simulation Monitor process exit. {"hostname": "dtvt_13", "processid": 1157, "history": "ExplorerRun.0", "testname": "TC_TCBJT_1", "cornername": "Nominal", "point": 1, "logfile": "/home/dtvt_13/duyDUT/logs_dtvt_13/logs0/Job16.log"}
