[Simulation Monitor: 24]
[2026-04-16 00:06:35.513 +0700] [PROCESS] [cadence.virtuoso.ade.simulationMonitor] - Simulation Monitor has successfully started up. Trying to set up communication channels to other components ... {"hostname": "dtvt_13", "processid": 17547, "logfile": "/home/dtvt_13/duyDUT/logs_dtvt_13/logs0/Job24.log"}
[2026-04-16 00:06:35.514 +0700] [PROCESS] [cadence.virtuoso.ade.simulationMonitor] - Communication channels have been successfully set up. Start processing events ... {"hostname": "dtvt_13", "processid": 17547, "logfile": "/home/dtvt_13/duyDUT/logs_dtvt_13/logs0/Job24.log"}
[2026-04-16 00:06:35.515 +0700] [PROCESS] [cadence.virtuoso.ade.simulationMonitor] - Started History {"hostname": "dtvt_13", "processid": 17547, "history": "ExplorerRun.0", "logfile": "/home/dtvt_13/duyDUT/logs_dtvt_13/logs0/Job24.log"}
[2026-04-16 00:06:35.515 +0700] [PROCESS] [cadence.virtuoso.ade.simulationMonitor] - HostInfo:
Host name (type):	dtvt_13 (x86_64)
Operating system:	Linux 3.10.0-1160.118.1.el7.x86_64 #1 SMP Wed Apr 24 16:01:50 UTC 2024 {"hostname": "dtvt_13", "processid": 17547, "history": "ExplorerRun.0", "logfile": "/home/dtvt_13/duyDUT/logs_dtvt_13/logs0/Job24.log", "nodename": "dtvt_13", "domainname": "(none)", "machine": "x86_64", "sysname": "Linux", "release": "3.10.0-1160.118.1.el7.x86_64", "version": "#1 SMP Wed Apr 24 16:01:50 UTC 2024"}
[2026-04-16 00:06:35.515 +0700] [PROCESS] [cadence.virtuoso.ade.simulationMonitor] - UsageInfo:
pid=17547
totalPhysicalMemory=15.208324GB,Used=14.508717GB,totalVirtualMemory=22.895821GB,Used=14.535572GB
Cpu: Cores=24, Load average:0.220000,0.270000,0.230000 {"hostname": "dtvt_13", "processid": 17547, "history": "ExplorerRun.0", "logfile": "/home/dtvt_13/duyDUT/logs_dtvt_13/logs0/Job24.log", "pid": "17547", "totalPhysicalMemory": "15.208324", "physicalMemoryUsed": "14.508717", "totalVirtualMemory": "22.895821", "virtualMemoryUsed": "14.535572", "cpuCores": "24", "processes": "2542", "loadAverage1": "0.220000", "loadAverage5": "0.270000", "loadAverage15": "0.230000", "loadAverage1Percent": "0.009167"}
[2026-04-16 00:06:35.515 +0700] [EVENT] [cadence.virtuoso.ade.simulationMonitor] - NewPoint {"history": "ExplorerRun.0", "point": 1, "testname": "gmIdwl_gmid2_1", "cornername": "Nominal", "event": "NewPoint", "EventSource": "Simulation Monitor", "HistoryName": "ExplorerRun.0", "logFile": "/home/dtvt_13/duyDUT/logs_dtvt_13/logs0/Job24.log", "logFileSize": "2087"}
[2026-04-16 00:06:35.616 +0700] [EVENT] [cadence.virtuoso.ade.simulationMonitor] - NewPoint {"history": "ExplorerRun.0", "point": 1, "testname": "gmIdwl_gmid2_1", "cornername": "Nominal", "event": "NewPoint", "EventSource": "spectre", "HistoryName": "ExplorerRun.0", "logFile": "/home/dtvt_13/simulation/gmIdwl/gmid2/maestro/results/maestro/ExplorerRun.0/1/gmIdwl_gmid2_1/psf/spectre.out", "logFileSize": "-1"}
[2026-04-16 00:06:35.628 +0700] [PROCESS] [cadence.virtuoso.ade.simulationMonitor] - Simulator launched {"hostname": "dtvt_13", "processid": 17547, "history": "ExplorerRun.0", "testname": "gmIdwl_gmid2_1", "cornername": "Nominal", "point": 1, "logfile": "/home/dtvt_13/duyDUT/logs_dtvt_13/logs0/Job24.log", "simid": "1"}
[2026-04-16 00:06:35.632 +0700] [PROCESS] [cadence.virtuoso.ade.simulationMonitor] - Expression evaluator launched {"hostname": "dtvt_13", "processid": 17547, "history": "ExplorerRun.0", "testname": "gmIdwl_gmid2_1", "cornername": "Nominal", "point": 1, "logfile": "/home/dtvt_13/duyDUT/logs_dtvt_13/logs0/Job24.log"}
[2026-04-16 00:06:35.648 +0700] [PROCESS] [cadence.virtuoso.ade.simulationMonitor] - Started Simulation {"hostname": "dtvt_13", "processid": 17547, "history": "ExplorerRun.0", "testname": "gmIdwl_gmid2_1", "cornername": "Nominal", "point": 1, "logfile": "/home/dtvt_13/duyDUT/logs_dtvt_13/logs0/Job24.log"}
[2026-04-16 00:06:57.968 +0700] [INFO] [cadence.virtuoso.ade.simulationMonitor] - Peak resident memory used = 86 Mbytes. {"history": "ExplorerRun.0", "point": 1, "testname": "gmIdwl_gmid2_1", "cornername": "Nominal"}
[2026-04-16 00:06:57.969 +0700] [INFO] [cadence.virtuoso.ade.simulationMonitor] - Peak resident memory used = 96.3 Mbytes. {"history": "ExplorerRun.0", "point": 1, "testname": "gmIdwl_gmid2_1", "cornername": "Nominal"}
[2026-04-16 00:06:57.970 +0700] [INFO] [cadence.virtuoso.ade.simulationMonitor] - Notice from spectre during hierarchy flattening.
    The value 'psf' specified for the 'checklimitdest' option will no longer be supported in future releases. Use 'spectre -h' to see other recommended values for the 'checklimitdest' option. {"history": "ExplorerRun.0", "point": 1, "testname": "gmIdwl_gmid2_1", "cornername": "Nominal"}
[2026-04-16 00:06:57.970 +0700] [INFO] [cadence.virtuoso.ade.simulationMonitor] - Peak resident memory used = 97.1 Mbytes. {"history": "ExplorerRun.0", "point": 1, "testname": "gmIdwl_gmid2_1", "cornername": "Nominal"}
[2026-04-16 00:06:57.970 +0700] [INFO] [cadence.virtuoso.ade.simulationMonitor] - Notice from spectre during initial setup.
    Multithreading is disabled due to the size of the design being too small. {"history": "ExplorerRun.0", "point": 1, "testname": "gmIdwl_gmid2_1", "cornername": "Nominal"}
[2026-04-16 00:06:57.971 +0700] [INFO] [cadence.virtuoso.ade.simulationMonitor] -               nodes 3 {"history": "ExplorerRun.0", "point": 1, "testname": "gmIdwl_gmid2_1", "cornername": "Nominal"}
[2026-04-16 00:06:57.972 +0700] [INFO] [cadence.virtuoso.ade.simulationMonitor] - Notice from spectre during initial setup.
    APS enabled. {"history": "ExplorerRun.0", "point": 1, "testname": "gmIdwl_gmid2_1", "cornername": "Nominal"}
[2026-04-16 00:06:57.972 +0700] [INFO] [cadence.virtuoso.ade.simulationMonitor] - Peak resident memory used = 98.5 Mbytes. {"history": "ExplorerRun.0", "point": 1, "testname": "gmIdwl_gmid2_1", "cornername": "Nominal"}
[2026-04-16 00:06:57.973 +0700] [INFO] [cadence.virtuoso.ade.simulationMonitor] -    -   (APS) Multi-threading. The recommended number of threads is 1, consider adding +mt=1 on command line. {"history": "ExplorerRun.0", "point": 1, "testname": "gmIdwl_gmid2_1", "cornername": "Nominal"}
[2026-04-16 00:06:57.973 +0700] [INFO] [cadence.virtuoso.ade.simulationMonitor] - Total time required for dc analysis `dcOp': CPU = 1.67 ms, elapsed = 2.69508 ms. {"history": "ExplorerRun.0", "point": 1, "testname": "gmIdwl_gmid2_1", "cornername": "Nominal"}
[2026-04-16 00:06:57.973 +0700] [INFO] [cadence.virtuoso.ade.simulationMonitor] - Peak resident memory used = 100 Mbytes. {"history": "ExplorerRun.0", "point": 1, "testname": "gmIdwl_gmid2_1", "cornername": "Nominal"}
[2026-04-16 00:06:57.973 +0700] [INFO] [cadence.virtuoso.ade.simulationMonitor] - Notice from spectre at vsg = 934e-03 during DC analysis `dc'.
    The value of parameter 'vsg' has been reset to the original value 0.6. {"history": "ExplorerRun.0", "point": 1, "testname": "gmIdwl_gmid2_1", "cornername": "Nominal"}
[2026-04-16 00:06:57.974 +0700] [INFO] [cadence.virtuoso.ade.simulationMonitor] - Total time required for dc analysis `dc': CPU = 198.471 ms, elapsed = 199.507 ms. {"history": "ExplorerRun.0", "point": 1, "testname": "gmIdwl_gmid2_1", "cornername": "Nominal"}
[2026-04-16 00:06:57.974 +0700] [INFO] [cadence.virtuoso.ade.simulationMonitor] - Peak resident memory used = 101 Mbytes. {"history": "ExplorerRun.0", "point": 1, "testname": "gmIdwl_gmid2_1", "cornername": "Nominal"}
[2026-04-16 00:06:57.974 +0700] [INFO] [cadence.virtuoso.ade.simulationMonitor] - Time used: CPU = 937 ms, elapsed = 21.9 s, util. = 4.29%. {"history": "ExplorerRun.0", "point": 1, "testname": "gmIdwl_gmid2_1", "cornername": "Nominal"}
[2026-04-16 00:06:57.974 +0700] [INFO] [cadence.virtuoso.ade.simulationMonitor] - Time spent in licensing: elapsed = 20.3 s, percentage of total = 92.9%. {"history": "ExplorerRun.0", "point": 1, "testname": "gmIdwl_gmid2_1", "cornername": "Nominal"}
[2026-04-16 00:06:57.975 +0700] [INFO] [cadence.virtuoso.ade.simulationMonitor] - Peak memory used = 110 Mbytes. {"history": "ExplorerRun.0", "point": 1, "testname": "gmIdwl_gmid2_1", "cornername": "Nominal"}
[2026-04-16 00:06:57.975 +0700] [PROCESS] [cadence.virtuoso.ade.simulationMonitor] - Simulation started at: 12:06:35 AM, Thur Apr 16, 2026, ended at: 12:06:57 AM, Thur Apr 16, 2026, with elapsed time (wall clock): 21.9 s. {"history": "ExplorerRun.0", "point": 1, "testname": "gmIdwl_gmid2_1", "cornername": "Nominal"}
[2026-04-16 00:06:57.975 +0700] [PROCESS] [cadence.virtuoso.ade.simulationMonitor] - spectre completes with 0 errors, 0 warnings, and 5 notices. {"history": "ExplorerRun.0", "point": 1, "testname": "gmIdwl_gmid2_1", "cornername": "Nominal"}
[2026-04-16 00:06:58.476 +0700] [PROCESS] [cadence.virtuoso.ade.simulationMonitor] - Finished simulating for one point {"hostname": "dtvt_13", "processid": 17547, "history": "ExplorerRun.0", "testname": "gmIdwl_gmid2_1", "cornername": "Nominal", "point": 1, "logfile": "/home/dtvt_13/duyDUT/logs_dtvt_13/logs0/Job24.log", "simid": "1"}
[2026-04-16 00:06:58.477 +0700] [PROCESS] [cadence.virtuoso.ade.simulationMonitor] - Simulator exited {"hostname": "dtvt_13", "processid": 17547, "history": "ExplorerRun.0", "testname": "gmIdwl_gmid2_1", "cornername": "Nominal", "point": 1, "logfile": "/home/dtvt_13/duyDUT/logs_dtvt_13/logs0/Job24.log", "exitStatus": "0"}
[2026-04-16 00:06:58.478 +0700] [PROCESS] [cadence.virtuoso.ade.simulationMonitor] - Finished Simulation {"hostname": "dtvt_13", "processid": 17547, "history": "ExplorerRun.0", "testname": "gmIdwl_gmid2_1", "cornername": "Nominal", "point": 1, "logfile": "/home/dtvt_13/duyDUT/logs_dtvt_13/logs0/Job24.log", "simid": "1"}
[2026-04-16 00:06:59.003 +0700] [PROCESS] [cadence.virtuoso.ade.simulationMonitor] - Expression evaluator launched {"hostname": "dtvt_13", "processid": 17547, "history": "ExplorerRun.0", "testname": "gmIdwl_gmid2_1", "cornername": "Nominal", "point": 1, "logfile": "/home/dtvt_13/duyDUT/logs_dtvt_13/logs0/Job24.log"}
[2026-04-16 00:07:02.020 +0700] [PROCESS] [cadence.virtuoso.ade.simulationMonitor] - Expression evaluator launched {"hostname": "dtvt_13", "processid": 17547, "history": "ExplorerRun.0", "testname": "gmIdwl_gmid2_1", "cornername": "Nominal", "point": 1, "logfile": "/home/dtvt_13/duyDUT/logs_dtvt_13/logs0/Job24.log"}
[2026-04-16 00:07:04.037 +0700] [PROCESS] [cadence.virtuoso.ade.simulationMonitor] - Expression evaluator launched {"hostname": "dtvt_13", "processid": 17547, "history": "ExplorerRun.0", "testname": "gmIdwl_gmid2_1", "cornername": "Nominal", "point": 1, "logfile": "/home/dtvt_13/duyDUT/logs_dtvt_13/logs0/Job24.log"}
[2026-04-16 00:07:04.053 +0700] [PROCESS] [cadence.virtuoso.ade.simulationMonitor] - Point Finished {"hostname": "dtvt_13", "processid": 17547, "history": "ExplorerRun.0", "testname": "gmIdwl_gmid2_1", "cornername": "Nominal", "point": 1, "logfile": "/home/dtvt_13/duyDUT/logs_dtvt_13/logs0/Job24.log"}
[2026-04-16 00:09:43.476 +0700] [INFO] [cadence.virtuoso.ade.simulationMonitor] - SimulationMonitor has terminated the vds process '18369', reason: 'Force to stop the expression evalutor process because of new run' {"history": "ExplorerRun.0", "point": 1, "testname": "gmIdwl_gmid2_1", "cornername": "Nominal"}
[2026-04-16 00:09:43.477 +0700] [PROCESS] [cadence.virtuoso.ade.simulationMonitor] - HostInfo:
Host name (type):	dtvt_13 (x86_64)
Operating system:	Linux 3.10.0-1160.118.1.el7.x86_64 #1 SMP Wed Apr 24 16:01:50 UTC 2024 {"hostname": "dtvt_13", "processid": 17547, "history": "ExplorerRun.0", "testname": "gmIdwl_gmid2_1", "cornername": "Nominal", "point": 1, "logfile": "/home/dtvt_13/duyDUT/logs_dtvt_13/logs0/Job24.log", "nodename": "dtvt_13", "domainname": "(none)", "machine": "x86_64", "sysname": "Linux", "release": "3.10.0-1160.118.1.el7.x86_64", "version": "#1 SMP Wed Apr 24 16:01:50 UTC 2024"}
[2026-04-16 00:09:43.477 +0700] [PROCESS] [cadence.virtuoso.ade.simulationMonitor] - UsageInfo:
pid=17547
totalPhysicalMemory=15.208324GB,Used=14.520180GB,totalVirtualMemory=22.895821GB,Used=14.547035GB
Cpu: Cores=24, Load average:0.920000,0.610000,0.370000 {"hostname": "dtvt_13", "processid": 17547, "history": "ExplorerRun.0", "testname": "gmIdwl_gmid2_1", "cornername": "Nominal", "point": 1, "logfile": "/home/dtvt_13/duyDUT/logs_dtvt_13/logs0/Job24.log", "pid": "17547", "totalPhysicalMemory": "15.208324", "physicalMemoryUsed": "14.520180", "totalVirtualMemory": "22.895821", "virtualMemoryUsed": "14.547035", "cpuCores": "24", "processes": "2543", "loadAverage1": "0.920000", "loadAverage5": "0.610000", "loadAverage15": "0.370000", "loadAverage1Percent": "0.038333"}
[2026-04-16 00:09:43.478 +0700] [EVENT] [cadence.virtuoso.ade.simulationMonitor] - NewPoint {"history": "ExplorerRun.0", "point": 1, "testname": "gmIdwl_gmid2_1", "cornername": "Nominal", "event": "NewPoint", "EventSource": "Simulation Monitor", "HistoryName": "ExplorerRun.0", "logFile": "/home/dtvt_13/duyDUT/logs_dtvt_13/logs0/Job24.log", "logFileSize": "12577"}
[2026-04-16 00:09:43.579 +0700] [EVENT] [cadence.virtuoso.ade.simulationMonitor] - NewPoint {"history": "ExplorerRun.0", "point": 1, "testname": "gmIdwl_gmid2_1", "cornername": "Nominal", "event": "NewPoint", "EventSource": "spectre", "HistoryName": "ExplorerRun.0", "logFile": "/home/dtvt_13/simulation/gmIdwl/gmid2/maestro/results/maestro/ExplorerRun.0/1/gmIdwl_gmid2_1/psf/spectre.out", "logFileSize": "-1"}
[2026-04-16 00:09:43.584 +0700] [PROCESS] [cadence.virtuoso.ade.simulationMonitor] - Simulator launched {"hostname": "dtvt_13", "processid": 17547, "history": "ExplorerRun.0", "testname": "gmIdwl_gmid2_1", "cornername": "Nominal", "point": 1, "logfile": "/home/dtvt_13/duyDUT/logs_dtvt_13/logs0/Job24.log", "simid": "2"}
[2026-04-16 00:09:43.588 +0700] [PROCESS] [cadence.virtuoso.ade.simulationMonitor] - Expression evaluator launched {"hostname": "dtvt_13", "processid": 17547, "history": "ExplorerRun.0", "testname": "gmIdwl_gmid2_1", "cornername": "Nominal", "point": 1, "logfile": "/home/dtvt_13/duyDUT/logs_dtvt_13/logs0/Job24.log"}
[2026-04-16 00:09:43.593 +0700] [PROCESS] [cadence.virtuoso.ade.simulationMonitor] - Started Simulation {"hostname": "dtvt_13", "processid": 17547, "history": "ExplorerRun.0", "testname": "gmIdwl_gmid2_1", "cornername": "Nominal", "point": 1, "logfile": "/home/dtvt_13/duyDUT/logs_dtvt_13/logs0/Job24.log"}
[2026-04-16 00:10:05.423 +0700] [INFO] [cadence.virtuoso.ade.simulationMonitor] - Peak resident memory used = 86.1 Mbytes. {"history": "ExplorerRun.0", "point": 1, "testname": "gmIdwl_gmid2_1", "cornername": "Nominal"}
[2026-04-16 00:10:05.423 +0700] [INFO] [cadence.virtuoso.ade.simulationMonitor] - Peak resident memory used = 96.4 Mbytes. {"history": "ExplorerRun.0", "point": 1, "testname": "gmIdwl_gmid2_1", "cornername": "Nominal"}
[2026-04-16 00:10:05.424 +0700] [INFO] [cadence.virtuoso.ade.simulationMonitor] - Notice from spectre during hierarchy flattening.
    The value 'psf' specified for the 'checklimitdest' option will no longer be supported in future releases. Use 'spectre -h' to see other recommended values for the 'checklimitdest' option. {"history": "ExplorerRun.0", "point": 1, "testname": "gmIdwl_gmid2_1", "cornername": "Nominal"}
[2026-04-16 00:10:05.424 +0700] [INFO] [cadence.virtuoso.ade.simulationMonitor] - Peak resident memory used = 97.3 Mbytes. {"history": "ExplorerRun.0", "point": 1, "testname": "gmIdwl_gmid2_1", "cornername": "Nominal"}
[2026-04-16 00:10:05.924 +0700] [WARN] [cadence.virtuoso.ade.simulationMonitor] -     WARNING (SPECTRE-8061): `PM0': Does not have a terminal named `id'. {"history": "ExplorerRun.0", "point": 1, "testname": "gmIdwl_gmid2_1", "cornername": "Nominal"}
[2026-04-16 00:10:05.924 +0700] [WARN] [cadence.virtuoso.ade.simulationMonitor] -     WARNING (SPECTRE-8287): Ignoring invalid item `PM0:id' in save statement. {"history": "ExplorerRun.0", "point": 1, "testname": "gmIdwl_gmid2_1", "cornername": "Nominal"}
[2026-04-16 00:10:05.924 +0700] [WARN] [cadence.virtuoso.ade.simulationMonitor] -     WARNING (SPECTRE-8061): `PM0': Does not have a terminal named `gm'. {"history": "ExplorerRun.0", "point": 1, "testname": "gmIdwl_gmid2_1", "cornername": "Nominal"}
[2026-04-16 00:10:05.925 +0700] [WARN] [cadence.virtuoso.ade.simulationMonitor] -     WARNING (SPECTRE-8287): Ignoring invalid item `PM0:gm' in save statement. {"history": "ExplorerRun.0", "point": 1, "testname": "gmIdwl_gmid2_1", "cornername": "Nominal"}
[2026-04-16 00:10:05.925 +0700] [WARN] [cadence.virtuoso.ade.simulationMonitor] -     WARNING (SPECTRE-8061): `PM0': Does not have a terminal named `vgs'. {"history": "ExplorerRun.0", "point": 1, "testname": "gmIdwl_gmid2_1", "cornername": "Nominal"}
[2026-04-16 00:10:05.925 +0700] [WARN] [cadence.virtuoso.ade.simulationMonitor] -     WARNING (SPECTRE-8287): Ignoring invalid item `PM0:vgs' in save statement. {"history": "ExplorerRun.0", "point": 1, "testname": "gmIdwl_gmid2_1", "cornername": "Nominal"}
[2026-04-16 00:10:05.925 +0700] [WARN] [cadence.virtuoso.ade.simulationMonitor] -     WARNING (SPECTRE-8061): `PM0': Does not have a terminal named `vth'. {"history": "ExplorerRun.0", "point": 1, "testname": "gmIdwl_gmid2_1", "cornername": "Nominal"}
[2026-04-16 00:10:05.925 +0700] [WARN] [cadence.virtuoso.ade.simulationMonitor] -     WARNING (SPECTRE-8287): Ignoring invalid item `PM0:vth' in save statement. {"history": "ExplorerRun.0", "point": 1, "testname": "gmIdwl_gmid2_1", "cornername": "Nominal"}
[2026-04-16 00:10:05.925 +0700] [INFO] [cadence.virtuoso.ade.simulationMonitor] - Notice from spectre during initial setup.
    Multithreading is disabled due to the size of the design being too small. {"history": "ExplorerRun.0", "point": 1, "testname": "gmIdwl_gmid2_1", "cornername": "Nominal"}
[2026-04-16 00:10:05.926 +0700] [INFO] [cadence.virtuoso.ade.simulationMonitor] -               nodes 3 {"history": "ExplorerRun.0", "point": 1, "testname": "gmIdwl_gmid2_1", "cornername": "Nominal"}
[2026-04-16 00:10:05.926 +0700] [INFO] [cadence.virtuoso.ade.simulationMonitor] - Notice from spectre during initial setup.
    APS enabled. {"history": "ExplorerRun.0", "point": 1, "testname": "gmIdwl_gmid2_1", "cornername": "Nominal"}
[2026-04-16 00:10:05.926 +0700] [INFO] [cadence.virtuoso.ade.simulationMonitor] - Peak resident memory used = 98.8 Mbytes. {"history": "ExplorerRun.0", "point": 1, "testname": "gmIdwl_gmid2_1", "cornername": "Nominal"}
[2026-04-16 00:10:05.926 +0700] [INFO] [cadence.virtuoso.ade.simulationMonitor] -    -   (APS) Multi-threading. The recommended number of threads is 1, consider adding +mt=1 on command line. {"history": "ExplorerRun.0", "point": 1, "testname": "gmIdwl_gmid2_1", "cornername": "Nominal"}
[2026-04-16 00:10:05.926 +0700] [INFO] [cadence.virtuoso.ade.simulationMonitor] - Total time required for dc analysis `dcOp': CPU = 1.435 ms, elapsed = 2.44999 ms. {"history": "ExplorerRun.0", "point": 1, "testname": "gmIdwl_gmid2_1", "cornername": "Nominal"}
[2026-04-16 00:10:05.926 +0700] [INFO] [cadence.virtuoso.ade.simulationMonitor] - Peak resident memory used = 101 Mbytes. {"history": "ExplorerRun.0", "point": 1, "testname": "gmIdwl_gmid2_1", "cornername": "Nominal"}
[2026-04-16 00:10:05.926 +0700] [INFO] [cadence.virtuoso.ade.simulationMonitor] - Notice from spectre at vsg = 934e-03 during DC analysis `dc'.
    The value of parameter 'vsg' has been reset to the original value 0.6. {"history": "ExplorerRun.0", "point": 1, "testname": "gmIdwl_gmid2_1", "cornername": "Nominal"}
[2026-04-16 00:10:05.926 +0700] [INFO] [cadence.virtuoso.ade.simulationMonitor] - Total time required for dc analysis `dc': CPU = 629.203 ms, elapsed = 630.265 ms. {"history": "ExplorerRun.0", "point": 1, "testname": "gmIdwl_gmid2_1", "cornername": "Nominal"}
[2026-04-16 00:10:05.926 +0700] [INFO] [cadence.virtuoso.ade.simulationMonitor] - Peak resident memory used = 102 Mbytes. {"history": "ExplorerRun.0", "point": 1, "testname": "gmIdwl_gmid2_1", "cornername": "Nominal"}
[2026-04-16 00:10:06.427 +0700] [PROCESS] [cadence.virtuoso.ade.simulationMonitor] - Finished simulating for one point {"hostname": "dtvt_13", "processid": 17547, "history": "ExplorerRun.0", "testname": "gmIdwl_gmid2_1", "cornername": "Nominal", "point": 1, "logfile": "/home/dtvt_13/duyDUT/logs_dtvt_13/logs0/Job24.log", "simid": "2"}
[2026-04-16 00:10:06.427 +0700] [INFO] [cadence.virtuoso.ade.simulationMonitor] - Time used: CPU = 1.18 s, elapsed = 22 s, util. = 5.37%. {"history": "ExplorerRun.0", "point": 1, "testname": "gmIdwl_gmid2_1", "cornername": "Nominal"}
[2026-04-16 00:10:06.427 +0700] [INFO] [cadence.virtuoso.ade.simulationMonitor] - Time spent in licensing: elapsed = 20.3 s, percentage of total = 92.2%. {"history": "ExplorerRun.0", "point": 1, "testname": "gmIdwl_gmid2_1", "cornername": "Nominal"}
[2026-04-16 00:10:06.427 +0700] [INFO] [cadence.virtuoso.ade.simulationMonitor] - Peak memory used = 110 Mbytes. {"history": "ExplorerRun.0", "point": 1, "testname": "gmIdwl_gmid2_1", "cornername": "Nominal"}
[2026-04-16 00:10:06.428 +0700] [PROCESS] [cadence.virtuoso.ade.simulationMonitor] - Simulation started at: 12:09:43 AM, Thur Apr 16, 2026, ended at: 12:10:05 AM, Thur Apr 16, 2026, with elapsed time (wall clock): 22 s. {"history": "ExplorerRun.0", "point": 1, "testname": "gmIdwl_gmid2_1", "cornername": "Nominal"}
[2026-04-16 00:10:06.428 +0700] [PROCESS] [cadence.virtuoso.ade.simulationMonitor] - spectre completes with 0 errors, 8 warnings, and 5 notices. {"history": "ExplorerRun.0", "point": 1, "testname": "gmIdwl_gmid2_1", "cornername": "Nominal"}
[2026-04-16 00:10:06.428 +0700] [PROCESS] [cadence.virtuoso.ade.simulationMonitor] - Simulator exited {"hostname": "dtvt_13", "processid": 17547, "history": "ExplorerRun.0", "testname": "gmIdwl_gmid2_1", "cornername": "Nominal", "point": 1, "logfile": "/home/dtvt_13/duyDUT/logs_dtvt_13/logs0/Job24.log", "exitStatus": "0"}
[2026-04-16 00:10:06.428 +0700] [PROCESS] [cadence.virtuoso.ade.simulationMonitor] - Finished Simulation {"hostname": "dtvt_13", "processid": 17547, "history": "ExplorerRun.0", "testname": "gmIdwl_gmid2_1", "cornername": "Nominal", "point": 1, "logfile": "/home/dtvt_13/duyDUT/logs_dtvt_13/logs0/Job24.log", "simid": "2"}
[2026-04-16 00:10:06.940 +0700] [PROCESS] [cadence.virtuoso.ade.simulationMonitor] - Point Finished {"hostname": "dtvt_13", "processid": 17547, "history": "ExplorerRun.0", "testname": "gmIdwl_gmid2_1", "cornername": "Nominal", "point": 1, "logfile": "/home/dtvt_13/duyDUT/logs_dtvt_13/logs0/Job24.log"}
[2026-04-16 00:13:04.177 +0700] [INFO] [cadence.virtuoso.ade.simulationMonitor] - SimulationMonitor has terminated the vds process '19819', reason: 'Force to stop the expression evalutor process because of new run' {"history": "ExplorerRun.0", "point": 1, "testname": "gmIdwl_gmid2_1", "cornername": "Nominal"}
[2026-04-16 00:13:04.177 +0700] [PROCESS] [cadence.virtuoso.ade.simulationMonitor] - HostInfo:
Host name (type):	dtvt_13 (x86_64)
Operating system:	Linux 3.10.0-1160.118.1.el7.x86_64 #1 SMP Wed Apr 24 16:01:50 UTC 2024 {"hostname": "dtvt_13", "processid": 17547, "history": "ExplorerRun.0", "testname": "gmIdwl_gmid2_1", "cornername": "Nominal", "point": 1, "logfile": "/home/dtvt_13/duyDUT/logs_dtvt_13/logs0/Job24.log", "nodename": "dtvt_13", "domainname": "(none)", "machine": "x86_64", "sysname": "Linux", "release": "3.10.0-1160.118.1.el7.x86_64", "version": "#1 SMP Wed Apr 24 16:01:50 UTC 2024"}
[2026-04-16 00:13:04.178 +0700] [PROCESS] [cadence.virtuoso.ade.simulationMonitor] - UsageInfo:
pid=17547
totalPhysicalMemory=15.208324GB,Used=14.540161GB,totalVirtualMemory=22.895821GB,Used=14.567017GB
Cpu: Cores=24, Load average:0.280000,0.420000,0.340000 {"hostname": "dtvt_13", "processid": 17547, "history": "ExplorerRun.0", "testname": "gmIdwl_gmid2_1", "cornername": "Nominal", "point": 1, "logfile": "/home/dtvt_13/duyDUT/logs_dtvt_13/logs0/Job24.log", "pid": "17547", "totalPhysicalMemory": "15.208324", "physicalMemoryUsed": "14.540161", "totalVirtualMemory": "22.895821", "virtualMemoryUsed": "14.567017", "cpuCores": "24", "processes": "2543", "loadAverage1": "0.280000", "loadAverage5": "0.420000", "loadAverage15": "0.340000", "loadAverage1Percent": "0.011667"}
[2026-04-16 00:13:04.178 +0700] [EVENT] [cadence.virtuoso.ade.simulationMonitor] - NewPoint {"history": "ExplorerRun.0", "point": 1, "testname": "gmIdwl_gmid2_1", "cornername": "Nominal", "event": "NewPoint", "EventSource": "Simulation Monitor", "HistoryName": "ExplorerRun.0", "logFile": "/home/dtvt_13/duyDUT/logs_dtvt_13/logs0/Job24.log", "logFileSize": "24141"}
[2026-04-16 00:13:04.279 +0700] [EVENT] [cadence.virtuoso.ade.simulationMonitor] - NewPoint {"history": "ExplorerRun.0", "point": 1, "testname": "gmIdwl_gmid2_1", "cornername": "Nominal", "event": "NewPoint", "EventSource": "spectre", "HistoryName": "ExplorerRun.0", "logFile": "/home/dtvt_13/simulation/gmIdwl/gmid2/maestro/results/maestro/ExplorerRun.0/1/gmIdwl_gmid2_1/psf/spectre.out", "logFileSize": "-1"}
[2026-04-16 00:13:04.288 +0700] [PROCESS] [cadence.virtuoso.ade.simulationMonitor] - Simulator launched {"hostname": "dtvt_13", "processid": 17547, "history": "ExplorerRun.0", "testname": "gmIdwl_gmid2_1", "cornername": "Nominal", "point": 1, "logfile": "/home/dtvt_13/duyDUT/logs_dtvt_13/logs0/Job24.log", "simid": "3"}
[2026-04-16 00:13:04.295 +0700] [PROCESS] [cadence.virtuoso.ade.simulationMonitor] - Expression evaluator launched {"hostname": "dtvt_13", "processid": 17547, "history": "ExplorerRun.0", "testname": "gmIdwl_gmid2_1", "cornername": "Nominal", "point": 1, "logfile": "/home/dtvt_13/duyDUT/logs_dtvt_13/logs0/Job24.log"}
[2026-04-16 00:13:04.310 +0700] [PROCESS] [cadence.virtuoso.ade.simulationMonitor] - Started Simulation {"hostname": "dtvt_13", "processid": 17547, "history": "ExplorerRun.0", "testname": "gmIdwl_gmid2_1", "cornername": "Nominal", "point": 1, "logfile": "/home/dtvt_13/duyDUT/logs_dtvt_13/logs0/Job24.log"}
[2026-04-16 00:13:26.204 +0700] [INFO] [cadence.virtuoso.ade.simulationMonitor] - Peak resident memory used = 86.1 Mbytes. {"history": "ExplorerRun.0", "point": 1, "testname": "gmIdwl_gmid2_1", "cornername": "Nominal"}
[2026-04-16 00:13:26.204 +0700] [INFO] [cadence.virtuoso.ade.simulationMonitor] - Peak resident memory used = 96.4 Mbytes. {"history": "ExplorerRun.0", "point": 1, "testname": "gmIdwl_gmid2_1", "cornername": "Nominal"}
[2026-04-16 00:13:26.204 +0700] [INFO] [cadence.virtuoso.ade.simulationMonitor] - Notice from spectre during hierarchy flattening.
    The value 'psf' specified for the 'checklimitdest' option will no longer be supported in future releases. Use 'spectre -h' to see other recommended values for the 'checklimitdest' option. {"history": "ExplorerRun.0", "point": 1, "testname": "gmIdwl_gmid2_1", "cornername": "Nominal"}
[2026-04-16 00:13:26.204 +0700] [INFO] [cadence.virtuoso.ade.simulationMonitor] - Peak resident memory used = 97.3 Mbytes. {"history": "ExplorerRun.0", "point": 1, "testname": "gmIdwl_gmid2_1", "cornername": "Nominal"}
[2026-04-16 00:13:26.205 +0700] [WARN] [cadence.virtuoso.ade.simulationMonitor] -     WARNING (SPECTRE-8061): `PM0': Does not have a terminal named `id'. {"history": "ExplorerRun.0", "point": 1, "testname": "gmIdwl_gmid2_1", "cornername": "Nominal"}
[2026-04-16 00:13:26.205 +0700] [WARN] [cadence.virtuoso.ade.simulationMonitor] -     WARNING (SPECTRE-8287): Ignoring invalid item `PM0:id' in save statement. {"history": "ExplorerRun.0", "point": 1, "testname": "gmIdwl_gmid2_1", "cornername": "Nominal"}
[2026-04-16 00:13:26.205 +0700] [WARN] [cadence.virtuoso.ade.simulationMonitor] -     WARNING (SPECTRE-8061): `PM0': Does not have a terminal named `gm'. {"history": "ExplorerRun.0", "point": 1, "testname": "gmIdwl_gmid2_1", "cornername": "Nominal"}
[2026-04-16 00:13:26.205 +0700] [WARN] [cadence.virtuoso.ade.simulationMonitor] -     WARNING (SPECTRE-8287): Ignoring invalid item `PM0:gm' in save statement. {"history": "ExplorerRun.0", "point": 1, "testname": "gmIdwl_gmid2_1", "cornername": "Nominal"}
[2026-04-16 00:13:26.205 +0700] [WARN] [cadence.virtuoso.ade.simulationMonitor] -     WARNING (SPECTRE-8061): `PM0': Does not have a terminal named `vgs'. {"history": "ExplorerRun.0", "point": 1, "testname": "gmIdwl_gmid2_1", "cornername": "Nominal"}
[2026-04-16 00:13:26.205 +0700] [WARN] [cadence.virtuoso.ade.simulationMonitor] -     WARNING (SPECTRE-8287): Ignoring invalid item `PM0:vgs' in save statement. {"history": "ExplorerRun.0", "point": 1, "testname": "gmIdwl_gmid2_1", "cornername": "Nominal"}
[2026-04-16 00:13:26.205 +0700] [WARN] [cadence.virtuoso.ade.simulationMonitor] -     WARNING (SPECTRE-8061): `PM0': Does not have a terminal named `vth'. {"history": "ExplorerRun.0", "point": 1, "testname": "gmIdwl_gmid2_1", "cornername": "Nominal"}
[2026-04-16 00:13:26.205 +0700] [WARN] [cadence.virtuoso.ade.simulationMonitor] -     WARNING (SPECTRE-8287): Ignoring invalid item `PM0:vth' in save statement. {"history": "ExplorerRun.0", "point": 1, "testname": "gmIdwl_gmid2_1", "cornername": "Nominal"}
[2026-04-16 00:13:26.206 +0700] [INFO] [cadence.virtuoso.ade.simulationMonitor] - Notice from spectre during initial setup.
    Multithreading is disabled due to the size of the design being too small. {"history": "ExplorerRun.0", "point": 1, "testname": "gmIdwl_gmid2_1", "cornername": "Nominal"}
[2026-04-16 00:13:26.206 +0700] [INFO] [cadence.virtuoso.ade.simulationMonitor] -               nodes 3 {"history": "ExplorerRun.0", "point": 1, "testname": "gmIdwl_gmid2_1", "cornername": "Nominal"}
[2026-04-16 00:13:26.206 +0700] [INFO] [cadence.virtuoso.ade.simulationMonitor] - Notice from spectre during initial setup.
    APS enabled. {"history": "ExplorerRun.0", "point": 1, "testname": "gmIdwl_gmid2_1", "cornername": "Nominal"}
[2026-04-16 00:13:26.206 +0700] [INFO] [cadence.virtuoso.ade.simulationMonitor] - Peak resident memory used = 98.8 Mbytes. {"history": "ExplorerRun.0", "point": 1, "testname": "gmIdwl_gmid2_1", "cornername": "Nominal"}
[2026-04-16 00:13:26.206 +0700] [INFO] [cadence.virtuoso.ade.simulationMonitor] -    -   (APS) Multi-threading. The recommended number of threads is 1, consider adding +mt=1 on command line. {"history": "ExplorerRun.0", "point": 1, "testname": "gmIdwl_gmid2_1", "cornername": "Nominal"}
[2026-04-16 00:13:26.206 +0700] [INFO] [cadence.virtuoso.ade.simulationMonitor] - Total time required for dc analysis `dcOp': CPU = 4.282 ms, elapsed = 5.38802 ms. {"history": "ExplorerRun.0", "point": 1, "testname": "gmIdwl_gmid2_1", "cornername": "Nominal"}
[2026-04-16 00:13:26.206 +0700] [INFO] [cadence.virtuoso.ade.simulationMonitor] - Peak resident memory used = 101 Mbytes. {"history": "ExplorerRun.0", "point": 1, "testname": "gmIdwl_gmid2_1", "cornername": "Nominal"}
[2026-04-16 00:13:26.706 +0700] [INFO] [cadence.virtuoso.ade.simulationMonitor] - Notice from spectre at vsg = 934e-03 during DC analysis `dc'.
    The value of parameter 'vsg' has been reset to the original value 0.6. {"history": "ExplorerRun.0", "point": 1, "testname": "gmIdwl_gmid2_1", "cornername": "Nominal"}
[2026-04-16 00:13:26.707 +0700] [INFO] [cadence.virtuoso.ade.simulationMonitor] - Total time required for dc analysis `dc': CPU = 636.075 ms, elapsed = 637.218 ms. {"history": "ExplorerRun.0", "point": 1, "testname": "gmIdwl_gmid2_1", "cornername": "Nominal"}
[2026-04-16 00:13:26.707 +0700] [INFO] [cadence.virtuoso.ade.simulationMonitor] - Peak resident memory used = 102 Mbytes. {"history": "ExplorerRun.0", "point": 1, "testname": "gmIdwl_gmid2_1", "cornername": "Nominal"}
[2026-04-16 00:13:27.209 +0700] [PROCESS] [cadence.virtuoso.ade.simulationMonitor] - Finished simulating for one point {"hostname": "dtvt_13", "processid": 17547, "history": "ExplorerRun.0", "testname": "gmIdwl_gmid2_1", "cornername": "Nominal", "point": 1, "logfile": "/home/dtvt_13/duyDUT/logs_dtvt_13/logs0/Job24.log", "simid": "3"}
[2026-04-16 00:13:27.210 +0700] [INFO] [cadence.virtuoso.ade.simulationMonitor] - Time used: CPU = 1.19 s, elapsed = 22.1 s, util. = 5.41%. {"history": "ExplorerRun.0", "point": 1, "testname": "gmIdwl_gmid2_1", "cornername": "Nominal"}
[2026-04-16 00:13:27.210 +0700] [INFO] [cadence.virtuoso.ade.simulationMonitor] - Time spent in licensing: elapsed = 20.3 s, percentage of total = 92%. {"history": "ExplorerRun.0", "point": 1, "testname": "gmIdwl_gmid2_1", "cornername": "Nominal"}
[2026-04-16 00:13:27.211 +0700] [INFO] [cadence.virtuoso.ade.simulationMonitor] - Peak memory used = 110 Mbytes. {"history": "ExplorerRun.0", "point": 1, "testname": "gmIdwl_gmid2_1", "cornername": "Nominal"}
[2026-04-16 00:13:27.211 +0700] [PROCESS] [cadence.virtuoso.ade.simulationMonitor] - Simulation started at: 12:13:04 AM, Thur Apr 16, 2026, ended at: 12:13:26 AM, Thur Apr 16, 2026, with elapsed time (wall clock): 22.1 s. {"history": "ExplorerRun.0", "point": 1, "testname": "gmIdwl_gmid2_1", "cornername": "Nominal"}
[2026-04-16 00:13:27.212 +0700] [PROCESS] [cadence.virtuoso.ade.simulationMonitor] - spectre completes with 0 errors, 8 warnings, and 5 notices. {"history": "ExplorerRun.0", "point": 1, "testname": "gmIdwl_gmid2_1", "cornername": "Nominal"}
[2026-04-16 00:13:27.212 +0700] [PROCESS] [cadence.virtuoso.ade.simulationMonitor] - Simulator exited {"hostname": "dtvt_13", "processid": 17547, "history": "ExplorerRun.0", "testname": "gmIdwl_gmid2_1", "cornername": "Nominal", "point": 1, "logfile": "/home/dtvt_13/duyDUT/logs_dtvt_13/logs0/Job24.log", "exitStatus": "0"}
[2026-04-16 00:13:27.212 +0700] [PROCESS] [cadence.virtuoso.ade.simulationMonitor] - Finished Simulation {"hostname": "dtvt_13", "processid": 17547, "history": "ExplorerRun.0", "testname": "gmIdwl_gmid2_1", "cornername": "Nominal", "point": 1, "logfile": "/home/dtvt_13/duyDUT/logs_dtvt_13/logs0/Job24.log", "simid": "3"}
[2026-04-16 00:13:27.727 +0700] [PROCESS] [cadence.virtuoso.ade.simulationMonitor] - Point Finished {"hostname": "dtvt_13", "processid": 17547, "history": "ExplorerRun.0", "testname": "gmIdwl_gmid2_1", "cornername": "Nominal", "point": 1, "logfile": "/home/dtvt_13/duyDUT/logs_dtvt_13/logs0/Job24.log"}
[2026-04-16 00:18:28.837 +0700] [PROCESS] [cadence.virtuoso.ade.simulationMonitor] - Current memory used: 32.2188 MBytes, peak memory used: 32.2188 MBytes {"hostname": "dtvt_13", "processid": 17547, "history": "ExplorerRun.0", "testname": "gmIdwl_gmid2_1", "cornername": "Nominal", "point": 1, "logfile": "/home/dtvt_13/duyDUT/logs_dtvt_13/logs0/Job24.log"}
[2026-04-16 00:18:28.838 +0700] [PROCESS] [cadence.virtuoso.ade.simulationMonitor] - Simulation Monitor process exit. {"hostname": "dtvt_13", "processid": 17547, "history": "ExplorerRun.0", "testname": "gmIdwl_gmid2_1", "cornername": "Nominal", "point": 1, "logfile": "/home/dtvt_13/duyDUT/logs_dtvt_13/logs0/Job24.log"}
