[Simulation Monitor: 25]
[2026-04-08 02:42:04.564 +0700] [PROCESS] [cadence.virtuoso.ade.simulationMonitor] - Simulation Monitor has successfully started up. Trying to set up communication channels to other components ... {"hostname": "dtvt_13", "processid": 26697, "logfile": "/home/dtvt_13/duyDUT/logs_dtvt_13/logs0/Job25.log"}
[2026-04-08 02:42:04.564 +0700] [PROCESS] [cadence.virtuoso.ade.simulationMonitor] - Communication channels have been successfully set up. Start processing events ... {"hostname": "dtvt_13", "processid": 26697, "logfile": "/home/dtvt_13/duyDUT/logs_dtvt_13/logs0/Job25.log"}
[2026-04-08 02:42:04.564 +0700] [PROCESS] [cadence.virtuoso.ade.simulationMonitor] - Considering to start history {"hostname": "dtvt_13", "processid": 26697, "history": "ExplorerRun.0", "logfile": "/home/dtvt_13/duyDUT/logs_dtvt_13/logs0/Job25.log"}
[2026-04-08 02:42:04.565 +0700] [PROCESS] [cadence.virtuoso.ade.simulationMonitor] - HostInfo:
Host name (type):	dtvt_13 (x86_64)
Operating system:	Linux 3.10.0-1160.118.1.el7.x86_64 #1 SMP Wed Apr 24 16:01:50 UTC 2024 {"hostname": "dtvt_13", "processid": 26697, "history": "ExplorerRun.0", "logfile": "/home/dtvt_13/duyDUT/logs_dtvt_13/logs0/Job25.log", "nodename": "dtvt_13", "domainname": "(none)", "machine": "x86_64", "sysname": "Linux", "release": "3.10.0-1160.118.1.el7.x86_64", "version": "#1 SMP Wed Apr 24 16:01:50 UTC 2024"}
[2026-04-08 02:42:04.565 +0700] [PROCESS] [cadence.virtuoso.ade.simulationMonitor] - UsageInfo:
pid=26697
totalPhysicalMemory=15.208324GB,Used=14.833652GB,totalVirtualMemory=22.895821GB,Used=14.853672GB
Cpu: Cores=24, Load average:0.500000,0.340000,0.240000 {"hostname": "dtvt_13", "processid": 26697, "history": "ExplorerRun.0", "logfile": "/home/dtvt_13/duyDUT/logs_dtvt_13/logs0/Job25.log", "pid": "26697", "totalPhysicalMemory": "15.208324", "physicalMemoryUsed": "14.833652", "totalVirtualMemory": "22.895821", "virtualMemoryUsed": "14.853672", "cpuCores": "24", "processes": "2663", "loadAverage1": "0.500000", "loadAverage5": "0.340000", "loadAverage15": "0.240000", "loadAverage1Percent": "0.020833"}
[2026-04-08 02:42:04.565 +0700] [EVENT] [cadence.virtuoso.ade.simulationMonitor] - NewPoint {"history": "ExplorerRun.0", "point": 1, "testname": "gmIdwl_WL_1", "cornername": "Nominal", "event": "NewPoint", "EventSource": "Simulation Monitor", "HistoryName": "ExplorerRun.0", "logFile": "/home/dtvt_13/duyDUT/logs_dtvt_13/logs0/Job25.log", "logFileSize": "2100"}
[2026-04-08 02:42:04.666 +0700] [EVENT] [cadence.virtuoso.ade.simulationMonitor] - NewPoint {"history": "ExplorerRun.0", "point": 1, "testname": "gmIdwl_WL_1", "cornername": "Nominal", "event": "NewPoint", "EventSource": "spectre", "HistoryName": "ExplorerRun.0", "logFile": "/home/dtvt_13/simulation/gmIdwl/WL/maestro/results/maestro/ExplorerRun.0/1/gmIdwl_WL_1/psf/spectre.out", "logFileSize": "-1"}
[2026-04-08 02:42:04.668 +0700] [PROCESS] [cadence.virtuoso.ade.simulationMonitor] - Simulator launched {"hostname": "dtvt_13", "processid": 26697, "history": "ExplorerRun.0", "testname": "gmIdwl_WL_1", "cornername": "Nominal", "point": 1, "logfile": "/home/dtvt_13/duyDUT/logs_dtvt_13/logs0/Job25.log", "simid": "1"}
[2026-04-08 02:42:04.670 +0700] [PROCESS] [cadence.virtuoso.ade.simulationMonitor] - Expression evaluator launched {"hostname": "dtvt_13", "processid": 26697, "history": "ExplorerRun.0", "testname": "gmIdwl_WL_1", "cornername": "Nominal", "point": 1, "logfile": "/home/dtvt_13/duyDUT/logs_dtvt_13/logs0/Job25.log"}
[2026-04-08 02:42:04.673 +0700] [PROCESS] [cadence.virtuoso.ade.simulationMonitor] - Started Simulation {"hostname": "dtvt_13", "processid": 26697, "history": "ExplorerRun.0", "testname": "gmIdwl_WL_1", "cornername": "Nominal", "point": 1, "logfile": "/home/dtvt_13/duyDUT/logs_dtvt_13/logs0/Job25.log"}
[2026-04-08 02:42:26.982 +0700] [INFO] [cadence.virtuoso.ade.simulationMonitor] - Peak resident memory used = 86 Mbytes. {"history": "ExplorerRun.0", "point": 1, "testname": "gmIdwl_WL_1", "cornername": "Nominal"}
[2026-04-08 02:42:26.982 +0700] [INFO] [cadence.virtuoso.ade.simulationMonitor] - Peak resident memory used = 96.4 Mbytes. {"history": "ExplorerRun.0", "point": 1, "testname": "gmIdwl_WL_1", "cornername": "Nominal"}
[2026-04-08 02:42:26.982 +0700] [INFO] [cadence.virtuoso.ade.simulationMonitor] - Notice from spectre during hierarchy flattening.
    The value 'psf' specified for the 'checklimitdest' option will no longer be supported in future releases. Use 'spectre -h' to see other recommended values for the 'checklimitdest' option. {"history": "ExplorerRun.0", "point": 1, "testname": "gmIdwl_WL_1", "cornername": "Nominal"}
[2026-04-08 02:42:26.983 +0700] [INFO] [cadence.virtuoso.ade.simulationMonitor] - Peak resident memory used = 97.2 Mbytes. {"history": "ExplorerRun.0", "point": 1, "testname": "gmIdwl_WL_1", "cornername": "Nominal"}
[2026-04-08 02:42:26.984 +0700] [INFO] [cadence.virtuoso.ade.simulationMonitor] - Notice from spectre during initial setup.
    Multithreading is disabled due to the size of the design being too small. {"history": "ExplorerRun.0", "point": 1, "testname": "gmIdwl_WL_1", "cornername": "Nominal"}
[2026-04-08 02:42:26.984 +0700] [INFO] [cadence.virtuoso.ade.simulationMonitor] -               nodes 2 {"history": "ExplorerRun.0", "point": 1, "testname": "gmIdwl_WL_1", "cornername": "Nominal"}
[2026-04-08 02:42:26.985 +0700] [INFO] [cadence.virtuoso.ade.simulationMonitor] - Notice from spectre during initial setup.
    APS enabled. {"history": "ExplorerRun.0", "point": 1, "testname": "gmIdwl_WL_1", "cornername": "Nominal"}
[2026-04-08 02:42:26.985 +0700] [INFO] [cadence.virtuoso.ade.simulationMonitor] - Peak resident memory used = 98.7 Mbytes. {"history": "ExplorerRun.0", "point": 1, "testname": "gmIdwl_WL_1", "cornername": "Nominal"}
[2026-04-08 02:42:26.985 +0700] [INFO] [cadence.virtuoso.ade.simulationMonitor] -    -   (APS) Multi-threading. The recommended number of threads is 1, consider adding +mt=1 on command line. {"history": "ExplorerRun.0", "point": 1, "testname": "gmIdwl_WL_1", "cornername": "Nominal"}
[2026-04-08 02:42:26.985 +0700] [INFO] [cadence.virtuoso.ade.simulationMonitor] - Total time required for dc analysis `dcOp': CPU = 4.548 ms, elapsed = 5.67102 ms. {"history": "ExplorerRun.0", "point": 1, "testname": "gmIdwl_WL_1", "cornername": "Nominal"}
[2026-04-08 02:42:26.986 +0700] [INFO] [cadence.virtuoso.ade.simulationMonitor] - Peak resident memory used = 100 Mbytes. {"history": "ExplorerRun.0", "point": 1, "testname": "gmIdwl_WL_1", "cornername": "Nominal"}
[2026-04-08 02:42:26.986 +0700] [INFO] [cadence.virtuoso.ade.simulationMonitor] - Notice from spectre at vsg = 1.8 during DC analysis `dc'.
    The value of parameter 'vsg' has been reset to the original value 0.5. {"history": "ExplorerRun.0", "point": 1, "testname": "gmIdwl_WL_1", "cornername": "Nominal"}
[2026-04-08 02:42:26.986 +0700] [INFO] [cadence.virtuoso.ade.simulationMonitor] - Total time required for dc analysis `dc': CPU = 8.312 ms, elapsed = 9.60588 ms. {"history": "ExplorerRun.0", "point": 1, "testname": "gmIdwl_WL_1", "cornername": "Nominal"}
[2026-04-08 02:42:26.986 +0700] [INFO] [cadence.virtuoso.ade.simulationMonitor] - Peak resident memory used = 101 Mbytes. {"history": "ExplorerRun.0", "point": 1, "testname": "gmIdwl_WL_1", "cornername": "Nominal"}
[2026-04-08 02:42:26.986 +0700] [INFO] [cadence.virtuoso.ade.simulationMonitor] - Time used: CPU = 555 ms, elapsed = 21.9 s, util. = 2.54%. {"history": "ExplorerRun.0", "point": 1, "testname": "gmIdwl_WL_1", "cornername": "Nominal"}
[2026-04-08 02:42:26.987 +0700] [INFO] [cadence.virtuoso.ade.simulationMonitor] - Time spent in licensing: elapsed = 20.7 s, percentage of total = 94.7%. {"history": "ExplorerRun.0", "point": 1, "testname": "gmIdwl_WL_1", "cornername": "Nominal"}
[2026-04-08 02:42:26.987 +0700] [INFO] [cadence.virtuoso.ade.simulationMonitor] - Peak memory used = 110 Mbytes. {"history": "ExplorerRun.0", "point": 1, "testname": "gmIdwl_WL_1", "cornername": "Nominal"}
[2026-04-08 02:42:26.987 +0700] [PROCESS] [cadence.virtuoso.ade.simulationMonitor] - Simulation started at: 2:42:04 AM, Wed Apr 8, 2026, ended at: 2:42:26 AM, Wed Apr 8, 2026, with elapsed time (wall clock): 21.9 s. {"history": "ExplorerRun.0", "point": 1, "testname": "gmIdwl_WL_1", "cornername": "Nominal"}
[2026-04-08 02:42:26.987 +0700] [PROCESS] [cadence.virtuoso.ade.simulationMonitor] - spectre completes with 0 errors, 0 warnings, and 5 notices. {"history": "ExplorerRun.0", "point": 1, "testname": "gmIdwl_WL_1", "cornername": "Nominal"}
[2026-04-08 02:42:27.488 +0700] [PROCESS] [cadence.virtuoso.ade.simulationMonitor] - Finished simulating for one point {"hostname": "dtvt_13", "processid": 26697, "history": "ExplorerRun.0", "testname": "gmIdwl_WL_1", "cornername": "Nominal", "point": 1, "logfile": "/home/dtvt_13/duyDUT/logs_dtvt_13/logs0/Job25.log", "simid": "1"}
[2026-04-08 02:42:27.489 +0700] [PROCESS] [cadence.virtuoso.ade.simulationMonitor] - Simulator exited {"hostname": "dtvt_13", "processid": 26697, "history": "ExplorerRun.0", "testname": "gmIdwl_WL_1", "cornername": "Nominal", "point": 1, "logfile": "/home/dtvt_13/duyDUT/logs_dtvt_13/logs0/Job25.log", "exitStatus": "0"}
[2026-04-08 02:42:27.489 +0700] [PROCESS] [cadence.virtuoso.ade.simulationMonitor] - Finished Simulation {"hostname": "dtvt_13", "processid": 26697, "history": "ExplorerRun.0", "testname": "gmIdwl_WL_1", "cornername": "Nominal", "point": 1, "logfile": "/home/dtvt_13/duyDUT/logs_dtvt_13/logs0/Job25.log", "simid": "1"}
[2026-04-08 02:42:28.503 +0700] [PROCESS] [cadence.virtuoso.ade.simulationMonitor] - Point Finished {"hostname": "dtvt_13", "processid": 26697, "history": "ExplorerRun.0", "testname": "gmIdwl_WL_1", "cornername": "Nominal", "point": 1, "logfile": "/home/dtvt_13/duyDUT/logs_dtvt_13/logs0/Job25.log"}
[2026-04-08 02:42:28.509 +0700] [PROCESS] [cadence.virtuoso.ade.simulationMonitor] - HostInfo:
Host name (type):	dtvt_13 (x86_64)
Operating system:	Linux 3.10.0-1160.118.1.el7.x86_64 #1 SMP Wed Apr 24 16:01:50 UTC 2024 {"hostname": "dtvt_13", "processid": 26697, "history": "ExplorerRun.0", "testname": "gmIdwl_WL_1", "cornername": "Nominal", "point": 1, "logfile": "/home/dtvt_13/duyDUT/logs_dtvt_13/logs0/Job25.log", "nodename": "dtvt_13", "domainname": "(none)", "machine": "x86_64", "sysname": "Linux", "release": "3.10.0-1160.118.1.el7.x86_64", "version": "#1 SMP Wed Apr 24 16:01:50 UTC 2024"}
[2026-04-08 02:42:28.509 +0700] [PROCESS] [cadence.virtuoso.ade.simulationMonitor] - UsageInfo:
pid=26697
totalPhysicalMemory=15.208324GB,Used=14.989056GB,totalVirtualMemory=22.895821GB,Used=15.010052GB
Cpu: Cores=24, Load average:0.490000,0.350000,0.240000 {"hostname": "dtvt_13", "processid": 26697, "history": "ExplorerRun.0", "testname": "gmIdwl_WL_1", "cornername": "Nominal", "point": 1, "logfile": "/home/dtvt_13/duyDUT/logs_dtvt_13/logs0/Job25.log", "pid": "26697", "totalPhysicalMemory": "15.208324", "physicalMemoryUsed": "14.989056", "totalVirtualMemory": "22.895821", "virtualMemoryUsed": "15.010052", "cpuCores": "24", "processes": "2708", "loadAverage1": "0.490000", "loadAverage5": "0.350000", "loadAverage15": "0.240000", "loadAverage1Percent": "0.020417"}
[2026-04-08 02:42:28.510 +0700] [EVENT] [cadence.virtuoso.ade.simulationMonitor] - NewPoint {"history": "ExplorerRun.0", "point": 2, "testname": "gmIdwl_WL_1", "cornername": "Nominal", "event": "NewPoint", "EventSource": "Simulation Monitor", "HistoryName": "ExplorerRun.0", "logFile": "/home/dtvt_13/duyDUT/logs_dtvt_13/logs0/Job25.log", "logFileSize": "11218"}
[2026-04-08 02:42:28.612 +0700] [EVENT] [cadence.virtuoso.ade.simulationMonitor] - NewPoint {"history": "ExplorerRun.0", "point": 2, "testname": "gmIdwl_WL_1", "cornername": "Nominal", "event": "NewPoint", "EventSource": "spectre", "HistoryName": "ExplorerRun.0", "logFile": "/home/dtvt_13/simulation/gmIdwl/WL/maestro/results/maestro/ExplorerRun.0/2/gmIdwl_WL_1/psf/spectre.out", "logFileSize": "-1"}
[2026-04-08 02:42:28.620 +0700] [PROCESS] [cadence.virtuoso.ade.simulationMonitor] - Simulator launched {"hostname": "dtvt_13", "processid": 26697, "history": "ExplorerRun.0", "testname": "gmIdwl_WL_1", "cornername": "Nominal", "point": 2, "logfile": "/home/dtvt_13/duyDUT/logs_dtvt_13/logs0/Job25.log", "simid": "2"}
[2026-04-08 02:42:28.621 +0700] [PROCESS] [cadence.virtuoso.ade.simulationMonitor] - Started Simulation {"hostname": "dtvt_13", "processid": 26697, "history": "ExplorerRun.0", "testname": "gmIdwl_WL_1", "cornername": "Nominal", "point": 2, "logfile": "/home/dtvt_13/duyDUT/logs_dtvt_13/logs0/Job25.log"}
[2026-04-08 02:42:49.976 +0700] [PROCESS] [cadence.virtuoso.ade.simulationMonitor] - Finished simulating for one point {"hostname": "dtvt_13", "processid": 26697, "history": "ExplorerRun.0", "testname": "gmIdwl_WL_1", "cornername": "Nominal", "point": 2, "logfile": "/home/dtvt_13/duyDUT/logs_dtvt_13/logs0/Job25.log", "simid": "2"}
[2026-04-08 02:42:49.976 +0700] [INFO] [cadence.virtuoso.ade.simulationMonitor] - Peak resident memory used = 86 Mbytes. {"history": "ExplorerRun.0", "point": 2, "testname": "gmIdwl_WL_1", "cornername": "Nominal"}
[2026-04-08 02:42:49.977 +0700] [INFO] [cadence.virtuoso.ade.simulationMonitor] - Peak resident memory used = 96.4 Mbytes. {"history": "ExplorerRun.0", "point": 2, "testname": "gmIdwl_WL_1", "cornername": "Nominal"}
[2026-04-08 02:42:49.977 +0700] [INFO] [cadence.virtuoso.ade.simulationMonitor] - Notice from spectre during hierarchy flattening.
    The value 'psf' specified for the 'checklimitdest' option will no longer be supported in future releases. Use 'spectre -h' to see other recommended values for the 'checklimitdest' option. {"history": "ExplorerRun.0", "point": 2, "testname": "gmIdwl_WL_1", "cornername": "Nominal"}
[2026-04-08 02:42:49.977 +0700] [INFO] [cadence.virtuoso.ade.simulationMonitor] - Peak resident memory used = 97.2 Mbytes. {"history": "ExplorerRun.0", "point": 2, "testname": "gmIdwl_WL_1", "cornername": "Nominal"}
[2026-04-08 02:42:49.977 +0700] [INFO] [cadence.virtuoso.ade.simulationMonitor] - Notice from spectre during initial setup.
    Multithreading is disabled due to the size of the design being too small. {"history": "ExplorerRun.0", "point": 2, "testname": "gmIdwl_WL_1", "cornername": "Nominal"}
[2026-04-08 02:42:49.977 +0700] [INFO] [cadence.virtuoso.ade.simulationMonitor] -               nodes 2 {"history": "ExplorerRun.0", "point": 2, "testname": "gmIdwl_WL_1", "cornername": "Nominal"}
[2026-04-08 02:42:49.977 +0700] [INFO] [cadence.virtuoso.ade.simulationMonitor] - Notice from spectre during initial setup.
    APS enabled. {"history": "ExplorerRun.0", "point": 2, "testname": "gmIdwl_WL_1", "cornername": "Nominal"}
[2026-04-08 02:42:49.977 +0700] [INFO] [cadence.virtuoso.ade.simulationMonitor] - Peak resident memory used = 98.7 Mbytes. {"history": "ExplorerRun.0", "point": 2, "testname": "gmIdwl_WL_1", "cornername": "Nominal"}
[2026-04-08 02:42:49.977 +0700] [INFO] [cadence.virtuoso.ade.simulationMonitor] -    -   (APS) Multi-threading. The recommended number of threads is 1, consider adding +mt=1 on command line. {"history": "ExplorerRun.0", "point": 2, "testname": "gmIdwl_WL_1", "cornername": "Nominal"}
[2026-04-08 02:42:49.977 +0700] [INFO] [cadence.virtuoso.ade.simulationMonitor] - Total time required for dc analysis `dcOp': CPU = 1.458 ms, elapsed = 2.4581 ms. {"history": "ExplorerRun.0", "point": 2, "testname": "gmIdwl_WL_1", "cornername": "Nominal"}
[2026-04-08 02:42:49.978 +0700] [INFO] [cadence.virtuoso.ade.simulationMonitor] - Peak resident memory used = 100 Mbytes. {"history": "ExplorerRun.0", "point": 2, "testname": "gmIdwl_WL_1", "cornername": "Nominal"}
[2026-04-08 02:42:49.978 +0700] [INFO] [cadence.virtuoso.ade.simulationMonitor] - Notice from spectre at vsg = 1.8 during DC analysis `dc'.
    The value of parameter 'vsg' has been reset to the original value 0.5. {"history": "ExplorerRun.0", "point": 2, "testname": "gmIdwl_WL_1", "cornername": "Nominal"}
[2026-04-08 02:42:49.978 +0700] [INFO] [cadence.virtuoso.ade.simulationMonitor] - Total time required for dc analysis `dc': CPU = 2.287 ms, elapsed = 3.2692 ms. {"history": "ExplorerRun.0", "point": 2, "testname": "gmIdwl_WL_1", "cornername": "Nominal"}
[2026-04-08 02:42:49.978 +0700] [INFO] [cadence.virtuoso.ade.simulationMonitor] - Peak resident memory used = 101 Mbytes. {"history": "ExplorerRun.0", "point": 2, "testname": "gmIdwl_WL_1", "cornername": "Nominal"}
[2026-04-08 02:42:49.978 +0700] [INFO] [cadence.virtuoso.ade.simulationMonitor] - Time used: CPU = 389 ms, elapsed = 20.7 s, util. = 1.88%. {"history": "ExplorerRun.0", "point": 2, "testname": "gmIdwl_WL_1", "cornername": "Nominal"}
[2026-04-08 02:42:49.978 +0700] [INFO] [cadence.virtuoso.ade.simulationMonitor] - Time spent in licensing: elapsed = 20.3 s, percentage of total = 98.1%. {"history": "ExplorerRun.0", "point": 2, "testname": "gmIdwl_WL_1", "cornername": "Nominal"}
[2026-04-08 02:42:49.978 +0700] [INFO] [cadence.virtuoso.ade.simulationMonitor] - Peak memory used = 110 Mbytes. {"history": "ExplorerRun.0", "point": 2, "testname": "gmIdwl_WL_1", "cornername": "Nominal"}
[2026-04-08 02:42:49.978 +0700] [PROCESS] [cadence.virtuoso.ade.simulationMonitor] - Simulation started at: 2:42:28 AM, Wed Apr 8, 2026, ended at: 2:42:49 AM, Wed Apr 8, 2026, with elapsed time (wall clock): 20.7 s. {"history": "ExplorerRun.0", "point": 2, "testname": "gmIdwl_WL_1", "cornername": "Nominal"}
[2026-04-08 02:42:49.978 +0700] [PROCESS] [cadence.virtuoso.ade.simulationMonitor] - spectre completes with 0 errors, 0 warnings, and 5 notices. {"history": "ExplorerRun.0", "point": 2, "testname": "gmIdwl_WL_1", "cornername": "Nominal"}
[2026-04-08 02:42:49.978 +0700] [PROCESS] [cadence.virtuoso.ade.simulationMonitor] - Simulator exited {"hostname": "dtvt_13", "processid": 26697, "history": "ExplorerRun.0", "testname": "gmIdwl_WL_1", "cornername": "Nominal", "point": 2, "logfile": "/home/dtvt_13/duyDUT/logs_dtvt_13/logs0/Job25.log", "exitStatus": "0"}
[2026-04-08 02:42:49.978 +0700] [PROCESS] [cadence.virtuoso.ade.simulationMonitor] - Finished Simulation {"hostname": "dtvt_13", "processid": 26697, "history": "ExplorerRun.0", "testname": "gmIdwl_WL_1", "cornername": "Nominal", "point": 2, "logfile": "/home/dtvt_13/duyDUT/logs_dtvt_13/logs0/Job25.log", "simid": "2"}
[2026-04-08 02:42:50.481 +0700] [PROCESS] [cadence.virtuoso.ade.simulationMonitor] - Point Finished {"hostname": "dtvt_13", "processid": 26697, "history": "ExplorerRun.0", "testname": "gmIdwl_WL_1", "cornername": "Nominal", "point": 2, "logfile": "/home/dtvt_13/duyDUT/logs_dtvt_13/logs0/Job25.log"}
[2026-04-08 02:42:50.483 +0700] [PROCESS] [cadence.virtuoso.ade.simulationMonitor] - HostInfo:
Host name (type):	dtvt_13 (x86_64)
Operating system:	Linux 3.10.0-1160.118.1.el7.x86_64 #1 SMP Wed Apr 24 16:01:50 UTC 2024 {"hostname": "dtvt_13", "processid": 26697, "history": "ExplorerRun.0", "testname": "gmIdwl_WL_1", "cornername": "Nominal", "point": 2, "logfile": "/home/dtvt_13/duyDUT/logs_dtvt_13/logs0/Job25.log", "nodename": "dtvt_13", "domainname": "(none)", "machine": "x86_64", "sysname": "Linux", "release": "3.10.0-1160.118.1.el7.x86_64", "version": "#1 SMP Wed Apr 24 16:01:50 UTC 2024"}
[2026-04-08 02:42:50.484 +0700] [PROCESS] [cadence.virtuoso.ade.simulationMonitor] - UsageInfo:
pid=26697
totalPhysicalMemory=15.208324GB,Used=14.983372GB,totalVirtualMemory=22.895821GB,Used=15.004612GB
Cpu: Cores=24, Load average:0.420000,0.340000,0.240000 {"hostname": "dtvt_13", "processid": 26697, "history": "ExplorerRun.0", "testname": "gmIdwl_WL_1", "cornername": "Nominal", "point": 2, "logfile": "/home/dtvt_13/duyDUT/logs_dtvt_13/logs0/Job25.log", "pid": "26697", "totalPhysicalMemory": "15.208324", "physicalMemoryUsed": "14.983372", "totalVirtualMemory": "22.895821", "virtualMemoryUsed": "15.004612", "cpuCores": "24", "processes": "2736", "loadAverage1": "0.420000", "loadAverage5": "0.340000", "loadAverage15": "0.240000", "loadAverage1Percent": "0.017500"}
[2026-04-08 02:42:50.484 +0700] [EVENT] [cadence.virtuoso.ade.simulationMonitor] - NewPoint {"history": "ExplorerRun.0", "point": 3, "testname": "gmIdwl_WL_1", "cornername": "Nominal", "event": "NewPoint", "EventSource": "Simulation Monitor", "HistoryName": "ExplorerRun.0", "logFile": "/home/dtvt_13/duyDUT/logs_dtvt_13/logs0/Job25.log", "logFileSize": "20020"}
[2026-04-08 02:42:50.587 +0700] [EVENT] [cadence.virtuoso.ade.simulationMonitor] - NewPoint {"history": "ExplorerRun.0", "point": 3, "testname": "gmIdwl_WL_1", "cornername": "Nominal", "event": "NewPoint", "EventSource": "spectre", "HistoryName": "ExplorerRun.0", "logFile": "/home/dtvt_13/simulation/gmIdwl/WL/maestro/results/maestro/ExplorerRun.0/3/gmIdwl_WL_1/psf/spectre.out", "logFileSize": "-1"}
[2026-04-08 02:42:50.591 +0700] [PROCESS] [cadence.virtuoso.ade.simulationMonitor] - Simulator launched {"hostname": "dtvt_13", "processid": 26697, "history": "ExplorerRun.0", "testname": "gmIdwl_WL_1", "cornername": "Nominal", "point": 3, "logfile": "/home/dtvt_13/duyDUT/logs_dtvt_13/logs0/Job25.log", "simid": "3"}
[2026-04-08 02:42:50.591 +0700] [PROCESS] [cadence.virtuoso.ade.simulationMonitor] - Started Simulation {"hostname": "dtvt_13", "processid": 26697, "history": "ExplorerRun.0", "testname": "gmIdwl_WL_1", "cornername": "Nominal", "point": 3, "logfile": "/home/dtvt_13/duyDUT/logs_dtvt_13/logs0/Job25.log"}
[2026-04-08 02:43:11.451 +0700] [INFO] [cadence.virtuoso.ade.simulationMonitor] - Peak resident memory used = 86 Mbytes. {"history": "ExplorerRun.0", "point": 3, "testname": "gmIdwl_WL_1", "cornername": "Nominal"}
[2026-04-08 02:43:11.452 +0700] [INFO] [cadence.virtuoso.ade.simulationMonitor] - Peak resident memory used = 96.4 Mbytes. {"history": "ExplorerRun.0", "point": 3, "testname": "gmIdwl_WL_1", "cornername": "Nominal"}
[2026-04-08 02:43:11.452 +0700] [INFO] [cadence.virtuoso.ade.simulationMonitor] - Notice from spectre during hierarchy flattening.
    The value 'psf' specified for the 'checklimitdest' option will no longer be supported in future releases. Use 'spectre -h' to see other recommended values for the 'checklimitdest' option. {"history": "ExplorerRun.0", "point": 3, "testname": "gmIdwl_WL_1", "cornername": "Nominal"}
[2026-04-08 02:43:11.453 +0700] [INFO] [cadence.virtuoso.ade.simulationMonitor] - Peak resident memory used = 97.2 Mbytes. {"history": "ExplorerRun.0", "point": 3, "testname": "gmIdwl_WL_1", "cornername": "Nominal"}
[2026-04-08 02:43:11.453 +0700] [INFO] [cadence.virtuoso.ade.simulationMonitor] - Notice from spectre during initial setup.
    Multithreading is disabled due to the size of the design being too small. {"history": "ExplorerRun.0", "point": 3, "testname": "gmIdwl_WL_1", "cornername": "Nominal"}
[2026-04-08 02:43:11.454 +0700] [INFO] [cadence.virtuoso.ade.simulationMonitor] -               nodes 2 {"history": "ExplorerRun.0", "point": 3, "testname": "gmIdwl_WL_1", "cornername": "Nominal"}
[2026-04-08 02:43:11.454 +0700] [INFO] [cadence.virtuoso.ade.simulationMonitor] - Notice from spectre during initial setup.
    APS enabled. {"history": "ExplorerRun.0", "point": 3, "testname": "gmIdwl_WL_1", "cornername": "Nominal"}
[2026-04-08 02:43:11.454 +0700] [INFO] [cadence.virtuoso.ade.simulationMonitor] - Peak resident memory used = 98.7 Mbytes. {"history": "ExplorerRun.0", "point": 3, "testname": "gmIdwl_WL_1", "cornername": "Nominal"}
[2026-04-08 02:43:11.454 +0700] [INFO] [cadence.virtuoso.ade.simulationMonitor] -    -   (APS) Multi-threading. The recommended number of threads is 1, consider adding +mt=1 on command line. {"history": "ExplorerRun.0", "point": 3, "testname": "gmIdwl_WL_1", "cornername": "Nominal"}
[2026-04-08 02:43:11.454 +0700] [INFO] [cadence.virtuoso.ade.simulationMonitor] - Total time required for dc analysis `dcOp': CPU = 1.718 ms, elapsed = 2.76017 ms. {"history": "ExplorerRun.0", "point": 3, "testname": "gmIdwl_WL_1", "cornername": "Nominal"}
[2026-04-08 02:43:11.455 +0700] [INFO] [cadence.virtuoso.ade.simulationMonitor] - Peak resident memory used = 100 Mbytes. {"history": "ExplorerRun.0", "point": 3, "testname": "gmIdwl_WL_1", "cornername": "Nominal"}
[2026-04-08 02:43:11.455 +0700] [INFO] [cadence.virtuoso.ade.simulationMonitor] - Notice from spectre at vsg = 1.8 during DC analysis `dc'.
    The value of parameter 'vsg' has been reset to the original value 0.5. {"history": "ExplorerRun.0", "point": 3, "testname": "gmIdwl_WL_1", "cornername": "Nominal"}
[2026-04-08 02:43:11.455 +0700] [INFO] [cadence.virtuoso.ade.simulationMonitor] - Total time required for dc analysis `dc': CPU = 9.858 ms, elapsed = 10.9799 ms. {"history": "ExplorerRun.0", "point": 3, "testname": "gmIdwl_WL_1", "cornername": "Nominal"}
[2026-04-08 02:43:11.455 +0700] [INFO] [cadence.virtuoso.ade.simulationMonitor] - Peak resident memory used = 101 Mbytes. {"history": "ExplorerRun.0", "point": 3, "testname": "gmIdwl_WL_1", "cornername": "Nominal"}
[2026-04-08 02:43:11.455 +0700] [INFO] [cadence.virtuoso.ade.simulationMonitor] - Time used: CPU = 383 ms, elapsed = 20.7 s, util. = 1.85%. {"history": "ExplorerRun.0", "point": 3, "testname": "gmIdwl_WL_1", "cornername": "Nominal"}
[2026-04-08 02:43:11.455 +0700] [INFO] [cadence.virtuoso.ade.simulationMonitor] - Time spent in licensing: elapsed = 20.3 s, percentage of total = 98%. {"history": "ExplorerRun.0", "point": 3, "testname": "gmIdwl_WL_1", "cornername": "Nominal"}
[2026-04-08 02:43:11.456 +0700] [INFO] [cadence.virtuoso.ade.simulationMonitor] - Peak memory used = 110 Mbytes. {"history": "ExplorerRun.0", "point": 3, "testname": "gmIdwl_WL_1", "cornername": "Nominal"}
[2026-04-08 02:43:11.456 +0700] [PROCESS] [cadence.virtuoso.ade.simulationMonitor] - Simulation started at: 2:42:50 AM, Wed Apr 8, 2026, ended at: 2:43:11 AM, Wed Apr 8, 2026, with elapsed time (wall clock): 20.7 s. {"history": "ExplorerRun.0", "point": 3, "testname": "gmIdwl_WL_1", "cornername": "Nominal"}
[2026-04-08 02:43:11.456 +0700] [PROCESS] [cadence.virtuoso.ade.simulationMonitor] - spectre completes with 0 errors, 0 warnings, and 5 notices. {"history": "ExplorerRun.0", "point": 3, "testname": "gmIdwl_WL_1", "cornername": "Nominal"}
[2026-04-08 02:43:11.957 +0700] [PROCESS] [cadence.virtuoso.ade.simulationMonitor] - Finished simulating for one point {"hostname": "dtvt_13", "processid": 26697, "history": "ExplorerRun.0", "testname": "gmIdwl_WL_1", "cornername": "Nominal", "point": 3, "logfile": "/home/dtvt_13/duyDUT/logs_dtvt_13/logs0/Job25.log", "simid": "3"}
[2026-04-08 02:43:11.957 +0700] [PROCESS] [cadence.virtuoso.ade.simulationMonitor] - Simulator exited {"hostname": "dtvt_13", "processid": 26697, "history": "ExplorerRun.0", "testname": "gmIdwl_WL_1", "cornername": "Nominal", "point": 3, "logfile": "/home/dtvt_13/duyDUT/logs_dtvt_13/logs0/Job25.log", "exitStatus": "0"}
[2026-04-08 02:43:11.958 +0700] [PROCESS] [cadence.virtuoso.ade.simulationMonitor] - Finished Simulation {"hostname": "dtvt_13", "processid": 26697, "history": "ExplorerRun.0", "testname": "gmIdwl_WL_1", "cornername": "Nominal", "point": 3, "logfile": "/home/dtvt_13/duyDUT/logs_dtvt_13/logs0/Job25.log", "simid": "3"}
[2026-04-08 02:43:12.470 +0700] [PROCESS] [cadence.virtuoso.ade.simulationMonitor] - Point Finished {"hostname": "dtvt_13", "processid": 26697, "history": "ExplorerRun.0", "testname": "gmIdwl_WL_1", "cornername": "Nominal", "point": 3, "logfile": "/home/dtvt_13/duyDUT/logs_dtvt_13/logs0/Job25.log"}
[2026-04-08 02:43:12.475 +0700] [PROCESS] [cadence.virtuoso.ade.simulationMonitor] - HostInfo:
Host name (type):	dtvt_13 (x86_64)
Operating system:	Linux 3.10.0-1160.118.1.el7.x86_64 #1 SMP Wed Apr 24 16:01:50 UTC 2024 {"hostname": "dtvt_13", "processid": 26697, "history": "ExplorerRun.0", "testname": "gmIdwl_WL_1", "cornername": "Nominal", "point": 3, "logfile": "/home/dtvt_13/duyDUT/logs_dtvt_13/logs0/Job25.log", "nodename": "dtvt_13", "domainname": "(none)", "machine": "x86_64", "sysname": "Linux", "release": "3.10.0-1160.118.1.el7.x86_64", "version": "#1 SMP Wed Apr 24 16:01:50 UTC 2024"}
[2026-04-08 02:43:12.476 +0700] [PROCESS] [cadence.virtuoso.ade.simulationMonitor] - UsageInfo:
pid=26697
totalPhysicalMemory=15.208324GB,Used=14.977131GB,totalVirtualMemory=22.895821GB,Used=14.998371GB
Cpu: Cores=24, Load average:0.420000,0.340000,0.250000 {"hostname": "dtvt_13", "processid": 26697, "history": "ExplorerRun.0", "testname": "gmIdwl_WL_1", "cornername": "Nominal", "point": 3, "logfile": "/home/dtvt_13/duyDUT/logs_dtvt_13/logs0/Job25.log", "pid": "26697", "totalPhysicalMemory": "15.208324", "physicalMemoryUsed": "14.977131", "totalVirtualMemory": "22.895821", "virtualMemoryUsed": "14.998371", "cpuCores": "24", "processes": "2711", "loadAverage1": "0.420000", "loadAverage5": "0.340000", "loadAverage15": "0.250000", "loadAverage1Percent": "0.017500"}
[2026-04-08 02:43:12.476 +0700] [EVENT] [cadence.virtuoso.ade.simulationMonitor] - NewPoint {"history": "ExplorerRun.0", "point": 4, "testname": "gmIdwl_WL_1", "cornername": "Nominal", "event": "NewPoint", "EventSource": "Simulation Monitor", "HistoryName": "ExplorerRun.0", "logFile": "/home/dtvt_13/duyDUT/logs_dtvt_13/logs0/Job25.log", "logFileSize": "28822"}
[2026-04-08 02:43:12.578 +0700] [EVENT] [cadence.virtuoso.ade.simulationMonitor] - NewPoint {"history": "ExplorerRun.0", "point": 4, "testname": "gmIdwl_WL_1", "cornername": "Nominal", "event": "NewPoint", "EventSource": "spectre", "HistoryName": "ExplorerRun.0", "logFile": "/home/dtvt_13/simulation/gmIdwl/WL/maestro/results/maestro/ExplorerRun.0/4/gmIdwl_WL_1/psf/spectre.out", "logFileSize": "-1"}
[2026-04-08 02:43:12.581 +0700] [PROCESS] [cadence.virtuoso.ade.simulationMonitor] - Simulator launched {"hostname": "dtvt_13", "processid": 26697, "history": "ExplorerRun.0", "testname": "gmIdwl_WL_1", "cornername": "Nominal", "point": 4, "logfile": "/home/dtvt_13/duyDUT/logs_dtvt_13/logs0/Job25.log", "simid": "4"}
[2026-04-08 02:43:12.581 +0700] [PROCESS] [cadence.virtuoso.ade.simulationMonitor] - Started Simulation {"hostname": "dtvt_13", "processid": 26697, "history": "ExplorerRun.0", "testname": "gmIdwl_WL_1", "cornername": "Nominal", "point": 4, "logfile": "/home/dtvt_13/duyDUT/logs_dtvt_13/logs0/Job25.log"}
[2026-04-08 02:43:34.416 +0700] [PROCESS] [cadence.virtuoso.ade.simulationMonitor] - Finished simulating for one point {"hostname": "dtvt_13", "processid": 26697, "history": "ExplorerRun.0", "testname": "gmIdwl_WL_1", "cornername": "Nominal", "point": 4, "logfile": "/home/dtvt_13/duyDUT/logs_dtvt_13/logs0/Job25.log", "simid": "4"}
[2026-04-08 02:43:34.417 +0700] [INFO] [cadence.virtuoso.ade.simulationMonitor] - Peak resident memory used = 86 Mbytes. {"history": "ExplorerRun.0", "point": 4, "testname": "gmIdwl_WL_1", "cornername": "Nominal"}
[2026-04-08 02:43:34.417 +0700] [INFO] [cadence.virtuoso.ade.simulationMonitor] - Peak resident memory used = 96.4 Mbytes. {"history": "ExplorerRun.0", "point": 4, "testname": "gmIdwl_WL_1", "cornername": "Nominal"}
[2026-04-08 02:43:34.417 +0700] [INFO] [cadence.virtuoso.ade.simulationMonitor] - Notice from spectre during hierarchy flattening.
    The value 'psf' specified for the 'checklimitdest' option will no longer be supported in future releases. Use 'spectre -h' to see other recommended values for the 'checklimitdest' option. {"history": "ExplorerRun.0", "point": 4, "testname": "gmIdwl_WL_1", "cornername": "Nominal"}
[2026-04-08 02:43:34.417 +0700] [INFO] [cadence.virtuoso.ade.simulationMonitor] - Peak resident memory used = 97.2 Mbytes. {"history": "ExplorerRun.0", "point": 4, "testname": "gmIdwl_WL_1", "cornername": "Nominal"}
[2026-04-08 02:43:34.417 +0700] [INFO] [cadence.virtuoso.ade.simulationMonitor] - Notice from spectre during initial setup.
    Multithreading is disabled due to the size of the design being too small. {"history": "ExplorerRun.0", "point": 4, "testname": "gmIdwl_WL_1", "cornername": "Nominal"}
[2026-04-08 02:43:34.418 +0700] [INFO] [cadence.virtuoso.ade.simulationMonitor] -               nodes 2 {"history": "ExplorerRun.0", "point": 4, "testname": "gmIdwl_WL_1", "cornername": "Nominal"}
[2026-04-08 02:43:34.418 +0700] [INFO] [cadence.virtuoso.ade.simulationMonitor] - Notice from spectre during initial setup.
    APS enabled. {"history": "ExplorerRun.0", "point": 4, "testname": "gmIdwl_WL_1", "cornername": "Nominal"}
[2026-04-08 02:43:34.418 +0700] [INFO] [cadence.virtuoso.ade.simulationMonitor] - Peak resident memory used = 98.7 Mbytes. {"history": "ExplorerRun.0", "point": 4, "testname": "gmIdwl_WL_1", "cornername": "Nominal"}
[2026-04-08 02:43:34.418 +0700] [INFO] [cadence.virtuoso.ade.simulationMonitor] -    -   (APS) Multi-threading. The recommended number of threads is 1, consider adding +mt=1 on command line. {"history": "ExplorerRun.0", "point": 4, "testname": "gmIdwl_WL_1", "cornername": "Nominal"}
[2026-04-08 02:43:34.418 +0700] [INFO] [cadence.virtuoso.ade.simulationMonitor] - Total time required for dc analysis `dcOp': CPU = 1.72 ms, elapsed = 2.67696 ms. {"history": "ExplorerRun.0", "point": 4, "testname": "gmIdwl_WL_1", "cornername": "Nominal"}
[2026-04-08 02:43:34.418 +0700] [INFO] [cadence.virtuoso.ade.simulationMonitor] - Peak resident memory used = 100 Mbytes. {"history": "ExplorerRun.0", "point": 4, "testname": "gmIdwl_WL_1", "cornername": "Nominal"}
[2026-04-08 02:43:34.418 +0700] [INFO] [cadence.virtuoso.ade.simulationMonitor] - Notice from spectre at vsg = 1.8 during DC analysis `dc'.
    The value of parameter 'vsg' has been reset to the original value 0.5. {"history": "ExplorerRun.0", "point": 4, "testname": "gmIdwl_WL_1", "cornername": "Nominal"}
[2026-04-08 02:43:34.418 +0700] [INFO] [cadence.virtuoso.ade.simulationMonitor] - Total time required for dc analysis `dc': CPU = 2.574 ms, elapsed = 3.60298 ms. {"history": "ExplorerRun.0", "point": 4, "testname": "gmIdwl_WL_1", "cornername": "Nominal"}
[2026-04-08 02:43:34.418 +0700] [INFO] [cadence.virtuoso.ade.simulationMonitor] - Peak resident memory used = 101 Mbytes. {"history": "ExplorerRun.0", "point": 4, "testname": "gmIdwl_WL_1", "cornername": "Nominal"}
[2026-04-08 02:43:34.418 +0700] [INFO] [cadence.virtuoso.ade.simulationMonitor] - Time used: CPU = 386 ms, elapsed = 21.2 s, util. = 1.82%. {"history": "ExplorerRun.0", "point": 4, "testname": "gmIdwl_WL_1", "cornername": "Nominal"}
[2026-04-08 02:43:34.418 +0700] [INFO] [cadence.virtuoso.ade.simulationMonitor] - Time spent in licensing: elapsed = 20.3 s, percentage of total = 95.7%. {"history": "ExplorerRun.0", "point": 4, "testname": "gmIdwl_WL_1", "cornername": "Nominal"}
[2026-04-08 02:43:34.418 +0700] [INFO] [cadence.virtuoso.ade.simulationMonitor] - Peak memory used = 110 Mbytes. {"history": "ExplorerRun.0", "point": 4, "testname": "gmIdwl_WL_1", "cornername": "Nominal"}
[2026-04-08 02:43:34.418 +0700] [PROCESS] [cadence.virtuoso.ade.simulationMonitor] - Simulation started at: 2:43:12 AM, Wed Apr 8, 2026, ended at: 2:43:33 AM, Wed Apr 8, 2026, with elapsed time (wall clock): 21.2 s. {"history": "ExplorerRun.0", "point": 4, "testname": "gmIdwl_WL_1", "cornername": "Nominal"}
[2026-04-08 02:43:34.418 +0700] [PROCESS] [cadence.virtuoso.ade.simulationMonitor] - spectre completes with 0 errors, 0 warnings, and 5 notices. {"history": "ExplorerRun.0", "point": 4, "testname": "gmIdwl_WL_1", "cornername": "Nominal"}
[2026-04-08 02:43:34.418 +0700] [PROCESS] [cadence.virtuoso.ade.simulationMonitor] - Simulator exited {"hostname": "dtvt_13", "processid": 26697, "history": "ExplorerRun.0", "testname": "gmIdwl_WL_1", "cornername": "Nominal", "point": 4, "logfile": "/home/dtvt_13/duyDUT/logs_dtvt_13/logs0/Job25.log", "exitStatus": "0"}
[2026-04-08 02:43:34.419 +0700] [PROCESS] [cadence.virtuoso.ade.simulationMonitor] - Finished Simulation {"hostname": "dtvt_13", "processid": 26697, "history": "ExplorerRun.0", "testname": "gmIdwl_WL_1", "cornername": "Nominal", "point": 4, "logfile": "/home/dtvt_13/duyDUT/logs_dtvt_13/logs0/Job25.log", "simid": "4"}
[2026-04-08 02:43:34.923 +0700] [PROCESS] [cadence.virtuoso.ade.simulationMonitor] - Point Finished {"hostname": "dtvt_13", "processid": 26697, "history": "ExplorerRun.0", "testname": "gmIdwl_WL_1", "cornername": "Nominal", "point": 4, "logfile": "/home/dtvt_13/duyDUT/logs_dtvt_13/logs0/Job25.log"}
[2026-04-08 02:44:16.188 +0700] [INFO] [cadence.virtuoso.ade.simulationMonitor] - SimulationMonitor has terminated the vds process '26780', reason: 'Force to stop the expression evalutor process because of new run' {"history": "ExplorerRun.0", "point": 4, "testname": "gmIdwl_WL_1", "cornername": "Nominal"}
[2026-04-08 02:44:16.188 +0700] [PROCESS] [cadence.virtuoso.ade.simulationMonitor] - HostInfo:
Host name (type):	dtvt_13 (x86_64)
Operating system:	Linux 3.10.0-1160.118.1.el7.x86_64 #1 SMP Wed Apr 24 16:01:50 UTC 2024 {"hostname": "dtvt_13", "processid": 26697, "history": "ExplorerRun.0", "testname": "gmIdwl_WL_1", "cornername": "Nominal", "point": 4, "logfile": "/home/dtvt_13/duyDUT/logs_dtvt_13/logs0/Job25.log", "nodename": "dtvt_13", "domainname": "(none)", "machine": "x86_64", "sysname": "Linux", "release": "3.10.0-1160.118.1.el7.x86_64", "version": "#1 SMP Wed Apr 24 16:01:50 UTC 2024"}
[2026-04-08 02:44:16.188 +0700] [PROCESS] [cadence.virtuoso.ade.simulationMonitor] - UsageInfo:
pid=26697
totalPhysicalMemory=15.208324GB,Used=14.764378GB,totalVirtualMemory=22.895821GB,Used=14.785618GB
Cpu: Cores=24, Load average:0.390000,0.340000,0.250000 {"hostname": "dtvt_13", "processid": 26697, "history": "ExplorerRun.0", "testname": "gmIdwl_WL_1", "cornername": "Nominal", "point": 4, "logfile": "/home/dtvt_13/duyDUT/logs_dtvt_13/logs0/Job25.log", "pid": "26697", "totalPhysicalMemory": "15.208324", "physicalMemoryUsed": "14.764378", "totalVirtualMemory": "22.895821", "virtualMemoryUsed": "14.785618", "cpuCores": "24", "processes": "2673", "loadAverage1": "0.390000", "loadAverage5": "0.340000", "loadAverage15": "0.250000", "loadAverage1Percent": "0.016250"}
[2026-04-08 02:44:16.189 +0700] [EVENT] [cadence.virtuoso.ade.simulationMonitor] - NewPoint {"history": "ExplorerRun.0", "point": 1, "testname": "gmIdwl_WL_1", "cornername": "Nominal", "event": "NewPoint", "EventSource": "Simulation Monitor", "HistoryName": "ExplorerRun.0", "logFile": "/home/dtvt_13/duyDUT/logs_dtvt_13/logs0/Job25.log", "logFileSize": "37933"}
[2026-04-08 02:44:16.290 +0700] [EVENT] [cadence.virtuoso.ade.simulationMonitor] - NewPoint {"history": "ExplorerRun.0", "point": 1, "testname": "gmIdwl_WL_1", "cornername": "Nominal", "event": "NewPoint", "EventSource": "spectre", "HistoryName": "ExplorerRun.0", "logFile": "/home/dtvt_13/simulation/gmIdwl/WL/maestro/results/maestro/ExplorerRun.0/1/gmIdwl_WL_1/psf/spectre.out", "logFileSize": "-1"}
[2026-04-08 02:44:16.292 +0700] [PROCESS] [cadence.virtuoso.ade.simulationMonitor] - Simulator launched {"hostname": "dtvt_13", "processid": 26697, "history": "ExplorerRun.0", "testname": "gmIdwl_WL_1", "cornername": "Nominal", "point": 1, "logfile": "/home/dtvt_13/duyDUT/logs_dtvt_13/logs0/Job25.log", "simid": "5"}
[2026-04-08 02:44:16.297 +0700] [PROCESS] [cadence.virtuoso.ade.simulationMonitor] - Expression evaluator launched {"hostname": "dtvt_13", "processid": 26697, "history": "ExplorerRun.0", "testname": "gmIdwl_WL_1", "cornername": "Nominal", "point": 1, "logfile": "/home/dtvt_13/duyDUT/logs_dtvt_13/logs0/Job25.log"}
[2026-04-08 02:44:16.301 +0700] [PROCESS] [cadence.virtuoso.ade.simulationMonitor] - Started Simulation {"hostname": "dtvt_13", "processid": 26697, "history": "ExplorerRun.0", "testname": "gmIdwl_WL_1", "cornername": "Nominal", "point": 1, "logfile": "/home/dtvt_13/duyDUT/logs_dtvt_13/logs0/Job25.log"}
[2026-04-08 02:44:38.204 +0700] [PROCESS] [cadence.virtuoso.ade.simulationMonitor] - Finished simulating for one point {"hostname": "dtvt_13", "processid": 26697, "history": "ExplorerRun.0", "testname": "gmIdwl_WL_1", "cornername": "Nominal", "point": 1, "logfile": "/home/dtvt_13/duyDUT/logs_dtvt_13/logs0/Job25.log", "simid": "5"}
[2026-04-08 02:44:38.204 +0700] [INFO] [cadence.virtuoso.ade.simulationMonitor] - Peak resident memory used = 86 Mbytes. {"history": "ExplorerRun.0", "point": 1, "testname": "gmIdwl_WL_1", "cornername": "Nominal"}
[2026-04-08 02:44:38.204 +0700] [INFO] [cadence.virtuoso.ade.simulationMonitor] - Peak resident memory used = 96.4 Mbytes. {"history": "ExplorerRun.0", "point": 1, "testname": "gmIdwl_WL_1", "cornername": "Nominal"}
[2026-04-08 02:44:38.204 +0700] [INFO] [cadence.virtuoso.ade.simulationMonitor] - Notice from spectre during hierarchy flattening.
    The value 'psf' specified for the 'checklimitdest' option will no longer be supported in future releases. Use 'spectre -h' to see other recommended values for the 'checklimitdest' option. {"history": "ExplorerRun.0", "point": 1, "testname": "gmIdwl_WL_1", "cornername": "Nominal"}
[2026-04-08 02:44:38.204 +0700] [INFO] [cadence.virtuoso.ade.simulationMonitor] - Peak resident memory used = 97.2 Mbytes. {"history": "ExplorerRun.0", "point": 1, "testname": "gmIdwl_WL_1", "cornername": "Nominal"}
[2026-04-08 02:44:38.204 +0700] [INFO] [cadence.virtuoso.ade.simulationMonitor] - Notice from spectre during initial setup.
    Multithreading is disabled due to the size of the design being too small. {"history": "ExplorerRun.0", "point": 1, "testname": "gmIdwl_WL_1", "cornername": "Nominal"}
[2026-04-08 02:44:38.205 +0700] [INFO] [cadence.virtuoso.ade.simulationMonitor] -               nodes 2 {"history": "ExplorerRun.0", "point": 1, "testname": "gmIdwl_WL_1", "cornername": "Nominal"}
[2026-04-08 02:44:38.205 +0700] [INFO] [cadence.virtuoso.ade.simulationMonitor] - Notice from spectre during initial setup.
    APS enabled. {"history": "ExplorerRun.0", "point": 1, "testname": "gmIdwl_WL_1", "cornername": "Nominal"}
[2026-04-08 02:44:38.205 +0700] [INFO] [cadence.virtuoso.ade.simulationMonitor] - Peak resident memory used = 98.7 Mbytes. {"history": "ExplorerRun.0", "point": 1, "testname": "gmIdwl_WL_1", "cornername": "Nominal"}
[2026-04-08 02:44:38.205 +0700] [INFO] [cadence.virtuoso.ade.simulationMonitor] -    -   (APS) Multi-threading. The recommended number of threads is 1, consider adding +mt=1 on command line. {"history": "ExplorerRun.0", "point": 1, "testname": "gmIdwl_WL_1", "cornername": "Nominal"}
[2026-04-08 02:44:38.205 +0700] [INFO] [cadence.virtuoso.ade.simulationMonitor] - Total time required for dc analysis `dcOp': CPU = 1.557 ms, elapsed = 2.54607 ms. {"history": "ExplorerRun.0", "point": 1, "testname": "gmIdwl_WL_1", "cornername": "Nominal"}
[2026-04-08 02:44:38.205 +0700] [INFO] [cadence.virtuoso.ade.simulationMonitor] - Peak resident memory used = 100 Mbytes. {"history": "ExplorerRun.0", "point": 1, "testname": "gmIdwl_WL_1", "cornername": "Nominal"}
[2026-04-08 02:44:38.205 +0700] [INFO] [cadence.virtuoso.ade.simulationMonitor] - Notice from spectre at vsg = 1.8 during DC analysis `dc'.
    The value of parameter 'vsg' has been reset to the original value 0.5. {"history": "ExplorerRun.0", "point": 1, "testname": "gmIdwl_WL_1", "cornername": "Nominal"}
[2026-04-08 02:44:38.205 +0700] [INFO] [cadence.virtuoso.ade.simulationMonitor] - Total time required for dc analysis `dc': CPU = 2.007 ms, elapsed = 3.03411 ms. {"history": "ExplorerRun.0", "point": 1, "testname": "gmIdwl_WL_1", "cornername": "Nominal"}
[2026-04-08 02:44:38.205 +0700] [INFO] [cadence.virtuoso.ade.simulationMonitor] - Peak resident memory used = 101 Mbytes. {"history": "ExplorerRun.0", "point": 1, "testname": "gmIdwl_WL_1", "cornername": "Nominal"}
[2026-04-08 02:44:38.205 +0700] [INFO] [cadence.virtuoso.ade.simulationMonitor] - Time used: CPU = 357 ms, elapsed = 21.2 s, util. = 1.68%. {"history": "ExplorerRun.0", "point": 1, "testname": "gmIdwl_WL_1", "cornername": "Nominal"}
[2026-04-08 02:44:38.205 +0700] [INFO] [cadence.virtuoso.ade.simulationMonitor] - Time spent in licensing: elapsed = 20.3 s, percentage of total = 95.7%. {"history": "ExplorerRun.0", "point": 1, "testname": "gmIdwl_WL_1", "cornername": "Nominal"}
[2026-04-08 02:44:38.205 +0700] [INFO] [cadence.virtuoso.ade.simulationMonitor] - Peak memory used = 110 Mbytes. {"history": "ExplorerRun.0", "point": 1, "testname": "gmIdwl_WL_1", "cornername": "Nominal"}
[2026-04-08 02:44:38.205 +0700] [PROCESS] [cadence.virtuoso.ade.simulationMonitor] - Simulation started at: 2:44:16 AM, Wed Apr 8, 2026, ended at: 2:44:37 AM, Wed Apr 8, 2026, with elapsed time (wall clock): 21.2 s. {"history": "ExplorerRun.0", "point": 1, "testname": "gmIdwl_WL_1", "cornername": "Nominal"}
[2026-04-08 02:44:38.205 +0700] [PROCESS] [cadence.virtuoso.ade.simulationMonitor] - spectre completes with 0 errors, 0 warnings, and 5 notices. {"history": "ExplorerRun.0", "point": 1, "testname": "gmIdwl_WL_1", "cornername": "Nominal"}
[2026-04-08 02:44:38.205 +0700] [PROCESS] [cadence.virtuoso.ade.simulationMonitor] - Simulator exited {"hostname": "dtvt_13", "processid": 26697, "history": "ExplorerRun.0", "testname": "gmIdwl_WL_1", "cornername": "Nominal", "point": 1, "logfile": "/home/dtvt_13/duyDUT/logs_dtvt_13/logs0/Job25.log", "exitStatus": "0"}
[2026-04-08 02:44:38.205 +0700] [PROCESS] [cadence.virtuoso.ade.simulationMonitor] - Finished Simulation {"hostname": "dtvt_13", "processid": 26697, "history": "ExplorerRun.0", "testname": "gmIdwl_WL_1", "cornername": "Nominal", "point": 1, "logfile": "/home/dtvt_13/duyDUT/logs_dtvt_13/logs0/Job25.log", "simid": "5"}
[2026-04-08 02:44:38.709 +0700] [PROCESS] [cadence.virtuoso.ade.simulationMonitor] - Point Finished {"hostname": "dtvt_13", "processid": 26697, "history": "ExplorerRun.0", "testname": "gmIdwl_WL_1", "cornername": "Nominal", "point": 1, "logfile": "/home/dtvt_13/duyDUT/logs_dtvt_13/logs0/Job25.log"}
[2026-04-08 02:44:38.712 +0700] [PROCESS] [cadence.virtuoso.ade.simulationMonitor] - HostInfo:
Host name (type):	dtvt_13 (x86_64)
Operating system:	Linux 3.10.0-1160.118.1.el7.x86_64 #1 SMP Wed Apr 24 16:01:50 UTC 2024 {"hostname": "dtvt_13", "processid": 26697, "history": "ExplorerRun.0", "testname": "gmIdwl_WL_1", "cornername": "Nominal", "point": 1, "logfile": "/home/dtvt_13/duyDUT/logs_dtvt_13/logs0/Job25.log", "nodename": "dtvt_13", "domainname": "(none)", "machine": "x86_64", "sysname": "Linux", "release": "3.10.0-1160.118.1.el7.x86_64", "version": "#1 SMP Wed Apr 24 16:01:50 UTC 2024"}
[2026-04-08 02:44:38.712 +0700] [PROCESS] [cadence.virtuoso.ade.simulationMonitor] - UsageInfo:
pid=26697
totalPhysicalMemory=15.208324GB,Used=14.958763GB,totalVirtualMemory=22.895821GB,Used=14.980003GB
Cpu: Cores=24, Load average:0.830000,0.450000,0.290000 {"hostname": "dtvt_13", "processid": 26697, "history": "ExplorerRun.0", "testname": "gmIdwl_WL_1", "cornername": "Nominal", "point": 1, "logfile": "/home/dtvt_13/duyDUT/logs_dtvt_13/logs0/Job25.log", "pid": "26697", "totalPhysicalMemory": "15.208324", "physicalMemoryUsed": "14.958763", "totalVirtualMemory": "22.895821", "virtualMemoryUsed": "14.980003", "cpuCores": "24", "processes": "2713", "loadAverage1": "0.830000", "loadAverage5": "0.450000", "loadAverage15": "0.290000", "loadAverage1Percent": "0.034583"}
[2026-04-08 02:44:38.712 +0700] [EVENT] [cadence.virtuoso.ade.simulationMonitor] - NewPoint {"history": "ExplorerRun.0", "point": 2, "testname": "gmIdwl_WL_1", "cornername": "Nominal", "event": "NewPoint", "EventSource": "Simulation Monitor", "HistoryName": "ExplorerRun.0", "logFile": "/home/dtvt_13/duyDUT/logs_dtvt_13/logs0/Job25.log", "logFileSize": "47052"}
[2026-04-08 02:44:38.813 +0700] [EVENT] [cadence.virtuoso.ade.simulationMonitor] - NewPoint {"history": "ExplorerRun.0", "point": 2, "testname": "gmIdwl_WL_1", "cornername": "Nominal", "event": "NewPoint", "EventSource": "spectre", "HistoryName": "ExplorerRun.0", "logFile": "/home/dtvt_13/simulation/gmIdwl/WL/maestro/results/maestro/ExplorerRun.0/2/gmIdwl_WL_1/psf/spectre.out", "logFileSize": "-1"}
[2026-04-08 02:44:38.816 +0700] [PROCESS] [cadence.virtuoso.ade.simulationMonitor] - Simulator launched {"hostname": "dtvt_13", "processid": 26697, "history": "ExplorerRun.0", "testname": "gmIdwl_WL_1", "cornername": "Nominal", "point": 2, "logfile": "/home/dtvt_13/duyDUT/logs_dtvt_13/logs0/Job25.log", "simid": "6"}
[2026-04-08 02:44:38.816 +0700] [PROCESS] [cadence.virtuoso.ade.simulationMonitor] - Started Simulation {"hostname": "dtvt_13", "processid": 26697, "history": "ExplorerRun.0", "testname": "gmIdwl_WL_1", "cornername": "Nominal", "point": 2, "logfile": "/home/dtvt_13/duyDUT/logs_dtvt_13/logs0/Job25.log"}
[2026-04-08 02:45:00.083 +0700] [INFO] [cadence.virtuoso.ade.simulationMonitor] - Peak resident memory used = 86 Mbytes. {"history": "ExplorerRun.0", "point": 2, "testname": "gmIdwl_WL_1", "cornername": "Nominal"}
[2026-04-08 02:45:00.584 +0700] [PROCESS] [cadence.virtuoso.ade.simulationMonitor] - Finished simulating for one point {"hostname": "dtvt_13", "processid": 26697, "history": "ExplorerRun.0", "testname": "gmIdwl_WL_1", "cornername": "Nominal", "point": 2, "logfile": "/home/dtvt_13/duyDUT/logs_dtvt_13/logs0/Job25.log", "simid": "6"}
[2026-04-08 02:45:00.584 +0700] [INFO] [cadence.virtuoso.ade.simulationMonitor] - Peak resident memory used = 96.4 Mbytes. {"history": "ExplorerRun.0", "point": 2, "testname": "gmIdwl_WL_1", "cornername": "Nominal"}
[2026-04-08 02:45:00.585 +0700] [INFO] [cadence.virtuoso.ade.simulationMonitor] - Notice from spectre during hierarchy flattening.
    The value 'psf' specified for the 'checklimitdest' option will no longer be supported in future releases. Use 'spectre -h' to see other recommended values for the 'checklimitdest' option. {"history": "ExplorerRun.0", "point": 2, "testname": "gmIdwl_WL_1", "cornername": "Nominal"}
[2026-04-08 02:45:00.585 +0700] [INFO] [cadence.virtuoso.ade.simulationMonitor] - Peak resident memory used = 97.2 Mbytes. {"history": "ExplorerRun.0", "point": 2, "testname": "gmIdwl_WL_1", "cornername": "Nominal"}
[2026-04-08 02:45:00.585 +0700] [INFO] [cadence.virtuoso.ade.simulationMonitor] - Notice from spectre during initial setup.
    Multithreading is disabled due to the size of the design being too small. {"history": "ExplorerRun.0", "point": 2, "testname": "gmIdwl_WL_1", "cornername": "Nominal"}
[2026-04-08 02:45:00.585 +0700] [INFO] [cadence.virtuoso.ade.simulationMonitor] -               nodes 2 {"history": "ExplorerRun.0", "point": 2, "testname": "gmIdwl_WL_1", "cornername": "Nominal"}
[2026-04-08 02:45:00.585 +0700] [INFO] [cadence.virtuoso.ade.simulationMonitor] - Notice from spectre during initial setup.
    APS enabled. {"history": "ExplorerRun.0", "point": 2, "testname": "gmIdwl_WL_1", "cornername": "Nominal"}
[2026-04-08 02:45:00.586 +0700] [INFO] [cadence.virtuoso.ade.simulationMonitor] - Peak resident memory used = 98.7 Mbytes. {"history": "ExplorerRun.0", "point": 2, "testname": "gmIdwl_WL_1", "cornername": "Nominal"}
[2026-04-08 02:45:00.586 +0700] [INFO] [cadence.virtuoso.ade.simulationMonitor] -    -   (APS) Multi-threading. The recommended number of threads is 1, consider adding +mt=1 on command line. {"history": "ExplorerRun.0", "point": 2, "testname": "gmIdwl_WL_1", "cornername": "Nominal"}
[2026-04-08 02:45:00.586 +0700] [INFO] [cadence.virtuoso.ade.simulationMonitor] - Total time required for dc analysis `dcOp': CPU = 4.601 ms, elapsed = 5.72014 ms. {"history": "ExplorerRun.0", "point": 2, "testname": "gmIdwl_WL_1", "cornername": "Nominal"}
[2026-04-08 02:45:00.586 +0700] [INFO] [cadence.virtuoso.ade.simulationMonitor] - Peak resident memory used = 100 Mbytes. {"history": "ExplorerRun.0", "point": 2, "testname": "gmIdwl_WL_1", "cornername": "Nominal"}
[2026-04-08 02:45:00.586 +0700] [INFO] [cadence.virtuoso.ade.simulationMonitor] - Notice from spectre at vsg = 1.8 during DC analysis `dc'.
    The value of parameter 'vsg' has been reset to the original value 0.5. {"history": "ExplorerRun.0", "point": 2, "testname": "gmIdwl_WL_1", "cornername": "Nominal"}
[2026-04-08 02:45:00.586 +0700] [INFO] [cadence.virtuoso.ade.simulationMonitor] - Total time required for dc analysis `dc': CPU = 7.691 ms, elapsed = 8.85105 ms. {"history": "ExplorerRun.0", "point": 2, "testname": "gmIdwl_WL_1", "cornername": "Nominal"}
[2026-04-08 02:45:00.586 +0700] [INFO] [cadence.virtuoso.ade.simulationMonitor] - Peak resident memory used = 101 Mbytes. {"history": "ExplorerRun.0", "point": 2, "testname": "gmIdwl_WL_1", "cornername": "Nominal"}
[2026-04-08 02:45:00.586 +0700] [INFO] [cadence.virtuoso.ade.simulationMonitor] - Time used: CPU = 502 ms, elapsed = 21.3 s, util. = 2.36%. {"history": "ExplorerRun.0", "point": 2, "testname": "gmIdwl_WL_1", "cornername": "Nominal"}
[2026-04-08 02:45:00.586 +0700] [INFO] [cadence.virtuoso.ade.simulationMonitor] - Time spent in licensing: elapsed = 20.3 s, percentage of total = 95.2%. {"history": "ExplorerRun.0", "point": 2, "testname": "gmIdwl_WL_1", "cornername": "Nominal"}
[2026-04-08 02:45:00.586 +0700] [INFO] [cadence.virtuoso.ade.simulationMonitor] - Peak memory used = 110 Mbytes. {"history": "ExplorerRun.0", "point": 2, "testname": "gmIdwl_WL_1", "cornername": "Nominal"}
[2026-04-08 02:45:00.586 +0700] [PROCESS] [cadence.virtuoso.ade.simulationMonitor] - Simulation started at: 2:44:38 AM, Wed Apr 8, 2026, ended at: 2:45:00 AM, Wed Apr 8, 2026, with elapsed time (wall clock): 21.3 s. {"history": "ExplorerRun.0", "point": 2, "testname": "gmIdwl_WL_1", "cornername": "Nominal"}
[2026-04-08 02:45:00.586 +0700] [PROCESS] [cadence.virtuoso.ade.simulationMonitor] - spectre completes with 0 errors, 0 warnings, and 5 notices. {"history": "ExplorerRun.0", "point": 2, "testname": "gmIdwl_WL_1", "cornername": "Nominal"}
[2026-04-08 02:45:00.586 +0700] [PROCESS] [cadence.virtuoso.ade.simulationMonitor] - Simulator exited {"hostname": "dtvt_13", "processid": 26697, "history": "ExplorerRun.0", "testname": "gmIdwl_WL_1", "cornername": "Nominal", "point": 2, "logfile": "/home/dtvt_13/duyDUT/logs_dtvt_13/logs0/Job25.log", "exitStatus": "0"}
[2026-04-08 02:45:00.586 +0700] [PROCESS] [cadence.virtuoso.ade.simulationMonitor] - Finished Simulation {"hostname": "dtvt_13", "processid": 26697, "history": "ExplorerRun.0", "testname": "gmIdwl_WL_1", "cornername": "Nominal", "point": 2, "logfile": "/home/dtvt_13/duyDUT/logs_dtvt_13/logs0/Job25.log", "simid": "6"}
[2026-04-08 02:45:01.591 +0700] [PROCESS] [cadence.virtuoso.ade.simulationMonitor] - Point Finished {"hostname": "dtvt_13", "processid": 26697, "history": "ExplorerRun.0", "testname": "gmIdwl_WL_1", "cornername": "Nominal", "point": 2, "logfile": "/home/dtvt_13/duyDUT/logs_dtvt_13/logs0/Job25.log"}
[2026-04-08 02:45:01.596 +0700] [PROCESS] [cadence.virtuoso.ade.simulationMonitor] - HostInfo:
Host name (type):	dtvt_13 (x86_64)
Operating system:	Linux 3.10.0-1160.118.1.el7.x86_64 #1 SMP Wed Apr 24 16:01:50 UTC 2024 {"hostname": "dtvt_13", "processid": 26697, "history": "ExplorerRun.0", "testname": "gmIdwl_WL_1", "cornername": "Nominal", "point": 2, "logfile": "/home/dtvt_13/duyDUT/logs_dtvt_13/logs0/Job25.log", "nodename": "dtvt_13", "domainname": "(none)", "machine": "x86_64", "sysname": "Linux", "release": "3.10.0-1160.118.1.el7.x86_64", "version": "#1 SMP Wed Apr 24 16:01:50 UTC 2024"}
[2026-04-08 02:45:01.596 +0700] [PROCESS] [cadence.virtuoso.ade.simulationMonitor] - UsageInfo:
pid=26697
totalPhysicalMemory=15.208324GB,Used=14.962345GB,totalVirtualMemory=22.895821GB,Used=14.983585GB
Cpu: Cores=24, Load average:0.660000,0.440000,0.290000 {"hostname": "dtvt_13", "processid": 26697, "history": "ExplorerRun.0", "testname": "gmIdwl_WL_1", "cornername": "Nominal", "point": 2, "logfile": "/home/dtvt_13/duyDUT/logs_dtvt_13/logs0/Job25.log", "pid": "26697", "totalPhysicalMemory": "15.208324", "physicalMemoryUsed": "14.962345", "totalVirtualMemory": "22.895821", "virtualMemoryUsed": "14.983585", "cpuCores": "24", "processes": "2714", "loadAverage1": "0.660000", "loadAverage5": "0.440000", "loadAverage15": "0.290000", "loadAverage1Percent": "0.027500"}
[2026-04-08 02:45:01.596 +0700] [EVENT] [cadence.virtuoso.ade.simulationMonitor] - NewPoint {"history": "ExplorerRun.0", "point": 3, "testname": "gmIdwl_WL_1", "cornername": "Nominal", "event": "NewPoint", "EventSource": "Simulation Monitor", "HistoryName": "ExplorerRun.0", "logFile": "/home/dtvt_13/duyDUT/logs_dtvt_13/logs0/Job25.log", "logFileSize": "55856"}
[2026-04-08 02:45:01.698 +0700] [EVENT] [cadence.virtuoso.ade.simulationMonitor] - NewPoint {"history": "ExplorerRun.0", "point": 3, "testname": "gmIdwl_WL_1", "cornername": "Nominal", "event": "NewPoint", "EventSource": "spectre", "HistoryName": "ExplorerRun.0", "logFile": "/home/dtvt_13/simulation/gmIdwl/WL/maestro/results/maestro/ExplorerRun.0/3/gmIdwl_WL_1/psf/spectre.out", "logFileSize": "-1"}
[2026-04-08 02:45:01.708 +0700] [PROCESS] [cadence.virtuoso.ade.simulationMonitor] - Simulator launched {"hostname": "dtvt_13", "processid": 26697, "history": "ExplorerRun.0", "testname": "gmIdwl_WL_1", "cornername": "Nominal", "point": 3, "logfile": "/home/dtvt_13/duyDUT/logs_dtvt_13/logs0/Job25.log", "simid": "7"}
[2026-04-08 02:45:01.709 +0700] [PROCESS] [cadence.virtuoso.ade.simulationMonitor] - Started Simulation {"hostname": "dtvt_13", "processid": 26697, "history": "ExplorerRun.0", "testname": "gmIdwl_WL_1", "cornername": "Nominal", "point": 3, "logfile": "/home/dtvt_13/duyDUT/logs_dtvt_13/logs0/Job25.log"}
[2026-04-08 02:45:23.519 +0700] [PROCESS] [cadence.virtuoso.ade.simulationMonitor] - Finished simulating for one point {"hostname": "dtvt_13", "processid": 26697, "history": "ExplorerRun.0", "testname": "gmIdwl_WL_1", "cornername": "Nominal", "point": 3, "logfile": "/home/dtvt_13/duyDUT/logs_dtvt_13/logs0/Job25.log", "simid": "7"}
[2026-04-08 02:45:23.519 +0700] [INFO] [cadence.virtuoso.ade.simulationMonitor] - Peak resident memory used = 86 Mbytes. {"history": "ExplorerRun.0", "point": 3, "testname": "gmIdwl_WL_1", "cornername": "Nominal"}
[2026-04-08 02:45:23.519 +0700] [INFO] [cadence.virtuoso.ade.simulationMonitor] - Peak resident memory used = 96.4 Mbytes. {"history": "ExplorerRun.0", "point": 3, "testname": "gmIdwl_WL_1", "cornername": "Nominal"}
[2026-04-08 02:45:23.519 +0700] [INFO] [cadence.virtuoso.ade.simulationMonitor] - Notice from spectre during hierarchy flattening.
    The value 'psf' specified for the 'checklimitdest' option will no longer be supported in future releases. Use 'spectre -h' to see other recommended values for the 'checklimitdest' option. {"history": "ExplorerRun.0", "point": 3, "testname": "gmIdwl_WL_1", "cornername": "Nominal"}
[2026-04-08 02:45:23.519 +0700] [INFO] [cadence.virtuoso.ade.simulationMonitor] - Peak resident memory used = 97.2 Mbytes. {"history": "ExplorerRun.0", "point": 3, "testname": "gmIdwl_WL_1", "cornername": "Nominal"}
[2026-04-08 02:45:23.519 +0700] [INFO] [cadence.virtuoso.ade.simulationMonitor] - Notice from spectre during initial setup.
    Multithreading is disabled due to the size of the design being too small. {"history": "ExplorerRun.0", "point": 3, "testname": "gmIdwl_WL_1", "cornername": "Nominal"}
[2026-04-08 02:45:23.519 +0700] [INFO] [cadence.virtuoso.ade.simulationMonitor] -               nodes 2 {"history": "ExplorerRun.0", "point": 3, "testname": "gmIdwl_WL_1", "cornername": "Nominal"}
[2026-04-08 02:45:23.519 +0700] [INFO] [cadence.virtuoso.ade.simulationMonitor] - Notice from spectre during initial setup.
    APS enabled. {"history": "ExplorerRun.0", "point": 3, "testname": "gmIdwl_WL_1", "cornername": "Nominal"}
[2026-04-08 02:45:23.519 +0700] [INFO] [cadence.virtuoso.ade.simulationMonitor] - Peak resident memory used = 98.7 Mbytes. {"history": "ExplorerRun.0", "point": 3, "testname": "gmIdwl_WL_1", "cornername": "Nominal"}
[2026-04-08 02:45:23.519 +0700] [INFO] [cadence.virtuoso.ade.simulationMonitor] -    -   (APS) Multi-threading. The recommended number of threads is 1, consider adding +mt=1 on command line. {"history": "ExplorerRun.0", "point": 3, "testname": "gmIdwl_WL_1", "cornername": "Nominal"}
[2026-04-08 02:45:23.519 +0700] [INFO] [cadence.virtuoso.ade.simulationMonitor] - Total time required for dc analysis `dcOp': CPU = 1.814 ms, elapsed = 2.90012 ms. {"history": "ExplorerRun.0", "point": 3, "testname": "gmIdwl_WL_1", "cornername": "Nominal"}
[2026-04-08 02:45:23.519 +0700] [INFO] [cadence.virtuoso.ade.simulationMonitor] - Peak resident memory used = 100 Mbytes. {"history": "ExplorerRun.0", "point": 3, "testname": "gmIdwl_WL_1", "cornername": "Nominal"}
[2026-04-08 02:45:23.519 +0700] [INFO] [cadence.virtuoso.ade.simulationMonitor] - Notice from spectre at vsg = 1.8 during DC analysis `dc'.
    The value of parameter 'vsg' has been reset to the original value 0.5. {"history": "ExplorerRun.0", "point": 3, "testname": "gmIdwl_WL_1", "cornername": "Nominal"}
[2026-04-08 02:45:23.519 +0700] [INFO] [cadence.virtuoso.ade.simulationMonitor] - Total time required for dc analysis `dc': CPU = 2.441 ms, elapsed = 3.38697 ms. {"history": "ExplorerRun.0", "point": 3, "testname": "gmIdwl_WL_1", "cornername": "Nominal"}
[2026-04-08 02:45:23.519 +0700] [INFO] [cadence.virtuoso.ade.simulationMonitor] - Peak resident memory used = 101 Mbytes. {"history": "ExplorerRun.0", "point": 3, "testname": "gmIdwl_WL_1", "cornername": "Nominal"}
[2026-04-08 02:45:23.519 +0700] [INFO] [cadence.virtuoso.ade.simulationMonitor] - Time used: CPU = 398 ms, elapsed = 21.2 s, util. = 1.88%. {"history": "ExplorerRun.0", "point": 3, "testname": "gmIdwl_WL_1", "cornername": "Nominal"}
[2026-04-08 02:45:23.519 +0700] [INFO] [cadence.virtuoso.ade.simulationMonitor] - Time spent in licensing: elapsed = 20.8 s, percentage of total = 98%. {"history": "ExplorerRun.0", "point": 3, "testname": "gmIdwl_WL_1", "cornername": "Nominal"}
[2026-04-08 02:45:23.519 +0700] [INFO] [cadence.virtuoso.ade.simulationMonitor] - Peak memory used = 110 Mbytes. {"history": "ExplorerRun.0", "point": 3, "testname": "gmIdwl_WL_1", "cornername": "Nominal"}
[2026-04-08 02:45:23.519 +0700] [PROCESS] [cadence.virtuoso.ade.simulationMonitor] - Simulation started at: 2:45:01 AM, Wed Apr 8, 2026, ended at: 2:45:23 AM, Wed Apr 8, 2026, with elapsed time (wall clock): 21.2 s. {"history": "ExplorerRun.0", "point": 3, "testname": "gmIdwl_WL_1", "cornername": "Nominal"}
[2026-04-08 02:45:23.519 +0700] [PROCESS] [cadence.virtuoso.ade.simulationMonitor] - spectre completes with 0 errors, 0 warnings, and 5 notices. {"history": "ExplorerRun.0", "point": 3, "testname": "gmIdwl_WL_1", "cornername": "Nominal"}
[2026-04-08 02:45:23.520 +0700] [PROCESS] [cadence.virtuoso.ade.simulationMonitor] - Simulator exited {"hostname": "dtvt_13", "processid": 26697, "history": "ExplorerRun.0", "testname": "gmIdwl_WL_1", "cornername": "Nominal", "point": 3, "logfile": "/home/dtvt_13/duyDUT/logs_dtvt_13/logs0/Job25.log", "exitStatus": "0"}
[2026-04-08 02:45:23.520 +0700] [PROCESS] [cadence.virtuoso.ade.simulationMonitor] - Finished Simulation {"hostname": "dtvt_13", "processid": 26697, "history": "ExplorerRun.0", "testname": "gmIdwl_WL_1", "cornername": "Nominal", "point": 3, "logfile": "/home/dtvt_13/duyDUT/logs_dtvt_13/logs0/Job25.log", "simid": "7"}
[2026-04-08 02:45:24.023 +0700] [PROCESS] [cadence.virtuoso.ade.simulationMonitor] - Point Finished {"hostname": "dtvt_13", "processid": 26697, "history": "ExplorerRun.0", "testname": "gmIdwl_WL_1", "cornername": "Nominal", "point": 3, "logfile": "/home/dtvt_13/duyDUT/logs_dtvt_13/logs0/Job25.log"}
[2026-04-08 02:45:24.026 +0700] [PROCESS] [cadence.virtuoso.ade.simulationMonitor] - HostInfo:
Host name (type):	dtvt_13 (x86_64)
Operating system:	Linux 3.10.0-1160.118.1.el7.x86_64 #1 SMP Wed Apr 24 16:01:50 UTC 2024 {"hostname": "dtvt_13", "processid": 26697, "history": "ExplorerRun.0", "testname": "gmIdwl_WL_1", "cornername": "Nominal", "point": 3, "logfile": "/home/dtvt_13/duyDUT/logs_dtvt_13/logs0/Job25.log", "nodename": "dtvt_13", "domainname": "(none)", "machine": "x86_64", "sysname": "Linux", "release": "3.10.0-1160.118.1.el7.x86_64", "version": "#1 SMP Wed Apr 24 16:01:50 UTC 2024"}
[2026-04-08 02:45:24.026 +0700] [PROCESS] [cadence.virtuoso.ade.simulationMonitor] - UsageInfo:
pid=26697
totalPhysicalMemory=15.208324GB,Used=14.961395GB,totalVirtualMemory=22.895821GB,Used=14.982635GB
Cpu: Cores=24, Load average:0.630000,0.450000,0.300000 {"hostname": "dtvt_13", "processid": 26697, "history": "ExplorerRun.0", "testname": "gmIdwl_WL_1", "cornername": "Nominal", "point": 3, "logfile": "/home/dtvt_13/duyDUT/logs_dtvt_13/logs0/Job25.log", "pid": "26697", "totalPhysicalMemory": "15.208324", "physicalMemoryUsed": "14.961395", "totalVirtualMemory": "22.895821", "virtualMemoryUsed": "14.982635", "cpuCores": "24", "processes": "2712", "loadAverage1": "0.630000", "loadAverage5": "0.450000", "loadAverage15": "0.300000", "loadAverage1Percent": "0.026250"}
[2026-04-08 02:45:24.026 +0700] [EVENT] [cadence.virtuoso.ade.simulationMonitor] - NewPoint {"history": "ExplorerRun.0", "point": 4, "testname": "gmIdwl_WL_1", "cornername": "Nominal", "event": "NewPoint", "EventSource": "Simulation Monitor", "HistoryName": "ExplorerRun.0", "logFile": "/home/dtvt_13/duyDUT/logs_dtvt_13/logs0/Job25.log", "logFileSize": "64658"}
[2026-04-08 02:45:24.129 +0700] [EVENT] [cadence.virtuoso.ade.simulationMonitor] - NewPoint {"history": "ExplorerRun.0", "point": 4, "testname": "gmIdwl_WL_1", "cornername": "Nominal", "event": "NewPoint", "EventSource": "spectre", "HistoryName": "ExplorerRun.0", "logFile": "/home/dtvt_13/simulation/gmIdwl/WL/maestro/results/maestro/ExplorerRun.0/4/gmIdwl_WL_1/psf/spectre.out", "logFileSize": "-1"}
[2026-04-08 02:45:24.132 +0700] [PROCESS] [cadence.virtuoso.ade.simulationMonitor] - Simulator launched {"hostname": "dtvt_13", "processid": 26697, "history": "ExplorerRun.0", "testname": "gmIdwl_WL_1", "cornername": "Nominal", "point": 4, "logfile": "/home/dtvt_13/duyDUT/logs_dtvt_13/logs0/Job25.log", "simid": "8"}
[2026-04-08 02:45:24.133 +0700] [PROCESS] [cadence.virtuoso.ade.simulationMonitor] - Started Simulation {"hostname": "dtvt_13", "processid": 26697, "history": "ExplorerRun.0", "testname": "gmIdwl_WL_1", "cornername": "Nominal", "point": 4, "logfile": "/home/dtvt_13/duyDUT/logs_dtvt_13/logs0/Job25.log"}
[2026-04-08 02:45:38.812 +0700] [PROCESS] [cadence.virtuoso.ade.simulationMonitor] - Simulation cancelled {"hostname": "dtvt_13", "processid": 26697, "history": "ExplorerRun.0", "testname": "gmIdwl_WL_1", "cornername": "Nominal", "point": 4, "logfile": "/home/dtvt_13/duyDUT/logs_dtvt_13/logs0/Job25.log"}
[2026-04-08 02:45:38.814 +0700] [INFO] [cadence.virtuoso.ade.simulationMonitor] - SimulationMonitor has terminated the spectre process '30063', reason: 'the simulation point gets cancelled by GUI' {"history": "ExplorerRun.0", "point": 4, "testname": "gmIdwl_WL_1", "cornername": "Nominal"}
[2026-04-08 02:45:38.817 +0700] [PROCESS] [cadence.virtuoso.ade.simulationMonitor] - Finished simulating for one point {"hostname": "dtvt_13", "processid": 26697, "history": "ExplorerRun.0", "testname": "gmIdwl_WL_1", "cornername": "Nominal", "point": 4, "logfile": "/home/dtvt_13/duyDUT/logs_dtvt_13/logs0/Job25.log", "simid": "8"}
[2026-04-08 02:45:38.945 +0700] [PROCESS] [cadence.virtuoso.ade.simulationMonitor] - Simulator exited {"hostname": "dtvt_13", "processid": 26697, "history": "ExplorerRun.0", "testname": "gmIdwl_WL_1", "cornername": "Nominal", "point": 4, "logfile": "/home/dtvt_13/duyDUT/logs_dtvt_13/logs0/Job25.log", "exitStatus": "0"}
[2026-04-08 02:45:38.945 +0700] [PROCESS] [cadence.virtuoso.ade.simulationMonitor] - Finished Simulation {"hostname": "dtvt_13", "processid": 26697, "history": "ExplorerRun.0", "testname": "gmIdwl_WL_1", "cornername": "Nominal", "point": 4, "logfile": "/home/dtvt_13/duyDUT/logs_dtvt_13/logs0/Job25.log", "simid": "8"}
[2026-04-08 02:47:09.627 +0700] [PROCESS] [cadence.virtuoso.ade.simulationMonitor] - get signal Terminated<15> from user:dtvt_13, which pid:26695:/home/dtvt_13/CDNS_Client/IC618-ISR28/tools/bin/64bit/cdsServIpc {"hostname": "dtvt_13", "processid": 26697, "history": "ExplorerRun.0", "testname": "gmIdwl_WL_1", "cornername": "Nominal", "point": 4, "logfile": "/home/dtvt_13/duyDUT/logs_dtvt_13/logs0/Job25.log", "signal": "15", "signalName": "Terminated", "which": "/home/dtvt_13/CDNS_Client/IC618-ISR28/tools/bin/64bit/cdsServIpc", "pid": "26695", "user": "dtvt_13", "uid": "1000"}
[2026-04-08 02:47:10.127 +0700] [PROCESS] [cadence.virtuoso.ade.simulationMonitor] - Current memory used: 32.5703 MBytes, peak memory used: 32.5703 MBytes {"hostname": "dtvt_13", "processid": 26697, "history": "ExplorerRun.0", "testname": "gmIdwl_WL_1", "cornername": "Nominal", "point": 4, "logfile": "/home/dtvt_13/duyDUT/logs_dtvt_13/logs0/Job25.log"}
[2026-04-08 02:47:10.128 +0700] [PROCESS] [cadence.virtuoso.ade.simulationMonitor] - Simulation Monitor process exit. {"hostname": "dtvt_13", "processid": 26697, "history": "ExplorerRun.0", "testname": "gmIdwl_WL_1", "cornername": "Nominal", "point": 4, "logfile": "/home/dtvt_13/duyDUT/logs_dtvt_13/logs0/Job25.log"}
