[Simulation Monitor: 2]
[2026-04-12 23:39:52.670 +0700] [PROCESS] [cadence.virtuoso.ade.simulationMonitor] - Simulation Monitor has successfully started up. Trying to set up communication channels to other components ... {"hostname": "dtvt_13", "processid": 15748, "logfile": "/home/dtvt_13/duyDUT/logs_dtvt_13/logs0/Job2.log"}
[2026-04-12 23:39:52.670 +0700] [PROCESS] [cadence.virtuoso.ade.simulationMonitor] - Communication channels have been successfully set up. Start processing events ... {"hostname": "dtvt_13", "processid": 15748, "logfile": "/home/dtvt_13/duyDUT/logs_dtvt_13/logs0/Job2.log"}
[2026-04-12 23:39:52.670 +0700] [PROCESS] [cadence.virtuoso.ade.simulationMonitor] - Considering to start history {"hostname": "dtvt_13", "processid": 15748, "history": "ExplorerRun.0", "logfile": "/home/dtvt_13/duyDUT/logs_dtvt_13/logs0/Job2.log"}
[2026-04-12 23:39:52.672 +0700] [PROCESS] [cadence.virtuoso.ade.simulationMonitor] - HostInfo:
Host name (type):	dtvt_13 (x86_64)
Operating system:	Linux 3.10.0-1160.118.1.el7.x86_64 #1 SMP Wed Apr 24 16:01:50 UTC 2024 {"hostname": "dtvt_13", "processid": 15748, "history": "ExplorerRun.0", "logfile": "/home/dtvt_13/duyDUT/logs_dtvt_13/logs0/Job2.log", "nodename": "dtvt_13", "domainname": "(none)", "machine": "x86_64", "sysname": "Linux", "release": "3.10.0-1160.118.1.el7.x86_64", "version": "#1 SMP Wed Apr 24 16:01:50 UTC 2024"}
[2026-04-12 23:39:52.672 +0700] [PROCESS] [cadence.virtuoso.ade.simulationMonitor] - UsageInfo:
pid=15748
totalPhysicalMemory=15.208324GB,Used=13.853199GB,totalVirtualMemory=22.895821GB,Used=13.916920GB
Cpu: Cores=24, Load average:0.410000,0.390000,0.280000 {"hostname": "dtvt_13", "processid": 15748, "history": "ExplorerRun.0", "logfile": "/home/dtvt_13/duyDUT/logs_dtvt_13/logs0/Job2.log", "pid": "15748", "totalPhysicalMemory": "15.208324", "physicalMemoryUsed": "13.853199", "totalVirtualMemory": "22.895821", "virtualMemoryUsed": "13.916920", "cpuCores": "24", "processes": "2742", "loadAverage1": "0.410000", "loadAverage5": "0.390000", "loadAverage15": "0.280000", "loadAverage1Percent": "0.017083"}
[2026-04-12 23:39:52.672 +0700] [EVENT] [cadence.virtuoso.ade.simulationMonitor] - NewPoint {"history": "ExplorerRun.0", "point": 1, "testname": "gmIdwl_NMOS_1", "cornername": "Nominal", "event": "NewPoint", "EventSource": "Simulation Monitor", "HistoryName": "ExplorerRun.0", "logFile": "/home/dtvt_13/duyDUT/logs_dtvt_13/logs0/Job2.log", "logFileSize": "2094"}
[2026-04-12 23:39:52.774 +0700] [EVENT] [cadence.virtuoso.ade.simulationMonitor] - NewPoint {"history": "ExplorerRun.0", "point": 1, "testname": "gmIdwl_NMOS_1", "cornername": "Nominal", "event": "NewPoint", "EventSource": "spectre", "HistoryName": "ExplorerRun.0", "logFile": "/home/dtvt_13/simulation/gmIdwl/NMOSgmid/maestro/results/maestro/ExplorerRun.0/1/gmIdwl_NMOS_1/psf/spectre.out", "logFileSize": "-1"}
[2026-04-12 23:39:52.783 +0700] [PROCESS] [cadence.virtuoso.ade.simulationMonitor] - Simulator launched {"hostname": "dtvt_13", "processid": 15748, "history": "ExplorerRun.0", "testname": "gmIdwl_NMOS_1", "cornername": "Nominal", "point": 1, "logfile": "/home/dtvt_13/duyDUT/logs_dtvt_13/logs0/Job2.log", "simid": "1"}
[2026-04-12 23:39:52.787 +0700] [PROCESS] [cadence.virtuoso.ade.simulationMonitor] - Expression evaluator launched {"hostname": "dtvt_13", "processid": 15748, "history": "ExplorerRun.0", "testname": "gmIdwl_NMOS_1", "cornername": "Nominal", "point": 1, "logfile": "/home/dtvt_13/duyDUT/logs_dtvt_13/logs0/Job2.log"}
[2026-04-12 23:39:52.807 +0700] [PROCESS] [cadence.virtuoso.ade.simulationMonitor] - Started Simulation {"hostname": "dtvt_13", "processid": 15748, "history": "ExplorerRun.0", "testname": "gmIdwl_NMOS_1", "cornername": "Nominal", "point": 1, "logfile": "/home/dtvt_13/duyDUT/logs_dtvt_13/logs0/Job2.log"}
[2026-04-12 23:40:29.251 +0700] [PROCESS] [cadence.virtuoso.ade.simulationMonitor] - Finished simulating for one point {"hostname": "dtvt_13", "processid": 15748, "history": "ExplorerRun.0", "testname": "gmIdwl_NMOS_1", "cornername": "Nominal", "point": 1, "logfile": "/home/dtvt_13/duyDUT/logs_dtvt_13/logs0/Job2.log", "simid": "1"}
[2026-04-12 23:40:29.252 +0700] [INFO] [cadence.virtuoso.ade.simulationMonitor] - Peak resident memory used = 61.9 Mbytes. {"history": "ExplorerRun.0", "point": 1, "testname": "gmIdwl_NMOS_1", "cornername": "Nominal"}
[2026-04-12 23:40:29.252 +0700] [ERROR] [cadence.virtuoso.ade.simulationMonitor] -     ERROR (SFE-23): "input.scs" 14: The instance `NM0' is referencing an undefined model or subcircuit, `nfet_01v8'. Either include the file containing the definition of `nfet_01v8', or define `nfet_01v8' before running the simulation. {"history": "ExplorerRun.0", "point": 1, "testname": "gmIdwl_NMOS_1", "cornername": "Nominal"}
[2026-04-12 23:40:29.253 +0700] [INFO] [cadence.virtuoso.ade.simulationMonitor] - Peak resident memory used = 68.3 Mbytes. {"history": "ExplorerRun.0", "point": 1, "testname": "gmIdwl_NMOS_1", "cornername": "Nominal"}
[2026-04-12 23:40:29.254 +0700] [INFO] [cadence.virtuoso.ade.simulationMonitor] - Time used: CPU = 256 ms, elapsed = 22.1 s, util. = 1.16%. {"history": "ExplorerRun.0", "point": 1, "testname": "gmIdwl_NMOS_1", "cornername": "Nominal"}
[2026-04-12 23:40:29.254 +0700] [INFO] [cadence.virtuoso.ade.simulationMonitor] - Time spent in licensing: elapsed = 20.3 s, percentage of total = 91.8%. {"history": "ExplorerRun.0", "point": 1, "testname": "gmIdwl_NMOS_1", "cornername": "Nominal"}
[2026-04-12 23:40:29.254 +0700] [INFO] [cadence.virtuoso.ade.simulationMonitor] - Peak memory used = 68.4 Mbytes. {"history": "ExplorerRun.0", "point": 1, "testname": "gmIdwl_NMOS_1", "cornername": "Nominal"}
[2026-04-12 23:40:29.255 +0700] [PROCESS] [cadence.virtuoso.ade.simulationMonitor] - Simulation started at: 11:40:06 PM, Sun Apr 12, 2026, ended at: 11:40:28 PM, Sun Apr 12, 2026, with elapsed time (wall clock): 22.1 s. {"history": "ExplorerRun.0", "point": 1, "testname": "gmIdwl_NMOS_1", "cornername": "Nominal"}
[2026-04-12 23:40:29.255 +0700] [PROCESS] [cadence.virtuoso.ade.simulationMonitor] - spectre completes with 1 error, 0 warnings, and 0 notices. {"history": "ExplorerRun.0", "point": 1, "testname": "gmIdwl_NMOS_1", "cornername": "Nominal"}
[2026-04-12 23:40:29.255 +0700] [FATAL] [cadence.virtuoso.ade.simulationMonitor] - spectre terminated prematurely due to fatal error. {"history": "ExplorerRun.0", "point": 1, "testname": "gmIdwl_NMOS_1", "cornername": "Nominal"}
[2026-04-12 23:40:29.255 +0700] [ERROR] [cadence.virtuoso.ade.simulationMonitor] - While simulating run ExplorerRun.0, point 1, test gmIdwl_NMOS_1, received error:
Simulation Error:
 The simulator process returned a non-zero exit code, indicating failure.
The simulator could have crashed or intentionally returned to indicate an error.
Check the simulator log file for more information.  Common causes:
1. Simulator may have crashed during exit even after reporting success in log file.
2. Abrupt automatic simulator termination (e.g., SIGKILL) because the simulator process has
   exceeded re... {"history": "ExplorerRun.0", "point": 1, "testname": "gmIdwl_NMOS_1", "cornername": "Nominal"}
[2026-04-12 23:40:29.256 +0700] [PROCESS] [cadence.virtuoso.ade.simulationMonitor] - Finished Simulation {"hostname": "dtvt_13", "processid": 15748, "history": "ExplorerRun.0", "testname": "gmIdwl_NMOS_1", "cornername": "Nominal", "point": 1, "logfile": "/home/dtvt_13/duyDUT/logs_dtvt_13/logs0/Job2.log", "simid": "1"}
[2026-04-12 23:45:29.761 +0700] [PROCESS] [cadence.virtuoso.ade.simulationMonitor] - Current memory used: 32.1719 MBytes, peak memory used: 32.1719 MBytes {"hostname": "dtvt_13", "processid": 15748, "history": "ExplorerRun.0", "testname": "gmIdwl_NMOS_1", "cornername": "Nominal", "point": 1, "logfile": "/home/dtvt_13/duyDUT/logs_dtvt_13/logs0/Job2.log"}
[2026-04-12 23:45:29.761 +0700] [PROCESS] [cadence.virtuoso.ade.simulationMonitor] - Simulation Monitor process exit. {"hostname": "dtvt_13", "processid": 15748, "history": "ExplorerRun.0", "testname": "gmIdwl_NMOS_1", "cornername": "Nominal", "point": 1, "logfile": "/home/dtvt_13/duyDUT/logs_dtvt_13/logs0/Job2.log"}
