[Simulation Monitor: 28]
[2026-04-08 02:47:36.510 +0700] [PROCESS] [cadence.virtuoso.ade.simulationMonitor] - Simulation Monitor has successfully started up. Trying to set up communication channels to other components ... {"hostname": "dtvt_13", "processid": 32036, "logfile": "/home/dtvt_13/duyDUT/logs_dtvt_13/logs0/Job28.log"}
[2026-04-08 02:47:36.510 +0700] [PROCESS] [cadence.virtuoso.ade.simulationMonitor] - Communication channels have been successfully set up. Start processing events ... {"hostname": "dtvt_13", "processid": 32036, "logfile": "/home/dtvt_13/duyDUT/logs_dtvt_13/logs0/Job28.log"}
[2026-04-08 02:47:36.510 +0700] [PROCESS] [cadence.virtuoso.ade.simulationMonitor] - Considering to start history {"hostname": "dtvt_13", "processid": 32036, "history": "ExplorerRun.0", "logfile": "/home/dtvt_13/duyDUT/logs_dtvt_13/logs0/Job28.log"}
[2026-04-08 02:47:36.511 +0700] [PROCESS] [cadence.virtuoso.ade.simulationMonitor] - HostInfo:
Host name (type):	dtvt_13 (x86_64)
Operating system:	Linux 3.10.0-1160.118.1.el7.x86_64 #1 SMP Wed Apr 24 16:01:50 UTC 2024 {"hostname": "dtvt_13", "processid": 32036, "history": "ExplorerRun.0", "logfile": "/home/dtvt_13/duyDUT/logs_dtvt_13/logs0/Job28.log", "nodename": "dtvt_13", "domainname": "(none)", "machine": "x86_64", "sysname": "Linux", "release": "3.10.0-1160.118.1.el7.x86_64", "version": "#1 SMP Wed Apr 24 16:01:50 UTC 2024"}
[2026-04-08 02:47:36.512 +0700] [PROCESS] [cadence.virtuoso.ade.simulationMonitor] - UsageInfo:
pid=32036
totalPhysicalMemory=15.208324GB,Used=14.826088GB,totalVirtualMemory=22.895821GB,Used=14.847328GB
Cpu: Cores=24, Load average:1.140000,0.720000,0.420000 {"hostname": "dtvt_13", "processid": 32036, "history": "ExplorerRun.0", "logfile": "/home/dtvt_13/duyDUT/logs_dtvt_13/logs0/Job28.log", "pid": "32036", "totalPhysicalMemory": "15.208324", "physicalMemoryUsed": "14.826088", "totalVirtualMemory": "22.895821", "virtualMemoryUsed": "14.847328", "cpuCores": "24", "processes": "2679", "loadAverage1": "1.140000", "loadAverage5": "0.720000", "loadAverage15": "0.420000", "loadAverage1Percent": "0.047500"}
[2026-04-08 02:47:36.512 +0700] [EVENT] [cadence.virtuoso.ade.simulationMonitor] - NewPoint {"history": "ExplorerRun.0", "point": 1, "testname": "gmIdwl_WL_1", "cornername": "Nominal", "event": "NewPoint", "EventSource": "Simulation Monitor", "HistoryName": "ExplorerRun.0", "logFile": "/home/dtvt_13/duyDUT/logs_dtvt_13/logs0/Job28.log", "logFileSize": "2100"}
[2026-04-08 02:47:36.613 +0700] [EVENT] [cadence.virtuoso.ade.simulationMonitor] - NewPoint {"history": "ExplorerRun.0", "point": 1, "testname": "gmIdwl_WL_1", "cornername": "Nominal", "event": "NewPoint", "EventSource": "spectre", "HistoryName": "ExplorerRun.0", "logFile": "/home/dtvt_13/simulation/gmIdwl/WL/maestro/results/maestro/ExplorerRun.0/1/gmIdwl_WL_1/psf/spectre.out", "logFileSize": "-1"}
[2026-04-08 02:47:36.616 +0700] [PROCESS] [cadence.virtuoso.ade.simulationMonitor] - Simulator launched {"hostname": "dtvt_13", "processid": 32036, "history": "ExplorerRun.0", "testname": "gmIdwl_WL_1", "cornername": "Nominal", "point": 1, "logfile": "/home/dtvt_13/duyDUT/logs_dtvt_13/logs0/Job28.log", "simid": "1"}
[2026-04-08 02:47:36.618 +0700] [PROCESS] [cadence.virtuoso.ade.simulationMonitor] - Expression evaluator launched {"hostname": "dtvt_13", "processid": 32036, "history": "ExplorerRun.0", "testname": "gmIdwl_WL_1", "cornername": "Nominal", "point": 1, "logfile": "/home/dtvt_13/duyDUT/logs_dtvt_13/logs0/Job28.log"}
[2026-04-08 02:47:36.624 +0700] [PROCESS] [cadence.virtuoso.ade.simulationMonitor] - Started Simulation {"hostname": "dtvt_13", "processid": 32036, "history": "ExplorerRun.0", "testname": "gmIdwl_WL_1", "cornername": "Nominal", "point": 1, "logfile": "/home/dtvt_13/duyDUT/logs_dtvt_13/logs0/Job28.log"}
[2026-04-08 02:47:58.541 +0700] [PROCESS] [cadence.virtuoso.ade.simulationMonitor] - Finished simulating for one point {"hostname": "dtvt_13", "processid": 32036, "history": "ExplorerRun.0", "testname": "gmIdwl_WL_1", "cornername": "Nominal", "point": 1, "logfile": "/home/dtvt_13/duyDUT/logs_dtvt_13/logs0/Job28.log", "simid": "1"}
[2026-04-08 02:47:58.541 +0700] [INFO] [cadence.virtuoso.ade.simulationMonitor] - Peak resident memory used = 86 Mbytes. {"history": "ExplorerRun.0", "point": 1, "testname": "gmIdwl_WL_1", "cornername": "Nominal"}
[2026-04-08 02:47:58.541 +0700] [INFO] [cadence.virtuoso.ade.simulationMonitor] - Peak resident memory used = 96.4 Mbytes. {"history": "ExplorerRun.0", "point": 1, "testname": "gmIdwl_WL_1", "cornername": "Nominal"}
[2026-04-08 02:47:58.542 +0700] [INFO] [cadence.virtuoso.ade.simulationMonitor] - Notice from spectre during hierarchy flattening.
    The value 'psf' specified for the 'checklimitdest' option will no longer be supported in future releases. Use 'spectre -h' to see other recommended values for the 'checklimitdest' option. {"history": "ExplorerRun.0", "point": 1, "testname": "gmIdwl_WL_1", "cornername": "Nominal"}
[2026-04-08 02:47:58.542 +0700] [INFO] [cadence.virtuoso.ade.simulationMonitor] - Peak resident memory used = 97.2 Mbytes. {"history": "ExplorerRun.0", "point": 1, "testname": "gmIdwl_WL_1", "cornername": "Nominal"}
[2026-04-08 02:47:58.542 +0700] [INFO] [cadence.virtuoso.ade.simulationMonitor] - Notice from spectre during initial setup.
    Multithreading is disabled due to the size of the design being too small. {"history": "ExplorerRun.0", "point": 1, "testname": "gmIdwl_WL_1", "cornername": "Nominal"}
[2026-04-08 02:47:58.542 +0700] [INFO] [cadence.virtuoso.ade.simulationMonitor] -               nodes 2 {"history": "ExplorerRun.0", "point": 1, "testname": "gmIdwl_WL_1", "cornername": "Nominal"}
[2026-04-08 02:47:58.543 +0700] [INFO] [cadence.virtuoso.ade.simulationMonitor] - Notice from spectre during initial setup.
    APS enabled. {"history": "ExplorerRun.0", "point": 1, "testname": "gmIdwl_WL_1", "cornername": "Nominal"}
[2026-04-08 02:47:58.543 +0700] [INFO] [cadence.virtuoso.ade.simulationMonitor] - Peak resident memory used = 98.7 Mbytes. {"history": "ExplorerRun.0", "point": 1, "testname": "gmIdwl_WL_1", "cornername": "Nominal"}
[2026-04-08 02:47:58.543 +0700] [INFO] [cadence.virtuoso.ade.simulationMonitor] -    -   (APS) Multi-threading. The recommended number of threads is 1, consider adding +mt=1 on command line. {"history": "ExplorerRun.0", "point": 1, "testname": "gmIdwl_WL_1", "cornername": "Nominal"}
[2026-04-08 02:47:58.543 +0700] [INFO] [cadence.virtuoso.ade.simulationMonitor] - Total time required for dc analysis `dcOp': CPU = 2.849 ms, elapsed = 3.88885 ms. {"history": "ExplorerRun.0", "point": 1, "testname": "gmIdwl_WL_1", "cornername": "Nominal"}
[2026-04-08 02:47:58.543 +0700] [INFO] [cadence.virtuoso.ade.simulationMonitor] - Peak resident memory used = 100 Mbytes. {"history": "ExplorerRun.0", "point": 1, "testname": "gmIdwl_WL_1", "cornername": "Nominal"}
[2026-04-08 02:47:58.543 +0700] [INFO] [cadence.virtuoso.ade.simulationMonitor] - Notice from spectre at vsg = 1.8 during DC analysis `dc'.
    The value of parameter 'vsg' has been reset to the original value 0.5. {"history": "ExplorerRun.0", "point": 1, "testname": "gmIdwl_WL_1", "cornername": "Nominal"}
[2026-04-08 02:47:58.543 +0700] [INFO] [cadence.virtuoso.ade.simulationMonitor] - Total time required for dc analysis `dc': CPU = 6.529 ms, elapsed = 7.622 ms. {"history": "ExplorerRun.0", "point": 1, "testname": "gmIdwl_WL_1", "cornername": "Nominal"}
[2026-04-08 02:47:58.543 +0700] [INFO] [cadence.virtuoso.ade.simulationMonitor] - Peak resident memory used = 101 Mbytes. {"history": "ExplorerRun.0", "point": 1, "testname": "gmIdwl_WL_1", "cornername": "Nominal"}
[2026-04-08 02:47:58.543 +0700] [INFO] [cadence.virtuoso.ade.simulationMonitor] - Time used: CPU = 534 ms, elapsed = 21.4 s, util. = 2.5%. {"history": "ExplorerRun.0", "point": 1, "testname": "gmIdwl_WL_1", "cornername": "Nominal"}
[2026-04-08 02:47:58.543 +0700] [INFO] [cadence.virtuoso.ade.simulationMonitor] - Time spent in licensing: elapsed = 20.3 s, percentage of total = 95%. {"history": "ExplorerRun.0", "point": 1, "testname": "gmIdwl_WL_1", "cornername": "Nominal"}
[2026-04-08 02:47:58.543 +0700] [INFO] [cadence.virtuoso.ade.simulationMonitor] - Peak memory used = 110 Mbytes. {"history": "ExplorerRun.0", "point": 1, "testname": "gmIdwl_WL_1", "cornername": "Nominal"}
[2026-04-08 02:47:58.543 +0700] [PROCESS] [cadence.virtuoso.ade.simulationMonitor] - Simulation started at: 2:47:36 AM, Wed Apr 8, 2026, ended at: 2:47:58 AM, Wed Apr 8, 2026, with elapsed time (wall clock): 21.4 s. {"history": "ExplorerRun.0", "point": 1, "testname": "gmIdwl_WL_1", "cornername": "Nominal"}
[2026-04-08 02:47:58.543 +0700] [PROCESS] [cadence.virtuoso.ade.simulationMonitor] - spectre completes with 0 errors, 0 warnings, and 5 notices. {"history": "ExplorerRun.0", "point": 1, "testname": "gmIdwl_WL_1", "cornername": "Nominal"}
[2026-04-08 02:47:58.543 +0700] [PROCESS] [cadence.virtuoso.ade.simulationMonitor] - Simulator exited {"hostname": "dtvt_13", "processid": 32036, "history": "ExplorerRun.0", "testname": "gmIdwl_WL_1", "cornername": "Nominal", "point": 1, "logfile": "/home/dtvt_13/duyDUT/logs_dtvt_13/logs0/Job28.log", "exitStatus": "0"}
[2026-04-08 02:47:58.543 +0700] [PROCESS] [cadence.virtuoso.ade.simulationMonitor] - Finished Simulation {"hostname": "dtvt_13", "processid": 32036, "history": "ExplorerRun.0", "testname": "gmIdwl_WL_1", "cornername": "Nominal", "point": 1, "logfile": "/home/dtvt_13/duyDUT/logs_dtvt_13/logs0/Job28.log", "simid": "1"}
[2026-04-08 02:47:59.048 +0700] [PROCESS] [cadence.virtuoso.ade.simulationMonitor] - Point Finished {"hostname": "dtvt_13", "processid": 32036, "history": "ExplorerRun.0", "testname": "gmIdwl_WL_1", "cornername": "Nominal", "point": 1, "logfile": "/home/dtvt_13/duyDUT/logs_dtvt_13/logs0/Job28.log"}
[2026-04-08 02:47:59.053 +0700] [PROCESS] [cadence.virtuoso.ade.simulationMonitor] - HostInfo:
Host name (type):	dtvt_13 (x86_64)
Operating system:	Linux 3.10.0-1160.118.1.el7.x86_64 #1 SMP Wed Apr 24 16:01:50 UTC 2024 {"hostname": "dtvt_13", "processid": 32036, "history": "ExplorerRun.0", "testname": "gmIdwl_WL_1", "cornername": "Nominal", "point": 1, "logfile": "/home/dtvt_13/duyDUT/logs_dtvt_13/logs0/Job28.log", "nodename": "dtvt_13", "domainname": "(none)", "machine": "x86_64", "sysname": "Linux", "release": "3.10.0-1160.118.1.el7.x86_64", "version": "#1 SMP Wed Apr 24 16:01:50 UTC 2024"}
[2026-04-08 02:47:59.053 +0700] [PROCESS] [cadence.virtuoso.ade.simulationMonitor] - UsageInfo:
pid=32036
totalPhysicalMemory=15.208324GB,Used=14.985016GB,totalVirtualMemory=22.895821GB,Used=15.006500GB
Cpu: Cores=24, Load average:0.860000,0.690000,0.420000 {"hostname": "dtvt_13", "processid": 32036, "history": "ExplorerRun.0", "testname": "gmIdwl_WL_1", "cornername": "Nominal", "point": 1, "logfile": "/home/dtvt_13/duyDUT/logs_dtvt_13/logs0/Job28.log", "pid": "32036", "totalPhysicalMemory": "15.208324", "physicalMemoryUsed": "14.985016", "totalVirtualMemory": "22.895821", "virtualMemoryUsed": "15.006500", "cpuCores": "24", "processes": "2713", "loadAverage1": "0.860000", "loadAverage5": "0.690000", "loadAverage15": "0.420000", "loadAverage1Percent": "0.035833"}
[2026-04-08 02:47:59.054 +0700] [EVENT] [cadence.virtuoso.ade.simulationMonitor] - NewPoint {"history": "ExplorerRun.0", "point": 2, "testname": "gmIdwl_WL_1", "cornername": "Nominal", "event": "NewPoint", "EventSource": "Simulation Monitor", "HistoryName": "ExplorerRun.0", "logFile": "/home/dtvt_13/duyDUT/logs_dtvt_13/logs0/Job28.log", "logFileSize": "11213"}
[2026-04-08 02:47:59.156 +0700] [EVENT] [cadence.virtuoso.ade.simulationMonitor] - NewPoint {"history": "ExplorerRun.0", "point": 2, "testname": "gmIdwl_WL_1", "cornername": "Nominal", "event": "NewPoint", "EventSource": "spectre", "HistoryName": "ExplorerRun.0", "logFile": "/home/dtvt_13/simulation/gmIdwl/WL/maestro/results/maestro/ExplorerRun.0/2/gmIdwl_WL_1/psf/spectre.out", "logFileSize": "-1"}
[2026-04-08 02:47:59.164 +0700] [PROCESS] [cadence.virtuoso.ade.simulationMonitor] - Simulator launched {"hostname": "dtvt_13", "processid": 32036, "history": "ExplorerRun.0", "testname": "gmIdwl_WL_1", "cornername": "Nominal", "point": 2, "logfile": "/home/dtvt_13/duyDUT/logs_dtvt_13/logs0/Job28.log", "simid": "2"}
[2026-04-08 02:47:59.165 +0700] [PROCESS] [cadence.virtuoso.ade.simulationMonitor] - Started Simulation {"hostname": "dtvt_13", "processid": 32036, "history": "ExplorerRun.0", "testname": "gmIdwl_WL_1", "cornername": "Nominal", "point": 2, "logfile": "/home/dtvt_13/duyDUT/logs_dtvt_13/logs0/Job28.log"}
[2026-04-08 02:48:20.535 +0700] [PROCESS] [cadence.virtuoso.ade.simulationMonitor] - Finished simulating for one point {"hostname": "dtvt_13", "processid": 32036, "history": "ExplorerRun.0", "testname": "gmIdwl_WL_1", "cornername": "Nominal", "point": 2, "logfile": "/home/dtvt_13/duyDUT/logs_dtvt_13/logs0/Job28.log", "simid": "2"}
[2026-04-08 02:48:20.536 +0700] [INFO] [cadence.virtuoso.ade.simulationMonitor] - Peak resident memory used = 86 Mbytes. {"history": "ExplorerRun.0", "point": 2, "testname": "gmIdwl_WL_1", "cornername": "Nominal"}
[2026-04-08 02:48:20.537 +0700] [INFO] [cadence.virtuoso.ade.simulationMonitor] - Peak resident memory used = 96.4 Mbytes. {"history": "ExplorerRun.0", "point": 2, "testname": "gmIdwl_WL_1", "cornername": "Nominal"}
[2026-04-08 02:48:20.537 +0700] [INFO] [cadence.virtuoso.ade.simulationMonitor] - Notice from spectre during hierarchy flattening.
    The value 'psf' specified for the 'checklimitdest' option will no longer be supported in future releases. Use 'spectre -h' to see other recommended values for the 'checklimitdest' option. {"history": "ExplorerRun.0", "point": 2, "testname": "gmIdwl_WL_1", "cornername": "Nominal"}
[2026-04-08 02:48:20.537 +0700] [INFO] [cadence.virtuoso.ade.simulationMonitor] - Peak resident memory used = 97.2 Mbytes. {"history": "ExplorerRun.0", "point": 2, "testname": "gmIdwl_WL_1", "cornername": "Nominal"}
[2026-04-08 02:48:20.538 +0700] [INFO] [cadence.virtuoso.ade.simulationMonitor] - Notice from spectre during initial setup.
    Multithreading is disabled due to the size of the design being too small. {"history": "ExplorerRun.0", "point": 2, "testname": "gmIdwl_WL_1", "cornername": "Nominal"}
[2026-04-08 02:48:20.539 +0700] [INFO] [cadence.virtuoso.ade.simulationMonitor] -               nodes 2 {"history": "ExplorerRun.0", "point": 2, "testname": "gmIdwl_WL_1", "cornername": "Nominal"}
[2026-04-08 02:48:20.539 +0700] [INFO] [cadence.virtuoso.ade.simulationMonitor] - Notice from spectre during initial setup.
    APS enabled. {"history": "ExplorerRun.0", "point": 2, "testname": "gmIdwl_WL_1", "cornername": "Nominal"}
[2026-04-08 02:48:20.539 +0700] [INFO] [cadence.virtuoso.ade.simulationMonitor] - Peak resident memory used = 98.7 Mbytes. {"history": "ExplorerRun.0", "point": 2, "testname": "gmIdwl_WL_1", "cornername": "Nominal"}
[2026-04-08 02:48:20.539 +0700] [INFO] [cadence.virtuoso.ade.simulationMonitor] -    -   (APS) Multi-threading. The recommended number of threads is 1, consider adding +mt=1 on command line. {"history": "ExplorerRun.0", "point": 2, "testname": "gmIdwl_WL_1", "cornername": "Nominal"}
[2026-04-08 02:48:20.539 +0700] [INFO] [cadence.virtuoso.ade.simulationMonitor] - Total time required for dc analysis `dcOp': CPU = 1.614 ms, elapsed = 2.63095 ms. {"history": "ExplorerRun.0", "point": 2, "testname": "gmIdwl_WL_1", "cornername": "Nominal"}
[2026-04-08 02:48:20.540 +0700] [INFO] [cadence.virtuoso.ade.simulationMonitor] - Peak resident memory used = 100 Mbytes. {"history": "ExplorerRun.0", "point": 2, "testname": "gmIdwl_WL_1", "cornername": "Nominal"}
[2026-04-08 02:48:20.540 +0700] [INFO] [cadence.virtuoso.ade.simulationMonitor] - Notice from spectre at vsg = 1.8 during DC analysis `dc'.
    The value of parameter 'vsg' has been reset to the original value 0.5. {"history": "ExplorerRun.0", "point": 2, "testname": "gmIdwl_WL_1", "cornername": "Nominal"}
[2026-04-08 02:48:20.540 +0700] [INFO] [cadence.virtuoso.ade.simulationMonitor] - Total time required for dc analysis `dc': CPU = 4.883 ms, elapsed = 5.87106 ms. {"history": "ExplorerRun.0", "point": 2, "testname": "gmIdwl_WL_1", "cornername": "Nominal"}
[2026-04-08 02:48:20.540 +0700] [INFO] [cadence.virtuoso.ade.simulationMonitor] - Peak resident memory used = 101 Mbytes. {"history": "ExplorerRun.0", "point": 2, "testname": "gmIdwl_WL_1", "cornername": "Nominal"}
[2026-04-08 02:48:20.540 +0700] [INFO] [cadence.virtuoso.ade.simulationMonitor] - Time used: CPU = 388 ms, elapsed = 20.8 s, util. = 1.87%. {"history": "ExplorerRun.0", "point": 2, "testname": "gmIdwl_WL_1", "cornername": "Nominal"}
[2026-04-08 02:48:20.540 +0700] [INFO] [cadence.virtuoso.ade.simulationMonitor] - Time spent in licensing: elapsed = 20.4 s, percentage of total = 98.1%. {"history": "ExplorerRun.0", "point": 2, "testname": "gmIdwl_WL_1", "cornername": "Nominal"}
[2026-04-08 02:48:20.540 +0700] [INFO] [cadence.virtuoso.ade.simulationMonitor] - Peak memory used = 110 Mbytes. {"history": "ExplorerRun.0", "point": 2, "testname": "gmIdwl_WL_1", "cornername": "Nominal"}
[2026-04-08 02:48:20.541 +0700] [PROCESS] [cadence.virtuoso.ade.simulationMonitor] - Simulation started at: 2:47:59 AM, Wed Apr 8, 2026, ended at: 2:48:20 AM, Wed Apr 8, 2026, with elapsed time (wall clock): 20.8 s. {"history": "ExplorerRun.0", "point": 2, "testname": "gmIdwl_WL_1", "cornername": "Nominal"}
[2026-04-08 02:48:20.541 +0700] [PROCESS] [cadence.virtuoso.ade.simulationMonitor] - spectre completes with 0 errors, 0 warnings, and 5 notices. {"history": "ExplorerRun.0", "point": 2, "testname": "gmIdwl_WL_1", "cornername": "Nominal"}
[2026-04-08 02:48:20.541 +0700] [PROCESS] [cadence.virtuoso.ade.simulationMonitor] - Simulator exited {"hostname": "dtvt_13", "processid": 32036, "history": "ExplorerRun.0", "testname": "gmIdwl_WL_1", "cornername": "Nominal", "point": 2, "logfile": "/home/dtvt_13/duyDUT/logs_dtvt_13/logs0/Job28.log", "exitStatus": "0"}
[2026-04-08 02:48:20.541 +0700] [PROCESS] [cadence.virtuoso.ade.simulationMonitor] - Finished Simulation {"hostname": "dtvt_13", "processid": 32036, "history": "ExplorerRun.0", "testname": "gmIdwl_WL_1", "cornername": "Nominal", "point": 2, "logfile": "/home/dtvt_13/duyDUT/logs_dtvt_13/logs0/Job28.log", "simid": "2"}
[2026-04-08 02:48:21.053 +0700] [PROCESS] [cadence.virtuoso.ade.simulationMonitor] - Point Finished {"hostname": "dtvt_13", "processid": 32036, "history": "ExplorerRun.0", "testname": "gmIdwl_WL_1", "cornername": "Nominal", "point": 2, "logfile": "/home/dtvt_13/duyDUT/logs_dtvt_13/logs0/Job28.log"}
[2026-04-08 02:48:21.060 +0700] [PROCESS] [cadence.virtuoso.ade.simulationMonitor] - HostInfo:
Host name (type):	dtvt_13 (x86_64)
Operating system:	Linux 3.10.0-1160.118.1.el7.x86_64 #1 SMP Wed Apr 24 16:01:50 UTC 2024 {"hostname": "dtvt_13", "processid": 32036, "history": "ExplorerRun.0", "testname": "gmIdwl_WL_1", "cornername": "Nominal", "point": 2, "logfile": "/home/dtvt_13/duyDUT/logs_dtvt_13/logs0/Job28.log", "nodename": "dtvt_13", "domainname": "(none)", "machine": "x86_64", "sysname": "Linux", "release": "3.10.0-1160.118.1.el7.x86_64", "version": "#1 SMP Wed Apr 24 16:01:50 UTC 2024"}
[2026-04-08 02:48:21.060 +0700] [PROCESS] [cadence.virtuoso.ade.simulationMonitor] - UsageInfo:
pid=32036
totalPhysicalMemory=15.208324GB,Used=14.978725GB,totalVirtualMemory=22.895821GB,Used=15.000454GB
Cpu: Cores=24, Load average:0.830000,0.700000,0.420000 {"hostname": "dtvt_13", "processid": 32036, "history": "ExplorerRun.0", "testname": "gmIdwl_WL_1", "cornername": "Nominal", "point": 2, "logfile": "/home/dtvt_13/duyDUT/logs_dtvt_13/logs0/Job28.log", "pid": "32036", "totalPhysicalMemory": "15.208324", "physicalMemoryUsed": "14.978725", "totalVirtualMemory": "22.895821", "virtualMemoryUsed": "15.000454", "cpuCores": "24", "processes": "2711", "loadAverage1": "0.830000", "loadAverage5": "0.700000", "loadAverage15": "0.420000", "loadAverage1Percent": "0.034583"}
[2026-04-08 02:48:21.061 +0700] [EVENT] [cadence.virtuoso.ade.simulationMonitor] - NewPoint {"history": "ExplorerRun.0", "point": 3, "testname": "gmIdwl_WL_1", "cornername": "Nominal", "event": "NewPoint", "EventSource": "Simulation Monitor", "HistoryName": "ExplorerRun.0", "logFile": "/home/dtvt_13/duyDUT/logs_dtvt_13/logs0/Job28.log", "logFileSize": "20017"}
[2026-04-08 02:48:21.165 +0700] [EVENT] [cadence.virtuoso.ade.simulationMonitor] - NewPoint {"history": "ExplorerRun.0", "point": 3, "testname": "gmIdwl_WL_1", "cornername": "Nominal", "event": "NewPoint", "EventSource": "spectre", "HistoryName": "ExplorerRun.0", "logFile": "/home/dtvt_13/simulation/gmIdwl/WL/maestro/results/maestro/ExplorerRun.0/3/gmIdwl_WL_1/psf/spectre.out", "logFileSize": "-1"}
[2026-04-08 02:48:21.173 +0700] [PROCESS] [cadence.virtuoso.ade.simulationMonitor] - Simulator launched {"hostname": "dtvt_13", "processid": 32036, "history": "ExplorerRun.0", "testname": "gmIdwl_WL_1", "cornername": "Nominal", "point": 3, "logfile": "/home/dtvt_13/duyDUT/logs_dtvt_13/logs0/Job28.log", "simid": "3"}
[2026-04-08 02:48:21.174 +0700] [PROCESS] [cadence.virtuoso.ade.simulationMonitor] - Started Simulation {"hostname": "dtvt_13", "processid": 32036, "history": "ExplorerRun.0", "testname": "gmIdwl_WL_1", "cornername": "Nominal", "point": 3, "logfile": "/home/dtvt_13/duyDUT/logs_dtvt_13/logs0/Job28.log"}
[2026-04-08 02:48:43.060 +0700] [PROCESS] [cadence.virtuoso.ade.simulationMonitor] - Finished simulating for one point {"hostname": "dtvt_13", "processid": 32036, "history": "ExplorerRun.0", "testname": "gmIdwl_WL_1", "cornername": "Nominal", "point": 3, "logfile": "/home/dtvt_13/duyDUT/logs_dtvt_13/logs0/Job28.log", "simid": "3"}
[2026-04-08 02:48:43.061 +0700] [INFO] [cadence.virtuoso.ade.simulationMonitor] - Peak resident memory used = 86 Mbytes. {"history": "ExplorerRun.0", "point": 3, "testname": "gmIdwl_WL_1", "cornername": "Nominal"}
[2026-04-08 02:48:43.061 +0700] [INFO] [cadence.virtuoso.ade.simulationMonitor] - Peak resident memory used = 96.4 Mbytes. {"history": "ExplorerRun.0", "point": 3, "testname": "gmIdwl_WL_1", "cornername": "Nominal"}
[2026-04-08 02:48:43.062 +0700] [INFO] [cadence.virtuoso.ade.simulationMonitor] - Notice from spectre during hierarchy flattening.
    The value 'psf' specified for the 'checklimitdest' option will no longer be supported in future releases. Use 'spectre -h' to see other recommended values for the 'checklimitdest' option. {"history": "ExplorerRun.0", "point": 3, "testname": "gmIdwl_WL_1", "cornername": "Nominal"}
[2026-04-08 02:48:43.062 +0700] [INFO] [cadence.virtuoso.ade.simulationMonitor] - Peak resident memory used = 97.2 Mbytes. {"history": "ExplorerRun.0", "point": 3, "testname": "gmIdwl_WL_1", "cornername": "Nominal"}
[2026-04-08 02:48:43.063 +0700] [INFO] [cadence.virtuoso.ade.simulationMonitor] - Notice from spectre during initial setup.
    Multithreading is disabled due to the size of the design being too small. {"history": "ExplorerRun.0", "point": 3, "testname": "gmIdwl_WL_1", "cornername": "Nominal"}
[2026-04-08 02:48:43.063 +0700] [INFO] [cadence.virtuoso.ade.simulationMonitor] -               nodes 2 {"history": "ExplorerRun.0", "point": 3, "testname": "gmIdwl_WL_1", "cornername": "Nominal"}
[2026-04-08 02:48:43.064 +0700] [INFO] [cadence.virtuoso.ade.simulationMonitor] - Notice from spectre during initial setup.
    APS enabled. {"history": "ExplorerRun.0", "point": 3, "testname": "gmIdwl_WL_1", "cornername": "Nominal"}
[2026-04-08 02:48:43.064 +0700] [INFO] [cadence.virtuoso.ade.simulationMonitor] - Peak resident memory used = 98.7 Mbytes. {"history": "ExplorerRun.0", "point": 3, "testname": "gmIdwl_WL_1", "cornername": "Nominal"}
[2026-04-08 02:48:43.064 +0700] [INFO] [cadence.virtuoso.ade.simulationMonitor] -    -   (APS) Multi-threading. The recommended number of threads is 1, consider adding +mt=1 on command line. {"history": "ExplorerRun.0", "point": 3, "testname": "gmIdwl_WL_1", "cornername": "Nominal"}
[2026-04-08 02:48:43.064 +0700] [INFO] [cadence.virtuoso.ade.simulationMonitor] - Total time required for dc analysis `dcOp': CPU = 1.672 ms, elapsed = 2.65789 ms. {"history": "ExplorerRun.0", "point": 3, "testname": "gmIdwl_WL_1", "cornername": "Nominal"}
[2026-04-08 02:48:43.064 +0700] [INFO] [cadence.virtuoso.ade.simulationMonitor] - Peak resident memory used = 100 Mbytes. {"history": "ExplorerRun.0", "point": 3, "testname": "gmIdwl_WL_1", "cornername": "Nominal"}
[2026-04-08 02:48:43.064 +0700] [INFO] [cadence.virtuoso.ade.simulationMonitor] - Notice from spectre at vsg = 1.8 during DC analysis `dc'.
    The value of parameter 'vsg' has been reset to the original value 0.5. {"history": "ExplorerRun.0", "point": 3, "testname": "gmIdwl_WL_1", "cornername": "Nominal"}
[2026-04-08 02:48:43.065 +0700] [INFO] [cadence.virtuoso.ade.simulationMonitor] - Total time required for dc analysis `dc': CPU = 3.311 ms, elapsed = 4.3118 ms. {"history": "ExplorerRun.0", "point": 3, "testname": "gmIdwl_WL_1", "cornername": "Nominal"}
[2026-04-08 02:48:43.065 +0700] [INFO] [cadence.virtuoso.ade.simulationMonitor] - Peak resident memory used = 101 Mbytes. {"history": "ExplorerRun.0", "point": 3, "testname": "gmIdwl_WL_1", "cornername": "Nominal"}
[2026-04-08 02:48:43.065 +0700] [INFO] [cadence.virtuoso.ade.simulationMonitor] - Time used: CPU = 541 ms, elapsed = 21.3 s, util. = 2.54%. {"history": "ExplorerRun.0", "point": 3, "testname": "gmIdwl_WL_1", "cornername": "Nominal"}
[2026-04-08 02:48:43.065 +0700] [INFO] [cadence.virtuoso.ade.simulationMonitor] - Time spent in licensing: elapsed = 20.3 s, percentage of total = 95.3%. {"history": "ExplorerRun.0", "point": 3, "testname": "gmIdwl_WL_1", "cornername": "Nominal"}
[2026-04-08 02:48:43.065 +0700] [INFO] [cadence.virtuoso.ade.simulationMonitor] - Peak memory used = 110 Mbytes. {"history": "ExplorerRun.0", "point": 3, "testname": "gmIdwl_WL_1", "cornername": "Nominal"}
[2026-04-08 02:48:43.065 +0700] [PROCESS] [cadence.virtuoso.ade.simulationMonitor] - Simulation started at: 2:48:21 AM, Wed Apr 8, 2026, ended at: 2:48:42 AM, Wed Apr 8, 2026, with elapsed time (wall clock): 21.3 s. {"history": "ExplorerRun.0", "point": 3, "testname": "gmIdwl_WL_1", "cornername": "Nominal"}
[2026-04-08 02:48:43.065 +0700] [PROCESS] [cadence.virtuoso.ade.simulationMonitor] - spectre completes with 0 errors, 0 warnings, and 5 notices. {"history": "ExplorerRun.0", "point": 3, "testname": "gmIdwl_WL_1", "cornername": "Nominal"}
[2026-04-08 02:48:43.066 +0700] [PROCESS] [cadence.virtuoso.ade.simulationMonitor] - Simulator exited {"hostname": "dtvt_13", "processid": 32036, "history": "ExplorerRun.0", "testname": "gmIdwl_WL_1", "cornername": "Nominal", "point": 3, "logfile": "/home/dtvt_13/duyDUT/logs_dtvt_13/logs0/Job28.log", "exitStatus": "0"}
[2026-04-08 02:48:43.066 +0700] [PROCESS] [cadence.virtuoso.ade.simulationMonitor] - Finished Simulation {"hostname": "dtvt_13", "processid": 32036, "history": "ExplorerRun.0", "testname": "gmIdwl_WL_1", "cornername": "Nominal", "point": 3, "logfile": "/home/dtvt_13/duyDUT/logs_dtvt_13/logs0/Job28.log", "simid": "3"}
[2026-04-08 02:48:44.079 +0700] [PROCESS] [cadence.virtuoso.ade.simulationMonitor] - Point Finished {"hostname": "dtvt_13", "processid": 32036, "history": "ExplorerRun.0", "testname": "gmIdwl_WL_1", "cornername": "Nominal", "point": 3, "logfile": "/home/dtvt_13/duyDUT/logs_dtvt_13/logs0/Job28.log"}
[2026-04-08 02:48:44.080 +0700] [PROCESS] [cadence.virtuoso.ade.simulationMonitor] - HostInfo:
Host name (type):	dtvt_13 (x86_64)
Operating system:	Linux 3.10.0-1160.118.1.el7.x86_64 #1 SMP Wed Apr 24 16:01:50 UTC 2024 {"hostname": "dtvt_13", "processid": 32036, "history": "ExplorerRun.0", "testname": "gmIdwl_WL_1", "cornername": "Nominal", "point": 3, "logfile": "/home/dtvt_13/duyDUT/logs_dtvt_13/logs0/Job28.log", "nodename": "dtvt_13", "domainname": "(none)", "machine": "x86_64", "sysname": "Linux", "release": "3.10.0-1160.118.1.el7.x86_64", "version": "#1 SMP Wed Apr 24 16:01:50 UTC 2024"}
[2026-04-08 02:48:44.080 +0700] [PROCESS] [cadence.virtuoso.ade.simulationMonitor] - UsageInfo:
pid=32036
totalPhysicalMemory=15.208324GB,Used=14.976608GB,totalVirtualMemory=22.895821GB,Used=14.998337GB
Cpu: Cores=24, Load average:0.630000,0.660000,0.420000 {"hostname": "dtvt_13", "processid": 32036, "history": "ExplorerRun.0", "testname": "gmIdwl_WL_1", "cornername": "Nominal", "point": 3, "logfile": "/home/dtvt_13/duyDUT/logs_dtvt_13/logs0/Job28.log", "pid": "32036", "totalPhysicalMemory": "15.208324", "physicalMemoryUsed": "14.976608", "totalVirtualMemory": "22.895821", "virtualMemoryUsed": "14.998337", "cpuCores": "24", "processes": "2713", "loadAverage1": "0.630000", "loadAverage5": "0.660000", "loadAverage15": "0.420000", "loadAverage1Percent": "0.026250"}
[2026-04-08 02:48:44.080 +0700] [EVENT] [cadence.virtuoso.ade.simulationMonitor] - NewPoint {"history": "ExplorerRun.0", "point": 4, "testname": "gmIdwl_WL_1", "cornername": "Nominal", "event": "NewPoint", "EventSource": "Simulation Monitor", "HistoryName": "ExplorerRun.0", "logFile": "/home/dtvt_13/duyDUT/logs_dtvt_13/logs0/Job28.log", "logFileSize": "28820"}
[2026-04-08 02:48:44.184 +0700] [EVENT] [cadence.virtuoso.ade.simulationMonitor] - NewPoint {"history": "ExplorerRun.0", "point": 4, "testname": "gmIdwl_WL_1", "cornername": "Nominal", "event": "NewPoint", "EventSource": "spectre", "HistoryName": "ExplorerRun.0", "logFile": "/home/dtvt_13/simulation/gmIdwl/WL/maestro/results/maestro/ExplorerRun.0/4/gmIdwl_WL_1/psf/spectre.out", "logFileSize": "-1"}
[2026-04-08 02:48:44.187 +0700] [PROCESS] [cadence.virtuoso.ade.simulationMonitor] - Simulator launched {"hostname": "dtvt_13", "processid": 32036, "history": "ExplorerRun.0", "testname": "gmIdwl_WL_1", "cornername": "Nominal", "point": 4, "logfile": "/home/dtvt_13/duyDUT/logs_dtvt_13/logs0/Job28.log", "simid": "4"}
[2026-04-08 02:48:44.187 +0700] [PROCESS] [cadence.virtuoso.ade.simulationMonitor] - Started Simulation {"hostname": "dtvt_13", "processid": 32036, "history": "ExplorerRun.0", "testname": "gmIdwl_WL_1", "cornername": "Nominal", "point": 4, "logfile": "/home/dtvt_13/duyDUT/logs_dtvt_13/logs0/Job28.log"}
[2026-04-08 02:49:05.557 +0700] [PROCESS] [cadence.virtuoso.ade.simulationMonitor] - Finished simulating for one point {"hostname": "dtvt_13", "processid": 32036, "history": "ExplorerRun.0", "testname": "gmIdwl_WL_1", "cornername": "Nominal", "point": 4, "logfile": "/home/dtvt_13/duyDUT/logs_dtvt_13/logs0/Job28.log", "simid": "4"}
[2026-04-08 02:49:05.558 +0700] [INFO] [cadence.virtuoso.ade.simulationMonitor] - Peak resident memory used = 86 Mbytes. {"history": "ExplorerRun.0", "point": 4, "testname": "gmIdwl_WL_1", "cornername": "Nominal"}
[2026-04-08 02:49:05.558 +0700] [INFO] [cadence.virtuoso.ade.simulationMonitor] - Peak resident memory used = 96.4 Mbytes. {"history": "ExplorerRun.0", "point": 4, "testname": "gmIdwl_WL_1", "cornername": "Nominal"}
[2026-04-08 02:49:05.558 +0700] [INFO] [cadence.virtuoso.ade.simulationMonitor] - Notice from spectre during hierarchy flattening.
    The value 'psf' specified for the 'checklimitdest' option will no longer be supported in future releases. Use 'spectre -h' to see other recommended values for the 'checklimitdest' option. {"history": "ExplorerRun.0", "point": 4, "testname": "gmIdwl_WL_1", "cornername": "Nominal"}
[2026-04-08 02:49:05.558 +0700] [INFO] [cadence.virtuoso.ade.simulationMonitor] - Peak resident memory used = 97.2 Mbytes. {"history": "ExplorerRun.0", "point": 4, "testname": "gmIdwl_WL_1", "cornername": "Nominal"}
[2026-04-08 02:49:05.558 +0700] [INFO] [cadence.virtuoso.ade.simulationMonitor] - Notice from spectre during initial setup.
    Multithreading is disabled due to the size of the design being too small. {"history": "ExplorerRun.0", "point": 4, "testname": "gmIdwl_WL_1", "cornername": "Nominal"}
[2026-04-08 02:49:05.558 +0700] [INFO] [cadence.virtuoso.ade.simulationMonitor] -               nodes 2 {"history": "ExplorerRun.0", "point": 4, "testname": "gmIdwl_WL_1", "cornername": "Nominal"}
[2026-04-08 02:49:05.558 +0700] [INFO] [cadence.virtuoso.ade.simulationMonitor] - Notice from spectre during initial setup.
    APS enabled. {"history": "ExplorerRun.0", "point": 4, "testname": "gmIdwl_WL_1", "cornername": "Nominal"}
[2026-04-08 02:49:05.558 +0700] [INFO] [cadence.virtuoso.ade.simulationMonitor] - Peak resident memory used = 98.7 Mbytes. {"history": "ExplorerRun.0", "point": 4, "testname": "gmIdwl_WL_1", "cornername": "Nominal"}
[2026-04-08 02:49:05.559 +0700] [INFO] [cadence.virtuoso.ade.simulationMonitor] -    -   (APS) Multi-threading. The recommended number of threads is 1, consider adding +mt=1 on command line. {"history": "ExplorerRun.0", "point": 4, "testname": "gmIdwl_WL_1", "cornername": "Nominal"}
[2026-04-08 02:49:05.559 +0700] [INFO] [cadence.virtuoso.ade.simulationMonitor] - Total time required for dc analysis `dcOp': CPU = 1.655 ms, elapsed = 2.65598 ms. {"history": "ExplorerRun.0", "point": 4, "testname": "gmIdwl_WL_1", "cornername": "Nominal"}
[2026-04-08 02:49:05.559 +0700] [INFO] [cadence.virtuoso.ade.simulationMonitor] - Peak resident memory used = 100 Mbytes. {"history": "ExplorerRun.0", "point": 4, "testname": "gmIdwl_WL_1", "cornername": "Nominal"}
[2026-04-08 02:49:05.559 +0700] [INFO] [cadence.virtuoso.ade.simulationMonitor] - Notice from spectre at vsg = 1.8 during DC analysis `dc'.
    The value of parameter 'vsg' has been reset to the original value 0.5. {"history": "ExplorerRun.0", "point": 4, "testname": "gmIdwl_WL_1", "cornername": "Nominal"}
[2026-04-08 02:49:05.559 +0700] [INFO] [cadence.virtuoso.ade.simulationMonitor] - Total time required for dc analysis `dc': CPU = 4.387 ms, elapsed = 5.38993 ms. {"history": "ExplorerRun.0", "point": 4, "testname": "gmIdwl_WL_1", "cornername": "Nominal"}
[2026-04-08 02:49:05.559 +0700] [INFO] [cadence.virtuoso.ade.simulationMonitor] - Peak resident memory used = 101 Mbytes. {"history": "ExplorerRun.0", "point": 4, "testname": "gmIdwl_WL_1", "cornername": "Nominal"}
[2026-04-08 02:49:05.559 +0700] [INFO] [cadence.virtuoso.ade.simulationMonitor] - Time used: CPU = 343 ms, elapsed = 20.8 s, util. = 1.65%. {"history": "ExplorerRun.0", "point": 4, "testname": "gmIdwl_WL_1", "cornername": "Nominal"}
[2026-04-08 02:49:05.559 +0700] [INFO] [cadence.virtuoso.ade.simulationMonitor] - Time spent in licensing: elapsed = 20.4 s, percentage of total = 97.9%. {"history": "ExplorerRun.0", "point": 4, "testname": "gmIdwl_WL_1", "cornername": "Nominal"}
[2026-04-08 02:49:05.559 +0700] [INFO] [cadence.virtuoso.ade.simulationMonitor] - Peak memory used = 110 Mbytes. {"history": "ExplorerRun.0", "point": 4, "testname": "gmIdwl_WL_1", "cornername": "Nominal"}
[2026-04-08 02:49:05.559 +0700] [PROCESS] [cadence.virtuoso.ade.simulationMonitor] - Simulation started at: 2:48:44 AM, Wed Apr 8, 2026, ended at: 2:49:05 AM, Wed Apr 8, 2026, with elapsed time (wall clock): 20.8 s. {"history": "ExplorerRun.0", "point": 4, "testname": "gmIdwl_WL_1", "cornername": "Nominal"}
[2026-04-08 02:49:05.559 +0700] [PROCESS] [cadence.virtuoso.ade.simulationMonitor] - spectre completes with 0 errors, 0 warnings, and 5 notices. {"history": "ExplorerRun.0", "point": 4, "testname": "gmIdwl_WL_1", "cornername": "Nominal"}
[2026-04-08 02:49:05.559 +0700] [PROCESS] [cadence.virtuoso.ade.simulationMonitor] - Simulator exited {"hostname": "dtvt_13", "processid": 32036, "history": "ExplorerRun.0", "testname": "gmIdwl_WL_1", "cornername": "Nominal", "point": 4, "logfile": "/home/dtvt_13/duyDUT/logs_dtvt_13/logs0/Job28.log", "exitStatus": "0"}
[2026-04-08 02:49:05.559 +0700] [PROCESS] [cadence.virtuoso.ade.simulationMonitor] - Finished Simulation {"hostname": "dtvt_13", "processid": 32036, "history": "ExplorerRun.0", "testname": "gmIdwl_WL_1", "cornername": "Nominal", "point": 4, "logfile": "/home/dtvt_13/duyDUT/logs_dtvt_13/logs0/Job28.log", "simid": "4"}
[2026-04-08 02:49:06.063 +0700] [PROCESS] [cadence.virtuoso.ade.simulationMonitor] - Point Finished {"hostname": "dtvt_13", "processid": 32036, "history": "ExplorerRun.0", "testname": "gmIdwl_WL_1", "cornername": "Nominal", "point": 4, "logfile": "/home/dtvt_13/duyDUT/logs_dtvt_13/logs0/Job28.log"}
[2026-04-08 02:54:07.115 +0700] [PROCESS] [cadence.virtuoso.ade.simulationMonitor] - Current memory used: 32.2383 MBytes, peak memory used: 32.2383 MBytes {"hostname": "dtvt_13", "processid": 32036, "history": "ExplorerRun.0", "testname": "gmIdwl_WL_1", "cornername": "Nominal", "point": 4, "logfile": "/home/dtvt_13/duyDUT/logs_dtvt_13/logs0/Job28.log"}
[2026-04-08 02:54:07.116 +0700] [PROCESS] [cadence.virtuoso.ade.simulationMonitor] - Simulation Monitor process exit. {"hostname": "dtvt_13", "processid": 32036, "history": "ExplorerRun.0", "testname": "gmIdwl_WL_1", "cornername": "Nominal", "point": 4, "logfile": "/home/dtvt_13/duyDUT/logs_dtvt_13/logs0/Job28.log"}
