[Simulation Monitor: 3]
[2026-04-11 22:36:54.669 +0700] [PROCESS] [cadence.virtuoso.ade.simulationMonitor] - Simulation Monitor has successfully started up. Trying to set up communication channels to other components ... {"hostname": "dtvt_13", "processid": 25793, "logfile": "/home/dtvt_13/duyDUT/logs_dtvt_13/logs0/Job3.log"}
[2026-04-11 22:36:54.669 +0700] [PROCESS] [cadence.virtuoso.ade.simulationMonitor] - Communication channels have been successfully set up. Start processing events ... {"hostname": "dtvt_13", "processid": 25793, "logfile": "/home/dtvt_13/duyDUT/logs_dtvt_13/logs0/Job3.log"}
[2026-04-11 22:36:54.669 +0700] [PROCESS] [cadence.virtuoso.ade.simulationMonitor] - Considering to start history {"hostname": "dtvt_13", "processid": 25793, "history": "ExplorerRun.0", "logfile": "/home/dtvt_13/duyDUT/logs_dtvt_13/logs0/Job3.log"}
[2026-04-11 22:36:54.670 +0700] [PROCESS] [cadence.virtuoso.ade.simulationMonitor] - HostInfo:
Host name (type):	dtvt_13 (x86_64)
Operating system:	Linux 3.10.0-1160.118.1.el7.x86_64 #1 SMP Wed Apr 24 16:01:50 UTC 2024 {"hostname": "dtvt_13", "processid": 25793, "history": "ExplorerRun.0", "logfile": "/home/dtvt_13/duyDUT/logs_dtvt_13/logs0/Job3.log", "nodename": "dtvt_13", "domainname": "(none)", "machine": "x86_64", "sysname": "Linux", "release": "3.10.0-1160.118.1.el7.x86_64", "version": "#1 SMP Wed Apr 24 16:01:50 UTC 2024"}
[2026-04-11 22:36:54.670 +0700] [PROCESS] [cadence.virtuoso.ade.simulationMonitor] - UsageInfo:
pid=25793
totalPhysicalMemory=15.208324GB,Used=13.884399GB,totalVirtualMemory=22.895821GB,Used=13.938110GB
Cpu: Cores=24, Load average:0.090000,0.240000,0.370000 {"hostname": "dtvt_13", "processid": 25793, "history": "ExplorerRun.0", "logfile": "/home/dtvt_13/duyDUT/logs_dtvt_13/logs0/Job3.log", "pid": "25793", "totalPhysicalMemory": "15.208324", "physicalMemoryUsed": "13.884399", "totalVirtualMemory": "22.895821", "virtualMemoryUsed": "13.938110", "cpuCores": "24", "processes": "2558", "loadAverage1": "0.090000", "loadAverage5": "0.240000", "loadAverage15": "0.370000", "loadAverage1Percent": "0.003750"}
[2026-04-11 22:36:54.670 +0700] [EVENT] [cadence.virtuoso.ade.simulationMonitor] - NewPoint {"history": "ExplorerRun.0", "point": 1, "testname": "gmIdwl_gmid_1", "cornername": "Nominal", "event": "NewPoint", "EventSource": "Simulation Monitor", "HistoryName": "ExplorerRun.0", "logFile": "/home/dtvt_13/duyDUT/logs_dtvt_13/logs0/Job3.log", "logFileSize": "2094"}
[2026-04-11 22:36:54.771 +0700] [EVENT] [cadence.virtuoso.ade.simulationMonitor] - NewPoint {"history": "ExplorerRun.0", "point": 1, "testname": "gmIdwl_gmid_1", "cornername": "Nominal", "event": "NewPoint", "EventSource": "spectre", "HistoryName": "ExplorerRun.0", "logFile": "/home/dtvt_13/simulation/gmIdwl/gmid/maestro/results/maestro/ExplorerRun.0/1/gmIdwl_gmid_1/psf/spectre.out", "logFileSize": "-1"}
[2026-04-11 22:36:54.779 +0700] [PROCESS] [cadence.virtuoso.ade.simulationMonitor] - Simulator launched {"hostname": "dtvt_13", "processid": 25793, "history": "ExplorerRun.0", "testname": "gmIdwl_gmid_1", "cornername": "Nominal", "point": 1, "logfile": "/home/dtvt_13/duyDUT/logs_dtvt_13/logs0/Job3.log", "simid": "1"}
[2026-04-11 22:36:54.782 +0700] [PROCESS] [cadence.virtuoso.ade.simulationMonitor] - Expression evaluator launched {"hostname": "dtvt_13", "processid": 25793, "history": "ExplorerRun.0", "testname": "gmIdwl_gmid_1", "cornername": "Nominal", "point": 1, "logfile": "/home/dtvt_13/duyDUT/logs_dtvt_13/logs0/Job3.log"}
[2026-04-11 22:36:54.794 +0700] [PROCESS] [cadence.virtuoso.ade.simulationMonitor] - Started Simulation {"hostname": "dtvt_13", "processid": 25793, "history": "ExplorerRun.0", "testname": "gmIdwl_gmid_1", "cornername": "Nominal", "point": 1, "logfile": "/home/dtvt_13/duyDUT/logs_dtvt_13/logs0/Job3.log"}
[2026-04-11 22:37:17.201 +0700] [PROCESS] [cadence.virtuoso.ade.simulationMonitor] - Finished simulating for one point {"hostname": "dtvt_13", "processid": 25793, "history": "ExplorerRun.0", "testname": "gmIdwl_gmid_1", "cornername": "Nominal", "point": 1, "logfile": "/home/dtvt_13/duyDUT/logs_dtvt_13/logs0/Job3.log", "simid": "1"}
[2026-04-11 22:37:17.202 +0700] [INFO] [cadence.virtuoso.ade.simulationMonitor] - Peak resident memory used = 86 Mbytes. {"history": "ExplorerRun.0", "point": 1, "testname": "gmIdwl_gmid_1", "cornername": "Nominal"}
[2026-04-11 22:37:17.202 +0700] [INFO] [cadence.virtuoso.ade.simulationMonitor] - Peak resident memory used = 96.4 Mbytes. {"history": "ExplorerRun.0", "point": 1, "testname": "gmIdwl_gmid_1", "cornername": "Nominal"}
[2026-04-11 22:37:17.202 +0700] [INFO] [cadence.virtuoso.ade.simulationMonitor] - Notice from spectre during hierarchy flattening.
    The value 'psf' specified for the 'checklimitdest' option will no longer be supported in future releases. Use 'spectre -h' to see other recommended values for the 'checklimitdest' option. {"history": "ExplorerRun.0", "point": 1, "testname": "gmIdwl_gmid_1", "cornername": "Nominal"}
[2026-04-11 22:37:17.203 +0700] [INFO] [cadence.virtuoso.ade.simulationMonitor] - Peak resident memory used = 97.2 Mbytes. {"history": "ExplorerRun.0", "point": 1, "testname": "gmIdwl_gmid_1", "cornername": "Nominal"}
[2026-04-11 22:37:17.203 +0700] [INFO] [cadence.virtuoso.ade.simulationMonitor] - Notice from spectre during initial setup.
    Multithreading is disabled due to the size of the design being too small. {"history": "ExplorerRun.0", "point": 1, "testname": "gmIdwl_gmid_1", "cornername": "Nominal"}
[2026-04-11 22:37:17.203 +0700] [INFO] [cadence.virtuoso.ade.simulationMonitor] -               nodes 3 {"history": "ExplorerRun.0", "point": 1, "testname": "gmIdwl_gmid_1", "cornername": "Nominal"}
[2026-04-11 22:37:17.204 +0700] [INFO] [cadence.virtuoso.ade.simulationMonitor] - Notice from spectre during initial setup.
    APS enabled. {"history": "ExplorerRun.0", "point": 1, "testname": "gmIdwl_gmid_1", "cornername": "Nominal"}
[2026-04-11 22:37:17.204 +0700] [INFO] [cadence.virtuoso.ade.simulationMonitor] - Peak resident memory used = 98.7 Mbytes. {"history": "ExplorerRun.0", "point": 1, "testname": "gmIdwl_gmid_1", "cornername": "Nominal"}
[2026-04-11 22:37:17.204 +0700] [INFO] [cadence.virtuoso.ade.simulationMonitor] -    -   (APS) Multi-threading. The recommended number of threads is 1, consider adding +mt=1 on command line. {"history": "ExplorerRun.0", "point": 1, "testname": "gmIdwl_gmid_1", "cornername": "Nominal"}
[2026-04-11 22:37:17.204 +0700] [INFO] [cadence.virtuoso.ade.simulationMonitor] - Total time required for dc analysis `dcOp': CPU = 2.368 ms, elapsed = 3.42488 ms. {"history": "ExplorerRun.0", "point": 1, "testname": "gmIdwl_gmid_1", "cornername": "Nominal"}
[2026-04-11 22:37:17.204 +0700] [INFO] [cadence.virtuoso.ade.simulationMonitor] - Peak resident memory used = 100 Mbytes. {"history": "ExplorerRun.0", "point": 1, "testname": "gmIdwl_gmid_1", "cornername": "Nominal"}
[2026-04-11 22:37:17.205 +0700] [INFO] [cadence.virtuoso.ade.simulationMonitor] - Notice from spectre at vgs = 1.8 during DC analysis `dc'.
    The value of parameter 'vgs' has been reset to the original value 0.5. {"history": "ExplorerRun.0", "point": 1, "testname": "gmIdwl_gmid_1", "cornername": "Nominal"}
[2026-04-11 22:37:17.205 +0700] [INFO] [cadence.virtuoso.ade.simulationMonitor] - Total time required for dc analysis `dc': CPU = 46.189 ms, elapsed = 47.291 ms. {"history": "ExplorerRun.0", "point": 1, "testname": "gmIdwl_gmid_1", "cornername": "Nominal"}
[2026-04-11 22:37:17.205 +0700] [INFO] [cadence.virtuoso.ade.simulationMonitor] - Peak resident memory used = 101 Mbytes. {"history": "ExplorerRun.0", "point": 1, "testname": "gmIdwl_gmid_1", "cornername": "Nominal"}
[2026-04-11 22:37:17.205 +0700] [INFO] [cadence.virtuoso.ade.simulationMonitor] - Time used: CPU = 584 ms, elapsed = 21.7 s, util. = 2.69%. {"history": "ExplorerRun.0", "point": 1, "testname": "gmIdwl_gmid_1", "cornername": "Nominal"}
[2026-04-11 22:37:17.205 +0700] [INFO] [cadence.virtuoso.ade.simulationMonitor] - Time spent in licensing: elapsed = 20.6 s, percentage of total = 94.9%. {"history": "ExplorerRun.0", "point": 1, "testname": "gmIdwl_gmid_1", "cornername": "Nominal"}
[2026-04-11 22:37:17.205 +0700] [INFO] [cadence.virtuoso.ade.simulationMonitor] - Peak memory used = 110 Mbytes. {"history": "ExplorerRun.0", "point": 1, "testname": "gmIdwl_gmid_1", "cornername": "Nominal"}
[2026-04-11 22:37:17.205 +0700] [PROCESS] [cadence.virtuoso.ade.simulationMonitor] - Simulation started at: 10:36:55 PM, Sat Apr 11, 2026, ended at: 10:37:16 PM, Sat Apr 11, 2026, with elapsed time (wall clock): 21.7 s. {"history": "ExplorerRun.0", "point": 1, "testname": "gmIdwl_gmid_1", "cornername": "Nominal"}
[2026-04-11 22:37:17.206 +0700] [PROCESS] [cadence.virtuoso.ade.simulationMonitor] - spectre completes with 0 errors, 0 warnings, and 5 notices. {"history": "ExplorerRun.0", "point": 1, "testname": "gmIdwl_gmid_1", "cornername": "Nominal"}
[2026-04-11 22:37:17.206 +0700] [PROCESS] [cadence.virtuoso.ade.simulationMonitor] - Simulator exited {"hostname": "dtvt_13", "processid": 25793, "history": "ExplorerRun.0", "testname": "gmIdwl_gmid_1", "cornername": "Nominal", "point": 1, "logfile": "/home/dtvt_13/duyDUT/logs_dtvt_13/logs0/Job3.log", "exitStatus": "0"}
[2026-04-11 22:37:17.206 +0700] [PROCESS] [cadence.virtuoso.ade.simulationMonitor] - Finished Simulation {"hostname": "dtvt_13", "processid": 25793, "history": "ExplorerRun.0", "testname": "gmIdwl_gmid_1", "cornername": "Nominal", "point": 1, "logfile": "/home/dtvt_13/duyDUT/logs_dtvt_13/logs0/Job3.log", "simid": "1"}
[2026-04-11 22:37:17.718 +0700] [PROCESS] [cadence.virtuoso.ade.simulationMonitor] - Point Finished {"hostname": "dtvt_13", "processid": 25793, "history": "ExplorerRun.0", "testname": "gmIdwl_gmid_1", "cornername": "Nominal", "point": 1, "logfile": "/home/dtvt_13/duyDUT/logs_dtvt_13/logs0/Job3.log"}
[2026-04-11 22:37:59.126 +0700] [INFO] [cadence.virtuoso.ade.simulationMonitor] - SimulationMonitor has terminated the vds process '25873', reason: 'Force to stop the expression evalutor process because of new run' {"history": "ExplorerRun.0", "point": 1, "testname": "gmIdwl_gmid_1", "cornername": "Nominal"}
[2026-04-11 22:37:59.126 +0700] [PROCESS] [cadence.virtuoso.ade.simulationMonitor] - HostInfo:
Host name (type):	dtvt_13 (x86_64)
Operating system:	Linux 3.10.0-1160.118.1.el7.x86_64 #1 SMP Wed Apr 24 16:01:50 UTC 2024 {"hostname": "dtvt_13", "processid": 25793, "history": "ExplorerRun.0", "testname": "gmIdwl_gmid_1", "cornername": "Nominal", "point": 1, "logfile": "/home/dtvt_13/duyDUT/logs_dtvt_13/logs0/Job3.log", "nodename": "dtvt_13", "domainname": "(none)", "machine": "x86_64", "sysname": "Linux", "release": "3.10.0-1160.118.1.el7.x86_64", "version": "#1 SMP Wed Apr 24 16:01:50 UTC 2024"}
[2026-04-11 22:37:59.126 +0700] [PROCESS] [cadence.virtuoso.ade.simulationMonitor] - UsageInfo:
pid=25793
totalPhysicalMemory=15.208324GB,Used=13.863373GB,totalVirtualMemory=22.895821GB,Used=13.917084GB
Cpu: Cores=24, Load average:0.190000,0.240000,0.360000 {"hostname": "dtvt_13", "processid": 25793, "history": "ExplorerRun.0", "testname": "gmIdwl_gmid_1", "cornername": "Nominal", "point": 1, "logfile": "/home/dtvt_13/duyDUT/logs_dtvt_13/logs0/Job3.log", "pid": "25793", "totalPhysicalMemory": "15.208324", "physicalMemoryUsed": "13.863373", "totalVirtualMemory": "22.895821", "virtualMemoryUsed": "13.917084", "cpuCores": "24", "processes": "2559", "loadAverage1": "0.190000", "loadAverage5": "0.240000", "loadAverage15": "0.360000", "loadAverage1Percent": "0.007917"}
[2026-04-11 22:37:59.126 +0700] [EVENT] [cadence.virtuoso.ade.simulationMonitor] - NewPoint {"history": "ExplorerRun.0", "point": 1, "testname": "gmIdwl_gmid_1", "cornername": "Nominal", "event": "NewPoint", "EventSource": "Simulation Monitor", "HistoryName": "ExplorerRun.0", "logFile": "/home/dtvt_13/duyDUT/logs_dtvt_13/logs0/Job3.log", "logFileSize": "11580"}
[2026-04-11 22:37:59.227 +0700] [EVENT] [cadence.virtuoso.ade.simulationMonitor] - NewPoint {"history": "ExplorerRun.0", "point": 1, "testname": "gmIdwl_gmid_1", "cornername": "Nominal", "event": "NewPoint", "EventSource": "spectre", "HistoryName": "ExplorerRun.0", "logFile": "/home/dtvt_13/simulation/gmIdwl/gmid/maestro/results/maestro/ExplorerRun.0/1/gmIdwl_gmid_1/psf/spectre.out", "logFileSize": "-1"}
[2026-04-11 22:37:59.236 +0700] [PROCESS] [cadence.virtuoso.ade.simulationMonitor] - Simulator launched {"hostname": "dtvt_13", "processid": 25793, "history": "ExplorerRun.0", "testname": "gmIdwl_gmid_1", "cornername": "Nominal", "point": 1, "logfile": "/home/dtvt_13/duyDUT/logs_dtvt_13/logs0/Job3.log", "simid": "2"}
[2026-04-11 22:37:59.241 +0700] [PROCESS] [cadence.virtuoso.ade.simulationMonitor] - Expression evaluator launched {"hostname": "dtvt_13", "processid": 25793, "history": "ExplorerRun.0", "testname": "gmIdwl_gmid_1", "cornername": "Nominal", "point": 1, "logfile": "/home/dtvt_13/duyDUT/logs_dtvt_13/logs0/Job3.log"}
[2026-04-11 22:37:59.251 +0700] [PROCESS] [cadence.virtuoso.ade.simulationMonitor] - Started Simulation {"hostname": "dtvt_13", "processid": 25793, "history": "ExplorerRun.0", "testname": "gmIdwl_gmid_1", "cornername": "Nominal", "point": 1, "logfile": "/home/dtvt_13/duyDUT/logs_dtvt_13/logs0/Job3.log"}
[2026-04-11 22:38:20.565 +0700] [PROCESS] [cadence.virtuoso.ade.simulationMonitor] - Finished simulating for one point {"hostname": "dtvt_13", "processid": 25793, "history": "ExplorerRun.0", "testname": "gmIdwl_gmid_1", "cornername": "Nominal", "point": 1, "logfile": "/home/dtvt_13/duyDUT/logs_dtvt_13/logs0/Job3.log", "simid": "2"}
[2026-04-11 22:38:20.566 +0700] [INFO] [cadence.virtuoso.ade.simulationMonitor] - Peak resident memory used = 86 Mbytes. {"history": "ExplorerRun.0", "point": 1, "testname": "gmIdwl_gmid_1", "cornername": "Nominal"}
[2026-04-11 22:38:20.566 +0700] [INFO] [cadence.virtuoso.ade.simulationMonitor] - Peak resident memory used = 96.4 Mbytes. {"history": "ExplorerRun.0", "point": 1, "testname": "gmIdwl_gmid_1", "cornername": "Nominal"}
[2026-04-11 22:38:20.566 +0700] [INFO] [cadence.virtuoso.ade.simulationMonitor] - Notice from spectre during hierarchy flattening.
    The value 'psf' specified for the 'checklimitdest' option will no longer be supported in future releases. Use 'spectre -h' to see other recommended values for the 'checklimitdest' option. {"history": "ExplorerRun.0", "point": 1, "testname": "gmIdwl_gmid_1", "cornername": "Nominal"}
[2026-04-11 22:38:20.567 +0700] [INFO] [cadence.virtuoso.ade.simulationMonitor] - Peak resident memory used = 97.2 Mbytes. {"history": "ExplorerRun.0", "point": 1, "testname": "gmIdwl_gmid_1", "cornername": "Nominal"}
[2026-04-11 22:38:20.567 +0700] [INFO] [cadence.virtuoso.ade.simulationMonitor] - Notice from spectre during initial setup.
    Multithreading is disabled due to the size of the design being too small. {"history": "ExplorerRun.0", "point": 1, "testname": "gmIdwl_gmid_1", "cornername": "Nominal"}
[2026-04-11 22:38:20.567 +0700] [INFO] [cadence.virtuoso.ade.simulationMonitor] -               nodes 3 {"history": "ExplorerRun.0", "point": 1, "testname": "gmIdwl_gmid_1", "cornername": "Nominal"}
[2026-04-11 22:38:20.568 +0700] [INFO] [cadence.virtuoso.ade.simulationMonitor] - Notice from spectre during initial setup.
    APS enabled. {"history": "ExplorerRun.0", "point": 1, "testname": "gmIdwl_gmid_1", "cornername": "Nominal"}
[2026-04-11 22:38:20.568 +0700] [INFO] [cadence.virtuoso.ade.simulationMonitor] - Peak resident memory used = 98.7 Mbytes. {"history": "ExplorerRun.0", "point": 1, "testname": "gmIdwl_gmid_1", "cornername": "Nominal"}
[2026-04-11 22:38:20.568 +0700] [INFO] [cadence.virtuoso.ade.simulationMonitor] -    -   (APS) Multi-threading. The recommended number of threads is 1, consider adding +mt=1 on command line. {"history": "ExplorerRun.0", "point": 1, "testname": "gmIdwl_gmid_1", "cornername": "Nominal"}
[2026-04-11 22:38:20.568 +0700] [INFO] [cadence.virtuoso.ade.simulationMonitor] - Total time required for dc analysis `dcOp': CPU = 2.193 ms, elapsed = 3.21507 ms. {"history": "ExplorerRun.0", "point": 1, "testname": "gmIdwl_gmid_1", "cornername": "Nominal"}
[2026-04-11 22:38:20.569 +0700] [INFO] [cadence.virtuoso.ade.simulationMonitor] - Peak resident memory used = 100 Mbytes. {"history": "ExplorerRun.0", "point": 1, "testname": "gmIdwl_gmid_1", "cornername": "Nominal"}
[2026-04-11 22:38:20.569 +0700] [INFO] [cadence.virtuoso.ade.simulationMonitor] - Notice from spectre at vgs = 1.8 during DC analysis `dc'.
    The value of parameter 'vgs' has been reset to the original value 0.5. {"history": "ExplorerRun.0", "point": 1, "testname": "gmIdwl_gmid_1", "cornername": "Nominal"}
[2026-04-11 22:38:20.569 +0700] [INFO] [cadence.virtuoso.ade.simulationMonitor] - Total time required for dc analysis `dc': CPU = 45.683 ms, elapsed = 46.6661 ms. {"history": "ExplorerRun.0", "point": 1, "testname": "gmIdwl_gmid_1", "cornername": "Nominal"}
[2026-04-11 22:38:20.569 +0700] [INFO] [cadence.virtuoso.ade.simulationMonitor] - Peak resident memory used = 101 Mbytes. {"history": "ExplorerRun.0", "point": 1, "testname": "gmIdwl_gmid_1", "cornername": "Nominal"}
[2026-04-11 22:38:20.569 +0700] [INFO] [cadence.virtuoso.ade.simulationMonitor] - Time used: CPU = 465 ms, elapsed = 20.9 s, util. = 2.23%. {"history": "ExplorerRun.0", "point": 1, "testname": "gmIdwl_gmid_1", "cornername": "Nominal"}
[2026-04-11 22:38:20.569 +0700] [INFO] [cadence.virtuoso.ade.simulationMonitor] - Time spent in licensing: elapsed = 20.3 s, percentage of total = 97.4%. {"history": "ExplorerRun.0", "point": 1, "testname": "gmIdwl_gmid_1", "cornername": "Nominal"}
[2026-04-11 22:38:20.570 +0700] [INFO] [cadence.virtuoso.ade.simulationMonitor] - Peak memory used = 110 Mbytes. {"history": "ExplorerRun.0", "point": 1, "testname": "gmIdwl_gmid_1", "cornername": "Nominal"}
[2026-04-11 22:38:20.570 +0700] [PROCESS] [cadence.virtuoso.ade.simulationMonitor] - Simulation started at: 10:37:59 PM, Sat Apr 11, 2026, ended at: 10:38:20 PM, Sat Apr 11, 2026, with elapsed time (wall clock): 20.9 s. {"history": "ExplorerRun.0", "point": 1, "testname": "gmIdwl_gmid_1", "cornername": "Nominal"}
[2026-04-11 22:38:20.570 +0700] [PROCESS] [cadence.virtuoso.ade.simulationMonitor] - spectre completes with 0 errors, 0 warnings, and 5 notices. {"history": "ExplorerRun.0", "point": 1, "testname": "gmIdwl_gmid_1", "cornername": "Nominal"}
[2026-04-11 22:38:20.570 +0700] [PROCESS] [cadence.virtuoso.ade.simulationMonitor] - Simulator exited {"hostname": "dtvt_13", "processid": 25793, "history": "ExplorerRun.0", "testname": "gmIdwl_gmid_1", "cornername": "Nominal", "point": 1, "logfile": "/home/dtvt_13/duyDUT/logs_dtvt_13/logs0/Job3.log", "exitStatus": "0"}
[2026-04-11 22:38:20.571 +0700] [PROCESS] [cadence.virtuoso.ade.simulationMonitor] - Finished Simulation {"hostname": "dtvt_13", "processid": 25793, "history": "ExplorerRun.0", "testname": "gmIdwl_gmid_1", "cornername": "Nominal", "point": 1, "logfile": "/home/dtvt_13/duyDUT/logs_dtvt_13/logs0/Job3.log", "simid": "2"}
[2026-04-11 22:38:21.588 +0700] [PROCESS] [cadence.virtuoso.ade.simulationMonitor] - Point Finished {"hostname": "dtvt_13", "processid": 25793, "history": "ExplorerRun.0", "testname": "gmIdwl_gmid_1", "cornername": "Nominal", "point": 1, "logfile": "/home/dtvt_13/duyDUT/logs_dtvt_13/logs0/Job3.log"}
[2026-04-11 22:40:46.589 +0700] [INFO] [cadence.virtuoso.ade.simulationMonitor] - SimulationMonitor has terminated the vds process '26617', reason: 'Force to stop the expression evalutor process because of new run' {"history": "ExplorerRun.0", "point": 1, "testname": "gmIdwl_gmid_1", "cornername": "Nominal"}
[2026-04-11 22:40:46.590 +0700] [PROCESS] [cadence.virtuoso.ade.simulationMonitor] - HostInfo:
Host name (type):	dtvt_13 (x86_64)
Operating system:	Linux 3.10.0-1160.118.1.el7.x86_64 #1 SMP Wed Apr 24 16:01:50 UTC 2024 {"hostname": "dtvt_13", "processid": 25793, "history": "ExplorerRun.0", "testname": "gmIdwl_gmid_1", "cornername": "Nominal", "point": 1, "logfile": "/home/dtvt_13/duyDUT/logs_dtvt_13/logs0/Job3.log", "nodename": "dtvt_13", "domainname": "(none)", "machine": "x86_64", "sysname": "Linux", "release": "3.10.0-1160.118.1.el7.x86_64", "version": "#1 SMP Wed Apr 24 16:01:50 UTC 2024"}
[2026-04-11 22:40:46.590 +0700] [PROCESS] [cadence.virtuoso.ade.simulationMonitor] - UsageInfo:
pid=25793
totalPhysicalMemory=15.208324GB,Used=13.889549GB,totalVirtualMemory=22.895821GB,Used=13.943260GB
Cpu: Cores=24, Load average:0.250000,0.250000,0.350000 {"hostname": "dtvt_13", "processid": 25793, "history": "ExplorerRun.0", "testname": "gmIdwl_gmid_1", "cornername": "Nominal", "point": 1, "logfile": "/home/dtvt_13/duyDUT/logs_dtvt_13/logs0/Job3.log", "pid": "25793", "totalPhysicalMemory": "15.208324", "physicalMemoryUsed": "13.889549", "totalVirtualMemory": "22.895821", "virtualMemoryUsed": "13.943260", "cpuCores": "24", "processes": "2571", "loadAverage1": "0.250000", "loadAverage5": "0.250000", "loadAverage15": "0.350000", "loadAverage1Percent": "0.010417"}
[2026-04-11 22:40:46.590 +0700] [EVENT] [cadence.virtuoso.ade.simulationMonitor] - NewPoint {"history": "ExplorerRun.0", "point": 1, "testname": "gmIdwl_gmid_1", "cornername": "Nominal", "event": "NewPoint", "EventSource": "Simulation Monitor", "HistoryName": "ExplorerRun.0", "logFile": "/home/dtvt_13/duyDUT/logs_dtvt_13/logs0/Job3.log", "logFileSize": "21068"}
[2026-04-11 22:40:46.691 +0700] [EVENT] [cadence.virtuoso.ade.simulationMonitor] - NewPoint {"history": "ExplorerRun.0", "point": 1, "testname": "gmIdwl_gmid_1", "cornername": "Nominal", "event": "NewPoint", "EventSource": "spectre", "HistoryName": "ExplorerRun.0", "logFile": "/home/dtvt_13/simulation/gmIdwl/gmid/maestro/results/maestro/ExplorerRun.0/1/gmIdwl_gmid_1/psf/spectre.out", "logFileSize": "-1"}
[2026-04-11 22:40:46.701 +0700] [PROCESS] [cadence.virtuoso.ade.simulationMonitor] - Simulator launched {"hostname": "dtvt_13", "processid": 25793, "history": "ExplorerRun.0", "testname": "gmIdwl_gmid_1", "cornername": "Nominal", "point": 1, "logfile": "/home/dtvt_13/duyDUT/logs_dtvt_13/logs0/Job3.log", "simid": "3"}
[2026-04-11 22:40:46.707 +0700] [PROCESS] [cadence.virtuoso.ade.simulationMonitor] - Expression evaluator launched {"hostname": "dtvt_13", "processid": 25793, "history": "ExplorerRun.0", "testname": "gmIdwl_gmid_1", "cornername": "Nominal", "point": 1, "logfile": "/home/dtvt_13/duyDUT/logs_dtvt_13/logs0/Job3.log"}
[2026-04-11 22:40:46.718 +0700] [PROCESS] [cadence.virtuoso.ade.simulationMonitor] - Started Simulation {"hostname": "dtvt_13", "processid": 25793, "history": "ExplorerRun.0", "testname": "gmIdwl_gmid_1", "cornername": "Nominal", "point": 1, "logfile": "/home/dtvt_13/duyDUT/logs_dtvt_13/logs0/Job3.log"}
[2026-04-11 22:41:09.042 +0700] [PROCESS] [cadence.virtuoso.ade.simulationMonitor] - Finished simulating for one point {"hostname": "dtvt_13", "processid": 25793, "history": "ExplorerRun.0", "testname": "gmIdwl_gmid_1", "cornername": "Nominal", "point": 1, "logfile": "/home/dtvt_13/duyDUT/logs_dtvt_13/logs0/Job3.log", "simid": "3"}
[2026-04-11 22:41:09.042 +0700] [INFO] [cadence.virtuoso.ade.simulationMonitor] - Peak resident memory used = 86.1 Mbytes. {"history": "ExplorerRun.0", "point": 1, "testname": "gmIdwl_gmid_1", "cornername": "Nominal"}
[2026-04-11 22:41:09.042 +0700] [INFO] [cadence.virtuoso.ade.simulationMonitor] - Peak resident memory used = 96.4 Mbytes. {"history": "ExplorerRun.0", "point": 1, "testname": "gmIdwl_gmid_1", "cornername": "Nominal"}
[2026-04-11 22:41:09.043 +0700] [INFO] [cadence.virtuoso.ade.simulationMonitor] - Notice from spectre during hierarchy flattening.
    The value 'psf' specified for the 'checklimitdest' option will no longer be supported in future releases. Use 'spectre -h' to see other recommended values for the 'checklimitdest' option. {"history": "ExplorerRun.0", "point": 1, "testname": "gmIdwl_gmid_1", "cornername": "Nominal"}
[2026-04-11 22:41:09.043 +0700] [INFO] [cadence.virtuoso.ade.simulationMonitor] - Peak resident memory used = 97.3 Mbytes. {"history": "ExplorerRun.0", "point": 1, "testname": "gmIdwl_gmid_1", "cornername": "Nominal"}
[2026-04-11 22:41:09.043 +0700] [WARN] [cadence.virtuoso.ade.simulationMonitor] -     WARNING (SPECTRE-8061): `PM0': Does not have a terminal named `vth'. {"history": "ExplorerRun.0", "point": 1, "testname": "gmIdwl_gmid_1", "cornername": "Nominal"}
[2026-04-11 22:41:09.044 +0700] [WARN] [cadence.virtuoso.ade.simulationMonitor] -     WARNING (SPECTRE-8287): Ignoring invalid item `PM0:vth' in save statement. {"history": "ExplorerRun.0", "point": 1, "testname": "gmIdwl_gmid_1", "cornername": "Nominal"}
[2026-04-11 22:41:09.044 +0700] [WARN] [cadence.virtuoso.ade.simulationMonitor] -     WARNING (SPECTRE-8061): `PM0': Does not have a terminal named `vgs'. {"history": "ExplorerRun.0", "point": 1, "testname": "gmIdwl_gmid_1", "cornername": "Nominal"}
[2026-04-11 22:41:09.044 +0700] [WARN] [cadence.virtuoso.ade.simulationMonitor] -     WARNING (SPECTRE-8287): Ignoring invalid item `PM0:vgs' in save statement. {"history": "ExplorerRun.0", "point": 1, "testname": "gmIdwl_gmid_1", "cornername": "Nominal"}
[2026-04-11 22:41:09.044 +0700] [WARN] [cadence.virtuoso.ade.simulationMonitor] -     WARNING (SPECTRE-8061): `PM0': Does not have a terminal named `gm'. {"history": "ExplorerRun.0", "point": 1, "testname": "gmIdwl_gmid_1", "cornername": "Nominal"}
[2026-04-11 22:41:09.045 +0700] [WARN] [cadence.virtuoso.ade.simulationMonitor] -     WARNING (SPECTRE-8287): Ignoring invalid item `PM0:gm' in save statement. {"history": "ExplorerRun.0", "point": 1, "testname": "gmIdwl_gmid_1", "cornername": "Nominal"}
[2026-04-11 22:41:09.045 +0700] [WARN] [cadence.virtuoso.ade.simulationMonitor] -     WARNING (SPECTRE-8061): `PM0': Does not have a terminal named `id'. {"history": "ExplorerRun.0", "point": 1, "testname": "gmIdwl_gmid_1", "cornername": "Nominal"}
[2026-04-11 22:41:09.045 +0700] [WARN] [cadence.virtuoso.ade.simulationMonitor] -     WARNING (SPECTRE-8287): Ignoring invalid item `PM0:id' in save statement. {"history": "ExplorerRun.0", "point": 1, "testname": "gmIdwl_gmid_1", "cornername": "Nominal"}
[2026-04-11 22:41:09.045 +0700] [INFO] [cadence.virtuoso.ade.simulationMonitor] - Notice from spectre during initial setup.
    Multithreading is disabled due to the size of the design being too small. {"history": "ExplorerRun.0", "point": 1, "testname": "gmIdwl_gmid_1", "cornername": "Nominal"}
[2026-04-11 22:41:09.046 +0700] [INFO] [cadence.virtuoso.ade.simulationMonitor] -               nodes 3 {"history": "ExplorerRun.0", "point": 1, "testname": "gmIdwl_gmid_1", "cornername": "Nominal"}
[2026-04-11 22:41:09.046 +0700] [INFO] [cadence.virtuoso.ade.simulationMonitor] - Notice from spectre during initial setup.
    APS enabled. {"history": "ExplorerRun.0", "point": 1, "testname": "gmIdwl_gmid_1", "cornername": "Nominal"}
[2026-04-11 22:41:09.046 +0700] [INFO] [cadence.virtuoso.ade.simulationMonitor] - Peak resident memory used = 98.8 Mbytes. {"history": "ExplorerRun.0", "point": 1, "testname": "gmIdwl_gmid_1", "cornername": "Nominal"}
[2026-04-11 22:41:09.046 +0700] [INFO] [cadence.virtuoso.ade.simulationMonitor] -    -   (APS) Multi-threading. The recommended number of threads is 1, consider adding +mt=1 on command line. {"history": "ExplorerRun.0", "point": 1, "testname": "gmIdwl_gmid_1", "cornername": "Nominal"}
[2026-04-11 22:41:09.046 +0700] [INFO] [cadence.virtuoso.ade.simulationMonitor] - Total time required for dc analysis `dcOp': CPU = 2.66 ms, elapsed = 3.6099 ms. {"history": "ExplorerRun.0", "point": 1, "testname": "gmIdwl_gmid_1", "cornername": "Nominal"}
[2026-04-11 22:41:09.047 +0700] [INFO] [cadence.virtuoso.ade.simulationMonitor] - Peak resident memory used = 101 Mbytes. {"history": "ExplorerRun.0", "point": 1, "testname": "gmIdwl_gmid_1", "cornername": "Nominal"}
[2026-04-11 22:41:09.047 +0700] [INFO] [cadence.virtuoso.ade.simulationMonitor] - Notice from spectre at vgs = 1.8 during DC analysis `dc'.
    The value of parameter 'vgs' has been reset to the original value 0.5. {"history": "ExplorerRun.0", "point": 1, "testname": "gmIdwl_gmid_1", "cornername": "Nominal"}
[2026-04-11 22:41:09.047 +0700] [INFO] [cadence.virtuoso.ade.simulationMonitor] - Total time required for dc analysis `dc': CPU = 44.957 ms, elapsed = 45.8739 ms. {"history": "ExplorerRun.0", "point": 1, "testname": "gmIdwl_gmid_1", "cornername": "Nominal"}
[2026-04-11 22:41:09.047 +0700] [INFO] [cadence.virtuoso.ade.simulationMonitor] - Peak resident memory used = 101 Mbytes. {"history": "ExplorerRun.0", "point": 1, "testname": "gmIdwl_gmid_1", "cornername": "Nominal"}
[2026-04-11 22:41:09.047 +0700] [INFO] [cadence.virtuoso.ade.simulationMonitor] - Time used: CPU = 541 ms, elapsed = 21.8 s, util. = 2.48%. {"history": "ExplorerRun.0", "point": 1, "testname": "gmIdwl_gmid_1", "cornername": "Nominal"}
[2026-04-11 22:41:09.048 +0700] [INFO] [cadence.virtuoso.ade.simulationMonitor] - Time spent in licensing: elapsed = 20.7 s, percentage of total = 94.9%. {"history": "ExplorerRun.0", "point": 1, "testname": "gmIdwl_gmid_1", "cornername": "Nominal"}
[2026-04-11 22:41:09.048 +0700] [INFO] [cadence.virtuoso.ade.simulationMonitor] - Peak memory used = 110 Mbytes. {"history": "ExplorerRun.0", "point": 1, "testname": "gmIdwl_gmid_1", "cornername": "Nominal"}
[2026-04-11 22:41:09.048 +0700] [PROCESS] [cadence.virtuoso.ade.simulationMonitor] - Simulation started at: 10:40:47 PM, Sat Apr 11, 2026, ended at: 10:41:08 PM, Sat Apr 11, 2026, with elapsed time (wall clock): 21.8 s. {"history": "ExplorerRun.0", "point": 1, "testname": "gmIdwl_gmid_1", "cornername": "Nominal"}
[2026-04-11 22:41:09.048 +0700] [PROCESS] [cadence.virtuoso.ade.simulationMonitor] - spectre completes with 0 errors, 8 warnings, and 5 notices. {"history": "ExplorerRun.0", "point": 1, "testname": "gmIdwl_gmid_1", "cornername": "Nominal"}
[2026-04-11 22:41:09.048 +0700] [PROCESS] [cadence.virtuoso.ade.simulationMonitor] - Simulator exited {"hostname": "dtvt_13", "processid": 25793, "history": "ExplorerRun.0", "testname": "gmIdwl_gmid_1", "cornername": "Nominal", "point": 1, "logfile": "/home/dtvt_13/duyDUT/logs_dtvt_13/logs0/Job3.log", "exitStatus": "0"}
[2026-04-11 22:41:09.049 +0700] [PROCESS] [cadence.virtuoso.ade.simulationMonitor] - Finished Simulation {"hostname": "dtvt_13", "processid": 25793, "history": "ExplorerRun.0", "testname": "gmIdwl_gmid_1", "cornername": "Nominal", "point": 1, "logfile": "/home/dtvt_13/duyDUT/logs_dtvt_13/logs0/Job3.log", "simid": "3"}
[2026-04-11 22:41:09.562 +0700] [PROCESS] [cadence.virtuoso.ade.simulationMonitor] - Point Finished {"hostname": "dtvt_13", "processid": 25793, "history": "ExplorerRun.0", "testname": "gmIdwl_gmid_1", "cornername": "Nominal", "point": 1, "logfile": "/home/dtvt_13/duyDUT/logs_dtvt_13/logs0/Job3.log"}
[2026-04-11 22:45:32.942 +0700] [INFO] [cadence.virtuoso.ade.simulationMonitor] - SimulationMonitor has terminated the vds process '27902', reason: 'Force to stop the expression evalutor process because of new run' {"history": "ExplorerRun.0", "point": 1, "testname": "gmIdwl_gmid_1", "cornername": "Nominal"}
[2026-04-11 22:45:32.942 +0700] [PROCESS] [cadence.virtuoso.ade.simulationMonitor] - HostInfo:
Host name (type):	dtvt_13 (x86_64)
Operating system:	Linux 3.10.0-1160.118.1.el7.x86_64 #1 SMP Wed Apr 24 16:01:50 UTC 2024 {"hostname": "dtvt_13", "processid": 25793, "history": "ExplorerRun.0", "testname": "gmIdwl_gmid_1", "cornername": "Nominal", "point": 1, "logfile": "/home/dtvt_13/duyDUT/logs_dtvt_13/logs0/Job3.log", "nodename": "dtvt_13", "domainname": "(none)", "machine": "x86_64", "sysname": "Linux", "release": "3.10.0-1160.118.1.el7.x86_64", "version": "#1 SMP Wed Apr 24 16:01:50 UTC 2024"}
[2026-04-11 22:45:32.942 +0700] [PROCESS] [cadence.virtuoso.ade.simulationMonitor] - UsageInfo:
pid=25793
totalPhysicalMemory=15.208324GB,Used=13.887188GB,totalVirtualMemory=22.895821GB,Used=13.940899GB
Cpu: Cores=24, Load average:0.370000,0.280000,0.330000 {"hostname": "dtvt_13", "processid": 25793, "history": "ExplorerRun.0", "testname": "gmIdwl_gmid_1", "cornername": "Nominal", "point": 1, "logfile": "/home/dtvt_13/duyDUT/logs_dtvt_13/logs0/Job3.log", "pid": "25793", "totalPhysicalMemory": "15.208324", "physicalMemoryUsed": "13.887188", "totalVirtualMemory": "22.895821", "virtualMemoryUsed": "13.940899", "cpuCores": "24", "processes": "2553", "loadAverage1": "0.370000", "loadAverage5": "0.280000", "loadAverage15": "0.330000", "loadAverage1Percent": "0.015417"}
[2026-04-11 22:45:32.943 +0700] [EVENT] [cadence.virtuoso.ade.simulationMonitor] - NewPoint {"history": "ExplorerRun.0", "point": 1, "testname": "gmIdwl_gmid_1", "cornername": "Nominal", "event": "NewPoint", "EventSource": "Simulation Monitor", "HistoryName": "ExplorerRun.0", "logFile": "/home/dtvt_13/duyDUT/logs_dtvt_13/logs0/Job3.log", "logFileSize": "32576"}
[2026-04-11 22:45:33.044 +0700] [EVENT] [cadence.virtuoso.ade.simulationMonitor] - NewPoint {"history": "ExplorerRun.0", "point": 1, "testname": "gmIdwl_gmid_1", "cornername": "Nominal", "event": "NewPoint", "EventSource": "spectre", "HistoryName": "ExplorerRun.0", "logFile": "/home/dtvt_13/simulation/gmIdwl/gmid/maestro/results/maestro/ExplorerRun.0/1/gmIdwl_gmid_1/psf/spectre.out", "logFileSize": "-1"}
[2026-04-11 22:45:33.053 +0700] [PROCESS] [cadence.virtuoso.ade.simulationMonitor] - Simulator launched {"hostname": "dtvt_13", "processid": 25793, "history": "ExplorerRun.0", "testname": "gmIdwl_gmid_1", "cornername": "Nominal", "point": 1, "logfile": "/home/dtvt_13/duyDUT/logs_dtvt_13/logs0/Job3.log", "simid": "4"}
[2026-04-11 22:45:33.059 +0700] [PROCESS] [cadence.virtuoso.ade.simulationMonitor] - Expression evaluator launched {"hostname": "dtvt_13", "processid": 25793, "history": "ExplorerRun.0", "testname": "gmIdwl_gmid_1", "cornername": "Nominal", "point": 1, "logfile": "/home/dtvt_13/duyDUT/logs_dtvt_13/logs0/Job3.log"}
[2026-04-11 22:45:33.071 +0700] [PROCESS] [cadence.virtuoso.ade.simulationMonitor] - Started Simulation {"hostname": "dtvt_13", "processid": 25793, "history": "ExplorerRun.0", "testname": "gmIdwl_gmid_1", "cornername": "Nominal", "point": 1, "logfile": "/home/dtvt_13/duyDUT/logs_dtvt_13/logs0/Job3.log"}
[2026-04-11 22:45:54.981 +0700] [INFO] [cadence.virtuoso.ade.simulationMonitor] - Peak resident memory used = 86.1 Mbytes. {"history": "ExplorerRun.0", "point": 1, "testname": "gmIdwl_gmid_1", "cornername": "Nominal"}
[2026-04-11 22:45:54.981 +0700] [INFO] [cadence.virtuoso.ade.simulationMonitor] - Peak resident memory used = 96.4 Mbytes. {"history": "ExplorerRun.0", "point": 1, "testname": "gmIdwl_gmid_1", "cornername": "Nominal"}
[2026-04-11 22:45:54.981 +0700] [INFO] [cadence.virtuoso.ade.simulationMonitor] - Notice from spectre during hierarchy flattening.
    The value 'psf' specified for the 'checklimitdest' option will no longer be supported in future releases. Use 'spectre -h' to see other recommended values for the 'checklimitdest' option. {"history": "ExplorerRun.0", "point": 1, "testname": "gmIdwl_gmid_1", "cornername": "Nominal"}
[2026-04-11 22:45:54.981 +0700] [INFO] [cadence.virtuoso.ade.simulationMonitor] - Peak resident memory used = 97.3 Mbytes. {"history": "ExplorerRun.0", "point": 1, "testname": "gmIdwl_gmid_1", "cornername": "Nominal"}
[2026-04-11 22:45:54.981 +0700] [WARN] [cadence.virtuoso.ade.simulationMonitor] -     WARNING (SPECTRE-8061): `PM0': Does not have a terminal named `vth'. {"history": "ExplorerRun.0", "point": 1, "testname": "gmIdwl_gmid_1", "cornername": "Nominal"}
[2026-04-11 22:45:54.982 +0700] [WARN] [cadence.virtuoso.ade.simulationMonitor] -     WARNING (SPECTRE-8287): Ignoring invalid item `PM0:vth' in save statement. {"history": "ExplorerRun.0", "point": 1, "testname": "gmIdwl_gmid_1", "cornername": "Nominal"}
[2026-04-11 22:45:54.982 +0700] [WARN] [cadence.virtuoso.ade.simulationMonitor] -     WARNING (SPECTRE-8061): `PM0': Does not have a terminal named `vgs'. {"history": "ExplorerRun.0", "point": 1, "testname": "gmIdwl_gmid_1", "cornername": "Nominal"}
[2026-04-11 22:45:54.982 +0700] [WARN] [cadence.virtuoso.ade.simulationMonitor] -     WARNING (SPECTRE-8287): Ignoring invalid item `PM0:vgs' in save statement. {"history": "ExplorerRun.0", "point": 1, "testname": "gmIdwl_gmid_1", "cornername": "Nominal"}
[2026-04-11 22:45:54.982 +0700] [WARN] [cadence.virtuoso.ade.simulationMonitor] -     WARNING (SPECTRE-8061): `PM0': Does not have a terminal named `gm'. {"history": "ExplorerRun.0", "point": 1, "testname": "gmIdwl_gmid_1", "cornername": "Nominal"}
[2026-04-11 22:45:54.982 +0700] [WARN] [cadence.virtuoso.ade.simulationMonitor] -     WARNING (SPECTRE-8287): Ignoring invalid item `PM0:gm' in save statement. {"history": "ExplorerRun.0", "point": 1, "testname": "gmIdwl_gmid_1", "cornername": "Nominal"}
[2026-04-11 22:45:54.982 +0700] [WARN] [cadence.virtuoso.ade.simulationMonitor] -     WARNING (SPECTRE-8061): `PM0': Does not have a terminal named `id'. {"history": "ExplorerRun.0", "point": 1, "testname": "gmIdwl_gmid_1", "cornername": "Nominal"}
[2026-04-11 22:45:54.982 +0700] [WARN] [cadence.virtuoso.ade.simulationMonitor] -     WARNING (SPECTRE-8287): Ignoring invalid item `PM0:id' in save statement. {"history": "ExplorerRun.0", "point": 1, "testname": "gmIdwl_gmid_1", "cornername": "Nominal"}
[2026-04-11 22:45:54.982 +0700] [INFO] [cadence.virtuoso.ade.simulationMonitor] - Notice from spectre during initial setup.
    Multithreading is disabled due to the size of the design being too small. {"history": "ExplorerRun.0", "point": 1, "testname": "gmIdwl_gmid_1", "cornername": "Nominal"}
[2026-04-11 22:45:54.982 +0700] [INFO] [cadence.virtuoso.ade.simulationMonitor] -               nodes 3 {"history": "ExplorerRun.0", "point": 1, "testname": "gmIdwl_gmid_1", "cornername": "Nominal"}
[2026-04-11 22:45:54.982 +0700] [INFO] [cadence.virtuoso.ade.simulationMonitor] - Notice from spectre during initial setup.
    APS enabled. {"history": "ExplorerRun.0", "point": 1, "testname": "gmIdwl_gmid_1", "cornername": "Nominal"}
[2026-04-11 22:45:54.983 +0700] [INFO] [cadence.virtuoso.ade.simulationMonitor] - Peak resident memory used = 98.8 Mbytes. {"history": "ExplorerRun.0", "point": 1, "testname": "gmIdwl_gmid_1", "cornername": "Nominal"}
[2026-04-11 22:45:54.983 +0700] [INFO] [cadence.virtuoso.ade.simulationMonitor] -    -   (APS) Multi-threading. The recommended number of threads is 1, consider adding +mt=1 on command line. {"history": "ExplorerRun.0", "point": 1, "testname": "gmIdwl_gmid_1", "cornername": "Nominal"}
[2026-04-11 22:45:54.983 +0700] [INFO] [cadence.virtuoso.ade.simulationMonitor] - Total time required for dc analysis `dcOp': CPU = 3.116 ms, elapsed = 4.20308 ms. {"history": "ExplorerRun.0", "point": 1, "testname": "gmIdwl_gmid_1", "cornername": "Nominal"}
[2026-04-11 22:45:54.983 +0700] [INFO] [cadence.virtuoso.ade.simulationMonitor] - Peak resident memory used = 101 Mbytes. {"history": "ExplorerRun.0", "point": 1, "testname": "gmIdwl_gmid_1", "cornername": "Nominal"}
[2026-04-11 22:45:55.484 +0700] [PROCESS] [cadence.virtuoso.ade.simulationMonitor] - Finished simulating for one point {"hostname": "dtvt_13", "processid": 25793, "history": "ExplorerRun.0", "testname": "gmIdwl_gmid_1", "cornername": "Nominal", "point": 1, "logfile": "/home/dtvt_13/duyDUT/logs_dtvt_13/logs0/Job3.log", "simid": "4"}
[2026-04-11 22:45:55.484 +0700] [INFO] [cadence.virtuoso.ade.simulationMonitor] - Notice from spectre at vgs = 1.8 during DC analysis `dc'.
    The value of parameter 'vgs' has been reset to the original value 0.5. {"history": "ExplorerRun.0", "point": 1, "testname": "gmIdwl_gmid_1", "cornername": "Nominal"}
[2026-04-11 22:45:55.484 +0700] [INFO] [cadence.virtuoso.ade.simulationMonitor] - Total time required for dc analysis `dc': CPU = 128.03 ms, elapsed = 129.006 ms. {"history": "ExplorerRun.0", "point": 1, "testname": "gmIdwl_gmid_1", "cornername": "Nominal"}
[2026-04-11 22:45:55.485 +0700] [INFO] [cadence.virtuoso.ade.simulationMonitor] - Peak resident memory used = 101 Mbytes. {"history": "ExplorerRun.0", "point": 1, "testname": "gmIdwl_gmid_1", "cornername": "Nominal"}
[2026-04-11 22:45:55.485 +0700] [INFO] [cadence.virtuoso.ade.simulationMonitor] - Time used: CPU = 655 ms, elapsed = 21.6 s, util. = 3.03%. {"history": "ExplorerRun.0", "point": 1, "testname": "gmIdwl_gmid_1", "cornername": "Nominal"}
[2026-04-11 22:45:55.485 +0700] [INFO] [cadence.virtuoso.ade.simulationMonitor] - Time spent in licensing: elapsed = 20.4 s, percentage of total = 94.4%. {"history": "ExplorerRun.0", "point": 1, "testname": "gmIdwl_gmid_1", "cornername": "Nominal"}
[2026-04-11 22:45:55.486 +0700] [INFO] [cadence.virtuoso.ade.simulationMonitor] - Peak memory used = 110 Mbytes. {"history": "ExplorerRun.0", "point": 1, "testname": "gmIdwl_gmid_1", "cornername": "Nominal"}
[2026-04-11 22:45:55.486 +0700] [PROCESS] [cadence.virtuoso.ade.simulationMonitor] - Simulation started at: 10:45:33 PM, Sat Apr 11, 2026, ended at: 10:45:54 PM, Sat Apr 11, 2026, with elapsed time (wall clock): 21.6 s. {"history": "ExplorerRun.0", "point": 1, "testname": "gmIdwl_gmid_1", "cornername": "Nominal"}
[2026-04-11 22:45:55.486 +0700] [PROCESS] [cadence.virtuoso.ade.simulationMonitor] - spectre completes with 0 errors, 8 warnings, and 5 notices. {"history": "ExplorerRun.0", "point": 1, "testname": "gmIdwl_gmid_1", "cornername": "Nominal"}
[2026-04-11 22:45:55.487 +0700] [PROCESS] [cadence.virtuoso.ade.simulationMonitor] - Simulator exited {"hostname": "dtvt_13", "processid": 25793, "history": "ExplorerRun.0", "testname": "gmIdwl_gmid_1", "cornername": "Nominal", "point": 1, "logfile": "/home/dtvt_13/duyDUT/logs_dtvt_13/logs0/Job3.log", "exitStatus": "0"}
[2026-04-11 22:45:55.487 +0700] [PROCESS] [cadence.virtuoso.ade.simulationMonitor] - Finished Simulation {"hostname": "dtvt_13", "processid": 25793, "history": "ExplorerRun.0", "testname": "gmIdwl_gmid_1", "cornername": "Nominal", "point": 1, "logfile": "/home/dtvt_13/duyDUT/logs_dtvt_13/logs0/Job3.log", "simid": "4"}
[2026-04-11 22:45:56.502 +0700] [PROCESS] [cadence.virtuoso.ade.simulationMonitor] - Point Finished {"hostname": "dtvt_13", "processid": 25793, "history": "ExplorerRun.0", "testname": "gmIdwl_gmid_1", "cornername": "Nominal", "point": 1, "logfile": "/home/dtvt_13/duyDUT/logs_dtvt_13/logs0/Job3.log"}
[2026-04-11 22:50:57.073 +0700] [PROCESS] [cadence.virtuoso.ade.simulationMonitor] - Current memory used: 32.2461 MBytes, peak memory used: 32.2461 MBytes {"hostname": "dtvt_13", "processid": 25793, "history": "ExplorerRun.0", "testname": "gmIdwl_gmid_1", "cornername": "Nominal", "point": 1, "logfile": "/home/dtvt_13/duyDUT/logs_dtvt_13/logs0/Job3.log"}
[2026-04-11 22:50:57.073 +0700] [PROCESS] [cadence.virtuoso.ade.simulationMonitor] - Simulation Monitor process exit. {"hostname": "dtvt_13", "processid": 25793, "history": "ExplorerRun.0", "testname": "gmIdwl_gmid_1", "cornername": "Nominal", "point": 1, "logfile": "/home/dtvt_13/duyDUT/logs_dtvt_13/logs0/Job3.log"}
