[Simulation Monitor: 32]
[2026-04-16 01:22:24.625 +0700] [PROCESS] [cadence.virtuoso.ade.simulationMonitor] - Simulation Monitor has successfully started up. Trying to set up communication channels to other components ... {"hostname": "dtvt_13", "processid": 11250, "logfile": "/home/dtvt_13/duyDUT/logs_dtvt_13/logs0/Job32.log"}
[2026-04-16 01:22:24.625 +0700] [PROCESS] [cadence.virtuoso.ade.simulationMonitor] - Communication channels have been successfully set up. Start processing events ... {"hostname": "dtvt_13", "processid": 11250, "logfile": "/home/dtvt_13/duyDUT/logs_dtvt_13/logs0/Job32.log"}
[2026-04-16 01:22:24.628 +0700] [PROCESS] [cadence.virtuoso.ade.simulationMonitor] - Started History {"hostname": "dtvt_13", "processid": 11250, "history": "ExplorerRun.0", "logfile": "/home/dtvt_13/duyDUT/logs_dtvt_13/logs0/Job32.log"}
[2026-04-16 01:22:24.628 +0700] [PROCESS] [cadence.virtuoso.ade.simulationMonitor] - HostInfo:
Host name (type):	dtvt_13 (x86_64)
Operating system:	Linux 3.10.0-1160.118.1.el7.x86_64 #1 SMP Wed Apr 24 16:01:50 UTC 2024 {"hostname": "dtvt_13", "processid": 11250, "history": "ExplorerRun.0", "logfile": "/home/dtvt_13/duyDUT/logs_dtvt_13/logs0/Job32.log", "nodename": "dtvt_13", "domainname": "(none)", "machine": "x86_64", "sysname": "Linux", "release": "3.10.0-1160.118.1.el7.x86_64", "version": "#1 SMP Wed Apr 24 16:01:50 UTC 2024"}
[2026-04-16 01:22:24.628 +0700] [PROCESS] [cadence.virtuoso.ade.simulationMonitor] - UsageInfo:
pid=11250
totalPhysicalMemory=15.208324GB,Used=14.431923GB,totalVirtualMemory=22.895821GB,Used=14.461220GB
Cpu: Cores=24, Load average:0.090000,0.130000,0.160000 {"hostname": "dtvt_13", "processid": 11250, "history": "ExplorerRun.0", "logfile": "/home/dtvt_13/duyDUT/logs_dtvt_13/logs0/Job32.log", "pid": "11250", "totalPhysicalMemory": "15.208324", "physicalMemoryUsed": "14.431923", "totalVirtualMemory": "22.895821", "virtualMemoryUsed": "14.461220", "cpuCores": "24", "processes": "2535", "loadAverage1": "0.090000", "loadAverage5": "0.130000", "loadAverage15": "0.160000", "loadAverage1Percent": "0.003750"}
[2026-04-16 01:22:24.628 +0700] [EVENT] [cadence.virtuoso.ade.simulationMonitor] - NewPoint {"history": "ExplorerRun.0", "point": 1, "testname": "gmIdwl_gmid2_1", "cornername": "Nominal", "event": "NewPoint", "EventSource": "Simulation Monitor", "HistoryName": "ExplorerRun.0", "logFile": "/home/dtvt_13/duyDUT/logs_dtvt_13/logs0/Job32.log", "logFileSize": "2087"}
[2026-04-16 01:22:24.729 +0700] [EVENT] [cadence.virtuoso.ade.simulationMonitor] - NewPoint {"history": "ExplorerRun.0", "point": 1, "testname": "gmIdwl_gmid2_1", "cornername": "Nominal", "event": "NewPoint", "EventSource": "spectre", "HistoryName": "ExplorerRun.0", "logFile": "/home/dtvt_13/simulation/gmIdwl/gmid2/maestro/results/maestro/ExplorerRun.0/1/gmIdwl_gmid2_1/psf/spectre.out", "logFileSize": "-1"}
[2026-04-16 01:22:24.738 +0700] [PROCESS] [cadence.virtuoso.ade.simulationMonitor] - Simulator launched {"hostname": "dtvt_13", "processid": 11250, "history": "ExplorerRun.0", "testname": "gmIdwl_gmid2_1", "cornername": "Nominal", "point": 1, "logfile": "/home/dtvt_13/duyDUT/logs_dtvt_13/logs0/Job32.log", "simid": "1"}
[2026-04-16 01:22:24.742 +0700] [PROCESS] [cadence.virtuoso.ade.simulationMonitor] - Expression evaluator launched {"hostname": "dtvt_13", "processid": 11250, "history": "ExplorerRun.0", "testname": "gmIdwl_gmid2_1", "cornername": "Nominal", "point": 1, "logfile": "/home/dtvt_13/duyDUT/logs_dtvt_13/logs0/Job32.log"}
[2026-04-16 01:22:24.755 +0700] [PROCESS] [cadence.virtuoso.ade.simulationMonitor] - Started Simulation {"hostname": "dtvt_13", "processid": 11250, "history": "ExplorerRun.0", "testname": "gmIdwl_gmid2_1", "cornername": "Nominal", "point": 1, "logfile": "/home/dtvt_13/duyDUT/logs_dtvt_13/logs0/Job32.log"}
[2026-04-16 01:22:47.162 +0700] [INFO] [cadence.virtuoso.ade.simulationMonitor] - Peak resident memory used = 86 Mbytes. {"history": "ExplorerRun.0", "point": 1, "testname": "gmIdwl_gmid2_1", "cornername": "Nominal"}
[2026-04-16 01:22:47.162 +0700] [INFO] [cadence.virtuoso.ade.simulationMonitor] - Peak resident memory used = 96.4 Mbytes. {"history": "ExplorerRun.0", "point": 1, "testname": "gmIdwl_gmid2_1", "cornername": "Nominal"}
[2026-04-16 01:22:47.163 +0700] [INFO] [cadence.virtuoso.ade.simulationMonitor] - Notice from spectre during hierarchy flattening.
    The value 'psf' specified for the 'checklimitdest' option will no longer be supported in future releases. Use 'spectre -h' to see other recommended values for the 'checklimitdest' option. {"history": "ExplorerRun.0", "point": 1, "testname": "gmIdwl_gmid2_1", "cornername": "Nominal"}
[2026-04-16 01:22:47.163 +0700] [INFO] [cadence.virtuoso.ade.simulationMonitor] - Peak resident memory used = 97.2 Mbytes. {"history": "ExplorerRun.0", "point": 1, "testname": "gmIdwl_gmid2_1", "cornername": "Nominal"}
[2026-04-16 01:22:47.163 +0700] [WARN] [cadence.virtuoso.ade.simulationMonitor] -     WARNING (SPECTRE-8061): `PM0': Does not have a terminal named `id'. {"history": "ExplorerRun.0", "point": 1, "testname": "gmIdwl_gmid2_1", "cornername": "Nominal"}
[2026-04-16 01:22:47.163 +0700] [WARN] [cadence.virtuoso.ade.simulationMonitor] -     WARNING (SPECTRE-8287): Ignoring invalid item `PM0:id' in save statement. {"history": "ExplorerRun.0", "point": 1, "testname": "gmIdwl_gmid2_1", "cornername": "Nominal"}
[2026-04-16 01:22:47.164 +0700] [WARN] [cadence.virtuoso.ade.simulationMonitor] -     WARNING (SPECTRE-8061): `PM0': Does not have a terminal named `gm'. {"history": "ExplorerRun.0", "point": 1, "testname": "gmIdwl_gmid2_1", "cornername": "Nominal"}
[2026-04-16 01:22:47.164 +0700] [WARN] [cadence.virtuoso.ade.simulationMonitor] -     WARNING (SPECTRE-8287): Ignoring invalid item `PM0:gm' in save statement. {"history": "ExplorerRun.0", "point": 1, "testname": "gmIdwl_gmid2_1", "cornername": "Nominal"}
[2026-04-16 01:22:47.164 +0700] [WARN] [cadence.virtuoso.ade.simulationMonitor] -     WARNING (SPECTRE-8061): `PM0': Does not have a terminal named `vgs'. {"history": "ExplorerRun.0", "point": 1, "testname": "gmIdwl_gmid2_1", "cornername": "Nominal"}
[2026-04-16 01:22:47.164 +0700] [WARN] [cadence.virtuoso.ade.simulationMonitor] -     WARNING (SPECTRE-8287): Ignoring invalid item `PM0:vgs' in save statement. {"history": "ExplorerRun.0", "point": 1, "testname": "gmIdwl_gmid2_1", "cornername": "Nominal"}
[2026-04-16 01:22:47.164 +0700] [WARN] [cadence.virtuoso.ade.simulationMonitor] -     WARNING (SPECTRE-8061): `PM0': Does not have a terminal named `vth'. {"history": "ExplorerRun.0", "point": 1, "testname": "gmIdwl_gmid2_1", "cornername": "Nominal"}
[2026-04-16 01:22:47.165 +0700] [WARN] [cadence.virtuoso.ade.simulationMonitor] -     WARNING (SPECTRE-8287): Ignoring invalid item `PM0:vth' in save statement. {"history": "ExplorerRun.0", "point": 1, "testname": "gmIdwl_gmid2_1", "cornername": "Nominal"}
[2026-04-16 01:22:47.165 +0700] [INFO] [cadence.virtuoso.ade.simulationMonitor] - Notice from spectre during initial setup.
    Multithreading is disabled due to the size of the design being too small. {"history": "ExplorerRun.0", "point": 1, "testname": "gmIdwl_gmid2_1", "cornername": "Nominal"}
[2026-04-16 01:22:47.165 +0700] [INFO] [cadence.virtuoso.ade.simulationMonitor] -               nodes 3 {"history": "ExplorerRun.0", "point": 1, "testname": "gmIdwl_gmid2_1", "cornername": "Nominal"}
[2026-04-16 01:22:47.165 +0700] [INFO] [cadence.virtuoso.ade.simulationMonitor] - Notice from spectre during initial setup.
    APS enabled. {"history": "ExplorerRun.0", "point": 1, "testname": "gmIdwl_gmid2_1", "cornername": "Nominal"}
[2026-04-16 01:22:47.165 +0700] [INFO] [cadence.virtuoso.ade.simulationMonitor] - Peak resident memory used = 98.7 Mbytes. {"history": "ExplorerRun.0", "point": 1, "testname": "gmIdwl_gmid2_1", "cornername": "Nominal"}
[2026-04-16 01:22:47.166 +0700] [INFO] [cadence.virtuoso.ade.simulationMonitor] -    -   (APS) Multi-threading. The recommended number of threads is 1, consider adding +mt=1 on command line. {"history": "ExplorerRun.0", "point": 1, "testname": "gmIdwl_gmid2_1", "cornername": "Nominal"}
[2026-04-16 01:22:47.166 +0700] [INFO] [cadence.virtuoso.ade.simulationMonitor] - Total time required for dc analysis `dcOp': CPU = 1.342 ms, elapsed = 2.27094 ms. {"history": "ExplorerRun.0", "point": 1, "testname": "gmIdwl_gmid2_1", "cornername": "Nominal"}
[2026-04-16 01:22:47.166 +0700] [INFO] [cadence.virtuoso.ade.simulationMonitor] - Peak resident memory used = 100 Mbytes. {"history": "ExplorerRun.0", "point": 1, "testname": "gmIdwl_gmid2_1", "cornername": "Nominal"}
[2026-04-16 01:22:47.166 +0700] [INFO] [cadence.virtuoso.ade.simulationMonitor] - Notice from spectre at vsg = 934e-03 during DC analysis `dc'.
    The value of parameter 'vsg' has been reset to the original value 0.6. {"history": "ExplorerRun.0", "point": 1, "testname": "gmIdwl_gmid2_1", "cornername": "Nominal"}
[2026-04-16 01:22:47.166 +0700] [INFO] [cadence.virtuoso.ade.simulationMonitor] - Total time required for dc analysis `dc': CPU = 219.688 ms, elapsed = 220.599 ms. {"history": "ExplorerRun.0", "point": 1, "testname": "gmIdwl_gmid2_1", "cornername": "Nominal"}
[2026-04-16 01:22:47.166 +0700] [INFO] [cadence.virtuoso.ade.simulationMonitor] - Peak resident memory used = 101 Mbytes. {"history": "ExplorerRun.0", "point": 1, "testname": "gmIdwl_gmid2_1", "cornername": "Nominal"}
[2026-04-16 01:22:47.166 +0700] [INFO] [cadence.virtuoso.ade.simulationMonitor] - Time used: CPU = 736 ms, elapsed = 21.9 s, util. = 3.35%. {"history": "ExplorerRun.0", "point": 1, "testname": "gmIdwl_gmid2_1", "cornername": "Nominal"}
[2026-04-16 01:22:47.167 +0700] [INFO] [cadence.virtuoso.ade.simulationMonitor] - Time spent in licensing: elapsed = 20.7 s, percentage of total = 94.3%. {"history": "ExplorerRun.0", "point": 1, "testname": "gmIdwl_gmid2_1", "cornername": "Nominal"}
[2026-04-16 01:22:47.167 +0700] [INFO] [cadence.virtuoso.ade.simulationMonitor] - Peak memory used = 110 Mbytes. {"history": "ExplorerRun.0", "point": 1, "testname": "gmIdwl_gmid2_1", "cornername": "Nominal"}
[2026-04-16 01:22:47.167 +0700] [PROCESS] [cadence.virtuoso.ade.simulationMonitor] - Simulation started at: 1:22:25 AM, Thur Apr 16, 2026, ended at: 1:22:47 AM, Thur Apr 16, 2026, with elapsed time (wall clock): 21.9 s. {"history": "ExplorerRun.0", "point": 1, "testname": "gmIdwl_gmid2_1", "cornername": "Nominal"}
[2026-04-16 01:22:47.167 +0700] [PROCESS] [cadence.virtuoso.ade.simulationMonitor] - spectre completes with 0 errors, 8 warnings, and 5 notices. {"history": "ExplorerRun.0", "point": 1, "testname": "gmIdwl_gmid2_1", "cornername": "Nominal"}
[2026-04-16 01:22:47.668 +0700] [PROCESS] [cadence.virtuoso.ade.simulationMonitor] - Finished simulating for one point {"hostname": "dtvt_13", "processid": 11250, "history": "ExplorerRun.0", "testname": "gmIdwl_gmid2_1", "cornername": "Nominal", "point": 1, "logfile": "/home/dtvt_13/duyDUT/logs_dtvt_13/logs0/Job32.log", "simid": "1"}
[2026-04-16 01:22:47.668 +0700] [PROCESS] [cadence.virtuoso.ade.simulationMonitor] - Simulator exited {"hostname": "dtvt_13", "processid": 11250, "history": "ExplorerRun.0", "testname": "gmIdwl_gmid2_1", "cornername": "Nominal", "point": 1, "logfile": "/home/dtvt_13/duyDUT/logs_dtvt_13/logs0/Job32.log", "exitStatus": "0"}
[2026-04-16 01:22:47.669 +0700] [PROCESS] [cadence.virtuoso.ade.simulationMonitor] - Finished Simulation {"hostname": "dtvt_13", "processid": 11250, "history": "ExplorerRun.0", "testname": "gmIdwl_gmid2_1", "cornername": "Nominal", "point": 1, "logfile": "/home/dtvt_13/duyDUT/logs_dtvt_13/logs0/Job32.log", "simid": "1"}
[2026-04-16 01:22:48.683 +0700] [PROCESS] [cadence.virtuoso.ade.simulationMonitor] - Point Finished {"hostname": "dtvt_13", "processid": 11250, "history": "ExplorerRun.0", "testname": "gmIdwl_gmid2_1", "cornername": "Nominal", "point": 1, "logfile": "/home/dtvt_13/duyDUT/logs_dtvt_13/logs0/Job32.log"}
[2026-04-16 01:23:13.302 +0700] [INFO] [cadence.virtuoso.ade.simulationMonitor] - SimulationMonitor has terminated the vds process '11330', reason: 'Force to stop the expression evalutor process because of new run' {"history": "ExplorerRun.0", "point": 1, "testname": "gmIdwl_gmid2_1", "cornername": "Nominal"}
[2026-04-16 01:23:13.302 +0700] [PROCESS] [cadence.virtuoso.ade.simulationMonitor] - HostInfo:
Host name (type):	dtvt_13 (x86_64)
Operating system:	Linux 3.10.0-1160.118.1.el7.x86_64 #1 SMP Wed Apr 24 16:01:50 UTC 2024 {"hostname": "dtvt_13", "processid": 11250, "history": "ExplorerRun.0", "testname": "gmIdwl_gmid2_1", "cornername": "Nominal", "point": 1, "logfile": "/home/dtvt_13/duyDUT/logs_dtvt_13/logs0/Job32.log", "nodename": "dtvt_13", "domainname": "(none)", "machine": "x86_64", "sysname": "Linux", "release": "3.10.0-1160.118.1.el7.x86_64", "version": "#1 SMP Wed Apr 24 16:01:50 UTC 2024"}
[2026-04-16 01:23:13.302 +0700] [PROCESS] [cadence.virtuoso.ade.simulationMonitor] - UsageInfo:
pid=11250
totalPhysicalMemory=15.208324GB,Used=14.442154GB,totalVirtualMemory=22.895821GB,Used=14.471451GB
Cpu: Cores=24, Load average:0.040000,0.110000,0.150000 {"hostname": "dtvt_13", "processid": 11250, "history": "ExplorerRun.0", "testname": "gmIdwl_gmid2_1", "cornername": "Nominal", "point": 1, "logfile": "/home/dtvt_13/duyDUT/logs_dtvt_13/logs0/Job32.log", "pid": "11250", "totalPhysicalMemory": "15.208324", "physicalMemoryUsed": "14.442154", "totalVirtualMemory": "22.895821", "virtualMemoryUsed": "14.471451", "cpuCores": "24", "processes": "2567", "loadAverage1": "0.040000", "loadAverage5": "0.110000", "loadAverage15": "0.150000", "loadAverage1Percent": "0.001667"}
[2026-04-16 01:23:13.302 +0700] [EVENT] [cadence.virtuoso.ade.simulationMonitor] - NewPoint {"history": "ExplorerRun.0", "point": 1, "testname": "gmIdwl_gmid2_1", "cornername": "Nominal", "event": "NewPoint", "EventSource": "Simulation Monitor", "HistoryName": "ExplorerRun.0", "logFile": "/home/dtvt_13/duyDUT/logs_dtvt_13/logs0/Job32.log", "logFileSize": "13650"}
[2026-04-16 01:23:13.403 +0700] [EVENT] [cadence.virtuoso.ade.simulationMonitor] - NewPoint {"history": "ExplorerRun.0", "point": 1, "testname": "gmIdwl_gmid2_1", "cornername": "Nominal", "event": "NewPoint", "EventSource": "spectre", "HistoryName": "ExplorerRun.0", "logFile": "/home/dtvt_13/simulation/gmIdwl/gmid2/maestro/results/maestro/ExplorerRun.0/1/gmIdwl_gmid2_1/psf/spectre.out", "logFileSize": "-1"}
[2026-04-16 01:23:13.413 +0700] [PROCESS] [cadence.virtuoso.ade.simulationMonitor] - Simulator launched {"hostname": "dtvt_13", "processid": 11250, "history": "ExplorerRun.0", "testname": "gmIdwl_gmid2_1", "cornername": "Nominal", "point": 1, "logfile": "/home/dtvt_13/duyDUT/logs_dtvt_13/logs0/Job32.log", "simid": "2"}
[2026-04-16 01:23:13.415 +0700] [PROCESS] [cadence.virtuoso.ade.simulationMonitor] - Expression evaluator launched {"hostname": "dtvt_13", "processid": 11250, "history": "ExplorerRun.0", "testname": "gmIdwl_gmid2_1", "cornername": "Nominal", "point": 1, "logfile": "/home/dtvt_13/duyDUT/logs_dtvt_13/logs0/Job32.log"}
[2026-04-16 01:23:13.429 +0700] [PROCESS] [cadence.virtuoso.ade.simulationMonitor] - Started Simulation {"hostname": "dtvt_13", "processid": 11250, "history": "ExplorerRun.0", "testname": "gmIdwl_gmid2_1", "cornername": "Nominal", "point": 1, "logfile": "/home/dtvt_13/duyDUT/logs_dtvt_13/logs0/Job32.log"}
[2026-04-16 01:23:35.313 +0700] [INFO] [cadence.virtuoso.ade.simulationMonitor] - Peak resident memory used = 86 Mbytes. {"history": "ExplorerRun.0", "point": 1, "testname": "gmIdwl_gmid2_1", "cornername": "Nominal"}
[2026-04-16 01:23:35.313 +0700] [INFO] [cadence.virtuoso.ade.simulationMonitor] - Peak resident memory used = 96.4 Mbytes. {"history": "ExplorerRun.0", "point": 1, "testname": "gmIdwl_gmid2_1", "cornername": "Nominal"}
[2026-04-16 01:23:35.313 +0700] [INFO] [cadence.virtuoso.ade.simulationMonitor] - Notice from spectre during hierarchy flattening.
    The value 'psf' specified for the 'checklimitdest' option will no longer be supported in future releases. Use 'spectre -h' to see other recommended values for the 'checklimitdest' option. {"history": "ExplorerRun.0", "point": 1, "testname": "gmIdwl_gmid2_1", "cornername": "Nominal"}
[2026-04-16 01:23:35.313 +0700] [INFO] [cadence.virtuoso.ade.simulationMonitor] - Peak resident memory used = 97.2 Mbytes. {"history": "ExplorerRun.0", "point": 1, "testname": "gmIdwl_gmid2_1", "cornername": "Nominal"}
[2026-04-16 01:23:35.313 +0700] [WARN] [cadence.virtuoso.ade.simulationMonitor] -     WARNING (SPECTRE-8061): `PM0': Does not have a terminal named `id'. {"history": "ExplorerRun.0", "point": 1, "testname": "gmIdwl_gmid2_1", "cornername": "Nominal"}
[2026-04-16 01:23:35.313 +0700] [WARN] [cadence.virtuoso.ade.simulationMonitor] -     WARNING (SPECTRE-8287): Ignoring invalid item `PM0:id' in save statement. {"history": "ExplorerRun.0", "point": 1, "testname": "gmIdwl_gmid2_1", "cornername": "Nominal"}
[2026-04-16 01:23:35.313 +0700] [WARN] [cadence.virtuoso.ade.simulationMonitor] -     WARNING (SPECTRE-8061): `PM0': Does not have a terminal named `gm'. {"history": "ExplorerRun.0", "point": 1, "testname": "gmIdwl_gmid2_1", "cornername": "Nominal"}
[2026-04-16 01:23:35.313 +0700] [WARN] [cadence.virtuoso.ade.simulationMonitor] -     WARNING (SPECTRE-8287): Ignoring invalid item `PM0:gm' in save statement. {"history": "ExplorerRun.0", "point": 1, "testname": "gmIdwl_gmid2_1", "cornername": "Nominal"}
[2026-04-16 01:23:35.313 +0700] [WARN] [cadence.virtuoso.ade.simulationMonitor] -     WARNING (SPECTRE-8061): `PM0': Does not have a terminal named `vgs'. {"history": "ExplorerRun.0", "point": 1, "testname": "gmIdwl_gmid2_1", "cornername": "Nominal"}
[2026-04-16 01:23:35.313 +0700] [WARN] [cadence.virtuoso.ade.simulationMonitor] -     WARNING (SPECTRE-8287): Ignoring invalid item `PM0:vgs' in save statement. {"history": "ExplorerRun.0", "point": 1, "testname": "gmIdwl_gmid2_1", "cornername": "Nominal"}
[2026-04-16 01:23:35.313 +0700] [WARN] [cadence.virtuoso.ade.simulationMonitor] -     WARNING (SPECTRE-8061): `PM0': Does not have a terminal named `vth'. {"history": "ExplorerRun.0", "point": 1, "testname": "gmIdwl_gmid2_1", "cornername": "Nominal"}
[2026-04-16 01:23:35.313 +0700] [WARN] [cadence.virtuoso.ade.simulationMonitor] -     WARNING (SPECTRE-8287): Ignoring invalid item `PM0:vth' in save statement. {"history": "ExplorerRun.0", "point": 1, "testname": "gmIdwl_gmid2_1", "cornername": "Nominal"}
[2026-04-16 01:23:35.313 +0700] [INFO] [cadence.virtuoso.ade.simulationMonitor] - Notice from spectre during initial setup.
    Multithreading is disabled due to the size of the design being too small. {"history": "ExplorerRun.0", "point": 1, "testname": "gmIdwl_gmid2_1", "cornername": "Nominal"}
[2026-04-16 01:23:35.314 +0700] [INFO] [cadence.virtuoso.ade.simulationMonitor] -               nodes 3 {"history": "ExplorerRun.0", "point": 1, "testname": "gmIdwl_gmid2_1", "cornername": "Nominal"}
[2026-04-16 01:23:35.314 +0700] [INFO] [cadence.virtuoso.ade.simulationMonitor] - Notice from spectre during initial setup.
    APS enabled. {"history": "ExplorerRun.0", "point": 1, "testname": "gmIdwl_gmid2_1", "cornername": "Nominal"}
[2026-04-16 01:23:35.314 +0700] [INFO] [cadence.virtuoso.ade.simulationMonitor] - Peak resident memory used = 98.7 Mbytes. {"history": "ExplorerRun.0", "point": 1, "testname": "gmIdwl_gmid2_1", "cornername": "Nominal"}
[2026-04-16 01:23:35.314 +0700] [INFO] [cadence.virtuoso.ade.simulationMonitor] -    -   (APS) Multi-threading. The recommended number of threads is 1, consider adding +mt=1 on command line. {"history": "ExplorerRun.0", "point": 1, "testname": "gmIdwl_gmid2_1", "cornername": "Nominal"}
[2026-04-16 01:23:35.314 +0700] [INFO] [cadence.virtuoso.ade.simulationMonitor] - Total time required for dc analysis `dcOp': CPU = 1.131 ms, elapsed = 2.0709 ms. {"history": "ExplorerRun.0", "point": 1, "testname": "gmIdwl_gmid2_1", "cornername": "Nominal"}
[2026-04-16 01:23:35.314 +0700] [INFO] [cadence.virtuoso.ade.simulationMonitor] - Peak resident memory used = 100 Mbytes. {"history": "ExplorerRun.0", "point": 1, "testname": "gmIdwl_gmid2_1", "cornername": "Nominal"}
[2026-04-16 01:23:35.814 +0700] [PROCESS] [cadence.virtuoso.ade.simulationMonitor] - Finished simulating for one point {"hostname": "dtvt_13", "processid": 11250, "history": "ExplorerRun.0", "testname": "gmIdwl_gmid2_1", "cornername": "Nominal", "point": 1, "logfile": "/home/dtvt_13/duyDUT/logs_dtvt_13/logs0/Job32.log", "simid": "2"}
[2026-04-16 01:23:35.815 +0700] [INFO] [cadence.virtuoso.ade.simulationMonitor] - Notice from spectre at vsg = 934e-03 during DC analysis `dc'.
    The value of parameter 'vsg' has been reset to the original value 0.6. {"history": "ExplorerRun.0", "point": 1, "testname": "gmIdwl_gmid2_1", "cornername": "Nominal"}
[2026-04-16 01:23:35.815 +0700] [INFO] [cadence.virtuoso.ade.simulationMonitor] - Total time required for dc analysis `dc': CPU = 215.307 ms, elapsed = 216.249 ms. {"history": "ExplorerRun.0", "point": 1, "testname": "gmIdwl_gmid2_1", "cornername": "Nominal"}
[2026-04-16 01:23:35.816 +0700] [INFO] [cadence.virtuoso.ade.simulationMonitor] - Peak resident memory used = 101 Mbytes. {"history": "ExplorerRun.0", "point": 1, "testname": "gmIdwl_gmid2_1", "cornername": "Nominal"}
[2026-04-16 01:23:35.816 +0700] [INFO] [cadence.virtuoso.ade.simulationMonitor] - Time used: CPU = 744 ms, elapsed = 21.5 s, util. = 3.45%. {"history": "ExplorerRun.0", "point": 1, "testname": "gmIdwl_gmid2_1", "cornername": "Nominal"}
[2026-04-16 01:23:35.816 +0700] [INFO] [cadence.virtuoso.ade.simulationMonitor] - Time spent in licensing: elapsed = 20.3 s, percentage of total = 94.2%. {"history": "ExplorerRun.0", "point": 1, "testname": "gmIdwl_gmid2_1", "cornername": "Nominal"}
[2026-04-16 01:23:35.816 +0700] [INFO] [cadence.virtuoso.ade.simulationMonitor] - Peak memory used = 110 Mbytes. {"history": "ExplorerRun.0", "point": 1, "testname": "gmIdwl_gmid2_1", "cornername": "Nominal"}
[2026-04-16 01:23:35.817 +0700] [PROCESS] [cadence.virtuoso.ade.simulationMonitor] - Simulation started at: 1:23:13 AM, Thur Apr 16, 2026, ended at: 1:23:35 AM, Thur Apr 16, 2026, with elapsed time (wall clock): 21.5 s. {"history": "ExplorerRun.0", "point": 1, "testname": "gmIdwl_gmid2_1", "cornername": "Nominal"}
[2026-04-16 01:23:35.817 +0700] [PROCESS] [cadence.virtuoso.ade.simulationMonitor] - spectre completes with 0 errors, 8 warnings, and 5 notices. {"history": "ExplorerRun.0", "point": 1, "testname": "gmIdwl_gmid2_1", "cornername": "Nominal"}
[2026-04-16 01:23:35.817 +0700] [PROCESS] [cadence.virtuoso.ade.simulationMonitor] - Simulator exited {"hostname": "dtvt_13", "processid": 11250, "history": "ExplorerRun.0", "testname": "gmIdwl_gmid2_1", "cornername": "Nominal", "point": 1, "logfile": "/home/dtvt_13/duyDUT/logs_dtvt_13/logs0/Job32.log", "exitStatus": "0"}
[2026-04-16 01:23:35.817 +0700] [PROCESS] [cadence.virtuoso.ade.simulationMonitor] - Finished Simulation {"hostname": "dtvt_13", "processid": 11250, "history": "ExplorerRun.0", "testname": "gmIdwl_gmid2_1", "cornername": "Nominal", "point": 1, "logfile": "/home/dtvt_13/duyDUT/logs_dtvt_13/logs0/Job32.log", "simid": "2"}
[2026-04-16 01:23:36.833 +0700] [PROCESS] [cadence.virtuoso.ade.simulationMonitor] - Point Finished {"hostname": "dtvt_13", "processid": 11250, "history": "ExplorerRun.0", "testname": "gmIdwl_gmid2_1", "cornername": "Nominal", "point": 1, "logfile": "/home/dtvt_13/duyDUT/logs_dtvt_13/logs0/Job32.log"}
[2026-04-16 01:28:37.540 +0700] [PROCESS] [cadence.virtuoso.ade.simulationMonitor] - Current memory used: 32.2148 MBytes, peak memory used: 32.2148 MBytes {"hostname": "dtvt_13", "processid": 11250, "history": "ExplorerRun.0", "testname": "gmIdwl_gmid2_1", "cornername": "Nominal", "point": 1, "logfile": "/home/dtvt_13/duyDUT/logs_dtvt_13/logs0/Job32.log"}
[2026-04-16 01:28:37.540 +0700] [PROCESS] [cadence.virtuoso.ade.simulationMonitor] - Simulation Monitor process exit. {"hostname": "dtvt_13", "processid": 11250, "history": "ExplorerRun.0", "testname": "gmIdwl_gmid2_1", "cornername": "Nominal", "point": 1, "logfile": "/home/dtvt_13/duyDUT/logs_dtvt_13/logs0/Job32.log"}
