[Simulation Monitor: 31]
[2026-04-16 01:13:14.755 +0700] [PROCESS] [cadence.virtuoso.ade.simulationMonitor] - Simulation Monitor has successfully started up. Trying to set up communication channels to other components ... {"hostname": "dtvt_13", "processid": 8056, "logfile": "/home/dtvt_13/duyDUT/logs_dtvt_13/logs0/Job31.log"}
[2026-04-16 01:13:14.755 +0700] [PROCESS] [cadence.virtuoso.ade.simulationMonitor] - Communication channels have been successfully set up. Start processing events ... {"hostname": "dtvt_13", "processid": 8056, "logfile": "/home/dtvt_13/duyDUT/logs_dtvt_13/logs0/Job31.log"}
[2026-04-16 01:13:14.757 +0700] [PROCESS] [cadence.virtuoso.ade.simulationMonitor] - Started History {"hostname": "dtvt_13", "processid": 8056, "history": "ExplorerRun.0", "logfile": "/home/dtvt_13/duyDUT/logs_dtvt_13/logs0/Job31.log"}
[2026-04-16 01:13:14.757 +0700] [PROCESS] [cadence.virtuoso.ade.simulationMonitor] - HostInfo:
Host name (type):	dtvt_13 (x86_64)
Operating system:	Linux 3.10.0-1160.118.1.el7.x86_64 #1 SMP Wed Apr 24 16:01:50 UTC 2024 {"hostname": "dtvt_13", "processid": 8056, "history": "ExplorerRun.0", "logfile": "/home/dtvt_13/duyDUT/logs_dtvt_13/logs0/Job31.log", "nodename": "dtvt_13", "domainname": "(none)", "machine": "x86_64", "sysname": "Linux", "release": "3.10.0-1160.118.1.el7.x86_64", "version": "#1 SMP Wed Apr 24 16:01:50 UTC 2024"}
[2026-04-16 01:13:14.757 +0700] [PROCESS] [cadence.virtuoso.ade.simulationMonitor] - UsageInfo:
pid=8056
totalPhysicalMemory=15.208324GB,Used=14.367088GB,totalVirtualMemory=22.895821GB,Used=14.396385GB
Cpu: Cores=24, Load average:0.090000,0.170000,0.190000 {"hostname": "dtvt_13", "processid": 8056, "history": "ExplorerRun.0", "logfile": "/home/dtvt_13/duyDUT/logs_dtvt_13/logs0/Job31.log", "pid": "8056", "totalPhysicalMemory": "15.208324", "physicalMemoryUsed": "14.367088", "totalVirtualMemory": "22.895821", "virtualMemoryUsed": "14.396385", "cpuCores": "24", "processes": "2532", "loadAverage1": "0.090000", "loadAverage5": "0.170000", "loadAverage15": "0.190000", "loadAverage1Percent": "0.003750"}
[2026-04-16 01:13:14.757 +0700] [EVENT] [cadence.virtuoso.ade.simulationMonitor] - NewPoint {"history": "ExplorerRun.0", "point": 1, "testname": "gmIdwl_gmid2_1", "cornername": "Nominal", "event": "NewPoint", "EventSource": "Simulation Monitor", "HistoryName": "ExplorerRun.0", "logFile": "/home/dtvt_13/duyDUT/logs_dtvt_13/logs0/Job31.log", "logFileSize": "2080"}
[2026-04-16 01:13:14.858 +0700] [EVENT] [cadence.virtuoso.ade.simulationMonitor] - NewPoint {"history": "ExplorerRun.0", "point": 1, "testname": "gmIdwl_gmid2_1", "cornername": "Nominal", "event": "NewPoint", "EventSource": "spectre", "HistoryName": "ExplorerRun.0", "logFile": "/home/dtvt_13/simulation/gmIdwl/gmid2/maestro/results/maestro/ExplorerRun.0/1/gmIdwl_gmid2_1/psf/spectre.out", "logFileSize": "-1"}
[2026-04-16 01:13:14.867 +0700] [PROCESS] [cadence.virtuoso.ade.simulationMonitor] - Simulator launched {"hostname": "dtvt_13", "processid": 8056, "history": "ExplorerRun.0", "testname": "gmIdwl_gmid2_1", "cornername": "Nominal", "point": 1, "logfile": "/home/dtvt_13/duyDUT/logs_dtvt_13/logs0/Job31.log", "simid": "1"}
[2026-04-16 01:13:14.871 +0700] [PROCESS] [cadence.virtuoso.ade.simulationMonitor] - Expression evaluator launched {"hostname": "dtvt_13", "processid": 8056, "history": "ExplorerRun.0", "testname": "gmIdwl_gmid2_1", "cornername": "Nominal", "point": 1, "logfile": "/home/dtvt_13/duyDUT/logs_dtvt_13/logs0/Job31.log"}
[2026-04-16 01:13:14.883 +0700] [PROCESS] [cadence.virtuoso.ade.simulationMonitor] - Started Simulation {"hostname": "dtvt_13", "processid": 8056, "history": "ExplorerRun.0", "testname": "gmIdwl_gmid2_1", "cornername": "Nominal", "point": 1, "logfile": "/home/dtvt_13/duyDUT/logs_dtvt_13/logs0/Job31.log"}
[2026-04-16 01:13:36.768 +0700] [INFO] [cadence.virtuoso.ade.simulationMonitor] - Peak resident memory used = 86 Mbytes. {"history": "ExplorerRun.0", "point": 1, "testname": "gmIdwl_gmid2_1", "cornername": "Nominal"}
[2026-04-16 01:13:37.269 +0700] [PROCESS] [cadence.virtuoso.ade.simulationMonitor] - Finished simulating for one point {"hostname": "dtvt_13", "processid": 8056, "history": "ExplorerRun.0", "testname": "gmIdwl_gmid2_1", "cornername": "Nominal", "point": 1, "logfile": "/home/dtvt_13/duyDUT/logs_dtvt_13/logs0/Job31.log", "simid": "1"}
[2026-04-16 01:13:37.270 +0700] [INFO] [cadence.virtuoso.ade.simulationMonitor] - Peak resident memory used = 96.4 Mbytes. {"history": "ExplorerRun.0", "point": 1, "testname": "gmIdwl_gmid2_1", "cornername": "Nominal"}
[2026-04-16 01:13:37.271 +0700] [INFO] [cadence.virtuoso.ade.simulationMonitor] - Notice from spectre during hierarchy flattening.
    The value 'psf' specified for the 'checklimitdest' option will no longer be supported in future releases. Use 'spectre -h' to see other recommended values for the 'checklimitdest' option. {"history": "ExplorerRun.0", "point": 1, "testname": "gmIdwl_gmid2_1", "cornername": "Nominal"}
[2026-04-16 01:13:37.271 +0700] [INFO] [cadence.virtuoso.ade.simulationMonitor] - Peak resident memory used = 97.2 Mbytes. {"history": "ExplorerRun.0", "point": 1, "testname": "gmIdwl_gmid2_1", "cornername": "Nominal"}
[2026-04-16 01:13:37.272 +0700] [WARN] [cadence.virtuoso.ade.simulationMonitor] -     WARNING (SPECTRE-8061): `PM0': Does not have a terminal named `id'. {"history": "ExplorerRun.0", "point": 1, "testname": "gmIdwl_gmid2_1", "cornername": "Nominal"}
[2026-04-16 01:13:37.272 +0700] [WARN] [cadence.virtuoso.ade.simulationMonitor] -     WARNING (SPECTRE-8287): Ignoring invalid item `PM0:id' in save statement. {"history": "ExplorerRun.0", "point": 1, "testname": "gmIdwl_gmid2_1", "cornername": "Nominal"}
[2026-04-16 01:13:37.272 +0700] [WARN] [cadence.virtuoso.ade.simulationMonitor] -     WARNING (SPECTRE-8061): `PM0': Does not have a terminal named `gm'. {"history": "ExplorerRun.0", "point": 1, "testname": "gmIdwl_gmid2_1", "cornername": "Nominal"}
[2026-04-16 01:13:37.273 +0700] [WARN] [cadence.virtuoso.ade.simulationMonitor] -     WARNING (SPECTRE-8287): Ignoring invalid item `PM0:gm' in save statement. {"history": "ExplorerRun.0", "point": 1, "testname": "gmIdwl_gmid2_1", "cornername": "Nominal"}
[2026-04-16 01:13:37.273 +0700] [WARN] [cadence.virtuoso.ade.simulationMonitor] -     WARNING (SPECTRE-8061): `PM0': Does not have a terminal named `vgs'. {"history": "ExplorerRun.0", "point": 1, "testname": "gmIdwl_gmid2_1", "cornername": "Nominal"}
[2026-04-16 01:13:37.273 +0700] [WARN] [cadence.virtuoso.ade.simulationMonitor] -     WARNING (SPECTRE-8287): Ignoring invalid item `PM0:vgs' in save statement. {"history": "ExplorerRun.0", "point": 1, "testname": "gmIdwl_gmid2_1", "cornername": "Nominal"}
[2026-04-16 01:13:37.274 +0700] [WARN] [cadence.virtuoso.ade.simulationMonitor] -     WARNING (SPECTRE-8061): `PM0': Does not have a terminal named `vth'. {"history": "ExplorerRun.0", "point": 1, "testname": "gmIdwl_gmid2_1", "cornername": "Nominal"}
[2026-04-16 01:13:37.274 +0700] [WARN] [cadence.virtuoso.ade.simulationMonitor] -     WARNING (SPECTRE-8287): Ignoring invalid item `PM0:vth' in save statement. {"history": "ExplorerRun.0", "point": 1, "testname": "gmIdwl_gmid2_1", "cornername": "Nominal"}
[2026-04-16 01:13:37.274 +0700] [INFO] [cadence.virtuoso.ade.simulationMonitor] - Notice from spectre during initial setup.
    Multithreading is disabled due to the size of the design being too small. {"history": "ExplorerRun.0", "point": 1, "testname": "gmIdwl_gmid2_1", "cornername": "Nominal"}
[2026-04-16 01:13:37.274 +0700] [INFO] [cadence.virtuoso.ade.simulationMonitor] -               nodes 3 {"history": "ExplorerRun.0", "point": 1, "testname": "gmIdwl_gmid2_1", "cornername": "Nominal"}
[2026-04-16 01:13:37.275 +0700] [INFO] [cadence.virtuoso.ade.simulationMonitor] - Notice from spectre during initial setup.
    APS enabled. {"history": "ExplorerRun.0", "point": 1, "testname": "gmIdwl_gmid2_1", "cornername": "Nominal"}
[2026-04-16 01:13:37.275 +0700] [INFO] [cadence.virtuoso.ade.simulationMonitor] - Peak resident memory used = 98.7 Mbytes. {"history": "ExplorerRun.0", "point": 1, "testname": "gmIdwl_gmid2_1", "cornername": "Nominal"}
[2026-04-16 01:13:37.275 +0700] [INFO] [cadence.virtuoso.ade.simulationMonitor] -    -   (APS) Multi-threading. The recommended number of threads is 1, consider adding +mt=1 on command line. {"history": "ExplorerRun.0", "point": 1, "testname": "gmIdwl_gmid2_1", "cornername": "Nominal"}
[2026-04-16 01:13:37.275 +0700] [INFO] [cadence.virtuoso.ade.simulationMonitor] - Total time required for dc analysis `dcOp': CPU = 3.218 ms, elapsed = 4.25982 ms. {"history": "ExplorerRun.0", "point": 1, "testname": "gmIdwl_gmid2_1", "cornername": "Nominal"}
[2026-04-16 01:13:37.275 +0700] [INFO] [cadence.virtuoso.ade.simulationMonitor] - Peak resident memory used = 100 Mbytes. {"history": "ExplorerRun.0", "point": 1, "testname": "gmIdwl_gmid2_1", "cornername": "Nominal"}
[2026-04-16 01:13:37.275 +0700] [INFO] [cadence.virtuoso.ade.simulationMonitor] - Notice from spectre at vsg = 934e-03 during DC analysis `dc'.
    The value of parameter 'vsg' has been reset to the original value 0.6. {"history": "ExplorerRun.0", "point": 1, "testname": "gmIdwl_gmid2_1", "cornername": "Nominal"}
[2026-04-16 01:13:37.276 +0700] [INFO] [cadence.virtuoso.ade.simulationMonitor] - Total time required for dc analysis `dc': CPU = 221.441 ms, elapsed = 222.592 ms. {"history": "ExplorerRun.0", "point": 1, "testname": "gmIdwl_gmid2_1", "cornername": "Nominal"}
[2026-04-16 01:13:37.276 +0700] [INFO] [cadence.virtuoso.ade.simulationMonitor] - Peak resident memory used = 101 Mbytes. {"history": "ExplorerRun.0", "point": 1, "testname": "gmIdwl_gmid2_1", "cornername": "Nominal"}
[2026-04-16 01:13:37.276 +0700] [INFO] [cadence.virtuoso.ade.simulationMonitor] - Time used: CPU = 777 ms, elapsed = 21.8 s, util. = 3.56%. {"history": "ExplorerRun.0", "point": 1, "testname": "gmIdwl_gmid2_1", "cornername": "Nominal"}
[2026-04-16 01:13:37.276 +0700] [INFO] [cadence.virtuoso.ade.simulationMonitor] - Time spent in licensing: elapsed = 20.5 s, percentage of total = 93.9%. {"history": "ExplorerRun.0", "point": 1, "testname": "gmIdwl_gmid2_1", "cornername": "Nominal"}
[2026-04-16 01:13:37.276 +0700] [INFO] [cadence.virtuoso.ade.simulationMonitor] - Peak memory used = 110 Mbytes. {"history": "ExplorerRun.0", "point": 1, "testname": "gmIdwl_gmid2_1", "cornername": "Nominal"}
[2026-04-16 01:13:37.276 +0700] [PROCESS] [cadence.virtuoso.ade.simulationMonitor] - Simulation started at: 1:13:15 AM, Thur Apr 16, 2026, ended at: 1:13:37 AM, Thur Apr 16, 2026, with elapsed time (wall clock): 21.8 s. {"history": "ExplorerRun.0", "point": 1, "testname": "gmIdwl_gmid2_1", "cornername": "Nominal"}
[2026-04-16 01:13:37.277 +0700] [PROCESS] [cadence.virtuoso.ade.simulationMonitor] - spectre completes with 0 errors, 8 warnings, and 5 notices. {"history": "ExplorerRun.0", "point": 1, "testname": "gmIdwl_gmid2_1", "cornername": "Nominal"}
[2026-04-16 01:13:37.277 +0700] [PROCESS] [cadence.virtuoso.ade.simulationMonitor] - Simulator exited {"hostname": "dtvt_13", "processid": 8056, "history": "ExplorerRun.0", "testname": "gmIdwl_gmid2_1", "cornername": "Nominal", "point": 1, "logfile": "/home/dtvt_13/duyDUT/logs_dtvt_13/logs0/Job31.log", "exitStatus": "0"}
[2026-04-16 01:13:37.277 +0700] [PROCESS] [cadence.virtuoso.ade.simulationMonitor] - Finished Simulation {"hostname": "dtvt_13", "processid": 8056, "history": "ExplorerRun.0", "testname": "gmIdwl_gmid2_1", "cornername": "Nominal", "point": 1, "logfile": "/home/dtvt_13/duyDUT/logs_dtvt_13/logs0/Job31.log", "simid": "1"}
[2026-04-16 01:13:37.791 +0700] [PROCESS] [cadence.virtuoso.ade.simulationMonitor] - Point Finished {"hostname": "dtvt_13", "processid": 8056, "history": "ExplorerRun.0", "testname": "gmIdwl_gmid2_1", "cornername": "Nominal", "point": 1, "logfile": "/home/dtvt_13/duyDUT/logs_dtvt_13/logs0/Job31.log"}
[2026-04-16 01:15:09.992 +0700] [INFO] [cadence.virtuoso.ade.simulationMonitor] - SimulationMonitor has terminated the vds process '8136', reason: 'Force to stop the expression evalutor process because of new run' {"history": "ExplorerRun.0", "point": 1, "testname": "gmIdwl_gmid2_1", "cornername": "Nominal"}
[2026-04-16 01:15:09.992 +0700] [PROCESS] [cadence.virtuoso.ade.simulationMonitor] - HostInfo:
Host name (type):	dtvt_13 (x86_64)
Operating system:	Linux 3.10.0-1160.118.1.el7.x86_64 #1 SMP Wed Apr 24 16:01:50 UTC 2024 {"hostname": "dtvt_13", "processid": 8056, "history": "ExplorerRun.0", "testname": "gmIdwl_gmid2_1", "cornername": "Nominal", "point": 1, "logfile": "/home/dtvt_13/duyDUT/logs_dtvt_13/logs0/Job31.log", "nodename": "dtvt_13", "domainname": "(none)", "machine": "x86_64", "sysname": "Linux", "release": "3.10.0-1160.118.1.el7.x86_64", "version": "#1 SMP Wed Apr 24 16:01:50 UTC 2024"}
[2026-04-16 01:15:09.993 +0700] [PROCESS] [cadence.virtuoso.ade.simulationMonitor] - UsageInfo:
pid=8056
totalPhysicalMemory=15.208324GB,Used=14.377762GB,totalVirtualMemory=22.895821GB,Used=14.407059GB
Cpu: Cores=24, Load average:0.290000,0.200000,0.200000 {"hostname": "dtvt_13", "processid": 8056, "history": "ExplorerRun.0", "testname": "gmIdwl_gmid2_1", "cornername": "Nominal", "point": 1, "logfile": "/home/dtvt_13/duyDUT/logs_dtvt_13/logs0/Job31.log", "pid": "8056", "totalPhysicalMemory": "15.208324", "physicalMemoryUsed": "14.377762", "totalVirtualMemory": "22.895821", "virtualMemoryUsed": "14.407059", "cpuCores": "24", "processes": "2564", "loadAverage1": "0.290000", "loadAverage5": "0.200000", "loadAverage15": "0.200000", "loadAverage1Percent": "0.012083"}
[2026-04-16 01:15:09.993 +0700] [EVENT] [cadence.virtuoso.ade.simulationMonitor] - NewPoint {"history": "ExplorerRun.0", "point": 1, "testname": "gmIdwl_gmid2_1", "cornername": "Nominal", "event": "NewPoint", "EventSource": "Simulation Monitor", "HistoryName": "ExplorerRun.0", "logFile": "/home/dtvt_13/duyDUT/logs_dtvt_13/logs0/Job31.log", "logFileSize": "13631"}
[2026-04-16 01:15:10.094 +0700] [EVENT] [cadence.virtuoso.ade.simulationMonitor] - NewPoint {"history": "ExplorerRun.0", "point": 1, "testname": "gmIdwl_gmid2_1", "cornername": "Nominal", "event": "NewPoint", "EventSource": "spectre", "HistoryName": "ExplorerRun.0", "logFile": "/home/dtvt_13/simulation/gmIdwl/gmid2/maestro/results/maestro/ExplorerRun.0/1/gmIdwl_gmid2_1/psf/spectre.out", "logFileSize": "-1"}
[2026-04-16 01:15:10.104 +0700] [PROCESS] [cadence.virtuoso.ade.simulationMonitor] - Simulator launched {"hostname": "dtvt_13", "processid": 8056, "history": "ExplorerRun.0", "testname": "gmIdwl_gmid2_1", "cornername": "Nominal", "point": 1, "logfile": "/home/dtvt_13/duyDUT/logs_dtvt_13/logs0/Job31.log", "simid": "2"}
[2026-04-16 01:15:10.110 +0700] [PROCESS] [cadence.virtuoso.ade.simulationMonitor] - Expression evaluator launched {"hostname": "dtvt_13", "processid": 8056, "history": "ExplorerRun.0", "testname": "gmIdwl_gmid2_1", "cornername": "Nominal", "point": 1, "logfile": "/home/dtvt_13/duyDUT/logs_dtvt_13/logs0/Job31.log"}
[2026-04-16 01:15:10.116 +0700] [PROCESS] [cadence.virtuoso.ade.simulationMonitor] - Started Simulation {"hostname": "dtvt_13", "processid": 8056, "history": "ExplorerRun.0", "testname": "gmIdwl_gmid2_1", "cornername": "Nominal", "point": 1, "logfile": "/home/dtvt_13/duyDUT/logs_dtvt_13/logs0/Job31.log"}
[2026-04-16 01:15:31.976 +0700] [INFO] [cadence.virtuoso.ade.simulationMonitor] - Peak resident memory used = 86 Mbytes. {"history": "ExplorerRun.0", "point": 1, "testname": "gmIdwl_gmid2_1", "cornername": "Nominal"}
[2026-04-16 01:15:31.976 +0700] [INFO] [cadence.virtuoso.ade.simulationMonitor] - Peak resident memory used = 96.4 Mbytes. {"history": "ExplorerRun.0", "point": 1, "testname": "gmIdwl_gmid2_1", "cornername": "Nominal"}
[2026-04-16 01:15:31.976 +0700] [INFO] [cadence.virtuoso.ade.simulationMonitor] - Notice from spectre during hierarchy flattening.
    The value 'psf' specified for the 'checklimitdest' option will no longer be supported in future releases. Use 'spectre -h' to see other recommended values for the 'checklimitdest' option. {"history": "ExplorerRun.0", "point": 1, "testname": "gmIdwl_gmid2_1", "cornername": "Nominal"}
[2026-04-16 01:15:31.976 +0700] [INFO] [cadence.virtuoso.ade.simulationMonitor] - Peak resident memory used = 97.2 Mbytes. {"history": "ExplorerRun.0", "point": 1, "testname": "gmIdwl_gmid2_1", "cornername": "Nominal"}
[2026-04-16 01:15:31.976 +0700] [WARN] [cadence.virtuoso.ade.simulationMonitor] -     WARNING (SPECTRE-8061): `PM0': Does not have a terminal named `id'. {"history": "ExplorerRun.0", "point": 1, "testname": "gmIdwl_gmid2_1", "cornername": "Nominal"}
[2026-04-16 01:15:31.977 +0700] [WARN] [cadence.virtuoso.ade.simulationMonitor] -     WARNING (SPECTRE-8287): Ignoring invalid item `PM0:id' in save statement. {"history": "ExplorerRun.0", "point": 1, "testname": "gmIdwl_gmid2_1", "cornername": "Nominal"}
[2026-04-16 01:15:31.977 +0700] [WARN] [cadence.virtuoso.ade.simulationMonitor] -     WARNING (SPECTRE-8061): `PM0': Does not have a terminal named `gm'. {"history": "ExplorerRun.0", "point": 1, "testname": "gmIdwl_gmid2_1", "cornername": "Nominal"}
[2026-04-16 01:15:31.977 +0700] [WARN] [cadence.virtuoso.ade.simulationMonitor] -     WARNING (SPECTRE-8287): Ignoring invalid item `PM0:gm' in save statement. {"history": "ExplorerRun.0", "point": 1, "testname": "gmIdwl_gmid2_1", "cornername": "Nominal"}
[2026-04-16 01:15:31.977 +0700] [WARN] [cadence.virtuoso.ade.simulationMonitor] -     WARNING (SPECTRE-8061): `PM0': Does not have a terminal named `vgs'. {"history": "ExplorerRun.0", "point": 1, "testname": "gmIdwl_gmid2_1", "cornername": "Nominal"}
[2026-04-16 01:15:31.977 +0700] [WARN] [cadence.virtuoso.ade.simulationMonitor] -     WARNING (SPECTRE-8287): Ignoring invalid item `PM0:vgs' in save statement. {"history": "ExplorerRun.0", "point": 1, "testname": "gmIdwl_gmid2_1", "cornername": "Nominal"}
[2026-04-16 01:15:31.977 +0700] [WARN] [cadence.virtuoso.ade.simulationMonitor] -     WARNING (SPECTRE-8061): `PM0': Does not have a terminal named `vth'. {"history": "ExplorerRun.0", "point": 1, "testname": "gmIdwl_gmid2_1", "cornername": "Nominal"}
[2026-04-16 01:15:31.977 +0700] [WARN] [cadence.virtuoso.ade.simulationMonitor] -     WARNING (SPECTRE-8287): Ignoring invalid item `PM0:vth' in save statement. {"history": "ExplorerRun.0", "point": 1, "testname": "gmIdwl_gmid2_1", "cornername": "Nominal"}
[2026-04-16 01:15:31.977 +0700] [INFO] [cadence.virtuoso.ade.simulationMonitor] - Notice from spectre during initial setup.
    Multithreading is disabled due to the size of the design being too small. {"history": "ExplorerRun.0", "point": 1, "testname": "gmIdwl_gmid2_1", "cornername": "Nominal"}
[2026-04-16 01:15:31.977 +0700] [INFO] [cadence.virtuoso.ade.simulationMonitor] -               nodes 3 {"history": "ExplorerRun.0", "point": 1, "testname": "gmIdwl_gmid2_1", "cornername": "Nominal"}
[2026-04-16 01:15:31.977 +0700] [INFO] [cadence.virtuoso.ade.simulationMonitor] - Notice from spectre during initial setup.
    APS enabled. {"history": "ExplorerRun.0", "point": 1, "testname": "gmIdwl_gmid2_1", "cornername": "Nominal"}
[2026-04-16 01:15:31.977 +0700] [INFO] [cadence.virtuoso.ade.simulationMonitor] - Peak resident memory used = 98.7 Mbytes. {"history": "ExplorerRun.0", "point": 1, "testname": "gmIdwl_gmid2_1", "cornername": "Nominal"}
[2026-04-16 01:15:31.977 +0700] [INFO] [cadence.virtuoso.ade.simulationMonitor] -    -   (APS) Multi-threading. The recommended number of threads is 1, consider adding +mt=1 on command line. {"history": "ExplorerRun.0", "point": 1, "testname": "gmIdwl_gmid2_1", "cornername": "Nominal"}
[2026-04-16 01:15:31.977 +0700] [INFO] [cadence.virtuoso.ade.simulationMonitor] - Total time required for dc analysis `dcOp': CPU = 1.931 ms, elapsed = 2.92397 ms. {"history": "ExplorerRun.0", "point": 1, "testname": "gmIdwl_gmid2_1", "cornername": "Nominal"}
[2026-04-16 01:15:31.977 +0700] [INFO] [cadence.virtuoso.ade.simulationMonitor] - Peak resident memory used = 100 Mbytes. {"history": "ExplorerRun.0", "point": 1, "testname": "gmIdwl_gmid2_1", "cornername": "Nominal"}
[2026-04-16 01:15:32.478 +0700] [PROCESS] [cadence.virtuoso.ade.simulationMonitor] - Finished simulating for one point {"hostname": "dtvt_13", "processid": 8056, "history": "ExplorerRun.0", "testname": "gmIdwl_gmid2_1", "cornername": "Nominal", "point": 1, "logfile": "/home/dtvt_13/duyDUT/logs_dtvt_13/logs0/Job31.log", "simid": "2"}
[2026-04-16 01:15:32.478 +0700] [INFO] [cadence.virtuoso.ade.simulationMonitor] - Notice from spectre at vsg = 934e-03 during DC analysis `dc'.
    The value of parameter 'vsg' has been reset to the original value 0.6. {"history": "ExplorerRun.0", "point": 1, "testname": "gmIdwl_gmid2_1", "cornername": "Nominal"}
[2026-04-16 01:15:32.479 +0700] [INFO] [cadence.virtuoso.ade.simulationMonitor] - Total time required for dc analysis `dc': CPU = 224.404 ms, elapsed = 225.446 ms. {"history": "ExplorerRun.0", "point": 1, "testname": "gmIdwl_gmid2_1", "cornername": "Nominal"}
[2026-04-16 01:15:32.479 +0700] [INFO] [cadence.virtuoso.ade.simulationMonitor] - Peak resident memory used = 101 Mbytes. {"history": "ExplorerRun.0", "point": 1, "testname": "gmIdwl_gmid2_1", "cornername": "Nominal"}
[2026-04-16 01:15:32.479 +0700] [INFO] [cadence.virtuoso.ade.simulationMonitor] - Time used: CPU = 816 ms, elapsed = 21.6 s, util. = 3.77%. {"history": "ExplorerRun.0", "point": 1, "testname": "gmIdwl_gmid2_1", "cornername": "Nominal"}
[2026-04-16 01:15:32.479 +0700] [INFO] [cadence.virtuoso.ade.simulationMonitor] - Time spent in licensing: elapsed = 20.3 s, percentage of total = 93.7%. {"history": "ExplorerRun.0", "point": 1, "testname": "gmIdwl_gmid2_1", "cornername": "Nominal"}
[2026-04-16 01:15:32.480 +0700] [INFO] [cadence.virtuoso.ade.simulationMonitor] - Peak memory used = 110 Mbytes. {"history": "ExplorerRun.0", "point": 1, "testname": "gmIdwl_gmid2_1", "cornername": "Nominal"}
[2026-04-16 01:15:32.480 +0700] [PROCESS] [cadence.virtuoso.ade.simulationMonitor] - Simulation started at: 1:15:10 AM, Thur Apr 16, 2026, ended at: 1:15:32 AM, Thur Apr 16, 2026, with elapsed time (wall clock): 21.6 s. {"history": "ExplorerRun.0", "point": 1, "testname": "gmIdwl_gmid2_1", "cornername": "Nominal"}
[2026-04-16 01:15:32.481 +0700] [PROCESS] [cadence.virtuoso.ade.simulationMonitor] - spectre completes with 0 errors, 8 warnings, and 5 notices. {"history": "ExplorerRun.0", "point": 1, "testname": "gmIdwl_gmid2_1", "cornername": "Nominal"}
[2026-04-16 01:15:32.481 +0700] [PROCESS] [cadence.virtuoso.ade.simulationMonitor] - Simulator exited {"hostname": "dtvt_13", "processid": 8056, "history": "ExplorerRun.0", "testname": "gmIdwl_gmid2_1", "cornername": "Nominal", "point": 1, "logfile": "/home/dtvt_13/duyDUT/logs_dtvt_13/logs0/Job31.log", "exitStatus": "0"}
[2026-04-16 01:15:32.481 +0700] [PROCESS] [cadence.virtuoso.ade.simulationMonitor] - Finished Simulation {"hostname": "dtvt_13", "processid": 8056, "history": "ExplorerRun.0", "testname": "gmIdwl_gmid2_1", "cornername": "Nominal", "point": 1, "logfile": "/home/dtvt_13/duyDUT/logs_dtvt_13/logs0/Job31.log", "simid": "2"}
[2026-04-16 01:15:33.497 +0700] [PROCESS] [cadence.virtuoso.ade.simulationMonitor] - Point Finished {"hostname": "dtvt_13", "processid": 8056, "history": "ExplorerRun.0", "testname": "gmIdwl_gmid2_1", "cornername": "Nominal", "point": 1, "logfile": "/home/dtvt_13/duyDUT/logs_dtvt_13/logs0/Job31.log"}
[2026-04-16 01:20:34.188 +0700] [PROCESS] [cadence.virtuoso.ade.simulationMonitor] - Current memory used: 32.2266 MBytes, peak memory used: 32.2266 MBytes {"hostname": "dtvt_13", "processid": 8056, "history": "ExplorerRun.0", "testname": "gmIdwl_gmid2_1", "cornername": "Nominal", "point": 1, "logfile": "/home/dtvt_13/duyDUT/logs_dtvt_13/logs0/Job31.log"}
[2026-04-16 01:20:34.188 +0700] [PROCESS] [cadence.virtuoso.ade.simulationMonitor] - Simulation Monitor process exit. {"hostname": "dtvt_13", "processid": 8056, "history": "ExplorerRun.0", "testname": "gmIdwl_gmid2_1", "cornername": "Nominal", "point": 1, "logfile": "/home/dtvt_13/duyDUT/logs_dtvt_13/logs0/Job31.log"}
