[Simulation Monitor: 48]
[2026-04-11 18:43:53.925 +0700] [PROCESS] [cadence.virtuoso.ade.simulationMonitor] - Simulation Monitor has successfully started up. Trying to set up communication channels to other components ... {"hostname": "dtvt_13", "processid": 30720, "logfile": "/home/dtvt_13/duyDUT/logs_dtvt_13/logs0/Job48.log"}
[2026-04-11 18:43:53.925 +0700] [PROCESS] [cadence.virtuoso.ade.simulationMonitor] - Communication channels have been successfully set up. Start processing events ... {"hostname": "dtvt_13", "processid": 30720, "logfile": "/home/dtvt_13/duyDUT/logs_dtvt_13/logs0/Job48.log"}
[2026-04-11 18:43:53.925 +0700] [PROCESS] [cadence.virtuoso.ade.simulationMonitor] - Considering to start history {"hostname": "dtvt_13", "processid": 30720, "history": "ExplorerRun.0", "logfile": "/home/dtvt_13/duyDUT/logs_dtvt_13/logs0/Job48.log"}
[2026-04-11 18:43:53.926 +0700] [PROCESS] [cadence.virtuoso.ade.simulationMonitor] - HostInfo:
Host name (type):	dtvt_13 (x86_64)
Operating system:	Linux 3.10.0-1160.118.1.el7.x86_64 #1 SMP Wed Apr 24 16:01:50 UTC 2024 {"hostname": "dtvt_13", "processid": 30720, "history": "ExplorerRun.0", "logfile": "/home/dtvt_13/duyDUT/logs_dtvt_13/logs0/Job48.log", "nodename": "dtvt_13", "domainname": "(none)", "machine": "x86_64", "sysname": "Linux", "release": "3.10.0-1160.118.1.el7.x86_64", "version": "#1 SMP Wed Apr 24 16:01:50 UTC 2024"}
[2026-04-11 18:43:53.926 +0700] [PROCESS] [cadence.virtuoso.ade.simulationMonitor] - UsageInfo:
pid=30720
totalPhysicalMemory=15.208324GB,Used=14.650177GB,totalVirtualMemory=22.895821GB,Used=14.700714GB
Cpu: Cores=24, Load average:0.050000,0.030000,0.070000 {"hostname": "dtvt_13", "processid": 30720, "history": "ExplorerRun.0", "logfile": "/home/dtvt_13/duyDUT/logs_dtvt_13/logs0/Job48.log", "pid": "30720", "totalPhysicalMemory": "15.208324", "physicalMemoryUsed": "14.650177", "totalVirtualMemory": "22.895821", "virtualMemoryUsed": "14.700714", "cpuCores": "24", "processes": "2540", "loadAverage1": "0.050000", "loadAverage5": "0.030000", "loadAverage15": "0.070000", "loadAverage1Percent": "0.002083"}
[2026-04-11 18:43:53.927 +0700] [EVENT] [cadence.virtuoso.ade.simulationMonitor] - NewPoint {"history": "ExplorerRun.0", "point": 1, "testname": "gmIdwl_gmid_1", "cornername": "Nominal", "event": "NewPoint", "EventSource": "Simulation Monitor", "HistoryName": "ExplorerRun.0", "logFile": "/home/dtvt_13/duyDUT/logs_dtvt_13/logs0/Job48.log", "logFileSize": "2100"}
[2026-04-11 18:43:54.027 +0700] [EVENT] [cadence.virtuoso.ade.simulationMonitor] - NewPoint {"history": "ExplorerRun.0", "point": 1, "testname": "gmIdwl_gmid_1", "cornername": "Nominal", "event": "NewPoint", "EventSource": "spectre", "HistoryName": "ExplorerRun.0", "logFile": "/home/dtvt_13/simulation/gmIdwl/gmid/maestro/results/maestro/ExplorerRun.0/1/gmIdwl_gmid_1/psf/spectre.out", "logFileSize": "-1"}
[2026-04-11 18:43:54.038 +0700] [PROCESS] [cadence.virtuoso.ade.simulationMonitor] - Simulator launched {"hostname": "dtvt_13", "processid": 30720, "history": "ExplorerRun.0", "testname": "gmIdwl_gmid_1", "cornername": "Nominal", "point": 1, "logfile": "/home/dtvt_13/duyDUT/logs_dtvt_13/logs0/Job48.log", "simid": "1"}
[2026-04-11 18:43:54.042 +0700] [PROCESS] [cadence.virtuoso.ade.simulationMonitor] - Expression evaluator launched {"hostname": "dtvt_13", "processid": 30720, "history": "ExplorerRun.0", "testname": "gmIdwl_gmid_1", "cornername": "Nominal", "point": 1, "logfile": "/home/dtvt_13/duyDUT/logs_dtvt_13/logs0/Job48.log"}
[2026-04-11 18:43:54.056 +0700] [PROCESS] [cadence.virtuoso.ade.simulationMonitor] - Started Simulation {"hostname": "dtvt_13", "processid": 30720, "history": "ExplorerRun.0", "testname": "gmIdwl_gmid_1", "cornername": "Nominal", "point": 1, "logfile": "/home/dtvt_13/duyDUT/logs_dtvt_13/logs0/Job48.log"}
[2026-04-11 18:44:15.880 +0700] [INFO] [cadence.virtuoso.ade.simulationMonitor] - Peak resident memory used = 85.9 Mbytes. {"history": "ExplorerRun.0", "point": 1, "testname": "gmIdwl_gmid_1", "cornername": "Nominal"}
[2026-04-11 18:44:16.381 +0700] [PROCESS] [cadence.virtuoso.ade.simulationMonitor] - Finished simulating for one point {"hostname": "dtvt_13", "processid": 30720, "history": "ExplorerRun.0", "testname": "gmIdwl_gmid_1", "cornername": "Nominal", "point": 1, "logfile": "/home/dtvt_13/duyDUT/logs_dtvt_13/logs0/Job48.log", "simid": "1"}
[2026-04-11 18:44:16.381 +0700] [INFO] [cadence.virtuoso.ade.simulationMonitor] - Peak resident memory used = 96.3 Mbytes. {"history": "ExplorerRun.0", "point": 1, "testname": "gmIdwl_gmid_1", "cornername": "Nominal"}
[2026-04-11 18:44:16.382 +0700] [INFO] [cadence.virtuoso.ade.simulationMonitor] - Notice from spectre during hierarchy flattening.
    The value 'psf' specified for the 'checklimitdest' option will no longer be supported in future releases. Use 'spectre -h' to see other recommended values for the 'checklimitdest' option. {"history": "ExplorerRun.0", "point": 1, "testname": "gmIdwl_gmid_1", "cornername": "Nominal"}
[2026-04-11 18:44:16.382 +0700] [WARN] [cadence.virtuoso.ade.simulationMonitor] -     WARNING (SPECTRE-8527): There are some nodes and instances removed from the netlist topology check. Check the circuit and correct the topology. Or use preserve_inst to keep them if necessary. {"history": "ExplorerRun.0", "point": 1, "testname": "gmIdwl_gmid_1", "cornername": "Nominal"}
[2026-04-11 18:44:16.382 +0700] [WARN] [cadence.virtuoso.ade.simulationMonitor] -     WARNING (SPECTRE-8529): Dangling instance. V4 is removed. {"history": "ExplorerRun.0", "point": 1, "testname": "gmIdwl_gmid_1", "cornername": "Nominal"}
[2026-04-11 18:44:16.383 +0700] [WARN] [cadence.virtuoso.ade.simulationMonitor] -     WARNING (SPECTRE-8530): Dangling node. net1 is removed. {"history": "ExplorerRun.0", "point": 1, "testname": "gmIdwl_gmid_1", "cornername": "Nominal"}
[2026-04-11 18:44:16.383 +0700] [INFO] [cadence.virtuoso.ade.simulationMonitor] - Peak resident memory used = 97.2 Mbytes. {"history": "ExplorerRun.0", "point": 1, "testname": "gmIdwl_gmid_1", "cornername": "Nominal"}
[2026-04-11 18:44:16.383 +0700] [INFO] [cadence.virtuoso.ade.simulationMonitor] - Notice from spectre during topology check.
    Only one connection to node `0'. {"history": "ExplorerRun.0", "point": 1, "testname": "gmIdwl_gmid_1", "cornername": "Nominal"}
[2026-04-11 18:44:16.383 +0700] [INFO] [cadence.virtuoso.ade.simulationMonitor] - Notice from spectre during initial setup.
    Multithreading is disabled due to the size of the design being too small. {"history": "ExplorerRun.0", "point": 1, "testname": "gmIdwl_gmid_1", "cornername": "Nominal"}
[2026-04-11 18:44:16.384 +0700] [INFO] [cadence.virtuoso.ade.simulationMonitor] -               nodes 4 {"history": "ExplorerRun.0", "point": 1, "testname": "gmIdwl_gmid_1", "cornername": "Nominal"}
[2026-04-11 18:44:16.384 +0700] [INFO] [cadence.virtuoso.ade.simulationMonitor] - Notice from spectre during initial setup.
    APS enabled. {"history": "ExplorerRun.0", "point": 1, "testname": "gmIdwl_gmid_1", "cornername": "Nominal"}
[2026-04-11 18:44:16.384 +0700] [INFO] [cadence.virtuoso.ade.simulationMonitor] - Peak resident memory used = 98.6 Mbytes. {"history": "ExplorerRun.0", "point": 1, "testname": "gmIdwl_gmid_1", "cornername": "Nominal"}
[2026-04-11 18:44:16.385 +0700] [INFO] [cadence.virtuoso.ade.simulationMonitor] -    -   (APS) Multi-threading. The recommended number of threads is 1, consider adding +mt=1 on command line. {"history": "ExplorerRun.0", "point": 1, "testname": "gmIdwl_gmid_1", "cornername": "Nominal"}
[2026-04-11 18:44:16.385 +0700] [INFO] [cadence.virtuoso.ade.simulationMonitor] - Total time required for dc analysis `dcOp': CPU = 1.181 ms, elapsed = 2.17104 ms. {"history": "ExplorerRun.0", "point": 1, "testname": "gmIdwl_gmid_1", "cornername": "Nominal"}
[2026-04-11 18:44:16.385 +0700] [INFO] [cadence.virtuoso.ade.simulationMonitor] - Peak resident memory used = 100 Mbytes. {"history": "ExplorerRun.0", "point": 1, "testname": "gmIdwl_gmid_1", "cornername": "Nominal"}
[2026-04-11 18:44:16.385 +0700] [INFO] [cadence.virtuoso.ade.simulationMonitor] - Notice from spectre at dc = 1.8 V during DC analysis `dc'.
    The value of parameter 'dc' has been reset to the original value 0.5. {"history": "ExplorerRun.0", "point": 1, "testname": "gmIdwl_gmid_1", "cornername": "Nominal"}
[2026-04-11 18:44:16.385 +0700] [INFO] [cadence.virtuoso.ade.simulationMonitor] - Total time required for dc analysis `dc': CPU = 1.351 ms, elapsed = 2.25687 ms. {"history": "ExplorerRun.0", "point": 1, "testname": "gmIdwl_gmid_1", "cornername": "Nominal"}
[2026-04-11 18:44:16.386 +0700] [INFO] [cadence.virtuoso.ade.simulationMonitor] - Peak resident memory used = 101 Mbytes. {"history": "ExplorerRun.0", "point": 1, "testname": "gmIdwl_gmid_1", "cornername": "Nominal"}
[2026-04-11 18:44:16.386 +0700] [INFO] [cadence.virtuoso.ade.simulationMonitor] - Time used: CPU = 499 ms, elapsed = 21.4 s, util. = 2.33%. {"history": "ExplorerRun.0", "point": 1, "testname": "gmIdwl_gmid_1", "cornername": "Nominal"}
[2026-04-11 18:44:16.386 +0700] [INFO] [cadence.virtuoso.ade.simulationMonitor] - Time spent in licensing: elapsed = 20.3 s, percentage of total = 94.9%. {"history": "ExplorerRun.0", "point": 1, "testname": "gmIdwl_gmid_1", "cornername": "Nominal"}
[2026-04-11 18:44:16.386 +0700] [INFO] [cadence.virtuoso.ade.simulationMonitor] - Peak memory used = 110 Mbytes. {"history": "ExplorerRun.0", "point": 1, "testname": "gmIdwl_gmid_1", "cornername": "Nominal"}
[2026-04-11 18:44:16.387 +0700] [PROCESS] [cadence.virtuoso.ade.simulationMonitor] - Simulation started at: 6:43:54 PM, Sat Apr 11, 2026, ended at: 6:44:15 PM, Sat Apr 11, 2026, with elapsed time (wall clock): 21.4 s. {"history": "ExplorerRun.0", "point": 1, "testname": "gmIdwl_gmid_1", "cornername": "Nominal"}
[2026-04-11 18:44:16.387 +0700] [PROCESS] [cadence.virtuoso.ade.simulationMonitor] - spectre completes with 0 errors, 3 warnings, and 6 notices. {"history": "ExplorerRun.0", "point": 1, "testname": "gmIdwl_gmid_1", "cornername": "Nominal"}
[2026-04-11 18:44:16.387 +0700] [PROCESS] [cadence.virtuoso.ade.simulationMonitor] - Simulator exited {"hostname": "dtvt_13", "processid": 30720, "history": "ExplorerRun.0", "testname": "gmIdwl_gmid_1", "cornername": "Nominal", "point": 1, "logfile": "/home/dtvt_13/duyDUT/logs_dtvt_13/logs0/Job48.log", "exitStatus": "0"}
[2026-04-11 18:44:16.387 +0700] [PROCESS] [cadence.virtuoso.ade.simulationMonitor] - Finished Simulation {"hostname": "dtvt_13", "processid": 30720, "history": "ExplorerRun.0", "testname": "gmIdwl_gmid_1", "cornername": "Nominal", "point": 1, "logfile": "/home/dtvt_13/duyDUT/logs_dtvt_13/logs0/Job48.log", "simid": "1"}
[2026-04-11 18:44:17.402 +0700] [PROCESS] [cadence.virtuoso.ade.simulationMonitor] - Point Finished {"hostname": "dtvt_13", "processid": 30720, "history": "ExplorerRun.0", "testname": "gmIdwl_gmid_1", "cornername": "Nominal", "point": 1, "logfile": "/home/dtvt_13/duyDUT/logs_dtvt_13/logs0/Job48.log"}
[2026-04-11 18:49:18.084 +0700] [PROCESS] [cadence.virtuoso.ade.simulationMonitor] - Current memory used: 32.1641 MBytes, peak memory used: 32.1641 MBytes {"hostname": "dtvt_13", "processid": 30720, "history": "ExplorerRun.0", "testname": "gmIdwl_gmid_1", "cornername": "Nominal", "point": 1, "logfile": "/home/dtvt_13/duyDUT/logs_dtvt_13/logs0/Job48.log"}
[2026-04-11 18:49:18.085 +0700] [PROCESS] [cadence.virtuoso.ade.simulationMonitor] - Simulation Monitor process exit. {"hostname": "dtvt_13", "processid": 30720, "history": "ExplorerRun.0", "testname": "gmIdwl_gmid_1", "cornername": "Nominal", "point": 1, "logfile": "/home/dtvt_13/duyDUT/logs_dtvt_13/logs0/Job48.log"}
