[Simulation Monitor: 41]
[2026-04-18 01:09:16.654 +0700] [PROCESS] [cadence.virtuoso.ade.simulationMonitor] - Simulation Monitor has successfully started up. Trying to set up communication channels to other components ... {"hostname": "dtvt_13", "processid": 7459, "logfile": "/home/dtvt_13/duyDUT/logs_dtvt_13/logs0/Job41.log"}
[2026-04-18 01:09:16.654 +0700] [PROCESS] [cadence.virtuoso.ade.simulationMonitor] - Communication channels have been successfully set up. Start processing events ... {"hostname": "dtvt_13", "processid": 7459, "logfile": "/home/dtvt_13/duyDUT/logs_dtvt_13/logs0/Job41.log"}
[2026-04-18 01:09:16.654 +0700] [PROCESS] [cadence.virtuoso.ade.simulationMonitor] - Considering to start history {"hostname": "dtvt_13", "processid": 7459, "history": "ExplorerRun.0", "logfile": "/home/dtvt_13/duyDUT/logs_dtvt_13/logs0/Job41.log"}
[2026-04-18 01:09:16.654 +0700] [PROCESS] [cadence.virtuoso.ade.simulationMonitor] - HostInfo:
Host name (type):	dtvt_13 (x86_64)
Operating system:	Linux 3.10.0-1160.118.1.el7.x86_64 #1 SMP Wed Apr 24 16:01:50 UTC 2024 {"hostname": "dtvt_13", "processid": 7459, "history": "ExplorerRun.0", "logfile": "/home/dtvt_13/duyDUT/logs_dtvt_13/logs0/Job41.log", "nodename": "dtvt_13", "domainname": "(none)", "machine": "x86_64", "sysname": "Linux", "release": "3.10.0-1160.118.1.el7.x86_64", "version": "#1 SMP Wed Apr 24 16:01:50 UTC 2024"}
[2026-04-18 01:09:16.654 +0700] [PROCESS] [cadence.virtuoso.ade.simulationMonitor] - UsageInfo:
pid=7459
totalPhysicalMemory=15.208324GB,Used=14.978100GB,totalVirtualMemory=22.895821GB,Used=15.009350GB
Cpu: Cores=24, Load average:0.030000,0.040000,0.050000 {"hostname": "dtvt_13", "processid": 7459, "history": "ExplorerRun.0", "logfile": "/home/dtvt_13/duyDUT/logs_dtvt_13/logs0/Job41.log", "pid": "7459", "totalPhysicalMemory": "15.208324", "physicalMemoryUsed": "14.978100", "totalVirtualMemory": "22.895821", "virtualMemoryUsed": "15.009350", "cpuCores": "24", "processes": "2598", "loadAverage1": "0.030000", "loadAverage5": "0.040000", "loadAverage15": "0.050000", "loadAverage1Percent": "0.001250"}
[2026-04-18 01:09:16.654 +0700] [EVENT] [cadence.virtuoso.ade.simulationMonitor] - NewPoint {"history": "ExplorerRun.0", "point": 1, "testname": "gmIdwl_gmid2_1", "cornername": "Nominal", "event": "NewPoint", "EventSource": "Simulation Monitor", "HistoryName": "ExplorerRun.0", "logFile": "/home/dtvt_13/duyDUT/logs_dtvt_13/logs0/Job41.log", "logFileSize": "2093"}
[2026-04-18 01:09:16.654 +0700] [EVENT] [cadence.virtuoso.ade.simulationMonitor] - NewPoint {"history": "ExplorerRun.0", "point": 1, "testname": "gmIdwl_gmid2_1", "cornername": "Nominal", "event": "NewPoint", "EventSource": "spectre", "HistoryName": "ExplorerRun.0", "logFile": "/home/dtvt_13/simulation/gmIdwl/gmid2/maestro/results/maestro/ExplorerRun.0/1/gmIdwl_gmid2_1/psf/spectre.out", "logFileSize": "-1"}
[2026-04-18 01:09:16.654 +0700] [PROCESS] [cadence.virtuoso.ade.simulationMonitor] - Simulator launched {"hostname": "dtvt_13", "processid": 7459, "history": "ExplorerRun.0", "testname": "gmIdwl_gmid2_1", "cornername": "Nominal", "point": 1, "logfile": "/home/dtvt_13/duyDUT/logs_dtvt_13/logs0/Job41.log", "simid": "1"}
[2026-04-18 01:09:16.654 +0700] [PROCESS] [cadence.virtuoso.ade.simulationMonitor] - Expression evaluator launched {"hostname": "dtvt_13", "processid": 7459, "history": "ExplorerRun.0", "testname": "gmIdwl_gmid2_1", "cornername": "Nominal", "point": 1, "logfile": "/home/dtvt_13/duyDUT/logs_dtvt_13/logs0/Job41.log"}
[2026-04-18 01:09:16.654 +0700] [PROCESS] [cadence.virtuoso.ade.simulationMonitor] - Started Simulation {"hostname": "dtvt_13", "processid": 7459, "history": "ExplorerRun.0", "testname": "gmIdwl_gmid2_1", "cornername": "Nominal", "point": 1, "logfile": "/home/dtvt_13/duyDUT/logs_dtvt_13/logs0/Job41.log"}
[2026-04-18 01:09:38.604 +0700] [INFO] [cadence.virtuoso.ade.simulationMonitor] - Peak resident memory used = 86 Mbytes. {"history": "ExplorerRun.0", "point": 1, "testname": "gmIdwl_gmid2_1", "cornername": "Nominal"}
[2026-04-18 01:09:38.604 +0700] [INFO] [cadence.virtuoso.ade.simulationMonitor] - Peak resident memory used = 96.4 Mbytes. {"history": "ExplorerRun.0", "point": 1, "testname": "gmIdwl_gmid2_1", "cornername": "Nominal"}
[2026-04-18 01:09:38.604 +0700] [INFO] [cadence.virtuoso.ade.simulationMonitor] - Notice from spectre during hierarchy flattening.
    The value 'psf' specified for the 'checklimitdest' option will no longer be supported in future releases. Use 'spectre -h' to see other recommended values for the 'checklimitdest' option. {"history": "ExplorerRun.0", "point": 1, "testname": "gmIdwl_gmid2_1", "cornername": "Nominal"}
[2026-04-18 01:09:38.604 +0700] [INFO] [cadence.virtuoso.ade.simulationMonitor] - Peak resident memory used = 97.2 Mbytes. {"history": "ExplorerRun.0", "point": 1, "testname": "gmIdwl_gmid2_1", "cornername": "Nominal"}
[2026-04-18 01:09:38.604 +0700] [WARN] [cadence.virtuoso.ade.simulationMonitor] -     WARNING (SPECTRE-8061): `PM0': Does not have a terminal named `id'. {"history": "ExplorerRun.0", "point": 1, "testname": "gmIdwl_gmid2_1", "cornername": "Nominal"}
[2026-04-18 01:09:38.604 +0700] [WARN] [cadence.virtuoso.ade.simulationMonitor] -     WARNING (SPECTRE-8287): Ignoring invalid item `PM0:id' in save statement. {"history": "ExplorerRun.0", "point": 1, "testname": "gmIdwl_gmid2_1", "cornername": "Nominal"}
[2026-04-18 01:09:38.604 +0700] [WARN] [cadence.virtuoso.ade.simulationMonitor] -     WARNING (SPECTRE-8061): `PM0': Does not have a terminal named `gm'. {"history": "ExplorerRun.0", "point": 1, "testname": "gmIdwl_gmid2_1", "cornername": "Nominal"}
[2026-04-18 01:09:38.604 +0700] [WARN] [cadence.virtuoso.ade.simulationMonitor] -     WARNING (SPECTRE-8287): Ignoring invalid item `PM0:gm' in save statement. {"history": "ExplorerRun.0", "point": 1, "testname": "gmIdwl_gmid2_1", "cornername": "Nominal"}
[2026-04-18 01:09:38.604 +0700] [WARN] [cadence.virtuoso.ade.simulationMonitor] -     WARNING (SPECTRE-8061): `PM0': Does not have a terminal named `vgs'. {"history": "ExplorerRun.0", "point": 1, "testname": "gmIdwl_gmid2_1", "cornername": "Nominal"}
[2026-04-18 01:09:38.604 +0700] [WARN] [cadence.virtuoso.ade.simulationMonitor] -     WARNING (SPECTRE-8287): Ignoring invalid item `PM0:vgs' in save statement. {"history": "ExplorerRun.0", "point": 1, "testname": "gmIdwl_gmid2_1", "cornername": "Nominal"}
[2026-04-18 01:09:38.604 +0700] [WARN] [cadence.virtuoso.ade.simulationMonitor] -     WARNING (SPECTRE-8061): `PM0': Does not have a terminal named `vth'. {"history": "ExplorerRun.0", "point": 1, "testname": "gmIdwl_gmid2_1", "cornername": "Nominal"}
[2026-04-18 01:09:38.604 +0700] [WARN] [cadence.virtuoso.ade.simulationMonitor] -     WARNING (SPECTRE-8287): Ignoring invalid item `PM0:vth' in save statement. {"history": "ExplorerRun.0", "point": 1, "testname": "gmIdwl_gmid2_1", "cornername": "Nominal"}
[2026-04-18 01:09:38.604 +0700] [INFO] [cadence.virtuoso.ade.simulationMonitor] - Notice from spectre during initial setup.
    Multithreading is disabled due to the size of the design being too small. {"history": "ExplorerRun.0", "point": 1, "testname": "gmIdwl_gmid2_1", "cornername": "Nominal"}
[2026-04-18 01:09:38.604 +0700] [INFO] [cadence.virtuoso.ade.simulationMonitor] -               nodes 3 {"history": "ExplorerRun.0", "point": 1, "testname": "gmIdwl_gmid2_1", "cornername": "Nominal"}
[2026-04-18 01:09:38.604 +0700] [INFO] [cadence.virtuoso.ade.simulationMonitor] - Notice from spectre during initial setup.
    APS enabled. {"history": "ExplorerRun.0", "point": 1, "testname": "gmIdwl_gmid2_1", "cornername": "Nominal"}
[2026-04-18 01:09:38.604 +0700] [INFO] [cadence.virtuoso.ade.simulationMonitor] - Peak resident memory used = 98.7 Mbytes. {"history": "ExplorerRun.0", "point": 1, "testname": "gmIdwl_gmid2_1", "cornername": "Nominal"}
[2026-04-18 01:09:38.604 +0700] [INFO] [cadence.virtuoso.ade.simulationMonitor] -    -   (APS) Multi-threading. The recommended number of threads is 1, consider adding +mt=1 on command line. {"history": "ExplorerRun.0", "point": 1, "testname": "gmIdwl_gmid2_1", "cornername": "Nominal"}
[2026-04-18 01:09:38.604 +0700] [INFO] [cadence.virtuoso.ade.simulationMonitor] - Total time required for dc analysis `dcOp': CPU = 1.909 ms, elapsed = 2.88582 ms. {"history": "ExplorerRun.0", "point": 1, "testname": "gmIdwl_gmid2_1", "cornername": "Nominal"}
[2026-04-18 01:09:38.604 +0700] [INFO] [cadence.virtuoso.ade.simulationMonitor] - Peak resident memory used = 100 Mbytes. {"history": "ExplorerRun.0", "point": 1, "testname": "gmIdwl_gmid2_1", "cornername": "Nominal"}
[2026-04-18 01:09:39.107 +0700] [PROCESS] [cadence.virtuoso.ade.simulationMonitor] - Finished simulating for one point {"hostname": "dtvt_13", "processid": 7459, "history": "ExplorerRun.0", "testname": "gmIdwl_gmid2_1", "cornername": "Nominal", "point": 1, "logfile": "/home/dtvt_13/duyDUT/logs_dtvt_13/logs0/Job41.log", "simid": "1"}
[2026-04-18 01:09:39.107 +0700] [INFO] [cadence.virtuoso.ade.simulationMonitor] - Notice from spectre at vsg = 934e-03 during DC analysis `dc'.
    The value of parameter 'vsg' has been reset to the original value 0.6. {"history": "ExplorerRun.0", "point": 1, "testname": "gmIdwl_gmid2_1", "cornername": "Nominal"}
[2026-04-18 01:09:39.107 +0700] [INFO] [cadence.virtuoso.ade.simulationMonitor] - Total time required for dc analysis `dc': CPU = 631.807 ms, elapsed = 632.838 ms. {"history": "ExplorerRun.0", "point": 1, "testname": "gmIdwl_gmid2_1", "cornername": "Nominal"}
[2026-04-18 01:09:39.107 +0700] [INFO] [cadence.virtuoso.ade.simulationMonitor] - Peak resident memory used = 101 Mbytes. {"history": "ExplorerRun.0", "point": 1, "testname": "gmIdwl_gmid2_1", "cornername": "Nominal"}
[2026-04-18 01:09:39.107 +0700] [INFO] [cadence.virtuoso.ade.simulationMonitor] - Time used: CPU = 1.05 s, elapsed = 21.8 s, util. = 4.82%. {"history": "ExplorerRun.0", "point": 1, "testname": "gmIdwl_gmid2_1", "cornername": "Nominal"}
[2026-04-18 01:09:39.107 +0700] [INFO] [cadence.virtuoso.ade.simulationMonitor] - Time spent in licensing: elapsed = 20.7 s, percentage of total = 94.9%. {"history": "ExplorerRun.0", "point": 1, "testname": "gmIdwl_gmid2_1", "cornername": "Nominal"}
[2026-04-18 01:09:39.107 +0700] [INFO] [cadence.virtuoso.ade.simulationMonitor] - Peak memory used = 110 Mbytes. {"history": "ExplorerRun.0", "point": 1, "testname": "gmIdwl_gmid2_1", "cornername": "Nominal"}
[2026-04-18 01:09:39.107 +0700] [PROCESS] [cadence.virtuoso.ade.simulationMonitor] - Simulation started at: 1:09:17 AM, Sat Apr 18, 2026, ended at: 1:09:38 AM, Sat Apr 18, 2026, with elapsed time (wall clock): 21.8 s. {"history": "ExplorerRun.0", "point": 1, "testname": "gmIdwl_gmid2_1", "cornername": "Nominal"}
[2026-04-18 01:09:39.107 +0700] [PROCESS] [cadence.virtuoso.ade.simulationMonitor] - spectre completes with 0 errors, 8 warnings, and 5 notices. {"history": "ExplorerRun.0", "point": 1, "testname": "gmIdwl_gmid2_1", "cornername": "Nominal"}
[2026-04-18 01:09:39.107 +0700] [PROCESS] [cadence.virtuoso.ade.simulationMonitor] - Simulator exited {"hostname": "dtvt_13", "processid": 7459, "history": "ExplorerRun.0", "testname": "gmIdwl_gmid2_1", "cornername": "Nominal", "point": 1, "logfile": "/home/dtvt_13/duyDUT/logs_dtvt_13/logs0/Job41.log", "exitStatus": "0"}
[2026-04-18 01:09:39.107 +0700] [PROCESS] [cadence.virtuoso.ade.simulationMonitor] - Finished Simulation {"hostname": "dtvt_13", "processid": 7459, "history": "ExplorerRun.0", "testname": "gmIdwl_gmid2_1", "cornername": "Nominal", "point": 1, "logfile": "/home/dtvt_13/duyDUT/logs_dtvt_13/logs0/Job41.log", "simid": "1"}
[2026-04-18 01:09:39.107 +0700] [PROCESS] [cadence.virtuoso.ade.simulationMonitor] - Point Finished {"hostname": "dtvt_13", "processid": 7459, "history": "ExplorerRun.0", "testname": "gmIdwl_gmid2_1", "cornername": "Nominal", "point": 1, "logfile": "/home/dtvt_13/duyDUT/logs_dtvt_13/logs0/Job41.log"}
[2026-04-18 01:12:31.881 +0700] [INFO] [cadence.virtuoso.ade.simulationMonitor] - SimulationMonitor has terminated the vds process '7574', reason: 'Force to stop the expression evalutor process because of new run' {"history": "ExplorerRun.0", "point": 1, "testname": "gmIdwl_gmid2_1", "cornername": "Nominal"}
[2026-04-18 01:12:31.881 +0700] [PROCESS] [cadence.virtuoso.ade.simulationMonitor] - HostInfo:
Host name (type):	dtvt_13 (x86_64)
Operating system:	Linux 3.10.0-1160.118.1.el7.x86_64 #1 SMP Wed Apr 24 16:01:50 UTC 2024 {"hostname": "dtvt_13", "processid": 7459, "history": "ExplorerRun.0", "testname": "gmIdwl_gmid2_1", "cornername": "Nominal", "point": 1, "logfile": "/home/dtvt_13/duyDUT/logs_dtvt_13/logs0/Job41.log", "nodename": "dtvt_13", "domainname": "(none)", "machine": "x86_64", "sysname": "Linux", "release": "3.10.0-1160.118.1.el7.x86_64", "version": "#1 SMP Wed Apr 24 16:01:50 UTC 2024"}
[2026-04-18 01:12:31.881 +0700] [PROCESS] [cadence.virtuoso.ade.simulationMonitor] - UsageInfo:
pid=7459
totalPhysicalMemory=15.208324GB,Used=14.753845GB,totalVirtualMemory=22.895821GB,Used=14.788025GB
Cpu: Cores=24, Load average:0.490000,0.290000,0.140000 {"hostname": "dtvt_13", "processid": 7459, "history": "ExplorerRun.0", "testname": "gmIdwl_gmid2_1", "cornername": "Nominal", "point": 1, "logfile": "/home/dtvt_13/duyDUT/logs_dtvt_13/logs0/Job41.log", "pid": "7459", "totalPhysicalMemory": "15.208324", "physicalMemoryUsed": "14.753845", "totalVirtualMemory": "22.895821", "virtualMemoryUsed": "14.788025", "cpuCores": "24", "processes": "2603", "loadAverage1": "0.490000", "loadAverage5": "0.290000", "loadAverage15": "0.140000", "loadAverage1Percent": "0.020417"}
[2026-04-18 01:12:31.881 +0700] [EVENT] [cadence.virtuoso.ade.simulationMonitor] - NewPoint {"history": "ExplorerRun.0", "point": 1, "testname": "gmIdwl_gmid2_1", "cornername": "Nominal", "event": "NewPoint", "EventSource": "Simulation Monitor", "HistoryName": "ExplorerRun.0", "logFile": "/home/dtvt_13/duyDUT/logs_dtvt_13/logs0/Job41.log", "logFileSize": "13642"}
[2026-04-18 01:12:31.881 +0700] [EVENT] [cadence.virtuoso.ade.simulationMonitor] - NewPoint {"history": "ExplorerRun.0", "point": 1, "testname": "gmIdwl_gmid2_1", "cornername": "Nominal", "event": "NewPoint", "EventSource": "spectre", "HistoryName": "ExplorerRun.0", "logFile": "/home/dtvt_13/simulation/gmIdwl/gmid2/maestro/results/maestro/ExplorerRun.0/1/gmIdwl_gmid2_1/psf/spectre.out", "logFileSize": "-1"}
[2026-04-18 01:12:31.881 +0700] [PROCESS] [cadence.virtuoso.ade.simulationMonitor] - Simulator launched {"hostname": "dtvt_13", "processid": 7459, "history": "ExplorerRun.0", "testname": "gmIdwl_gmid2_1", "cornername": "Nominal", "point": 1, "logfile": "/home/dtvt_13/duyDUT/logs_dtvt_13/logs0/Job41.log", "simid": "2"}
[2026-04-18 01:12:31.881 +0700] [PROCESS] [cadence.virtuoso.ade.simulationMonitor] - Expression evaluator launched {"hostname": "dtvt_13", "processid": 7459, "history": "ExplorerRun.0", "testname": "gmIdwl_gmid2_1", "cornername": "Nominal", "point": 1, "logfile": "/home/dtvt_13/duyDUT/logs_dtvt_13/logs0/Job41.log"}
[2026-04-18 01:12:32.007 +0700] [PROCESS] [cadence.virtuoso.ade.simulationMonitor] - Started Simulation {"hostname": "dtvt_13", "processid": 7459, "history": "ExplorerRun.0", "testname": "gmIdwl_gmid2_1", "cornername": "Nominal", "point": 1, "logfile": "/home/dtvt_13/duyDUT/logs_dtvt_13/logs0/Job41.log"}
[2026-04-18 01:12:54.311 +0700] [INFO] [cadence.virtuoso.ade.simulationMonitor] - Peak resident memory used = 86 Mbytes. {"history": "ExplorerRun.0", "point": 1, "testname": "gmIdwl_gmid2_1", "cornername": "Nominal"}
[2026-04-18 01:12:54.311 +0700] [INFO] [cadence.virtuoso.ade.simulationMonitor] - Peak resident memory used = 96.4 Mbytes. {"history": "ExplorerRun.0", "point": 1, "testname": "gmIdwl_gmid2_1", "cornername": "Nominal"}
[2026-04-18 01:12:54.311 +0700] [INFO] [cadence.virtuoso.ade.simulationMonitor] - Notice from spectre during hierarchy flattening.
    The value 'psf' specified for the 'checklimitdest' option will no longer be supported in future releases. Use 'spectre -h' to see other recommended values for the 'checklimitdest' option. {"history": "ExplorerRun.0", "point": 1, "testname": "gmIdwl_gmid2_1", "cornername": "Nominal"}
[2026-04-18 01:12:54.311 +0700] [INFO] [cadence.virtuoso.ade.simulationMonitor] - Peak resident memory used = 97.2 Mbytes. {"history": "ExplorerRun.0", "point": 1, "testname": "gmIdwl_gmid2_1", "cornername": "Nominal"}
[2026-04-18 01:12:54.311 +0700] [WARN] [cadence.virtuoso.ade.simulationMonitor] -     WARNING (SPECTRE-8061): `PM0': Does not have a terminal named `id'. {"history": "ExplorerRun.0", "point": 1, "testname": "gmIdwl_gmid2_1", "cornername": "Nominal"}
[2026-04-18 01:12:54.311 +0700] [WARN] [cadence.virtuoso.ade.simulationMonitor] -     WARNING (SPECTRE-8287): Ignoring invalid item `PM0:id' in save statement. {"history": "ExplorerRun.0", "point": 1, "testname": "gmIdwl_gmid2_1", "cornername": "Nominal"}
[2026-04-18 01:12:54.311 +0700] [WARN] [cadence.virtuoso.ade.simulationMonitor] -     WARNING (SPECTRE-8061): `PM0': Does not have a terminal named `gm'. {"history": "ExplorerRun.0", "point": 1, "testname": "gmIdwl_gmid2_1", "cornername": "Nominal"}
[2026-04-18 01:12:54.311 +0700] [WARN] [cadence.virtuoso.ade.simulationMonitor] -     WARNING (SPECTRE-8287): Ignoring invalid item `PM0:gm' in save statement. {"history": "ExplorerRun.0", "point": 1, "testname": "gmIdwl_gmid2_1", "cornername": "Nominal"}
[2026-04-18 01:12:54.311 +0700] [WARN] [cadence.virtuoso.ade.simulationMonitor] -     WARNING (SPECTRE-8061): `PM0': Does not have a terminal named `vgs'. {"history": "ExplorerRun.0", "point": 1, "testname": "gmIdwl_gmid2_1", "cornername": "Nominal"}
[2026-04-18 01:12:54.311 +0700] [WARN] [cadence.virtuoso.ade.simulationMonitor] -     WARNING (SPECTRE-8287): Ignoring invalid item `PM0:vgs' in save statement. {"history": "ExplorerRun.0", "point": 1, "testname": "gmIdwl_gmid2_1", "cornername": "Nominal"}
[2026-04-18 01:12:54.311 +0700] [WARN] [cadence.virtuoso.ade.simulationMonitor] -     WARNING (SPECTRE-8061): `PM0': Does not have a terminal named `vth'. {"history": "ExplorerRun.0", "point": 1, "testname": "gmIdwl_gmid2_1", "cornername": "Nominal"}
[2026-04-18 01:12:54.311 +0700] [WARN] [cadence.virtuoso.ade.simulationMonitor] -     WARNING (SPECTRE-8287): Ignoring invalid item `PM0:vth' in save statement. {"history": "ExplorerRun.0", "point": 1, "testname": "gmIdwl_gmid2_1", "cornername": "Nominal"}
[2026-04-18 01:12:54.311 +0700] [INFO] [cadence.virtuoso.ade.simulationMonitor] - Notice from spectre during initial setup.
    Multithreading is disabled due to the size of the design being too small. {"history": "ExplorerRun.0", "point": 1, "testname": "gmIdwl_gmid2_1", "cornername": "Nominal"}
[2026-04-18 01:12:54.311 +0700] [INFO] [cadence.virtuoso.ade.simulationMonitor] -               nodes 3 {"history": "ExplorerRun.0", "point": 1, "testname": "gmIdwl_gmid2_1", "cornername": "Nominal"}
[2026-04-18 01:12:54.311 +0700] [INFO] [cadence.virtuoso.ade.simulationMonitor] - Notice from spectre during initial setup.
    APS enabled. {"history": "ExplorerRun.0", "point": 1, "testname": "gmIdwl_gmid2_1", "cornername": "Nominal"}
[2026-04-18 01:12:54.311 +0700] [INFO] [cadence.virtuoso.ade.simulationMonitor] - Peak resident memory used = 98.7 Mbytes. {"history": "ExplorerRun.0", "point": 1, "testname": "gmIdwl_gmid2_1", "cornername": "Nominal"}
[2026-04-18 01:12:54.311 +0700] [INFO] [cadence.virtuoso.ade.simulationMonitor] -    -   (APS) Multi-threading. The recommended number of threads is 1, consider adding +mt=1 on command line. {"history": "ExplorerRun.0", "point": 1, "testname": "gmIdwl_gmid2_1", "cornername": "Nominal"}
[2026-04-18 01:12:54.311 +0700] [INFO] [cadence.virtuoso.ade.simulationMonitor] - Total time required for dc analysis `dcOp': CPU = 5.013 ms, elapsed = 6.19793 ms. {"history": "ExplorerRun.0", "point": 1, "testname": "gmIdwl_gmid2_1", "cornername": "Nominal"}
[2026-04-18 01:12:54.311 +0700] [INFO] [cadence.virtuoso.ade.simulationMonitor] - Peak resident memory used = 100 Mbytes. {"history": "ExplorerRun.0", "point": 1, "testname": "gmIdwl_gmid2_1", "cornername": "Nominal"}
[2026-04-18 01:12:54.311 +0700] [PROCESS] [cadence.virtuoso.ade.simulationMonitor] - Finished simulating for one point {"hostname": "dtvt_13", "processid": 7459, "history": "ExplorerRun.0", "testname": "gmIdwl_gmid2_1", "cornername": "Nominal", "point": 1, "logfile": "/home/dtvt_13/duyDUT/logs_dtvt_13/logs0/Job41.log", "simid": "2"}
[2026-04-18 01:12:54.311 +0700] [INFO] [cadence.virtuoso.ade.simulationMonitor] - Notice from spectre at vsg = 934e-03 during DC analysis `dc'.
    The value of parameter 'vsg' has been reset to the original value 0.6. {"history": "ExplorerRun.0", "point": 1, "testname": "gmIdwl_gmid2_1", "cornername": "Nominal"}
[2026-04-18 01:12:54.311 +0700] [INFO] [cadence.virtuoso.ade.simulationMonitor] - Total time required for dc analysis `dc': CPU = 629.861 ms, elapsed = 630.941 ms. {"history": "ExplorerRun.0", "point": 1, "testname": "gmIdwl_gmid2_1", "cornername": "Nominal"}
[2026-04-18 01:12:54.311 +0700] [INFO] [cadence.virtuoso.ade.simulationMonitor] - Peak resident memory used = 101 Mbytes. {"history": "ExplorerRun.0", "point": 1, "testname": "gmIdwl_gmid2_1", "cornername": "Nominal"}
[2026-04-18 01:12:54.311 +0700] [INFO] [cadence.virtuoso.ade.simulationMonitor] - Time used: CPU = 1.15 s, elapsed = 22.1 s, util. = 5.2%. {"history": "ExplorerRun.0", "point": 1, "testname": "gmIdwl_gmid2_1", "cornername": "Nominal"}
[2026-04-18 01:12:54.311 +0700] [INFO] [cadence.virtuoso.ade.simulationMonitor] - Time spent in licensing: elapsed = 20.4 s, percentage of total = 92.2%. {"history": "ExplorerRun.0", "point": 1, "testname": "gmIdwl_gmid2_1", "cornername": "Nominal"}
[2026-04-18 01:12:54.311 +0700] [INFO] [cadence.virtuoso.ade.simulationMonitor] - Peak memory used = 110 Mbytes. {"history": "ExplorerRun.0", "point": 1, "testname": "gmIdwl_gmid2_1", "cornername": "Nominal"}
[2026-04-18 01:12:54.311 +0700] [PROCESS] [cadence.virtuoso.ade.simulationMonitor] - Simulation started at: 1:12:32 AM, Sat Apr 18, 2026, ended at: 1:12:54 AM, Sat Apr 18, 2026, with elapsed time (wall clock): 22.1 s. {"history": "ExplorerRun.0", "point": 1, "testname": "gmIdwl_gmid2_1", "cornername": "Nominal"}
[2026-04-18 01:12:54.311 +0700] [PROCESS] [cadence.virtuoso.ade.simulationMonitor] - spectre completes with 0 errors, 8 warnings, and 5 notices. {"history": "ExplorerRun.0", "point": 1, "testname": "gmIdwl_gmid2_1", "cornername": "Nominal"}
[2026-04-18 01:12:54.311 +0700] [PROCESS] [cadence.virtuoso.ade.simulationMonitor] - Simulator exited {"hostname": "dtvt_13", "processid": 7459, "history": "ExplorerRun.0", "testname": "gmIdwl_gmid2_1", "cornername": "Nominal", "point": 1, "logfile": "/home/dtvt_13/duyDUT/logs_dtvt_13/logs0/Job41.log", "exitStatus": "0"}
[2026-04-18 01:12:54.311 +0700] [PROCESS] [cadence.virtuoso.ade.simulationMonitor] - Finished Simulation {"hostname": "dtvt_13", "processid": 7459, "history": "ExplorerRun.0", "testname": "gmIdwl_gmid2_1", "cornername": "Nominal", "point": 1, "logfile": "/home/dtvt_13/duyDUT/logs_dtvt_13/logs0/Job41.log", "simid": "2"}
[2026-04-18 01:12:55.843 +0700] [PROCESS] [cadence.virtuoso.ade.simulationMonitor] - Point Finished {"hostname": "dtvt_13", "processid": 7459, "history": "ExplorerRun.0", "testname": "gmIdwl_gmid2_1", "cornername": "Nominal", "point": 1, "logfile": "/home/dtvt_13/duyDUT/logs_dtvt_13/logs0/Job41.log"}
[2026-04-18 01:17:56.537 +0700] [PROCESS] [cadence.virtuoso.ade.simulationMonitor] - Current memory used: 32.2070 MBytes, peak memory used: 32.2070 MBytes {"hostname": "dtvt_13", "processid": 7459, "history": "ExplorerRun.0", "testname": "gmIdwl_gmid2_1", "cornername": "Nominal", "point": 1, "logfile": "/home/dtvt_13/duyDUT/logs_dtvt_13/logs0/Job41.log"}
[2026-04-18 01:17:56.537 +0700] [PROCESS] [cadence.virtuoso.ade.simulationMonitor] - Simulation Monitor process exit. {"hostname": "dtvt_13", "processid": 7459, "history": "ExplorerRun.0", "testname": "gmIdwl_gmid2_1", "cornername": "Nominal", "point": 1, "logfile": "/home/dtvt_13/duyDUT/logs_dtvt_13/logs0/Job41.log"}
