[Simulation Monitor: 42]
[2026-04-18 01:22:39.922 +0700] [PROCESS] [cadence.virtuoso.ade.simulationMonitor] - Simulation Monitor has successfully started up. Trying to set up communication channels to other components ... {"hostname": "dtvt_13", "processid": 12562, "logfile": "/home/dtvt_13/duyDUT/logs_dtvt_13/logs0/Job42.log"}
[2026-04-18 01:22:39.922 +0700] [PROCESS] [cadence.virtuoso.ade.simulationMonitor] - Communication channels have been successfully set up. Start processing events ... {"hostname": "dtvt_13", "processid": 12562, "logfile": "/home/dtvt_13/duyDUT/logs_dtvt_13/logs0/Job42.log"}
[2026-04-18 01:22:39.924 +0700] [PROCESS] [cadence.virtuoso.ade.simulationMonitor] - Started History {"hostname": "dtvt_13", "processid": 12562, "history": "ExplorerRun.0", "logfile": "/home/dtvt_13/duyDUT/logs_dtvt_13/logs0/Job42.log"}
[2026-04-18 01:22:39.924 +0700] [PROCESS] [cadence.virtuoso.ade.simulationMonitor] - HostInfo:
Host name (type):	dtvt_13 (x86_64)
Operating system:	Linux 3.10.0-1160.118.1.el7.x86_64 #1 SMP Wed Apr 24 16:01:50 UTC 2024 {"hostname": "dtvt_13", "processid": 12562, "history": "ExplorerRun.0", "logfile": "/home/dtvt_13/duyDUT/logs_dtvt_13/logs0/Job42.log", "nodename": "dtvt_13", "domainname": "(none)", "machine": "x86_64", "sysname": "Linux", "release": "3.10.0-1160.118.1.el7.x86_64", "version": "#1 SMP Wed Apr 24 16:01:50 UTC 2024"}
[2026-04-18 01:22:39.924 +0700] [PROCESS] [cadence.virtuoso.ade.simulationMonitor] - UsageInfo:
pid=12562
totalPhysicalMemory=15.208324GB,Used=14.541019GB,totalVirtualMemory=22.895821GB,Used=14.575199GB
Cpu: Cores=24, Load average:0.150000,0.140000,0.140000 {"hostname": "dtvt_13", "processid": 12562, "history": "ExplorerRun.0", "logfile": "/home/dtvt_13/duyDUT/logs_dtvt_13/logs0/Job42.log", "pid": "12562", "totalPhysicalMemory": "15.208324", "physicalMemoryUsed": "14.541019", "totalVirtualMemory": "22.895821", "virtualMemoryUsed": "14.575199", "cpuCores": "24", "processes": "2553", "loadAverage1": "0.150000", "loadAverage5": "0.140000", "loadAverage15": "0.140000", "loadAverage1Percent": "0.006250"}
[2026-04-18 01:22:39.925 +0700] [EVENT] [cadence.virtuoso.ade.simulationMonitor] - NewPoint {"history": "ExplorerRun.0", "point": 1, "testname": "gmIdwl_WL_1", "cornername": "Nominal", "event": "NewPoint", "EventSource": "Simulation Monitor", "HistoryName": "ExplorerRun.0", "logFile": "/home/dtvt_13/duyDUT/logs_dtvt_13/logs0/Job42.log", "logFileSize": "2087"}
[2026-04-18 01:22:40.027 +0700] [EVENT] [cadence.virtuoso.ade.simulationMonitor] - NewPoint {"history": "ExplorerRun.0", "point": 1, "testname": "gmIdwl_WL_1", "cornername": "Nominal", "event": "NewPoint", "EventSource": "spectre", "HistoryName": "ExplorerRun.0", "logFile": "/home/dtvt_13/simulation/gmIdwl/WL/maestro/results/maestro/ExplorerRun.0/1/gmIdwl_WL_1/psf/spectre.out", "logFileSize": "-1"}
[2026-04-18 01:22:40.038 +0700] [PROCESS] [cadence.virtuoso.ade.simulationMonitor] - Simulator launched {"hostname": "dtvt_13", "processid": 12562, "history": "ExplorerRun.0", "testname": "gmIdwl_WL_1", "cornername": "Nominal", "point": 1, "logfile": "/home/dtvt_13/duyDUT/logs_dtvt_13/logs0/Job42.log", "simid": "1"}
[2026-04-18 01:22:40.042 +0700] [PROCESS] [cadence.virtuoso.ade.simulationMonitor] - Expression evaluator launched {"hostname": "dtvt_13", "processid": 12562, "history": "ExplorerRun.0", "testname": "gmIdwl_WL_1", "cornername": "Nominal", "point": 1, "logfile": "/home/dtvt_13/duyDUT/logs_dtvt_13/logs0/Job42.log"}
[2026-04-18 01:22:40.057 +0700] [PROCESS] [cadence.virtuoso.ade.simulationMonitor] - Started Simulation {"hostname": "dtvt_13", "processid": 12562, "history": "ExplorerRun.0", "testname": "gmIdwl_WL_1", "cornername": "Nominal", "point": 1, "logfile": "/home/dtvt_13/duyDUT/logs_dtvt_13/logs0/Job42.log"}
[2026-04-18 01:23:01.969 +0700] [INFO] [cadence.virtuoso.ade.simulationMonitor] - Peak resident memory used = 86 Mbytes. {"history": "ExplorerRun.0", "point": 1, "testname": "gmIdwl_WL_1", "cornername": "Nominal"}
[2026-04-18 01:23:01.969 +0700] [INFO] [cadence.virtuoso.ade.simulationMonitor] - Peak resident memory used = 96.4 Mbytes. {"history": "ExplorerRun.0", "point": 1, "testname": "gmIdwl_WL_1", "cornername": "Nominal"}
[2026-04-18 01:23:01.969 +0700] [INFO] [cadence.virtuoso.ade.simulationMonitor] - Notice from spectre during hierarchy flattening.
    The value 'psf' specified for the 'checklimitdest' option will no longer be supported in future releases. Use 'spectre -h' to see other recommended values for the 'checklimitdest' option. {"history": "ExplorerRun.0", "point": 1, "testname": "gmIdwl_WL_1", "cornername": "Nominal"}
[2026-04-18 01:23:01.970 +0700] [INFO] [cadence.virtuoso.ade.simulationMonitor] - Peak resident memory used = 97.2 Mbytes. {"history": "ExplorerRun.0", "point": 1, "testname": "gmIdwl_WL_1", "cornername": "Nominal"}
[2026-04-18 01:23:01.970 +0700] [INFO] [cadence.virtuoso.ade.simulationMonitor] - Notice from spectre during initial setup.
    Multithreading is disabled due to the size of the design being too small. {"history": "ExplorerRun.0", "point": 1, "testname": "gmIdwl_WL_1", "cornername": "Nominal"}
[2026-04-18 01:23:01.971 +0700] [INFO] [cadence.virtuoso.ade.simulationMonitor] -               nodes 2 {"history": "ExplorerRun.0", "point": 1, "testname": "gmIdwl_WL_1", "cornername": "Nominal"}
[2026-04-18 01:23:01.971 +0700] [INFO] [cadence.virtuoso.ade.simulationMonitor] - Notice from spectre during initial setup.
    APS enabled. {"history": "ExplorerRun.0", "point": 1, "testname": "gmIdwl_WL_1", "cornername": "Nominal"}
[2026-04-18 01:23:01.971 +0700] [INFO] [cadence.virtuoso.ade.simulationMonitor] - Peak resident memory used = 98.8 Mbytes. {"history": "ExplorerRun.0", "point": 1, "testname": "gmIdwl_WL_1", "cornername": "Nominal"}
[2026-04-18 01:23:01.971 +0700] [INFO] [cadence.virtuoso.ade.simulationMonitor] -    -   (APS) Multi-threading. The recommended number of threads is 1, consider adding +mt=1 on command line. {"history": "ExplorerRun.0", "point": 1, "testname": "gmIdwl_WL_1", "cornername": "Nominal"}
[2026-04-18 01:23:01.971 +0700] [INFO] [cadence.virtuoso.ade.simulationMonitor] - Total time required for dc analysis `dcOp': CPU = 4.469 ms, elapsed = 5.63312 ms. {"history": "ExplorerRun.0", "point": 1, "testname": "gmIdwl_WL_1", "cornername": "Nominal"}
[2026-04-18 01:23:01.971 +0700] [INFO] [cadence.virtuoso.ade.simulationMonitor] - Peak resident memory used = 100 Mbytes. {"history": "ExplorerRun.0", "point": 1, "testname": "gmIdwl_WL_1", "cornername": "Nominal"}
[2026-04-18 01:23:02.473 +0700] [PROCESS] [cadence.virtuoso.ade.simulationMonitor] - Finished simulating for one point {"hostname": "dtvt_13", "processid": 12562, "history": "ExplorerRun.0", "testname": "gmIdwl_WL_1", "cornername": "Nominal", "point": 1, "logfile": "/home/dtvt_13/duyDUT/logs_dtvt_13/logs0/Job42.log", "simid": "1"}
[2026-04-18 01:23:02.474 +0700] [INFO] [cadence.virtuoso.ade.simulationMonitor] - Notice from spectre at vsg = 1.8 during DC analysis `dc'.
    The value of parameter 'vsg' has been reset to the original value 0.5. {"history": "ExplorerRun.0", "point": 1, "testname": "gmIdwl_WL_1", "cornername": "Nominal"}
[2026-04-18 01:23:02.474 +0700] [INFO] [cadence.virtuoso.ade.simulationMonitor] - Total time required for dc analysis `dc': CPU = 11.195 ms, elapsed = 12.3179 ms. {"history": "ExplorerRun.0", "point": 1, "testname": "gmIdwl_WL_1", "cornername": "Nominal"}
[2026-04-18 01:23:02.474 +0700] [INFO] [cadence.virtuoso.ade.simulationMonitor] - Peak resident memory used = 101 Mbytes. {"history": "ExplorerRun.0", "point": 1, "testname": "gmIdwl_WL_1", "cornername": "Nominal"}
[2026-04-18 01:23:02.474 +0700] [INFO] [cadence.virtuoso.ade.simulationMonitor] - Time used: CPU = 602 ms, elapsed = 21.4 s, util. = 2.81%. {"history": "ExplorerRun.0", "point": 1, "testname": "gmIdwl_WL_1", "cornername": "Nominal"}
[2026-04-18 01:23:02.475 +0700] [INFO] [cadence.virtuoso.ade.simulationMonitor] - Time spent in licensing: elapsed = 20.3 s, percentage of total = 94.8%. {"history": "ExplorerRun.0", "point": 1, "testname": "gmIdwl_WL_1", "cornername": "Nominal"}
[2026-04-18 01:23:02.475 +0700] [INFO] [cadence.virtuoso.ade.simulationMonitor] - Peak memory used = 110 Mbytes. {"history": "ExplorerRun.0", "point": 1, "testname": "gmIdwl_WL_1", "cornername": "Nominal"}
[2026-04-18 01:23:02.475 +0700] [PROCESS] [cadence.virtuoso.ade.simulationMonitor] - Simulation started at: 1:22:40 AM, Sat Apr 18, 2026, ended at: 1:23:01 AM, Sat Apr 18, 2026, with elapsed time (wall clock): 21.4 s. {"history": "ExplorerRun.0", "point": 1, "testname": "gmIdwl_WL_1", "cornername": "Nominal"}
[2026-04-18 01:23:02.476 +0700] [PROCESS] [cadence.virtuoso.ade.simulationMonitor] - spectre completes with 0 errors, 0 warnings, and 5 notices. {"history": "ExplorerRun.0", "point": 1, "testname": "gmIdwl_WL_1", "cornername": "Nominal"}
[2026-04-18 01:23:02.476 +0700] [PROCESS] [cadence.virtuoso.ade.simulationMonitor] - Simulator exited {"hostname": "dtvt_13", "processid": 12562, "history": "ExplorerRun.0", "testname": "gmIdwl_WL_1", "cornername": "Nominal", "point": 1, "logfile": "/home/dtvt_13/duyDUT/logs_dtvt_13/logs0/Job42.log", "exitStatus": "0"}
[2026-04-18 01:23:02.476 +0700] [PROCESS] [cadence.virtuoso.ade.simulationMonitor] - Finished Simulation {"hostname": "dtvt_13", "processid": 12562, "history": "ExplorerRun.0", "testname": "gmIdwl_WL_1", "cornername": "Nominal", "point": 1, "logfile": "/home/dtvt_13/duyDUT/logs_dtvt_13/logs0/Job42.log", "simid": "1"}
[2026-04-18 01:23:02.990 +0700] [PROCESS] [cadence.virtuoso.ade.simulationMonitor] - Point Finished {"hostname": "dtvt_13", "processid": 12562, "history": "ExplorerRun.0", "testname": "gmIdwl_WL_1", "cornername": "Nominal", "point": 1, "logfile": "/home/dtvt_13/duyDUT/logs_dtvt_13/logs0/Job42.log"}
[2026-04-18 01:24:14.504 +0700] [INFO] [cadence.virtuoso.ade.simulationMonitor] - SimulationMonitor has terminated the vds process '12642', reason: 'Force to stop the expression evalutor process because of new run' {"history": "ExplorerRun.0", "point": 1, "testname": "gmIdwl_WL_1", "cornername": "Nominal"}
[2026-04-18 01:24:14.505 +0700] [PROCESS] [cadence.virtuoso.ade.simulationMonitor] - HostInfo:
Host name (type):	dtvt_13 (x86_64)
Operating system:	Linux 3.10.0-1160.118.1.el7.x86_64 #1 SMP Wed Apr 24 16:01:50 UTC 2024 {"hostname": "dtvt_13", "processid": 12562, "history": "ExplorerRun.0", "testname": "gmIdwl_WL_1", "cornername": "Nominal", "point": 1, "logfile": "/home/dtvt_13/duyDUT/logs_dtvt_13/logs0/Job42.log", "nodename": "dtvt_13", "domainname": "(none)", "machine": "x86_64", "sysname": "Linux", "release": "3.10.0-1160.118.1.el7.x86_64", "version": "#1 SMP Wed Apr 24 16:01:50 UTC 2024"}
[2026-04-18 01:24:14.505 +0700] [PROCESS] [cadence.virtuoso.ade.simulationMonitor] - UsageInfo:
pid=12562
totalPhysicalMemory=15.208324GB,Used=14.610397GB,totalVirtualMemory=22.895821GB,Used=14.644577GB
Cpu: Cores=24, Load average:0.240000,0.150000,0.140000 {"hostname": "dtvt_13", "processid": 12562, "history": "ExplorerRun.0", "testname": "gmIdwl_WL_1", "cornername": "Nominal", "point": 1, "logfile": "/home/dtvt_13/duyDUT/logs_dtvt_13/logs0/Job42.log", "pid": "12562", "totalPhysicalMemory": "15.208324", "physicalMemoryUsed": "14.610397", "totalVirtualMemory": "22.895821", "virtualMemoryUsed": "14.644577", "cpuCores": "24", "processes": "2564", "loadAverage1": "0.240000", "loadAverage5": "0.150000", "loadAverage15": "0.140000", "loadAverage1Percent": "0.010000"}
[2026-04-18 01:24:14.505 +0700] [EVENT] [cadence.virtuoso.ade.simulationMonitor] - NewPoint {"history": "ExplorerRun.0", "point": 1, "testname": "gmIdwl_WL_1", "cornername": "Nominal", "event": "NewPoint", "EventSource": "Simulation Monitor", "HistoryName": "ExplorerRun.0", "logFile": "/home/dtvt_13/duyDUT/logs_dtvt_13/logs0/Job42.log", "logFileSize": "11516"}
[2026-04-18 01:24:14.606 +0700] [EVENT] [cadence.virtuoso.ade.simulationMonitor] - NewPoint {"history": "ExplorerRun.0", "point": 1, "testname": "gmIdwl_WL_1", "cornername": "Nominal", "event": "NewPoint", "EventSource": "spectre", "HistoryName": "ExplorerRun.0", "logFile": "/home/dtvt_13/simulation/gmIdwl/WL/maestro/results/maestro/ExplorerRun.0/1/gmIdwl_WL_1/psf/spectre.out", "logFileSize": "-1"}
[2026-04-18 01:24:14.609 +0700] [PROCESS] [cadence.virtuoso.ade.simulationMonitor] - Simulator launched {"hostname": "dtvt_13", "processid": 12562, "history": "ExplorerRun.0", "testname": "gmIdwl_WL_1", "cornername": "Nominal", "point": 1, "logfile": "/home/dtvt_13/duyDUT/logs_dtvt_13/logs0/Job42.log", "simid": "2"}
[2026-04-18 01:24:14.614 +0700] [PROCESS] [cadence.virtuoso.ade.simulationMonitor] - Expression evaluator launched {"hostname": "dtvt_13", "processid": 12562, "history": "ExplorerRun.0", "testname": "gmIdwl_WL_1", "cornername": "Nominal", "point": 1, "logfile": "/home/dtvt_13/duyDUT/logs_dtvt_13/logs0/Job42.log"}
[2026-04-18 01:24:14.618 +0700] [PROCESS] [cadence.virtuoso.ade.simulationMonitor] - Started Simulation {"hostname": "dtvt_13", "processid": 12562, "history": "ExplorerRun.0", "testname": "gmIdwl_WL_1", "cornername": "Nominal", "point": 1, "logfile": "/home/dtvt_13/duyDUT/logs_dtvt_13/logs0/Job42.log"}
[2026-04-18 01:24:37.026 +0700] [INFO] [cadence.virtuoso.ade.simulationMonitor] - Peak resident memory used = 86 Mbytes. {"history": "ExplorerRun.0", "point": 1, "testname": "gmIdwl_WL_1", "cornername": "Nominal"}
[2026-04-18 01:24:37.027 +0700] [INFO] [cadence.virtuoso.ade.simulationMonitor] - Peak resident memory used = 96.3 Mbytes. {"history": "ExplorerRun.0", "point": 1, "testname": "gmIdwl_WL_1", "cornername": "Nominal"}
[2026-04-18 01:24:37.027 +0700] [INFO] [cadence.virtuoso.ade.simulationMonitor] - Notice from spectre during hierarchy flattening.
    The value 'psf' specified for the 'checklimitdest' option will no longer be supported in future releases. Use 'spectre -h' to see other recommended values for the 'checklimitdest' option. {"history": "ExplorerRun.0", "point": 1, "testname": "gmIdwl_WL_1", "cornername": "Nominal"}
[2026-04-18 01:24:37.027 +0700] [INFO] [cadence.virtuoso.ade.simulationMonitor] - Peak resident memory used = 97.2 Mbytes. {"history": "ExplorerRun.0", "point": 1, "testname": "gmIdwl_WL_1", "cornername": "Nominal"}
[2026-04-18 01:24:37.027 +0700] [INFO] [cadence.virtuoso.ade.simulationMonitor] - Notice from spectre during initial setup.
    Multithreading is disabled due to the size of the design being too small. {"history": "ExplorerRun.0", "point": 1, "testname": "gmIdwl_WL_1", "cornername": "Nominal"}
[2026-04-18 01:24:37.027 +0700] [INFO] [cadence.virtuoso.ade.simulationMonitor] -               nodes 2 {"history": "ExplorerRun.0", "point": 1, "testname": "gmIdwl_WL_1", "cornername": "Nominal"}
[2026-04-18 01:24:37.028 +0700] [INFO] [cadence.virtuoso.ade.simulationMonitor] - Notice from spectre during initial setup.
    APS enabled. {"history": "ExplorerRun.0", "point": 1, "testname": "gmIdwl_WL_1", "cornername": "Nominal"}
[2026-04-18 01:24:37.028 +0700] [INFO] [cadence.virtuoso.ade.simulationMonitor] - Peak resident memory used = 98.6 Mbytes. {"history": "ExplorerRun.0", "point": 1, "testname": "gmIdwl_WL_1", "cornername": "Nominal"}
[2026-04-18 01:24:37.028 +0700] [INFO] [cadence.virtuoso.ade.simulationMonitor] -    -   (APS) Multi-threading. The recommended number of threads is 1, consider adding +mt=1 on command line. {"history": "ExplorerRun.0", "point": 1, "testname": "gmIdwl_WL_1", "cornername": "Nominal"}
[2026-04-18 01:24:37.028 +0700] [INFO] [cadence.virtuoso.ade.simulationMonitor] - Total time required for dc analysis `dcOp': CPU = 2.617 ms, elapsed = 3.57294 ms. {"history": "ExplorerRun.0", "point": 1, "testname": "gmIdwl_WL_1", "cornername": "Nominal"}
[2026-04-18 01:24:37.028 +0700] [INFO] [cadence.virtuoso.ade.simulationMonitor] - Peak resident memory used = 100 Mbytes. {"history": "ExplorerRun.0", "point": 1, "testname": "gmIdwl_WL_1", "cornername": "Nominal"}
[2026-04-18 01:24:37.028 +0700] [INFO] [cadence.virtuoso.ade.simulationMonitor] - Notice from spectre at vsg = 1.8 during DC analysis `dc'.
    The value of parameter 'vsg' has been reset to the original value 0.5. {"history": "ExplorerRun.0", "point": 1, "testname": "gmIdwl_WL_1", "cornername": "Nominal"}
[2026-04-18 01:24:37.028 +0700] [INFO] [cadence.virtuoso.ade.simulationMonitor] - Total time required for dc analysis `dc': CPU = 3.03 ms, elapsed = 3.95799 ms. {"history": "ExplorerRun.0", "point": 1, "testname": "gmIdwl_WL_1", "cornername": "Nominal"}
[2026-04-18 01:24:37.028 +0700] [INFO] [cadence.virtuoso.ade.simulationMonitor] - Peak resident memory used = 101 Mbytes. {"history": "ExplorerRun.0", "point": 1, "testname": "gmIdwl_WL_1", "cornername": "Nominal"}
[2026-04-18 01:24:37.028 +0700] [INFO] [cadence.virtuoso.ade.simulationMonitor] - Time used: CPU = 506 ms, elapsed = 21.9 s, util. = 2.31%. {"history": "ExplorerRun.0", "point": 1, "testname": "gmIdwl_WL_1", "cornername": "Nominal"}
[2026-04-18 01:24:37.028 +0700] [INFO] [cadence.virtuoso.ade.simulationMonitor] - Time spent in licensing: elapsed = 20.8 s, percentage of total = 95.1%. {"history": "ExplorerRun.0", "point": 1, "testname": "gmIdwl_WL_1", "cornername": "Nominal"}
[2026-04-18 01:24:37.028 +0700] [INFO] [cadence.virtuoso.ade.simulationMonitor] - Peak memory used = 110 Mbytes. {"history": "ExplorerRun.0", "point": 1, "testname": "gmIdwl_WL_1", "cornername": "Nominal"}
[2026-04-18 01:24:37.028 +0700] [PROCESS] [cadence.virtuoso.ade.simulationMonitor] - Simulation started at: 1:24:14 AM, Sat Apr 18, 2026, ended at: 1:24:36 AM, Sat Apr 18, 2026, with elapsed time (wall clock): 21.9 s. {"history": "ExplorerRun.0", "point": 1, "testname": "gmIdwl_WL_1", "cornername": "Nominal"}
[2026-04-18 01:24:37.028 +0700] [PROCESS] [cadence.virtuoso.ade.simulationMonitor] - spectre completes with 0 errors, 0 warnings, and 5 notices. {"history": "ExplorerRun.0", "point": 1, "testname": "gmIdwl_WL_1", "cornername": "Nominal"}
[2026-04-18 01:24:37.529 +0700] [PROCESS] [cadence.virtuoso.ade.simulationMonitor] - Finished simulating for one point {"hostname": "dtvt_13", "processid": 12562, "history": "ExplorerRun.0", "testname": "gmIdwl_WL_1", "cornername": "Nominal", "point": 1, "logfile": "/home/dtvt_13/duyDUT/logs_dtvt_13/logs0/Job42.log", "simid": "2"}
[2026-04-18 01:24:37.530 +0700] [PROCESS] [cadence.virtuoso.ade.simulationMonitor] - Simulator exited {"hostname": "dtvt_13", "processid": 12562, "history": "ExplorerRun.0", "testname": "gmIdwl_WL_1", "cornername": "Nominal", "point": 1, "logfile": "/home/dtvt_13/duyDUT/logs_dtvt_13/logs0/Job42.log", "exitStatus": "0"}
[2026-04-18 01:24:37.531 +0700] [PROCESS] [cadence.virtuoso.ade.simulationMonitor] - Finished Simulation {"hostname": "dtvt_13", "processid": 12562, "history": "ExplorerRun.0", "testname": "gmIdwl_WL_1", "cornername": "Nominal", "point": 1, "logfile": "/home/dtvt_13/duyDUT/logs_dtvt_13/logs0/Job42.log", "simid": "2"}
[2026-04-18 01:24:38.045 +0700] [PROCESS] [cadence.virtuoso.ade.simulationMonitor] - Point Finished {"hostname": "dtvt_13", "processid": 12562, "history": "ExplorerRun.0", "testname": "gmIdwl_WL_1", "cornername": "Nominal", "point": 1, "logfile": "/home/dtvt_13/duyDUT/logs_dtvt_13/logs0/Job42.log"}
[2026-04-18 01:25:06.684 +0700] [INFO] [cadence.virtuoso.ade.simulationMonitor] - SimulationMonitor has terminated the vds process '13611', reason: 'Force to stop the expression evalutor process because of new run' {"history": "ExplorerRun.0", "point": 1, "testname": "gmIdwl_WL_1", "cornername": "Nominal"}
[2026-04-18 01:25:06.685 +0700] [PROCESS] [cadence.virtuoso.ade.simulationMonitor] - HostInfo:
Host name (type):	dtvt_13 (x86_64)
Operating system:	Linux 3.10.0-1160.118.1.el7.x86_64 #1 SMP Wed Apr 24 16:01:50 UTC 2024 {"hostname": "dtvt_13", "processid": 12562, "history": "ExplorerRun.0", "testname": "gmIdwl_WL_1", "cornername": "Nominal", "point": 1, "logfile": "/home/dtvt_13/duyDUT/logs_dtvt_13/logs0/Job42.log", "nodename": "dtvt_13", "domainname": "(none)", "machine": "x86_64", "sysname": "Linux", "release": "3.10.0-1160.118.1.el7.x86_64", "version": "#1 SMP Wed Apr 24 16:01:50 UTC 2024"}
[2026-04-18 01:25:06.686 +0700] [PROCESS] [cadence.virtuoso.ade.simulationMonitor] - UsageInfo:
pid=12562
totalPhysicalMemory=15.208324GB,Used=14.966724GB,totalVirtualMemory=22.895821GB,Used=15.000904GB
Cpu: Cores=24, Load average:0.500000,0.230000,0.170000 {"hostname": "dtvt_13", "processid": 12562, "history": "ExplorerRun.0", "testname": "gmIdwl_WL_1", "cornername": "Nominal", "point": 1, "logfile": "/home/dtvt_13/duyDUT/logs_dtvt_13/logs0/Job42.log", "pid": "12562", "totalPhysicalMemory": "15.208324", "physicalMemoryUsed": "14.966724", "totalVirtualMemory": "22.895821", "virtualMemoryUsed": "15.000904", "cpuCores": "24", "processes": "2582", "loadAverage1": "0.500000", "loadAverage5": "0.230000", "loadAverage15": "0.170000", "loadAverage1Percent": "0.020833"}
[2026-04-18 01:25:06.686 +0700] [EVENT] [cadence.virtuoso.ade.simulationMonitor] - NewPoint {"history": "ExplorerRun.0", "point": 1, "testname": "gmIdwl_WL_1", "cornername": "Nominal", "event": "NewPoint", "EventSource": "Simulation Monitor", "HistoryName": "ExplorerRun.0", "logFile": "/home/dtvt_13/duyDUT/logs_dtvt_13/logs0/Job42.log", "logFileSize": "20944"}
[2026-04-18 01:25:06.787 +0700] [EVENT] [cadence.virtuoso.ade.simulationMonitor] - NewPoint {"history": "ExplorerRun.0", "point": 1, "testname": "gmIdwl_WL_1", "cornername": "Nominal", "event": "NewPoint", "EventSource": "spectre", "HistoryName": "ExplorerRun.0", "logFile": "/home/dtvt_13/simulation/gmIdwl/WL/maestro/results/maestro/ExplorerRun.0/1/gmIdwl_WL_1/psf/spectre.out", "logFileSize": "-1"}
[2026-04-18 01:25:06.792 +0700] [PROCESS] [cadence.virtuoso.ade.simulationMonitor] - Simulator launched {"hostname": "dtvt_13", "processid": 12562, "history": "ExplorerRun.0", "testname": "gmIdwl_WL_1", "cornername": "Nominal", "point": 1, "logfile": "/home/dtvt_13/duyDUT/logs_dtvt_13/logs0/Job42.log", "simid": "3"}
[2026-04-18 01:25:06.793 +0700] [PROCESS] [cadence.virtuoso.ade.simulationMonitor] - Expression evaluator launched {"hostname": "dtvt_13", "processid": 12562, "history": "ExplorerRun.0", "testname": "gmIdwl_WL_1", "cornername": "Nominal", "point": 1, "logfile": "/home/dtvt_13/duyDUT/logs_dtvt_13/logs0/Job42.log"}
[2026-04-18 01:25:06.797 +0700] [PROCESS] [cadence.virtuoso.ade.simulationMonitor] - Started Simulation {"hostname": "dtvt_13", "processid": 12562, "history": "ExplorerRun.0", "testname": "gmIdwl_WL_1", "cornername": "Nominal", "point": 1, "logfile": "/home/dtvt_13/duyDUT/logs_dtvt_13/logs0/Job42.log"}
[2026-04-18 01:25:31.221 +0700] [PROCESS] [cadence.virtuoso.ade.simulationMonitor] - Finished simulating for one point {"hostname": "dtvt_13", "processid": 12562, "history": "ExplorerRun.0", "testname": "gmIdwl_WL_1", "cornername": "Nominal", "point": 1, "logfile": "/home/dtvt_13/duyDUT/logs_dtvt_13/logs0/Job42.log", "simid": "3"}
[2026-04-18 01:25:31.222 +0700] [INFO] [cadence.virtuoso.ade.simulationMonitor] - Peak resident memory used = 86 Mbytes. {"history": "ExplorerRun.0", "point": 1, "testname": "gmIdwl_WL_1", "cornername": "Nominal"}
[2026-04-18 01:25:31.222 +0700] [INFO] [cadence.virtuoso.ade.simulationMonitor] - Peak resident memory used = 96.3 Mbytes. {"history": "ExplorerRun.0", "point": 1, "testname": "gmIdwl_WL_1", "cornername": "Nominal"}
[2026-04-18 01:25:31.222 +0700] [INFO] [cadence.virtuoso.ade.simulationMonitor] - Notice from spectre during hierarchy flattening.
    The value 'psf' specified for the 'checklimitdest' option will no longer be supported in future releases. Use 'spectre -h' to see other recommended values for the 'checklimitdest' option. {"history": "ExplorerRun.0", "point": 1, "testname": "gmIdwl_WL_1", "cornername": "Nominal"}
[2026-04-18 01:25:31.223 +0700] [INFO] [cadence.virtuoso.ade.simulationMonitor] - Peak resident memory used = 97.2 Mbytes. {"history": "ExplorerRun.0", "point": 1, "testname": "gmIdwl_WL_1", "cornername": "Nominal"}
[2026-04-18 01:25:31.223 +0700] [INFO] [cadence.virtuoso.ade.simulationMonitor] - Notice from spectre during initial setup.
    Multithreading is disabled due to the size of the design being too small. {"history": "ExplorerRun.0", "point": 1, "testname": "gmIdwl_WL_1", "cornername": "Nominal"}
[2026-04-18 01:25:31.225 +0700] [INFO] [cadence.virtuoso.ade.simulationMonitor] -               nodes 2 {"history": "ExplorerRun.0", "point": 1, "testname": "gmIdwl_WL_1", "cornername": "Nominal"}
[2026-04-18 01:25:31.225 +0700] [INFO] [cadence.virtuoso.ade.simulationMonitor] - Notice from spectre during initial setup.
    APS enabled. {"history": "ExplorerRun.0", "point": 1, "testname": "gmIdwl_WL_1", "cornername": "Nominal"}
[2026-04-18 01:25:31.226 +0700] [INFO] [cadence.virtuoso.ade.simulationMonitor] - Peak resident memory used = 98.6 Mbytes. {"history": "ExplorerRun.0", "point": 1, "testname": "gmIdwl_WL_1", "cornername": "Nominal"}
[2026-04-18 01:25:31.226 +0700] [INFO] [cadence.virtuoso.ade.simulationMonitor] -    -   (APS) Multi-threading. The recommended number of threads is 1, consider adding +mt=1 on command line. {"history": "ExplorerRun.0", "point": 1, "testname": "gmIdwl_WL_1", "cornername": "Nominal"}
[2026-04-18 01:25:31.226 +0700] [INFO] [cadence.virtuoso.ade.simulationMonitor] - Total time required for dc analysis `dcOp': CPU = 1.807 ms, elapsed = 2.80285 ms. {"history": "ExplorerRun.0", "point": 1, "testname": "gmIdwl_WL_1", "cornername": "Nominal"}
[2026-04-18 01:25:31.227 +0700] [INFO] [cadence.virtuoso.ade.simulationMonitor] - Peak resident memory used = 100 Mbytes. {"history": "ExplorerRun.0", "point": 1, "testname": "gmIdwl_WL_1", "cornername": "Nominal"}
[2026-04-18 01:25:31.227 +0700] [INFO] [cadence.virtuoso.ade.simulationMonitor] - Notice from spectre at vsg = 1.8 during DC analysis `dc'.
    The value of parameter 'vsg' has been reset to the original value 0.5. {"history": "ExplorerRun.0", "point": 1, "testname": "gmIdwl_WL_1", "cornername": "Nominal"}
[2026-04-18 01:25:31.227 +0700] [INFO] [cadence.virtuoso.ade.simulationMonitor] - Total time required for dc analysis `dc': CPU = 4.904 ms, elapsed = 5.91993 ms. {"history": "ExplorerRun.0", "point": 1, "testname": "gmIdwl_WL_1", "cornername": "Nominal"}
[2026-04-18 01:25:31.228 +0700] [INFO] [cadence.virtuoso.ade.simulationMonitor] - Peak resident memory used = 101 Mbytes. {"history": "ExplorerRun.0", "point": 1, "testname": "gmIdwl_WL_1", "cornername": "Nominal"}
[2026-04-18 01:25:31.228 +0700] [INFO] [cadence.virtuoso.ade.simulationMonitor] - Time used: CPU = 398 ms, elapsed = 22 s, util. = 1.81%. {"history": "ExplorerRun.0", "point": 1, "testname": "gmIdwl_WL_1", "cornername": "Nominal"}
[2026-04-18 01:25:31.228 +0700] [INFO] [cadence.virtuoso.ade.simulationMonitor] - Time spent in licensing: elapsed = 20.8 s, percentage of total = 94.5%. {"history": "ExplorerRun.0", "point": 1, "testname": "gmIdwl_WL_1", "cornername": "Nominal"}
[2026-04-18 01:25:31.228 +0700] [INFO] [cadence.virtuoso.ade.simulationMonitor] - Peak memory used = 110 Mbytes. {"history": "ExplorerRun.0", "point": 1, "testname": "gmIdwl_WL_1", "cornername": "Nominal"}
[2026-04-18 01:25:31.228 +0700] [PROCESS] [cadence.virtuoso.ade.simulationMonitor] - Simulation started at: 1:25:08 AM, Sat Apr 18, 2026, ended at: 1:25:30 AM, Sat Apr 18, 2026, with elapsed time (wall clock): 22 s. {"history": "ExplorerRun.0", "point": 1, "testname": "gmIdwl_WL_1", "cornername": "Nominal"}
[2026-04-18 01:25:31.229 +0700] [PROCESS] [cadence.virtuoso.ade.simulationMonitor] - spectre completes with 0 errors, 0 warnings, and 5 notices. {"history": "ExplorerRun.0", "point": 1, "testname": "gmIdwl_WL_1", "cornername": "Nominal"}
[2026-04-18 01:25:31.229 +0700] [PROCESS] [cadence.virtuoso.ade.simulationMonitor] - Simulator exited {"hostname": "dtvt_13", "processid": 12562, "history": "ExplorerRun.0", "testname": "gmIdwl_WL_1", "cornername": "Nominal", "point": 1, "logfile": "/home/dtvt_13/duyDUT/logs_dtvt_13/logs0/Job42.log", "exitStatus": "0"}
[2026-04-18 01:25:31.229 +0700] [PROCESS] [cadence.virtuoso.ade.simulationMonitor] - Finished Simulation {"hostname": "dtvt_13", "processid": 12562, "history": "ExplorerRun.0", "testname": "gmIdwl_WL_1", "cornername": "Nominal", "point": 1, "logfile": "/home/dtvt_13/duyDUT/logs_dtvt_13/logs0/Job42.log", "simid": "3"}
[2026-04-18 01:25:31.755 +0700] [PROCESS] [cadence.virtuoso.ade.simulationMonitor] - Point Finished {"hostname": "dtvt_13", "processid": 12562, "history": "ExplorerRun.0", "testname": "gmIdwl_WL_1", "cornername": "Nominal", "point": 1, "logfile": "/home/dtvt_13/duyDUT/logs_dtvt_13/logs0/Job42.log"}
[2026-04-18 01:27:28.053 +0700] [INFO] [cadence.virtuoso.ade.simulationMonitor] - SimulationMonitor has terminated the vds process '14726', reason: 'Force to stop the expression evalutor process because of new run' {"history": "ExplorerRun.0", "point": 1, "testname": "gmIdwl_WL_1", "cornername": "Nominal"}
[2026-04-18 01:27:28.053 +0700] [PROCESS] [cadence.virtuoso.ade.simulationMonitor] - HostInfo:
Host name (type):	dtvt_13 (x86_64)
Operating system:	Linux 3.10.0-1160.118.1.el7.x86_64 #1 SMP Wed Apr 24 16:01:50 UTC 2024 {"hostname": "dtvt_13", "processid": 12562, "history": "ExplorerRun.0", "testname": "gmIdwl_WL_1", "cornername": "Nominal", "point": 1, "logfile": "/home/dtvt_13/duyDUT/logs_dtvt_13/logs0/Job42.log", "nodename": "dtvt_13", "domainname": "(none)", "machine": "x86_64", "sysname": "Linux", "release": "3.10.0-1160.118.1.el7.x86_64", "version": "#1 SMP Wed Apr 24 16:01:50 UTC 2024"}
[2026-04-18 01:27:28.053 +0700] [PROCESS] [cadence.virtuoso.ade.simulationMonitor] - UsageInfo:
pid=12562
totalPhysicalMemory=15.208324GB,Used=14.429268GB,totalVirtualMemory=22.895821GB,Used=14.464668GB
Cpu: Cores=24, Load average:0.770000,0.560000,0.310000 {"hostname": "dtvt_13", "processid": 12562, "history": "ExplorerRun.0", "testname": "gmIdwl_WL_1", "cornername": "Nominal", "point": 1, "logfile": "/home/dtvt_13/duyDUT/logs_dtvt_13/logs0/Job42.log", "pid": "12562", "totalPhysicalMemory": "15.208324", "physicalMemoryUsed": "14.429268", "totalVirtualMemory": "22.895821", "virtualMemoryUsed": "14.464668", "cpuCores": "24", "processes": "2565", "loadAverage1": "0.770000", "loadAverage5": "0.560000", "loadAverage15": "0.310000", "loadAverage1Percent": "0.032083"}
[2026-04-18 01:27:28.053 +0700] [EVENT] [cadence.virtuoso.ade.simulationMonitor] - NewPoint {"history": "ExplorerRun.0", "point": 1, "testname": "gmIdwl_WL_1", "cornername": "Nominal", "event": "NewPoint", "EventSource": "Simulation Monitor", "HistoryName": "ExplorerRun.0", "logFile": "/home/dtvt_13/duyDUT/logs_dtvt_13/logs0/Job42.log", "logFileSize": "30369"}
[2026-04-18 01:27:28.155 +0700] [EVENT] [cadence.virtuoso.ade.simulationMonitor] - NewPoint {"history": "ExplorerRun.0", "point": 1, "testname": "gmIdwl_WL_1", "cornername": "Nominal", "event": "NewPoint", "EventSource": "spectre", "HistoryName": "ExplorerRun.0", "logFile": "/home/dtvt_13/simulation/gmIdwl/WL/maestro/results/maestro/ExplorerRun.0/1/gmIdwl_WL_1/psf/spectre.out", "logFileSize": "-1"}
[2026-04-18 01:27:28.164 +0700] [PROCESS] [cadence.virtuoso.ade.simulationMonitor] - Simulator launched {"hostname": "dtvt_13", "processid": 12562, "history": "ExplorerRun.0", "testname": "gmIdwl_WL_1", "cornername": "Nominal", "point": 1, "logfile": "/home/dtvt_13/duyDUT/logs_dtvt_13/logs0/Job42.log", "simid": "4"}
[2026-04-18 01:27:28.169 +0700] [PROCESS] [cadence.virtuoso.ade.simulationMonitor] - Expression evaluator launched {"hostname": "dtvt_13", "processid": 12562, "history": "ExplorerRun.0", "testname": "gmIdwl_WL_1", "cornername": "Nominal", "point": 1, "logfile": "/home/dtvt_13/duyDUT/logs_dtvt_13/logs0/Job42.log"}
[2026-04-18 01:27:28.182 +0700] [PROCESS] [cadence.virtuoso.ade.simulationMonitor] - Started Simulation {"hostname": "dtvt_13", "processid": 12562, "history": "ExplorerRun.0", "testname": "gmIdwl_WL_1", "cornername": "Nominal", "point": 1, "logfile": "/home/dtvt_13/duyDUT/logs_dtvt_13/logs0/Job42.log"}
[2026-04-18 01:27:50.481 +0700] [PROCESS] [cadence.virtuoso.ade.simulationMonitor] - Finished simulating for one point {"hostname": "dtvt_13", "processid": 12562, "history": "ExplorerRun.0", "testname": "gmIdwl_WL_1", "cornername": "Nominal", "point": 1, "logfile": "/home/dtvt_13/duyDUT/logs_dtvt_13/logs0/Job42.log", "simid": "4"}
[2026-04-18 01:27:50.481 +0700] [INFO] [cadence.virtuoso.ade.simulationMonitor] - Peak resident memory used = 86 Mbytes. {"history": "ExplorerRun.0", "point": 1, "testname": "gmIdwl_WL_1", "cornername": "Nominal"}
[2026-04-18 01:27:50.482 +0700] [INFO] [cadence.virtuoso.ade.simulationMonitor] - Peak resident memory used = 96.3 Mbytes. {"history": "ExplorerRun.0", "point": 1, "testname": "gmIdwl_WL_1", "cornername": "Nominal"}
[2026-04-18 01:27:50.482 +0700] [INFO] [cadence.virtuoso.ade.simulationMonitor] - Notice from spectre during hierarchy flattening.
    The value 'psf' specified for the 'checklimitdest' option will no longer be supported in future releases. Use 'spectre -h' to see other recommended values for the 'checklimitdest' option. {"history": "ExplorerRun.0", "point": 1, "testname": "gmIdwl_WL_1", "cornername": "Nominal"}
[2026-04-18 01:27:50.483 +0700] [INFO] [cadence.virtuoso.ade.simulationMonitor] - Peak resident memory used = 97.2 Mbytes. {"history": "ExplorerRun.0", "point": 1, "testname": "gmIdwl_WL_1", "cornername": "Nominal"}
[2026-04-18 01:27:50.483 +0700] [INFO] [cadence.virtuoso.ade.simulationMonitor] - Notice from spectre during initial setup.
    Multithreading is disabled due to the size of the design being too small. {"history": "ExplorerRun.0", "point": 1, "testname": "gmIdwl_WL_1", "cornername": "Nominal"}
[2026-04-18 01:27:50.484 +0700] [INFO] [cadence.virtuoso.ade.simulationMonitor] -               nodes 2 {"history": "ExplorerRun.0", "point": 1, "testname": "gmIdwl_WL_1", "cornername": "Nominal"}
[2026-04-18 01:27:50.484 +0700] [INFO] [cadence.virtuoso.ade.simulationMonitor] - Notice from spectre during initial setup.
    APS enabled. {"history": "ExplorerRun.0", "point": 1, "testname": "gmIdwl_WL_1", "cornername": "Nominal"}
[2026-04-18 01:27:50.485 +0700] [INFO] [cadence.virtuoso.ade.simulationMonitor] - Peak resident memory used = 98.7 Mbytes. {"history": "ExplorerRun.0", "point": 1, "testname": "gmIdwl_WL_1", "cornername": "Nominal"}
[2026-04-18 01:27:50.485 +0700] [INFO] [cadence.virtuoso.ade.simulationMonitor] -    -   (APS) Multi-threading. The recommended number of threads is 1, consider adding +mt=1 on command line. {"history": "ExplorerRun.0", "point": 1, "testname": "gmIdwl_WL_1", "cornername": "Nominal"}
[2026-04-18 01:27:50.485 +0700] [INFO] [cadence.virtuoso.ade.simulationMonitor] - Total time required for dc analysis `dcOp': CPU = 1.261 ms, elapsed = 2.27714 ms. {"history": "ExplorerRun.0", "point": 1, "testname": "gmIdwl_WL_1", "cornername": "Nominal"}
[2026-04-18 01:27:50.485 +0700] [INFO] [cadence.virtuoso.ade.simulationMonitor] - Peak resident memory used = 100 Mbytes. {"history": "ExplorerRun.0", "point": 1, "testname": "gmIdwl_WL_1", "cornername": "Nominal"}
[2026-04-18 01:27:50.485 +0700] [INFO] [cadence.virtuoso.ade.simulationMonitor] - Notice from spectre at vsg = 1.8 during DC analysis `dc'.
    The value of parameter 'vsg' has been reset to the original value 0.5. {"history": "ExplorerRun.0", "point": 1, "testname": "gmIdwl_WL_1", "cornername": "Nominal"}
[2026-04-18 01:27:50.485 +0700] [INFO] [cadence.virtuoso.ade.simulationMonitor] - Total time required for dc analysis `dc': CPU = 1.972 ms, elapsed = 3.00717 ms. {"history": "ExplorerRun.0", "point": 1, "testname": "gmIdwl_WL_1", "cornername": "Nominal"}
[2026-04-18 01:27:50.486 +0700] [INFO] [cadence.virtuoso.ade.simulationMonitor] - Peak resident memory used = 101 Mbytes. {"history": "ExplorerRun.0", "point": 1, "testname": "gmIdwl_WL_1", "cornername": "Nominal"}
[2026-04-18 01:27:50.486 +0700] [INFO] [cadence.virtuoso.ade.simulationMonitor] - Time used: CPU = 566 ms, elapsed = 21.4 s, util. = 2.64%. {"history": "ExplorerRun.0", "point": 1, "testname": "gmIdwl_WL_1", "cornername": "Nominal"}
[2026-04-18 01:27:50.486 +0700] [INFO] [cadence.virtuoso.ade.simulationMonitor] - Time spent in licensing: elapsed = 20.3 s, percentage of total = 94.8%. {"history": "ExplorerRun.0", "point": 1, "testname": "gmIdwl_WL_1", "cornername": "Nominal"}
[2026-04-18 01:27:50.486 +0700] [INFO] [cadence.virtuoso.ade.simulationMonitor] - Peak memory used = 110 Mbytes. {"history": "ExplorerRun.0", "point": 1, "testname": "gmIdwl_WL_1", "cornername": "Nominal"}
[2026-04-18 01:27:50.486 +0700] [PROCESS] [cadence.virtuoso.ade.simulationMonitor] - Simulation started at: 1:27:28 AM, Sat Apr 18, 2026, ended at: 1:27:49 AM, Sat Apr 18, 2026, with elapsed time (wall clock): 21.4 s. {"history": "ExplorerRun.0", "point": 1, "testname": "gmIdwl_WL_1", "cornername": "Nominal"}
[2026-04-18 01:27:50.486 +0700] [PROCESS] [cadence.virtuoso.ade.simulationMonitor] - spectre completes with 0 errors, 0 warnings, and 5 notices. {"history": "ExplorerRun.0", "point": 1, "testname": "gmIdwl_WL_1", "cornername": "Nominal"}
[2026-04-18 01:27:50.487 +0700] [PROCESS] [cadence.virtuoso.ade.simulationMonitor] - Simulator exited {"hostname": "dtvt_13", "processid": 12562, "history": "ExplorerRun.0", "testname": "gmIdwl_WL_1", "cornername": "Nominal", "point": 1, "logfile": "/home/dtvt_13/duyDUT/logs_dtvt_13/logs0/Job42.log", "exitStatus": "0"}
[2026-04-18 01:27:50.487 +0700] [PROCESS] [cadence.virtuoso.ade.simulationMonitor] - Finished Simulation {"hostname": "dtvt_13", "processid": 12562, "history": "ExplorerRun.0", "testname": "gmIdwl_WL_1", "cornername": "Nominal", "point": 1, "logfile": "/home/dtvt_13/duyDUT/logs_dtvt_13/logs0/Job42.log", "simid": "4"}
[2026-04-18 01:27:51.000 +0700] [PROCESS] [cadence.virtuoso.ade.simulationMonitor] - Point Finished {"hostname": "dtvt_13", "processid": 12562, "history": "ExplorerRun.0", "testname": "gmIdwl_WL_1", "cornername": "Nominal", "point": 1, "logfile": "/home/dtvt_13/duyDUT/logs_dtvt_13/logs0/Job42.log"}
[2026-04-18 01:32:52.229 +0700] [PROCESS] [cadence.virtuoso.ade.simulationMonitor] - Current memory used: 32.2422 MBytes, peak memory used: 32.2422 MBytes {"hostname": "dtvt_13", "processid": 12562, "history": "ExplorerRun.0", "testname": "gmIdwl_WL_1", "cornername": "Nominal", "point": 1, "logfile": "/home/dtvt_13/duyDUT/logs_dtvt_13/logs0/Job42.log"}
[2026-04-18 01:32:52.230 +0700] [PROCESS] [cadence.virtuoso.ade.simulationMonitor] - Simulation Monitor process exit. {"hostname": "dtvt_13", "processid": 12562, "history": "ExplorerRun.0", "testname": "gmIdwl_WL_1", "cornername": "Nominal", "point": 1, "logfile": "/home/dtvt_13/duyDUT/logs_dtvt_13/logs0/Job42.log"}
