[Simulation Monitor: 54]
[2026-04-18 20:26:10.451 +0700] [PROCESS] [cadence.virtuoso.ade.simulationMonitor] - Simulation Monitor has successfully started up. Trying to set up communication channels to other components ... {"hostname": "dtvt_13", "processid": 22052, "logfile": "/home/dtvt_13/duyDUT/logs_dtvt_13/logs0/Job54.log"}
[2026-04-18 20:26:10.451 +0700] [PROCESS] [cadence.virtuoso.ade.simulationMonitor] - Communication channels have been successfully set up. Start processing events ... {"hostname": "dtvt_13", "processid": 22052, "logfile": "/home/dtvt_13/duyDUT/logs_dtvt_13/logs0/Job54.log"}
[2026-04-18 20:26:10.452 +0700] [PROCESS] [cadence.virtuoso.ade.simulationMonitor] - Started History {"hostname": "dtvt_13", "processid": 22052, "history": "ExplorerRun.0", "logfile": "/home/dtvt_13/duyDUT/logs_dtvt_13/logs0/Job54.log"}
[2026-04-18 20:26:10.453 +0700] [PROCESS] [cadence.virtuoso.ade.simulationMonitor] - HostInfo:
Host name (type):	dtvt_13 (x86_64)
Operating system:	Linux 3.10.0-1160.118.1.el7.x86_64 #1 SMP Wed Apr 24 16:01:50 UTC 2024 {"hostname": "dtvt_13", "processid": 22052, "history": "ExplorerRun.0", "logfile": "/home/dtvt_13/duyDUT/logs_dtvt_13/logs0/Job54.log", "nodename": "dtvt_13", "domainname": "(none)", "machine": "x86_64", "sysname": "Linux", "release": "3.10.0-1160.118.1.el7.x86_64", "version": "#1 SMP Wed Apr 24 16:01:50 UTC 2024"}
[2026-04-18 20:26:10.453 +0700] [PROCESS] [cadence.virtuoso.ade.simulationMonitor] - UsageInfo:
pid=22052
totalPhysicalMemory=15.208324GB,Used=14.011955GB,totalVirtualMemory=22.895821GB,Used=14.052483GB
Cpu: Cores=24, Load average:0.840000,0.200000,0.100000 {"hostname": "dtvt_13", "processid": 22052, "history": "ExplorerRun.0", "logfile": "/home/dtvt_13/duyDUT/logs_dtvt_13/logs0/Job54.log", "pid": "22052", "totalPhysicalMemory": "15.208324", "physicalMemoryUsed": "14.011955", "totalVirtualMemory": "22.895821", "virtualMemoryUsed": "14.052483", "cpuCores": "24", "processes": "2448", "loadAverage1": "0.840000", "loadAverage5": "0.200000", "loadAverage15": "0.100000", "loadAverage1Percent": "0.035000"}
[2026-04-18 20:26:10.453 +0700] [EVENT] [cadence.virtuoso.ade.simulationMonitor] - NewPoint {"history": "ExplorerRun.0", "point": 1, "testname": "mydesign_core_1", "cornername": "Nominal", "event": "NewPoint", "EventSource": "Simulation Monitor", "HistoryName": "ExplorerRun.0", "logFile": "/home/dtvt_13/duyDUT/logs_dtvt_13/logs0/Job54.log", "logFileSize": "2087"}
[2026-04-18 20:26:10.553 +0700] [EVENT] [cadence.virtuoso.ade.simulationMonitor] - NewPoint {"history": "ExplorerRun.0", "point": 1, "testname": "mydesign_core_1", "cornername": "Nominal", "event": "NewPoint", "EventSource": "spectre", "HistoryName": "ExplorerRun.0", "logFile": "/home/dtvt_13/simulation/mydesign/core/maestro/results/maestro/ExplorerRun.0/1/mydesign_core_1/psf/spectre.out", "logFileSize": "-1"}
[2026-04-18 20:26:10.562 +0700] [PROCESS] [cadence.virtuoso.ade.simulationMonitor] - Simulator launched {"hostname": "dtvt_13", "processid": 22052, "history": "ExplorerRun.0", "testname": "mydesign_core_1", "cornername": "Nominal", "point": 1, "logfile": "/home/dtvt_13/duyDUT/logs_dtvt_13/logs0/Job54.log", "simid": "1"}
[2026-04-18 20:26:10.566 +0700] [PROCESS] [cadence.virtuoso.ade.simulationMonitor] - Expression evaluator launched {"hostname": "dtvt_13", "processid": 22052, "history": "ExplorerRun.0", "testname": "mydesign_core_1", "cornername": "Nominal", "point": 1, "logfile": "/home/dtvt_13/duyDUT/logs_dtvt_13/logs0/Job54.log"}
[2026-04-18 20:26:10.579 +0700] [PROCESS] [cadence.virtuoso.ade.simulationMonitor] - Started Simulation {"hostname": "dtvt_13", "processid": 22052, "history": "ExplorerRun.0", "testname": "mydesign_core_1", "cornername": "Nominal", "point": 1, "logfile": "/home/dtvt_13/duyDUT/logs_dtvt_13/logs0/Job54.log"}
[2026-04-18 20:26:22.779 +0700] [PROCESS] [cadence.virtuoso.ade.simulationMonitor] - Finished simulating for one point {"hostname": "dtvt_13", "processid": 22052, "history": "ExplorerRun.0", "testname": "mydesign_core_1", "cornername": "Nominal", "point": 1, "logfile": "/home/dtvt_13/duyDUT/logs_dtvt_13/logs0/Job54.log", "simid": "1"}
[2026-04-18 20:26:22.780 +0700] [INFO] [cadence.virtuoso.ade.simulationMonitor] - Peak resident memory used = 86.2 Mbytes. {"history": "ExplorerRun.0", "point": 1, "testname": "mydesign_core_1", "cornername": "Nominal"}
[2026-04-18 20:26:22.780 +0700] [INFO] [cadence.virtuoso.ade.simulationMonitor] - Peak resident memory used = 98.5 Mbytes. {"history": "ExplorerRun.0", "point": 1, "testname": "mydesign_core_1", "cornername": "Nominal"}
[2026-04-18 20:26:22.780 +0700] [INFO] [cadence.virtuoso.ade.simulationMonitor] - Notice from spectre during hierarchy flattening.
    The value 'psf' specified for the 'checklimitdest' option will no longer be supported in future releases. Use 'spectre -h' to see other recommended values for the 'checklimitdest' option. {"history": "ExplorerRun.0", "point": 1, "testname": "mydesign_core_1", "cornername": "Nominal"}
[2026-04-18 20:26:22.781 +0700] [WARN] [cadence.virtuoso.ade.simulationMonitor] -     WARNING (SPECTRE-8527): There are some nodes and instances removed from the netlist topology check. Check the circuit and correct the topology. Or use preserve_inst to keep them if necessary. {"history": "ExplorerRun.0", "point": 1, "testname": "mydesign_core_1", "cornername": "Nominal"}
[2026-04-18 20:26:22.781 +0700] [WARN] [cadence.virtuoso.ade.simulationMonitor] -     WARNING (SPECTRE-8528): The R3.Xsky130_fd_pr__res_xhigh_po_0p69.c1 device is removed because its terminals are connected together. Check the device in the netlist file to ensure that this warning can be ignored. {"history": "ExplorerRun.0", "point": 1, "testname": "mydesign_core_1", "cornername": "Nominal"}
[2026-04-18 20:26:22.782 +0700] [WARN] [cadence.virtuoso.ade.simulationMonitor] -     WARNING (SPECTRE-8528): The R2.Xsky130_fd_pr__res_xhigh_po_0p69.c1 device is removed because its terminals are connected together. Check the device in the netlist file to ensure that this warning can be ignored. {"history": "ExplorerRun.0", "point": 1, "testname": "mydesign_core_1", "cornername": "Nominal"}
[2026-04-18 20:26:22.782 +0700] [WARN] [cadence.virtuoso.ade.simulationMonitor] -     WARNING (SPECTRE-8528): The R0.Xsky130_fd_pr__res_xhigh_po_0p69.c1 device is removed because its terminals are connected together. Check the device in the netlist file to ensure that this warning can be ignored. {"history": "ExplorerRun.0", "point": 1, "testname": "mydesign_core_1", "cornername": "Nominal"}
[2026-04-18 20:26:22.782 +0700] [INFO] [cadence.virtuoso.ade.simulationMonitor] - Peak resident memory used = 99.5 Mbytes. {"history": "ExplorerRun.0", "point": 1, "testname": "mydesign_core_1", "cornername": "Nominal"}
[2026-04-18 20:26:22.783 +0700] [INFO] [cadence.virtuoso.ade.simulationMonitor] - Notice from spectre during initial setup.
    Multithreading is disabled due to the size of the design being too small. {"history": "ExplorerRun.0", "point": 1, "testname": "mydesign_core_1", "cornername": "Nominal"}
[2026-04-18 20:26:22.783 +0700] [INFO] [cadence.virtuoso.ade.simulationMonitor] -               nodes 10 {"history": "ExplorerRun.0", "point": 1, "testname": "mydesign_core_1", "cornername": "Nominal"}
[2026-04-18 20:26:22.783 +0700] [INFO] [cadence.virtuoso.ade.simulationMonitor] - Notice from spectre during initial setup.
    APS enabled. {"history": "ExplorerRun.0", "point": 1, "testname": "mydesign_core_1", "cornername": "Nominal"}
[2026-04-18 20:26:22.783 +0700] [INFO] [cadence.virtuoso.ade.simulationMonitor] - Peak resident memory used = 101 Mbytes. {"history": "ExplorerRun.0", "point": 1, "testname": "mydesign_core_1", "cornername": "Nominal"}
[2026-04-18 20:26:22.784 +0700] [INFO] [cadence.virtuoso.ade.simulationMonitor] -    -   (APS) Multi-threading. The recommended number of threads is 1, consider adding +mt=1 on command line. {"history": "ExplorerRun.0", "point": 1, "testname": "mydesign_core_1", "cornername": "Nominal"}
[2026-04-18 20:26:22.784 +0700] [INFO] [cadence.virtuoso.ade.simulationMonitor] - Total time required for dc analysis `dcOp': CPU = 1.326 ms, elapsed = 2.37107 ms. {"history": "ExplorerRun.0", "point": 1, "testname": "mydesign_core_1", "cornername": "Nominal"}
[2026-04-18 20:26:22.784 +0700] [INFO] [cadence.virtuoso.ade.simulationMonitor] - Peak resident memory used = 103 Mbytes. {"history": "ExplorerRun.0", "point": 1, "testname": "mydesign_core_1", "cornername": "Nominal"}
[2026-04-18 20:26:22.784 +0700] [INFO] [cadence.virtuoso.ade.simulationMonitor] - Notice from spectre at temp = 125 C during DC analysis `dc'.
    The value of parameter 'temp' has been reset to the original value 27. {"history": "ExplorerRun.0", "point": 1, "testname": "mydesign_core_1", "cornername": "Nominal"}
[2026-04-18 20:26:22.784 +0700] [INFO] [cadence.virtuoso.ade.simulationMonitor] - Total time required for dc analysis `dc': CPU = 35.906 ms, elapsed = 36.8779 ms. {"history": "ExplorerRun.0", "point": 1, "testname": "mydesign_core_1", "cornername": "Nominal"}
[2026-04-18 20:26:22.784 +0700] [INFO] [cadence.virtuoso.ade.simulationMonitor] - Peak resident memory used = 104 Mbytes. {"history": "ExplorerRun.0", "point": 1, "testname": "mydesign_core_1", "cornername": "Nominal"}
[2026-04-18 20:26:22.785 +0700] [INFO] [cadence.virtuoso.ade.simulationMonitor] - Time used: CPU = 583 ms, elapsed = 11.6 s, util. = 5.02%. {"history": "ExplorerRun.0", "point": 1, "testname": "mydesign_core_1", "cornername": "Nominal"}
[2026-04-18 20:26:22.785 +0700] [INFO] [cadence.virtuoso.ade.simulationMonitor] - Time spent in licensing: elapsed = 10.4 s, percentage of total = 89.8%. {"history": "ExplorerRun.0", "point": 1, "testname": "mydesign_core_1", "cornername": "Nominal"}
[2026-04-18 20:26:22.785 +0700] [INFO] [cadence.virtuoso.ade.simulationMonitor] - Peak memory used = 112 Mbytes. {"history": "ExplorerRun.0", "point": 1, "testname": "mydesign_core_1", "cornername": "Nominal"}
[2026-04-18 20:26:22.785 +0700] [PROCESS] [cadence.virtuoso.ade.simulationMonitor] - Simulation started at: 8:26:10 PM, Sat Apr 18, 2026, ended at: 8:26:22 PM, Sat Apr 18, 2026, with elapsed time (wall clock): 11.6 s. {"history": "ExplorerRun.0", "point": 1, "testname": "mydesign_core_1", "cornername": "Nominal"}
[2026-04-18 20:26:22.785 +0700] [PROCESS] [cadence.virtuoso.ade.simulationMonitor] - spectre completes with 0 errors, 4 warnings, and 5 notices. {"history": "ExplorerRun.0", "point": 1, "testname": "mydesign_core_1", "cornername": "Nominal"}
[2026-04-18 20:26:22.785 +0700] [PROCESS] [cadence.virtuoso.ade.simulationMonitor] - Simulator exited {"hostname": "dtvt_13", "processid": 22052, "history": "ExplorerRun.0", "testname": "mydesign_core_1", "cornername": "Nominal", "point": 1, "logfile": "/home/dtvt_13/duyDUT/logs_dtvt_13/logs0/Job54.log", "exitStatus": "0"}
[2026-04-18 20:26:22.786 +0700] [PROCESS] [cadence.virtuoso.ade.simulationMonitor] - Finished Simulation {"hostname": "dtvt_13", "processid": 22052, "history": "ExplorerRun.0", "testname": "mydesign_core_1", "cornername": "Nominal", "point": 1, "logfile": "/home/dtvt_13/duyDUT/logs_dtvt_13/logs0/Job54.log", "simid": "1"}
[2026-04-18 20:26:23.299 +0700] [PROCESS] [cadence.virtuoso.ade.simulationMonitor] - Point Finished {"hostname": "dtvt_13", "processid": 22052, "history": "ExplorerRun.0", "testname": "mydesign_core_1", "cornername": "Nominal", "point": 1, "logfile": "/home/dtvt_13/duyDUT/logs_dtvt_13/logs0/Job54.log"}
[2026-04-18 20:31:24.000 +0700] [PROCESS] [cadence.virtuoso.ade.simulationMonitor] - Current memory used: 32.1680 MBytes, peak memory used: 32.1680 MBytes {"hostname": "dtvt_13", "processid": 22052, "history": "ExplorerRun.0", "testname": "mydesign_core_1", "cornername": "Nominal", "point": 1, "logfile": "/home/dtvt_13/duyDUT/logs_dtvt_13/logs0/Job54.log"}
[2026-04-18 20:31:24.000 +0700] [PROCESS] [cadence.virtuoso.ade.simulationMonitor] - Simulation Monitor process exit. {"hostname": "dtvt_13", "processid": 22052, "history": "ExplorerRun.0", "testname": "mydesign_core_1", "cornername": "Nominal", "point": 1, "logfile": "/home/dtvt_13/duyDUT/logs_dtvt_13/logs0/Job54.log"}
