[Simulation Monitor: 52]
[2026-04-18 14:38:27.488 +0700] [PROCESS] [cadence.virtuoso.ade.simulationMonitor] - Simulation Monitor has successfully started up. Trying to set up communication channels to other components ... {"hostname": "dtvt_13", "processid": 4348, "logfile": "/home/dtvt_13/duyDUT/logs_dtvt_13/logs0/Job52.log"}
[2026-04-18 14:38:27.488 +0700] [PROCESS] [cadence.virtuoso.ade.simulationMonitor] - Communication channels have been successfully set up. Start processing events ... {"hostname": "dtvt_13", "processid": 4348, "logfile": "/home/dtvt_13/duyDUT/logs_dtvt_13/logs0/Job52.log"}
[2026-04-18 14:38:27.490 +0700] [PROCESS] [cadence.virtuoso.ade.simulationMonitor] - Started History {"hostname": "dtvt_13", "processid": 4348, "history": "ExplorerRun.0", "logfile": "/home/dtvt_13/duyDUT/logs_dtvt_13/logs0/Job52.log"}
[2026-04-18 14:38:27.490 +0700] [PROCESS] [cadence.virtuoso.ade.simulationMonitor] - HostInfo:
Host name (type):	dtvt_13 (x86_64)
Operating system:	Linux 3.10.0-1160.118.1.el7.x86_64 #1 SMP Wed Apr 24 16:01:50 UTC 2024 {"hostname": "dtvt_13", "processid": 4348, "history": "ExplorerRun.0", "logfile": "/home/dtvt_13/duyDUT/logs_dtvt_13/logs0/Job52.log", "nodename": "dtvt_13", "domainname": "(none)", "machine": "x86_64", "sysname": "Linux", "release": "3.10.0-1160.118.1.el7.x86_64", "version": "#1 SMP Wed Apr 24 16:01:50 UTC 2024"}
[2026-04-18 14:38:27.490 +0700] [PROCESS] [cadence.virtuoso.ade.simulationMonitor] - UsageInfo:
pid=4348
totalPhysicalMemory=15.208324GB,Used=14.309559GB,totalVirtualMemory=22.895821GB,Used=14.349842GB
Cpu: Cores=24, Load average:0.080000,0.040000,0.130000 {"hostname": "dtvt_13", "processid": 4348, "history": "ExplorerRun.0", "logfile": "/home/dtvt_13/duyDUT/logs_dtvt_13/logs0/Job52.log", "pid": "4348", "totalPhysicalMemory": "15.208324", "physicalMemoryUsed": "14.309559", "totalVirtualMemory": "22.895821", "virtualMemoryUsed": "14.349842", "cpuCores": "24", "processes": "2548", "loadAverage1": "0.080000", "loadAverage5": "0.040000", "loadAverage15": "0.130000", "loadAverage1Percent": "0.003333"}
[2026-04-18 14:38:27.490 +0700] [EVENT] [cadence.virtuoso.ade.simulationMonitor] - NewPoint {"history": "ExplorerRun.0", "point": 1, "testname": "mydesign_core_1", "cornername": "Nominal", "event": "NewPoint", "EventSource": "Simulation Monitor", "HistoryName": "ExplorerRun.0", "logFile": "/home/dtvt_13/duyDUT/logs_dtvt_13/logs0/Job52.log", "logFileSize": "2080"}
[2026-04-18 14:38:27.591 +0700] [EVENT] [cadence.virtuoso.ade.simulationMonitor] - NewPoint {"history": "ExplorerRun.0", "point": 1, "testname": "mydesign_core_1", "cornername": "Nominal", "event": "NewPoint", "EventSource": "spectre", "HistoryName": "ExplorerRun.0", "logFile": "/home/dtvt_13/simulation/mydesign/core/maestro/results/maestro/ExplorerRun.0/1/mydesign_core_1/psf/spectre.out", "logFileSize": "-1"}
[2026-04-18 14:38:27.594 +0700] [PROCESS] [cadence.virtuoso.ade.simulationMonitor] - Simulator launched {"hostname": "dtvt_13", "processid": 4348, "history": "ExplorerRun.0", "testname": "mydesign_core_1", "cornername": "Nominal", "point": 1, "logfile": "/home/dtvt_13/duyDUT/logs_dtvt_13/logs0/Job52.log", "simid": "1"}
[2026-04-18 14:38:27.595 +0700] [PROCESS] [cadence.virtuoso.ade.simulationMonitor] - Expression evaluator launched {"hostname": "dtvt_13", "processid": 4348, "history": "ExplorerRun.0", "testname": "mydesign_core_1", "cornername": "Nominal", "point": 1, "logfile": "/home/dtvt_13/duyDUT/logs_dtvt_13/logs0/Job52.log"}
[2026-04-18 14:38:27.599 +0700] [PROCESS] [cadence.virtuoso.ade.simulationMonitor] - Started Simulation {"hostname": "dtvt_13", "processid": 4348, "history": "ExplorerRun.0", "testname": "mydesign_core_1", "cornername": "Nominal", "point": 1, "logfile": "/home/dtvt_13/duyDUT/logs_dtvt_13/logs0/Job52.log"}
[2026-04-18 14:38:49.520 +0700] [INFO] [cadence.virtuoso.ade.simulationMonitor] - Peak resident memory used = 85.9 Mbytes. {"history": "ExplorerRun.0", "point": 1, "testname": "mydesign_core_1", "cornername": "Nominal"}
[2026-04-18 14:38:49.520 +0700] [INFO] [cadence.virtuoso.ade.simulationMonitor] - Peak resident memory used = 98.2 Mbytes. {"history": "ExplorerRun.0", "point": 1, "testname": "mydesign_core_1", "cornername": "Nominal"}
[2026-04-18 14:38:49.521 +0700] [INFO] [cadence.virtuoso.ade.simulationMonitor] - Notice from spectre during hierarchy flattening.
    The value 'psf' specified for the 'checklimitdest' option will no longer be supported in future releases. Use 'spectre -h' to see other recommended values for the 'checklimitdest' option. {"history": "ExplorerRun.0", "point": 1, "testname": "mydesign_core_1", "cornername": "Nominal"}
[2026-04-18 14:38:49.521 +0700] [WARN] [cadence.virtuoso.ade.simulationMonitor] -     WARNING (SPECTRE-8527): There are some nodes and instances removed from the netlist topology check. Check the circuit and correct the topology. Or use preserve_inst to keep them if necessary. {"history": "ExplorerRun.0", "point": 1, "testname": "mydesign_core_1", "cornername": "Nominal"}
[2026-04-18 14:38:49.522 +0700] [WARN] [cadence.virtuoso.ade.simulationMonitor] -     WARNING (SPECTRE-8528): The R3.Xsky130_fd_pr__res_xhigh_po_0p69.c1 device is removed because its terminals are connected together. Check the device in the netlist file to ensure that this warning can be ignored. {"history": "ExplorerRun.0", "point": 1, "testname": "mydesign_core_1", "cornername": "Nominal"}
[2026-04-18 14:38:49.522 +0700] [WARN] [cadence.virtuoso.ade.simulationMonitor] -     WARNING (SPECTRE-8528): The R2.Xsky130_fd_pr__res_xhigh_po_0p69.c1 device is removed because its terminals are connected together. Check the device in the netlist file to ensure that this warning can be ignored. {"history": "ExplorerRun.0", "point": 1, "testname": "mydesign_core_1", "cornername": "Nominal"}
[2026-04-18 14:38:49.523 +0700] [WARN] [cadence.virtuoso.ade.simulationMonitor] -     WARNING (SPECTRE-8528): The R0.Xsky130_fd_pr__res_xhigh_po_0p69.c1 device is removed because its terminals are connected together. Check the device in the netlist file to ensure that this warning can be ignored. {"history": "ExplorerRun.0", "point": 1, "testname": "mydesign_core_1", "cornername": "Nominal"}
[2026-04-18 14:38:49.523 +0700] [INFO] [cadence.virtuoso.ade.simulationMonitor] - Peak resident memory used = 99.2 Mbytes. {"history": "ExplorerRun.0", "point": 1, "testname": "mydesign_core_1", "cornername": "Nominal"}
[2026-04-18 14:38:49.524 +0700] [INFO] [cadence.virtuoso.ade.simulationMonitor] - Notice from spectre during initial setup.
    Multithreading is disabled due to the size of the design being too small. {"history": "ExplorerRun.0", "point": 1, "testname": "mydesign_core_1", "cornername": "Nominal"}
[2026-04-18 14:38:49.524 +0700] [INFO] [cadence.virtuoso.ade.simulationMonitor] -               nodes 10 {"history": "ExplorerRun.0", "point": 1, "testname": "mydesign_core_1", "cornername": "Nominal"}
[2026-04-18 14:38:49.525 +0700] [INFO] [cadence.virtuoso.ade.simulationMonitor] - Notice from spectre during initial setup.
    APS enabled. {"history": "ExplorerRun.0", "point": 1, "testname": "mydesign_core_1", "cornername": "Nominal"}
[2026-04-18 14:38:49.525 +0700] [INFO] [cadence.virtuoso.ade.simulationMonitor] - Peak resident memory used = 101 Mbytes. {"history": "ExplorerRun.0", "point": 1, "testname": "mydesign_core_1", "cornername": "Nominal"}
[2026-04-18 14:38:49.525 +0700] [INFO] [cadence.virtuoso.ade.simulationMonitor] -    -   (APS) Multi-threading. The recommended number of threads is 1, consider adding +mt=1 on command line. {"history": "ExplorerRun.0", "point": 1, "testname": "mydesign_core_1", "cornername": "Nominal"}
[2026-04-18 14:38:49.526 +0700] [INFO] [cadence.virtuoso.ade.simulationMonitor] - Total time required for dc analysis `dcOp': CPU = 2.235 ms, elapsed = 3.35288 ms. {"history": "ExplorerRun.0", "point": 1, "testname": "mydesign_core_1", "cornername": "Nominal"}
[2026-04-18 14:38:49.526 +0700] [INFO] [cadence.virtuoso.ade.simulationMonitor] - Peak resident memory used = 102 Mbytes. {"history": "ExplorerRun.0", "point": 1, "testname": "mydesign_core_1", "cornername": "Nominal"}
[2026-04-18 14:38:49.526 +0700] [INFO] [cadence.virtuoso.ade.simulationMonitor] - Notice from spectre at temp = 125 C during DC analysis `dc'.
    The value of parameter 'temp' has been reset to the original value 27. {"history": "ExplorerRun.0", "point": 1, "testname": "mydesign_core_1", "cornername": "Nominal"}
[2026-04-18 14:38:49.526 +0700] [INFO] [cadence.virtuoso.ade.simulationMonitor] - Total time required for dc analysis `dc': CPU = 24.431 ms, elapsed = 25.5549 ms. {"history": "ExplorerRun.0", "point": 1, "testname": "mydesign_core_1", "cornername": "Nominal"}
[2026-04-18 14:38:49.526 +0700] [INFO] [cadence.virtuoso.ade.simulationMonitor] - Peak resident memory used = 103 Mbytes. {"history": "ExplorerRun.0", "point": 1, "testname": "mydesign_core_1", "cornername": "Nominal"}
[2026-04-18 14:38:49.526 +0700] [INFO] [cadence.virtuoso.ade.simulationMonitor] - Time used: CPU = 681 ms, elapsed = 21.6 s, util. = 3.15%. {"history": "ExplorerRun.0", "point": 1, "testname": "mydesign_core_1", "cornername": "Nominal"}
[2026-04-18 14:38:49.527 +0700] [INFO] [cadence.virtuoso.ade.simulationMonitor] - Time spent in licensing: elapsed = 20.3 s, percentage of total = 93.9%. {"history": "ExplorerRun.0", "point": 1, "testname": "mydesign_core_1", "cornername": "Nominal"}
[2026-04-18 14:38:49.527 +0700] [INFO] [cadence.virtuoso.ade.simulationMonitor] - Peak memory used = 112 Mbytes. {"history": "ExplorerRun.0", "point": 1, "testname": "mydesign_core_1", "cornername": "Nominal"}
[2026-04-18 14:38:49.527 +0700] [PROCESS] [cadence.virtuoso.ade.simulationMonitor] - Simulation started at: 2:38:27 PM, Sat Apr 18, 2026, ended at: 2:38:49 PM, Sat Apr 18, 2026, with elapsed time (wall clock): 21.6 s. {"history": "ExplorerRun.0", "point": 1, "testname": "mydesign_core_1", "cornername": "Nominal"}
[2026-04-18 14:38:49.527 +0700] [PROCESS] [cadence.virtuoso.ade.simulationMonitor] - spectre completes with 0 errors, 4 warnings, and 5 notices. {"history": "ExplorerRun.0", "point": 1, "testname": "mydesign_core_1", "cornername": "Nominal"}
[2026-04-18 14:38:50.028 +0700] [PROCESS] [cadence.virtuoso.ade.simulationMonitor] - Finished simulating for one point {"hostname": "dtvt_13", "processid": 4348, "history": "ExplorerRun.0", "testname": "mydesign_core_1", "cornername": "Nominal", "point": 1, "logfile": "/home/dtvt_13/duyDUT/logs_dtvt_13/logs0/Job52.log", "simid": "1"}
[2026-04-18 14:38:50.029 +0700] [PROCESS] [cadence.virtuoso.ade.simulationMonitor] - Simulator exited {"hostname": "dtvt_13", "processid": 4348, "history": "ExplorerRun.0", "testname": "mydesign_core_1", "cornername": "Nominal", "point": 1, "logfile": "/home/dtvt_13/duyDUT/logs_dtvt_13/logs0/Job52.log", "exitStatus": "0"}
[2026-04-18 14:38:50.030 +0700] [PROCESS] [cadence.virtuoso.ade.simulationMonitor] - Finished Simulation {"hostname": "dtvt_13", "processid": 4348, "history": "ExplorerRun.0", "testname": "mydesign_core_1", "cornername": "Nominal", "point": 1, "logfile": "/home/dtvt_13/duyDUT/logs_dtvt_13/logs0/Job52.log", "simid": "1"}
[2026-04-18 14:38:50.546 +0700] [PROCESS] [cadence.virtuoso.ade.simulationMonitor] - Point Finished {"hostname": "dtvt_13", "processid": 4348, "history": "ExplorerRun.0", "testname": "mydesign_core_1", "cornername": "Nominal", "point": 1, "logfile": "/home/dtvt_13/duyDUT/logs_dtvt_13/logs0/Job52.log"}
[2026-04-18 14:43:51.780 +0700] [PROCESS] [cadence.virtuoso.ade.simulationMonitor] - Current memory used: 32.2148 MBytes, peak memory used: 32.2148 MBytes {"hostname": "dtvt_13", "processid": 4348, "history": "ExplorerRun.0", "testname": "mydesign_core_1", "cornername": "Nominal", "point": 1, "logfile": "/home/dtvt_13/duyDUT/logs_dtvt_13/logs0/Job52.log"}
[2026-04-18 14:43:51.781 +0700] [PROCESS] [cadence.virtuoso.ade.simulationMonitor] - Simulation Monitor process exit. {"hostname": "dtvt_13", "processid": 4348, "history": "ExplorerRun.0", "testname": "mydesign_core_1", "cornername": "Nominal", "point": 1, "logfile": "/home/dtvt_13/duyDUT/logs_dtvt_13/logs0/Job52.log"}
