[Simulation Monitor: 55]
[2026-04-18 20:36:01.533 +0700] [PROCESS] [cadence.virtuoso.ade.simulationMonitor] - Simulation Monitor has successfully started up. Trying to set up communication channels to other components ... {"hostname": "dtvt_13", "processid": 24361, "logfile": "/home/dtvt_13/duyDUT/logs_dtvt_13/logs0/Job55.log"}
[2026-04-18 20:36:01.534 +0700] [PROCESS] [cadence.virtuoso.ade.simulationMonitor] - Communication channels have been successfully set up. Start processing events ... {"hostname": "dtvt_13", "processid": 24361, "logfile": "/home/dtvt_13/duyDUT/logs_dtvt_13/logs0/Job55.log"}
[2026-04-18 20:36:01.536 +0700] [PROCESS] [cadence.virtuoso.ade.simulationMonitor] - Started History {"hostname": "dtvt_13", "processid": 24361, "history": "ExplorerRun.0", "logfile": "/home/dtvt_13/duyDUT/logs_dtvt_13/logs0/Job55.log"}
[2026-04-18 20:36:01.537 +0700] [PROCESS] [cadence.virtuoso.ade.simulationMonitor] - HostInfo:
Host name (type):	dtvt_13 (x86_64)
Operating system:	Linux 3.10.0-1160.118.1.el7.x86_64 #1 SMP Wed Apr 24 16:01:50 UTC 2024 {"hostname": "dtvt_13", "processid": 24361, "history": "ExplorerRun.0", "logfile": "/home/dtvt_13/duyDUT/logs_dtvt_13/logs0/Job55.log", "nodename": "dtvt_13", "domainname": "(none)", "machine": "x86_64", "sysname": "Linux", "release": "3.10.0-1160.118.1.el7.x86_64", "version": "#1 SMP Wed Apr 24 16:01:50 UTC 2024"}
[2026-04-18 20:36:01.537 +0700] [PROCESS] [cadence.virtuoso.ade.simulationMonitor] - UsageInfo:
pid=24361
totalPhysicalMemory=15.208324GB,Used=13.956680GB,totalVirtualMemory=22.895821GB,Used=13.997208GB
Cpu: Cores=24, Load average:0.130000,0.090000,0.100000 {"hostname": "dtvt_13", "processid": 24361, "history": "ExplorerRun.0", "logfile": "/home/dtvt_13/duyDUT/logs_dtvt_13/logs0/Job55.log", "pid": "24361", "totalPhysicalMemory": "15.208324", "physicalMemoryUsed": "13.956680", "totalVirtualMemory": "22.895821", "virtualMemoryUsed": "13.997208", "cpuCores": "24", "processes": "2455", "loadAverage1": "0.130000", "loadAverage5": "0.090000", "loadAverage15": "0.100000", "loadAverage1Percent": "0.005417"}
[2026-04-18 20:36:01.538 +0700] [EVENT] [cadence.virtuoso.ade.simulationMonitor] - NewPoint {"history": "ExplorerRun.0", "point": 1, "testname": "mydesign_core_1", "cornername": "Nominal", "event": "NewPoint", "EventSource": "Simulation Monitor", "HistoryName": "ExplorerRun.0", "logFile": "/home/dtvt_13/duyDUT/logs_dtvt_13/logs0/Job55.log", "logFileSize": "2087"}
[2026-04-18 20:36:01.639 +0700] [EVENT] [cadence.virtuoso.ade.simulationMonitor] - NewPoint {"history": "ExplorerRun.0", "point": 1, "testname": "mydesign_core_1", "cornername": "Nominal", "event": "NewPoint", "EventSource": "spectre", "HistoryName": "ExplorerRun.0", "logFile": "/home/dtvt_13/simulation/mydesign/core/maestro/results/maestro/ExplorerRun.0/1/mydesign_core_1/psf/spectre.out", "logFileSize": "-1"}
[2026-04-18 20:36:01.651 +0700] [PROCESS] [cadence.virtuoso.ade.simulationMonitor] - Simulator launched {"hostname": "dtvt_13", "processid": 24361, "history": "ExplorerRun.0", "testname": "mydesign_core_1", "cornername": "Nominal", "point": 1, "logfile": "/home/dtvt_13/duyDUT/logs_dtvt_13/logs0/Job55.log", "simid": "1"}
[2026-04-18 20:36:01.655 +0700] [PROCESS] [cadence.virtuoso.ade.simulationMonitor] - Expression evaluator launched {"hostname": "dtvt_13", "processid": 24361, "history": "ExplorerRun.0", "testname": "mydesign_core_1", "cornername": "Nominal", "point": 1, "logfile": "/home/dtvt_13/duyDUT/logs_dtvt_13/logs0/Job55.log"}
[2026-04-18 20:36:01.671 +0700] [PROCESS] [cadence.virtuoso.ade.simulationMonitor] - Started Simulation {"hostname": "dtvt_13", "processid": 24361, "history": "ExplorerRun.0", "testname": "mydesign_core_1", "cornername": "Nominal", "point": 1, "logfile": "/home/dtvt_13/duyDUT/logs_dtvt_13/logs0/Job55.log"}
[2026-04-18 20:36:23.968 +0700] [INFO] [cadence.virtuoso.ade.simulationMonitor] - Peak resident memory used = 85.9 Mbytes. {"history": "ExplorerRun.0", "point": 1, "testname": "mydesign_core_1", "cornername": "Nominal"}
[2026-04-18 20:36:23.969 +0700] [INFO] [cadence.virtuoso.ade.simulationMonitor] - Peak resident memory used = 98.2 Mbytes. {"history": "ExplorerRun.0", "point": 1, "testname": "mydesign_core_1", "cornername": "Nominal"}
[2026-04-18 20:36:23.969 +0700] [INFO] [cadence.virtuoso.ade.simulationMonitor] - Notice from spectre during hierarchy flattening.
    The value 'psf' specified for the 'checklimitdest' option will no longer be supported in future releases. Use 'spectre -h' to see other recommended values for the 'checklimitdest' option. {"history": "ExplorerRun.0", "point": 1, "testname": "mydesign_core_1", "cornername": "Nominal"}
[2026-04-18 20:36:23.970 +0700] [WARN] [cadence.virtuoso.ade.simulationMonitor] -     WARNING (SPECTRE-8527): There are some nodes and instances removed from the netlist topology check. Check the circuit and correct the topology. Or use preserve_inst to keep them if necessary. {"history": "ExplorerRun.0", "point": 1, "testname": "mydesign_core_1", "cornername": "Nominal"}
[2026-04-18 20:36:23.970 +0700] [WARN] [cadence.virtuoso.ade.simulationMonitor] -     WARNING (SPECTRE-8528): The R3.Xsky130_fd_pr__res_xhigh_po_0p69.c1 device is removed because its terminals are connected together. Check the device in the netlist file to ensure that this warning can be ignored. {"history": "ExplorerRun.0", "point": 1, "testname": "mydesign_core_1", "cornername": "Nominal"}
[2026-04-18 20:36:23.971 +0700] [WARN] [cadence.virtuoso.ade.simulationMonitor] -     WARNING (SPECTRE-8528): The R2.Xsky130_fd_pr__res_xhigh_po_0p69.c1 device is removed because its terminals are connected together. Check the device in the netlist file to ensure that this warning can be ignored. {"history": "ExplorerRun.0", "point": 1, "testname": "mydesign_core_1", "cornername": "Nominal"}
[2026-04-18 20:36:23.972 +0700] [WARN] [cadence.virtuoso.ade.simulationMonitor] -     WARNING (SPECTRE-8528): The R0.Xsky130_fd_pr__res_xhigh_po_0p69.c1 device is removed because its terminals are connected together. Check the device in the netlist file to ensure that this warning can be ignored. {"history": "ExplorerRun.0", "point": 1, "testname": "mydesign_core_1", "cornername": "Nominal"}
[2026-04-18 20:36:23.972 +0700] [INFO] [cadence.virtuoso.ade.simulationMonitor] - Peak resident memory used = 99.2 Mbytes. {"history": "ExplorerRun.0", "point": 1, "testname": "mydesign_core_1", "cornername": "Nominal"}
[2026-04-18 20:36:23.972 +0700] [INFO] [cadence.virtuoso.ade.simulationMonitor] - Notice from spectre during initial setup.
    Multithreading is disabled due to the size of the design being too small. {"history": "ExplorerRun.0", "point": 1, "testname": "mydesign_core_1", "cornername": "Nominal"}
[2026-04-18 20:36:23.973 +0700] [INFO] [cadence.virtuoso.ade.simulationMonitor] -               nodes 10 {"history": "ExplorerRun.0", "point": 1, "testname": "mydesign_core_1", "cornername": "Nominal"}
[2026-04-18 20:36:23.973 +0700] [INFO] [cadence.virtuoso.ade.simulationMonitor] - Notice from spectre during initial setup.
    APS enabled. {"history": "ExplorerRun.0", "point": 1, "testname": "mydesign_core_1", "cornername": "Nominal"}
[2026-04-18 20:36:23.974 +0700] [INFO] [cadence.virtuoso.ade.simulationMonitor] - Peak resident memory used = 101 Mbytes. {"history": "ExplorerRun.0", "point": 1, "testname": "mydesign_core_1", "cornername": "Nominal"}
[2026-04-18 20:36:23.974 +0700] [INFO] [cadence.virtuoso.ade.simulationMonitor] -    -   (APS) Multi-threading. The recommended number of threads is 1, consider adding +mt=1 on command line. {"history": "ExplorerRun.0", "point": 1, "testname": "mydesign_core_1", "cornername": "Nominal"}
[2026-04-18 20:36:23.974 +0700] [INFO] [cadence.virtuoso.ade.simulationMonitor] - Total time required for dc analysis `dcOp': CPU = 4.819 ms, elapsed = 5.88799 ms. {"history": "ExplorerRun.0", "point": 1, "testname": "mydesign_core_1", "cornername": "Nominal"}
[2026-04-18 20:36:23.974 +0700] [INFO] [cadence.virtuoso.ade.simulationMonitor] - Peak resident memory used = 102 Mbytes. {"history": "ExplorerRun.0", "point": 1, "testname": "mydesign_core_1", "cornername": "Nominal"}
[2026-04-18 20:36:23.975 +0700] [INFO] [cadence.virtuoso.ade.simulationMonitor] - Notice from spectre at temp = 125 C during DC analysis `dc'.
    The value of parameter 'temp' has been reset to the original value 27. {"history": "ExplorerRun.0", "point": 1, "testname": "mydesign_core_1", "cornername": "Nominal"}
[2026-04-18 20:36:23.975 +0700] [INFO] [cadence.virtuoso.ade.simulationMonitor] - Total time required for dc analysis `dc': CPU = 25.99 ms, elapsed = 27.0088 ms. {"history": "ExplorerRun.0", "point": 1, "testname": "mydesign_core_1", "cornername": "Nominal"}
[2026-04-18 20:36:23.975 +0700] [INFO] [cadence.virtuoso.ade.simulationMonitor] - Peak resident memory used = 103 Mbytes. {"history": "ExplorerRun.0", "point": 1, "testname": "mydesign_core_1", "cornername": "Nominal"}
[2026-04-18 20:36:23.975 +0700] [INFO] [cadence.virtuoso.ade.simulationMonitor] - Time used: CPU = 588 ms, elapsed = 21.9 s, util. = 2.68%. {"history": "ExplorerRun.0", "point": 1, "testname": "mydesign_core_1", "cornername": "Nominal"}
[2026-04-18 20:36:23.975 +0700] [INFO] [cadence.virtuoso.ade.simulationMonitor] - Time spent in licensing: elapsed = 20.7 s, percentage of total = 94.6%. {"history": "ExplorerRun.0", "point": 1, "testname": "mydesign_core_1", "cornername": "Nominal"}
[2026-04-18 20:36:23.976 +0700] [INFO] [cadence.virtuoso.ade.simulationMonitor] - Peak memory used = 112 Mbytes. {"history": "ExplorerRun.0", "point": 1, "testname": "mydesign_core_1", "cornername": "Nominal"}
[2026-04-18 20:36:23.976 +0700] [PROCESS] [cadence.virtuoso.ade.simulationMonitor] - Simulation started at: 8:36:01 PM, Sat Apr 18, 2026, ended at: 8:36:23 PM, Sat Apr 18, 2026, with elapsed time (wall clock): 21.9 s. {"history": "ExplorerRun.0", "point": 1, "testname": "mydesign_core_1", "cornername": "Nominal"}
[2026-04-18 20:36:23.976 +0700] [PROCESS] [cadence.virtuoso.ade.simulationMonitor] - spectre completes with 0 errors, 4 warnings, and 5 notices. {"history": "ExplorerRun.0", "point": 1, "testname": "mydesign_core_1", "cornername": "Nominal"}
[2026-04-18 20:36:24.477 +0700] [PROCESS] [cadence.virtuoso.ade.simulationMonitor] - Finished simulating for one point {"hostname": "dtvt_13", "processid": 24361, "history": "ExplorerRun.0", "testname": "mydesign_core_1", "cornername": "Nominal", "point": 1, "logfile": "/home/dtvt_13/duyDUT/logs_dtvt_13/logs0/Job55.log", "simid": "1"}
[2026-04-18 20:36:24.478 +0700] [PROCESS] [cadence.virtuoso.ade.simulationMonitor] - Simulator exited {"hostname": "dtvt_13", "processid": 24361, "history": "ExplorerRun.0", "testname": "mydesign_core_1", "cornername": "Nominal", "point": 1, "logfile": "/home/dtvt_13/duyDUT/logs_dtvt_13/logs0/Job55.log", "exitStatus": "0"}
[2026-04-18 20:36:24.478 +0700] [PROCESS] [cadence.virtuoso.ade.simulationMonitor] - Finished Simulation {"hostname": "dtvt_13", "processid": 24361, "history": "ExplorerRun.0", "testname": "mydesign_core_1", "cornername": "Nominal", "point": 1, "logfile": "/home/dtvt_13/duyDUT/logs_dtvt_13/logs0/Job55.log", "simid": "1"}
[2026-04-18 20:36:24.992 +0700] [PROCESS] [cadence.virtuoso.ade.simulationMonitor] - Point Finished {"hostname": "dtvt_13", "processid": 24361, "history": "ExplorerRun.0", "testname": "mydesign_core_1", "cornername": "Nominal", "point": 1, "logfile": "/home/dtvt_13/duyDUT/logs_dtvt_13/logs0/Job55.log"}
[2026-04-18 20:36:25.997 +0700] [PROCESS] [cadence.virtuoso.ade.simulationMonitor] - Stay with the runId '9', Linger time '300', currentRunSyn '19', currentTestSyn '19' {"hostname": "dtvt_13", "processid": 24361, "history": "ExplorerRun.0", "testname": "mydesign_core_1", "cornername": "Nominal", "point": 1, "logfile": "/home/dtvt_13/duyDUT/logs_dtvt_13/logs0/Job55.log"}
[2026-04-18 20:41:26.170 +0700] [PROCESS] [cadence.virtuoso.ade.simulationMonitor] - Current memory used: 32.1758 MBytes, peak memory used: 32.1758 MBytes {"hostname": "dtvt_13", "processid": 24361, "history": "ExplorerRun.0", "testname": "mydesign_core_1", "cornername": "Nominal", "point": 1, "logfile": "/home/dtvt_13/duyDUT/logs_dtvt_13/logs0/Job55.log"}
[2026-04-18 20:41:26.170 +0700] [PROCESS] [cadence.virtuoso.ade.simulationMonitor] - Simulation Monitor process exit. {"hostname": "dtvt_13", "processid": 24361, "history": "ExplorerRun.0", "testname": "mydesign_core_1", "cornername": "Nominal", "point": 1, "logfile": "/home/dtvt_13/duyDUT/logs_dtvt_13/logs0/Job55.log"}
