[Simulation Monitor: 5]
[2026-04-12 23:46:56.752 +0700] [PROCESS] [cadence.virtuoso.ade.simulationMonitor] - Simulation Monitor has successfully started up. Trying to set up communication channels to other components ... {"hostname": "dtvt_13", "processid": 18726, "logfile": "/home/dtvt_13/duyDUT/logs_dtvt_13/logs0/Job5.log"}
[2026-04-12 23:46:56.752 +0700] [PROCESS] [cadence.virtuoso.ade.simulationMonitor] - Communication channels have been successfully set up. Start processing events ... {"hostname": "dtvt_13", "processid": 18726, "logfile": "/home/dtvt_13/duyDUT/logs_dtvt_13/logs0/Job5.log"}
[2026-04-12 23:46:56.753 +0700] [PROCESS] [cadence.virtuoso.ade.simulationMonitor] - Started History {"hostname": "dtvt_13", "processid": 18726, "history": "ExplorerRun.0", "logfile": "/home/dtvt_13/duyDUT/logs_dtvt_13/logs0/Job5.log"}
[2026-04-12 23:46:56.753 +0700] [PROCESS] [cadence.virtuoso.ade.simulationMonitor] - HostInfo:
Host name (type):	dtvt_13 (x86_64)
Operating system:	Linux 3.10.0-1160.118.1.el7.x86_64 #1 SMP Wed Apr 24 16:01:50 UTC 2024 {"hostname": "dtvt_13", "processid": 18726, "history": "ExplorerRun.0", "logfile": "/home/dtvt_13/duyDUT/logs_dtvt_13/logs0/Job5.log", "nodename": "dtvt_13", "domainname": "(none)", "machine": "x86_64", "sysname": "Linux", "release": "3.10.0-1160.118.1.el7.x86_64", "version": "#1 SMP Wed Apr 24 16:01:50 UTC 2024"}
[2026-04-12 23:46:56.753 +0700] [PROCESS] [cadence.virtuoso.ade.simulationMonitor] - UsageInfo:
pid=18726
totalPhysicalMemory=15.208324GB,Used=13.767040GB,totalVirtualMemory=22.895821GB,Used=13.830761GB
Cpu: Cores=24, Load average:0.260000,0.470000,0.390000 {"hostname": "dtvt_13", "processid": 18726, "history": "ExplorerRun.0", "logfile": "/home/dtvt_13/duyDUT/logs_dtvt_13/logs0/Job5.log", "pid": "18726", "totalPhysicalMemory": "15.208324", "physicalMemoryUsed": "13.767040", "totalVirtualMemory": "22.895821", "virtualMemoryUsed": "13.830761", "cpuCores": "24", "processes": "2673", "loadAverage1": "0.260000", "loadAverage5": "0.470000", "loadAverage15": "0.390000", "loadAverage1Percent": "0.010833"}
[2026-04-12 23:46:56.754 +0700] [EVENT] [cadence.virtuoso.ade.simulationMonitor] - NewPoint {"history": "ExplorerRun.0", "point": 1, "testname": "gmIdwl_NMOS_1", "cornername": "Nominal", "event": "NewPoint", "EventSource": "Simulation Monitor", "HistoryName": "ExplorerRun.0", "logFile": "/home/dtvt_13/duyDUT/logs_dtvt_13/logs0/Job5.log", "logFileSize": "2081"}
[2026-04-12 23:46:56.855 +0700] [EVENT] [cadence.virtuoso.ade.simulationMonitor] - NewPoint {"history": "ExplorerRun.0", "point": 1, "testname": "gmIdwl_NMOS_1", "cornername": "Nominal", "event": "NewPoint", "EventSource": "spectre", "HistoryName": "ExplorerRun.0", "logFile": "/home/dtvt_13/simulation/gmIdwl/NMOSgmid/maestro/results/maestro/ExplorerRun.0/1/gmIdwl_NMOS_1/psf/spectre.out", "logFileSize": "-1"}
[2026-04-12 23:46:56.864 +0700] [PROCESS] [cadence.virtuoso.ade.simulationMonitor] - Simulator launched {"hostname": "dtvt_13", "processid": 18726, "history": "ExplorerRun.0", "testname": "gmIdwl_NMOS_1", "cornername": "Nominal", "point": 1, "logfile": "/home/dtvt_13/duyDUT/logs_dtvt_13/logs0/Job5.log", "simid": "1"}
[2026-04-12 23:46:56.868 +0700] [PROCESS] [cadence.virtuoso.ade.simulationMonitor] - Expression evaluator launched {"hostname": "dtvt_13", "processid": 18726, "history": "ExplorerRun.0", "testname": "gmIdwl_NMOS_1", "cornername": "Nominal", "point": 1, "logfile": "/home/dtvt_13/duyDUT/logs_dtvt_13/logs0/Job5.log"}
[2026-04-12 23:46:56.880 +0700] [PROCESS] [cadence.virtuoso.ade.simulationMonitor] - Started Simulation {"hostname": "dtvt_13", "processid": 18726, "history": "ExplorerRun.0", "testname": "gmIdwl_NMOS_1", "cornername": "Nominal", "point": 1, "logfile": "/home/dtvt_13/duyDUT/logs_dtvt_13/logs0/Job5.log"}
[2026-04-12 23:47:25.865 +0700] [INFO] [cadence.virtuoso.ade.simulationMonitor] - Peak resident memory used = 86 Mbytes. {"history": "ExplorerRun.0", "point": 1, "testname": "gmIdwl_NMOS_1", "cornername": "Nominal"}
[2026-04-12 23:47:25.865 +0700] [INFO] [cadence.virtuoso.ade.simulationMonitor] - Peak resident memory used = 96.3 Mbytes. {"history": "ExplorerRun.0", "point": 1, "testname": "gmIdwl_NMOS_1", "cornername": "Nominal"}
[2026-04-12 23:47:25.865 +0700] [INFO] [cadence.virtuoso.ade.simulationMonitor] - Notice from spectre during hierarchy flattening.
    The value 'psf' specified for the 'checklimitdest' option will no longer be supported in future releases. Use 'spectre -h' to see other recommended values for the 'checklimitdest' option. {"history": "ExplorerRun.0", "point": 1, "testname": "gmIdwl_NMOS_1", "cornername": "Nominal"}
[2026-04-12 23:47:25.865 +0700] [INFO] [cadence.virtuoso.ade.simulationMonitor] - Peak resident memory used = 97.2 Mbytes. {"history": "ExplorerRun.0", "point": 1, "testname": "gmIdwl_NMOS_1", "cornername": "Nominal"}
[2026-04-12 23:47:25.866 +0700] [INFO] [cadence.virtuoso.ade.simulationMonitor] - Notice from spectre during initial setup.
    Multithreading is disabled due to the size of the design being too small. {"history": "ExplorerRun.0", "point": 1, "testname": "gmIdwl_NMOS_1", "cornername": "Nominal"}
[2026-04-12 23:47:25.866 +0700] [INFO] [cadence.virtuoso.ade.simulationMonitor] -               nodes 3 {"history": "ExplorerRun.0", "point": 1, "testname": "gmIdwl_NMOS_1", "cornername": "Nominal"}
[2026-04-12 23:47:25.866 +0700] [INFO] [cadence.virtuoso.ade.simulationMonitor] - Notice from spectre during initial setup.
    APS enabled. {"history": "ExplorerRun.0", "point": 1, "testname": "gmIdwl_NMOS_1", "cornername": "Nominal"}
[2026-04-12 23:47:26.367 +0700] [PROCESS] [cadence.virtuoso.ade.simulationMonitor] - Finished simulating for one point {"hostname": "dtvt_13", "processid": 18726, "history": "ExplorerRun.0", "testname": "gmIdwl_NMOS_1", "cornername": "Nominal", "point": 1, "logfile": "/home/dtvt_13/duyDUT/logs_dtvt_13/logs0/Job5.log", "simid": "1"}
[2026-04-12 23:47:26.368 +0700] [INFO] [cadence.virtuoso.ade.simulationMonitor] - Peak resident memory used = 98.6 Mbytes. {"history": "ExplorerRun.0", "point": 1, "testname": "gmIdwl_NMOS_1", "cornername": "Nominal"}
[2026-04-12 23:47:26.368 +0700] [INFO] [cadence.virtuoso.ade.simulationMonitor] -    -   (APS) Multi-threading. The recommended number of threads is 1, consider adding +mt=1 on command line. {"history": "ExplorerRun.0", "point": 1, "testname": "gmIdwl_NMOS_1", "cornername": "Nominal"}
[2026-04-12 23:47:26.368 +0700] [INFO] [cadence.virtuoso.ade.simulationMonitor] - Total time required for dc analysis `dcOp': CPU = 1.419 ms, elapsed = 2.41899 ms. {"history": "ExplorerRun.0", "point": 1, "testname": "gmIdwl_NMOS_1", "cornername": "Nominal"}
[2026-04-12 23:47:26.369 +0700] [INFO] [cadence.virtuoso.ade.simulationMonitor] - Peak resident memory used = 100 Mbytes. {"history": "ExplorerRun.0", "point": 1, "testname": "gmIdwl_NMOS_1", "cornername": "Nominal"}
[2026-04-12 23:47:26.369 +0700] [INFO] [cadence.virtuoso.ade.simulationMonitor] - Notice from spectre at vgs = 1.8 during DC analysis `dc'.
    The value of parameter 'vgs' has been reset to the original value 0.5. {"history": "ExplorerRun.0", "point": 1, "testname": "gmIdwl_NMOS_1", "cornername": "Nominal"}
[2026-04-12 23:47:26.369 +0700] [INFO] [cadence.virtuoso.ade.simulationMonitor] - Total time required for dc analysis `dc': CPU = 383.806 ms, elapsed = 384.831 ms. {"history": "ExplorerRun.0", "point": 1, "testname": "gmIdwl_NMOS_1", "cornername": "Nominal"}
[2026-04-12 23:47:26.370 +0700] [INFO] [cadence.virtuoso.ade.simulationMonitor] - Peak resident memory used = 102 Mbytes. {"history": "ExplorerRun.0", "point": 1, "testname": "gmIdwl_NMOS_1", "cornername": "Nominal"}
[2026-04-12 23:47:26.370 +0700] [INFO] [cadence.virtuoso.ade.simulationMonitor] - Time used: CPU = 955 ms, elapsed = 22 s, util. = 4.34%. {"history": "ExplorerRun.0", "point": 1, "testname": "gmIdwl_NMOS_1", "cornername": "Nominal"}
[2026-04-12 23:47:26.370 +0700] [INFO] [cadence.virtuoso.ade.simulationMonitor] - Time spent in licensing: elapsed = 20.5 s, percentage of total = 93.1%. {"history": "ExplorerRun.0", "point": 1, "testname": "gmIdwl_NMOS_1", "cornername": "Nominal"}
[2026-04-12 23:47:26.371 +0700] [INFO] [cadence.virtuoso.ade.simulationMonitor] - Peak memory used = 110 Mbytes. {"history": "ExplorerRun.0", "point": 1, "testname": "gmIdwl_NMOS_1", "cornername": "Nominal"}
[2026-04-12 23:47:26.371 +0700] [PROCESS] [cadence.virtuoso.ade.simulationMonitor] - Simulation started at: 11:47:04 PM, Sun Apr 12, 2026, ended at: 11:47:26 PM, Sun Apr 12, 2026, with elapsed time (wall clock): 22 s. {"history": "ExplorerRun.0", "point": 1, "testname": "gmIdwl_NMOS_1", "cornername": "Nominal"}
[2026-04-12 23:47:26.371 +0700] [PROCESS] [cadence.virtuoso.ade.simulationMonitor] - spectre completes with 0 errors, 0 warnings, and 5 notices. {"history": "ExplorerRun.0", "point": 1, "testname": "gmIdwl_NMOS_1", "cornername": "Nominal"}
[2026-04-12 23:47:26.371 +0700] [PROCESS] [cadence.virtuoso.ade.simulationMonitor] - Simulator exited {"hostname": "dtvt_13", "processid": 18726, "history": "ExplorerRun.0", "testname": "gmIdwl_NMOS_1", "cornername": "Nominal", "point": 1, "logfile": "/home/dtvt_13/duyDUT/logs_dtvt_13/logs0/Job5.log", "exitStatus": "0"}
[2026-04-12 23:47:26.371 +0700] [PROCESS] [cadence.virtuoso.ade.simulationMonitor] - Finished Simulation {"hostname": "dtvt_13", "processid": 18726, "history": "ExplorerRun.0", "testname": "gmIdwl_NMOS_1", "cornername": "Nominal", "point": 1, "logfile": "/home/dtvt_13/duyDUT/logs_dtvt_13/logs0/Job5.log", "simid": "1"}
[2026-04-12 23:47:26.882 +0700] [PROCESS] [cadence.virtuoso.ade.simulationMonitor] - Point Finished {"hostname": "dtvt_13", "processid": 18726, "history": "ExplorerRun.0", "testname": "gmIdwl_NMOS_1", "cornername": "Nominal", "point": 1, "logfile": "/home/dtvt_13/duyDUT/logs_dtvt_13/logs0/Job5.log"}
[2026-04-12 23:49:10.364 +0700] [INFO] [cadence.virtuoso.ade.simulationMonitor] - SimulationMonitor has terminated the vds process '18806', reason: 'Force to stop the expression evalutor process because of new run' {"history": "ExplorerRun.0", "point": 1, "testname": "gmIdwl_NMOS_1", "cornername": "Nominal"}
[2026-04-12 23:49:10.364 +0700] [PROCESS] [cadence.virtuoso.ade.simulationMonitor] - HostInfo:
Host name (type):	dtvt_13 (x86_64)
Operating system:	Linux 3.10.0-1160.118.1.el7.x86_64 #1 SMP Wed Apr 24 16:01:50 UTC 2024 {"hostname": "dtvt_13", "processid": 18726, "history": "ExplorerRun.0", "testname": "gmIdwl_NMOS_1", "cornername": "Nominal", "point": 1, "logfile": "/home/dtvt_13/duyDUT/logs_dtvt_13/logs0/Job5.log", "nodename": "dtvt_13", "domainname": "(none)", "machine": "x86_64", "sysname": "Linux", "release": "3.10.0-1160.118.1.el7.x86_64", "version": "#1 SMP Wed Apr 24 16:01:50 UTC 2024"}
[2026-04-12 23:49:10.364 +0700] [PROCESS] [cadence.virtuoso.ade.simulationMonitor] - UsageInfo:
pid=18726
totalPhysicalMemory=15.208324GB,Used=13.763653GB,totalVirtualMemory=22.895821GB,Used=13.827374GB
Cpu: Cores=24, Load average:0.210000,0.390000,0.370000 {"hostname": "dtvt_13", "processid": 18726, "history": "ExplorerRun.0", "testname": "gmIdwl_NMOS_1", "cornername": "Nominal", "point": 1, "logfile": "/home/dtvt_13/duyDUT/logs_dtvt_13/logs0/Job5.log", "pid": "18726", "totalPhysicalMemory": "15.208324", "physicalMemoryUsed": "13.763653", "totalVirtualMemory": "22.895821", "virtualMemoryUsed": "13.827374", "cpuCores": "24", "processes": "2666", "loadAverage1": "0.210000", "loadAverage5": "0.390000", "loadAverage15": "0.370000", "loadAverage1Percent": "0.008750"}
[2026-04-12 23:49:10.365 +0700] [EVENT] [cadence.virtuoso.ade.simulationMonitor] - NewPoint {"history": "ExplorerRun.0", "point": 1, "testname": "gmIdwl_NMOS_1", "cornername": "Nominal", "event": "NewPoint", "EventSource": "Simulation Monitor", "HistoryName": "ExplorerRun.0", "logFile": "/home/dtvt_13/duyDUT/logs_dtvt_13/logs0/Job5.log", "logFileSize": "11569"}
[2026-04-12 23:49:10.466 +0700] [EVENT] [cadence.virtuoso.ade.simulationMonitor] - NewPoint {"history": "ExplorerRun.0", "point": 1, "testname": "gmIdwl_NMOS_1", "cornername": "Nominal", "event": "NewPoint", "EventSource": "spectre", "HistoryName": "ExplorerRun.0", "logFile": "/home/dtvt_13/simulation/gmIdwl/NMOSgmid/maestro/results/maestro/ExplorerRun.0/1/gmIdwl_NMOS_1/psf/spectre.out", "logFileSize": "-1"}
[2026-04-12 23:49:10.474 +0700] [PROCESS] [cadence.virtuoso.ade.simulationMonitor] - Simulator launched {"hostname": "dtvt_13", "processid": 18726, "history": "ExplorerRun.0", "testname": "gmIdwl_NMOS_1", "cornername": "Nominal", "point": 1, "logfile": "/home/dtvt_13/duyDUT/logs_dtvt_13/logs0/Job5.log", "simid": "2"}
[2026-04-12 23:49:10.479 +0700] [PROCESS] [cadence.virtuoso.ade.simulationMonitor] - Expression evaluator launched {"hostname": "dtvt_13", "processid": 18726, "history": "ExplorerRun.0", "testname": "gmIdwl_NMOS_1", "cornername": "Nominal", "point": 1, "logfile": "/home/dtvt_13/duyDUT/logs_dtvt_13/logs0/Job5.log"}
[2026-04-12 23:49:10.491 +0700] [PROCESS] [cadence.virtuoso.ade.simulationMonitor] - Started Simulation {"hostname": "dtvt_13", "processid": 18726, "history": "ExplorerRun.0", "testname": "gmIdwl_NMOS_1", "cornername": "Nominal", "point": 1, "logfile": "/home/dtvt_13/duyDUT/logs_dtvt_13/logs0/Job5.log"}
[2026-04-12 23:49:32.395 +0700] [INFO] [cadence.virtuoso.ade.simulationMonitor] - Peak resident memory used = 86.1 Mbytes. {"history": "ExplorerRun.0", "point": 1, "testname": "gmIdwl_NMOS_1", "cornername": "Nominal"}
[2026-04-12 23:49:32.395 +0700] [INFO] [cadence.virtuoso.ade.simulationMonitor] - Peak resident memory used = 96.5 Mbytes. {"history": "ExplorerRun.0", "point": 1, "testname": "gmIdwl_NMOS_1", "cornername": "Nominal"}
[2026-04-12 23:49:32.395 +0700] [INFO] [cadence.virtuoso.ade.simulationMonitor] - Notice from spectre during hierarchy flattening.
    The value 'psf' specified for the 'checklimitdest' option will no longer be supported in future releases. Use 'spectre -h' to see other recommended values for the 'checklimitdest' option. {"history": "ExplorerRun.0", "point": 1, "testname": "gmIdwl_NMOS_1", "cornername": "Nominal"}
[2026-04-12 23:49:32.395 +0700] [INFO] [cadence.virtuoso.ade.simulationMonitor] - Peak resident memory used = 97.3 Mbytes. {"history": "ExplorerRun.0", "point": 1, "testname": "gmIdwl_NMOS_1", "cornername": "Nominal"}
[2026-04-12 23:49:32.395 +0700] [WARN] [cadence.virtuoso.ade.simulationMonitor] -     WARNING (SPECTRE-8061): `NM0': Does not have a terminal named `id'. {"history": "ExplorerRun.0", "point": 1, "testname": "gmIdwl_NMOS_1", "cornername": "Nominal"}
[2026-04-12 23:49:32.396 +0700] [WARN] [cadence.virtuoso.ade.simulationMonitor] -     WARNING (SPECTRE-8287): Ignoring invalid item `NM0:id' in save statement. {"history": "ExplorerRun.0", "point": 1, "testname": "gmIdwl_NMOS_1", "cornername": "Nominal"}
[2026-04-12 23:49:32.396 +0700] [WARN] [cadence.virtuoso.ade.simulationMonitor] -     WARNING (SPECTRE-8061): `NM0': Does not have a terminal named `gm'. {"history": "ExplorerRun.0", "point": 1, "testname": "gmIdwl_NMOS_1", "cornername": "Nominal"}
[2026-04-12 23:49:32.396 +0700] [WARN] [cadence.virtuoso.ade.simulationMonitor] -     WARNING (SPECTRE-8287): Ignoring invalid item `NM0:gm' in save statement. {"history": "ExplorerRun.0", "point": 1, "testname": "gmIdwl_NMOS_1", "cornername": "Nominal"}
[2026-04-12 23:49:32.396 +0700] [WARN] [cadence.virtuoso.ade.simulationMonitor] -     WARNING (SPECTRE-8061): `NM0': Does not have a terminal named `vth'. {"history": "ExplorerRun.0", "point": 1, "testname": "gmIdwl_NMOS_1", "cornername": "Nominal"}
[2026-04-12 23:49:32.396 +0700] [WARN] [cadence.virtuoso.ade.simulationMonitor] -     WARNING (SPECTRE-8287): Ignoring invalid item `NM0:vth' in save statement. {"history": "ExplorerRun.0", "point": 1, "testname": "gmIdwl_NMOS_1", "cornername": "Nominal"}
[2026-04-12 23:49:32.396 +0700] [WARN] [cadence.virtuoso.ade.simulationMonitor] -     WARNING (SPECTRE-8061): `NM0': Does not have a terminal named `vgs'. {"history": "ExplorerRun.0", "point": 1, "testname": "gmIdwl_NMOS_1", "cornername": "Nominal"}
[2026-04-12 23:49:32.396 +0700] [WARN] [cadence.virtuoso.ade.simulationMonitor] -     WARNING (SPECTRE-8287): Ignoring invalid item `NM0:vgs' in save statement. {"history": "ExplorerRun.0", "point": 1, "testname": "gmIdwl_NMOS_1", "cornername": "Nominal"}
[2026-04-12 23:49:32.396 +0700] [INFO] [cadence.virtuoso.ade.simulationMonitor] - Notice from spectre during initial setup.
    Multithreading is disabled due to the size of the design being too small. {"history": "ExplorerRun.0", "point": 1, "testname": "gmIdwl_NMOS_1", "cornername": "Nominal"}
[2026-04-12 23:49:32.397 +0700] [INFO] [cadence.virtuoso.ade.simulationMonitor] -               nodes 3 {"history": "ExplorerRun.0", "point": 1, "testname": "gmIdwl_NMOS_1", "cornername": "Nominal"}
[2026-04-12 23:49:32.397 +0700] [INFO] [cadence.virtuoso.ade.simulationMonitor] - Notice from spectre during initial setup.
    APS enabled. {"history": "ExplorerRun.0", "point": 1, "testname": "gmIdwl_NMOS_1", "cornername": "Nominal"}
[2026-04-12 23:49:32.397 +0700] [INFO] [cadence.virtuoso.ade.simulationMonitor] - Peak resident memory used = 98.8 Mbytes. {"history": "ExplorerRun.0", "point": 1, "testname": "gmIdwl_NMOS_1", "cornername": "Nominal"}
[2026-04-12 23:49:32.397 +0700] [INFO] [cadence.virtuoso.ade.simulationMonitor] -    -   (APS) Multi-threading. The recommended number of threads is 1, consider adding +mt=1 on command line. {"history": "ExplorerRun.0", "point": 1, "testname": "gmIdwl_NMOS_1", "cornername": "Nominal"}
[2026-04-12 23:49:32.397 +0700] [INFO] [cadence.virtuoso.ade.simulationMonitor] - Total time required for dc analysis `dcOp': CPU = 3.558 ms, elapsed = 4.63891 ms. {"history": "ExplorerRun.0", "point": 1, "testname": "gmIdwl_NMOS_1", "cornername": "Nominal"}
[2026-04-12 23:49:32.397 +0700] [INFO] [cadence.virtuoso.ade.simulationMonitor] - Peak resident memory used = 101 Mbytes. {"history": "ExplorerRun.0", "point": 1, "testname": "gmIdwl_NMOS_1", "cornername": "Nominal"}
[2026-04-12 23:49:32.897 +0700] [INFO] [cadence.virtuoso.ade.simulationMonitor] - Notice from spectre at vgs = 1.8 during DC analysis `dc'.
    The value of parameter 'vgs' has been reset to the original value 0.5. {"history": "ExplorerRun.0", "point": 1, "testname": "gmIdwl_NMOS_1", "cornername": "Nominal"}
[2026-04-12 23:49:32.898 +0700] [INFO] [cadence.virtuoso.ade.simulationMonitor] - Total time required for dc analysis `dc': CPU = 420.466 ms, elapsed = 421.471 ms. {"history": "ExplorerRun.0", "point": 1, "testname": "gmIdwl_NMOS_1", "cornername": "Nominal"}
[2026-04-12 23:49:32.898 +0700] [INFO] [cadence.virtuoso.ade.simulationMonitor] - Peak resident memory used = 102 Mbytes. {"history": "ExplorerRun.0", "point": 1, "testname": "gmIdwl_NMOS_1", "cornername": "Nominal"}
[2026-04-12 23:49:32.898 +0700] [INFO] [cadence.virtuoso.ade.simulationMonitor] - Time used: CPU = 963 ms, elapsed = 21.8 s, util. = 4.41%. {"history": "ExplorerRun.0", "point": 1, "testname": "gmIdwl_NMOS_1", "cornername": "Nominal"}
[2026-04-12 23:49:32.898 +0700] [INFO] [cadence.virtuoso.ade.simulationMonitor] - Time spent in licensing: elapsed = 20.3 s, percentage of total = 93%. {"history": "ExplorerRun.0", "point": 1, "testname": "gmIdwl_NMOS_1", "cornername": "Nominal"}
[2026-04-12 23:49:32.899 +0700] [INFO] [cadence.virtuoso.ade.simulationMonitor] - Peak memory used = 111 Mbytes. {"history": "ExplorerRun.0", "point": 1, "testname": "gmIdwl_NMOS_1", "cornername": "Nominal"}
[2026-04-12 23:49:32.899 +0700] [PROCESS] [cadence.virtuoso.ade.simulationMonitor] - Simulation started at: 11:49:10 PM, Sun Apr 12, 2026, ended at: 11:49:32 PM, Sun Apr 12, 2026, with elapsed time (wall clock): 21.8 s. {"history": "ExplorerRun.0", "point": 1, "testname": "gmIdwl_NMOS_1", "cornername": "Nominal"}
[2026-04-12 23:49:32.899 +0700] [PROCESS] [cadence.virtuoso.ade.simulationMonitor] - spectre completes with 0 errors, 8 warnings, and 5 notices. {"history": "ExplorerRun.0", "point": 1, "testname": "gmIdwl_NMOS_1", "cornername": "Nominal"}
[2026-04-12 23:49:33.400 +0700] [PROCESS] [cadence.virtuoso.ade.simulationMonitor] - Finished simulating for one point {"hostname": "dtvt_13", "processid": 18726, "history": "ExplorerRun.0", "testname": "gmIdwl_NMOS_1", "cornername": "Nominal", "point": 1, "logfile": "/home/dtvt_13/duyDUT/logs_dtvt_13/logs0/Job5.log", "simid": "2"}
[2026-04-12 23:49:33.401 +0700] [PROCESS] [cadence.virtuoso.ade.simulationMonitor] - Simulator exited {"hostname": "dtvt_13", "processid": 18726, "history": "ExplorerRun.0", "testname": "gmIdwl_NMOS_1", "cornername": "Nominal", "point": 1, "logfile": "/home/dtvt_13/duyDUT/logs_dtvt_13/logs0/Job5.log", "exitStatus": "0"}
[2026-04-12 23:49:33.401 +0700] [PROCESS] [cadence.virtuoso.ade.simulationMonitor] - Finished Simulation {"hostname": "dtvt_13", "processid": 18726, "history": "ExplorerRun.0", "testname": "gmIdwl_NMOS_1", "cornername": "Nominal", "point": 1, "logfile": "/home/dtvt_13/duyDUT/logs_dtvt_13/logs0/Job5.log", "simid": "2"}
[2026-04-12 23:49:34.415 +0700] [PROCESS] [cadence.virtuoso.ade.simulationMonitor] - Point Finished {"hostname": "dtvt_13", "processid": 18726, "history": "ExplorerRun.0", "testname": "gmIdwl_NMOS_1", "cornername": "Nominal", "point": 1, "logfile": "/home/dtvt_13/duyDUT/logs_dtvt_13/logs0/Job5.log"}
[2026-04-12 23:49:35.421 +0700] [PROCESS] [cadence.virtuoso.ade.simulationMonitor] - Stay with the runId '2', Linger time '300', currentRunSyn '5', currentTestSyn '5' {"hostname": "dtvt_13", "processid": 18726, "history": "ExplorerRun.0", "testname": "gmIdwl_NMOS_1", "cornername": "Nominal", "point": 1, "logfile": "/home/dtvt_13/duyDUT/logs_dtvt_13/logs0/Job5.log"}
[2026-04-12 23:52:10.013 +0700] [PROCESS] [cadence.virtuoso.ade.simulationMonitor] - get signal Terminated<15> from user:dtvt_13, which pid:18724:/home/dtvt_13/CDNS_Client/IC618-ISR28/tools/bin/64bit/cdsServIpc {"hostname": "dtvt_13", "processid": 18726, "history": "ExplorerRun.0", "testname": "gmIdwl_NMOS_1", "cornername": "Nominal", "point": 1, "logfile": "/home/dtvt_13/duyDUT/logs_dtvt_13/logs0/Job5.log", "signal": "15", "signalName": "Terminated", "which": "/home/dtvt_13/CDNS_Client/IC618-ISR28/tools/bin/64bit/cdsServIpc", "pid": "18724", "user": "dtvt_13", "uid": "1000"}
[2026-04-12 23:52:10.013 +0700] [INFO] [cadence.virtuoso.ade.simulationMonitor] - SimulationMonitor has terminated the spectre process '19711', reason: 'simulationMonitor is handling signal 15' {"history": "ExplorerRun.0", "point": 1, "testname": "gmIdwl_NMOS_1", "cornername": "Nominal"}
[2026-04-12 23:52:10.514 +0700] [PROCESS] [cadence.virtuoso.ade.simulationMonitor] - Current memory used: 32.5469 MBytes, peak memory used: 32.5469 MBytes {"hostname": "dtvt_13", "processid": 18726, "history": "ExplorerRun.0", "testname": "gmIdwl_NMOS_1", "cornername": "Nominal", "point": 1, "logfile": "/home/dtvt_13/duyDUT/logs_dtvt_13/logs0/Job5.log"}
[2026-04-12 23:52:10.514 +0700] [PROCESS] [cadence.virtuoso.ade.simulationMonitor] - Simulation Monitor process exit. {"hostname": "dtvt_13", "processid": 18726, "history": "ExplorerRun.0", "testname": "gmIdwl_NMOS_1", "cornername": "Nominal", "point": 1, "logfile": "/home/dtvt_13/duyDUT/logs_dtvt_13/logs0/Job5.log"}
