[Simulation Monitor: 57]
[2026-04-18 22:12:53.887 +0700] [PROCESS] [cadence.virtuoso.ade.simulationMonitor] - Simulation Monitor has successfully started up. Trying to set up communication channels to other components ... {"hostname": "dtvt_13", "processid": 1619, "logfile": "/home/dtvt_13/duyDUT/logs_dtvt_13/logs0/Job57.log"}
[2026-04-18 22:12:53.887 +0700] [PROCESS] [cadence.virtuoso.ade.simulationMonitor] - Communication channels have been successfully set up. Start processing events ... {"hostname": "dtvt_13", "processid": 1619, "logfile": "/home/dtvt_13/duyDUT/logs_dtvt_13/logs0/Job57.log"}
[2026-04-18 22:12:53.889 +0700] [PROCESS] [cadence.virtuoso.ade.simulationMonitor] - Started History {"hostname": "dtvt_13", "processid": 1619, "history": "ExplorerRun.0", "logfile": "/home/dtvt_13/duyDUT/logs_dtvt_13/logs0/Job57.log"}
[2026-04-18 22:12:53.889 +0700] [PROCESS] [cadence.virtuoso.ade.simulationMonitor] - HostInfo:
Host name (type):	dtvt_13 (x86_64)
Operating system:	Linux 3.10.0-1160.118.1.el7.x86_64 #1 SMP Wed Apr 24 16:01:50 UTC 2024 {"hostname": "dtvt_13", "processid": 1619, "history": "ExplorerRun.0", "logfile": "/home/dtvt_13/duyDUT/logs_dtvt_13/logs0/Job57.log", "nodename": "dtvt_13", "domainname": "(none)", "machine": "x86_64", "sysname": "Linux", "release": "3.10.0-1160.118.1.el7.x86_64", "version": "#1 SMP Wed Apr 24 16:01:50 UTC 2024"}
[2026-04-18 22:12:53.889 +0700] [PROCESS] [cadence.virtuoso.ade.simulationMonitor] - UsageInfo:
pid=1619
totalPhysicalMemory=15.208324GB,Used=13.988037GB,totalVirtualMemory=22.895821GB,Used=14.028564GB
Cpu: Cores=24, Load average:0.130000,0.050000,0.050000 {"hostname": "dtvt_13", "processid": 1619, "history": "ExplorerRun.0", "logfile": "/home/dtvt_13/duyDUT/logs_dtvt_13/logs0/Job57.log", "pid": "1619", "totalPhysicalMemory": "15.208324", "physicalMemoryUsed": "13.988037", "totalVirtualMemory": "22.895821", "virtualMemoryUsed": "14.028564", "cpuCores": "24", "processes": "2453", "loadAverage1": "0.130000", "loadAverage5": "0.050000", "loadAverage15": "0.050000", "loadAverage1Percent": "0.005417"}
[2026-04-18 22:12:53.889 +0700] [EVENT] [cadence.virtuoso.ade.simulationMonitor] - NewPoint {"history": "ExplorerRun.0", "point": 1, "testname": "gmIdwl_WL_1", "cornername": "Nominal", "event": "NewPoint", "EventSource": "Simulation Monitor", "HistoryName": "ExplorerRun.0", "logFile": "/home/dtvt_13/duyDUT/logs_dtvt_13/logs0/Job57.log", "logFileSize": "2080"}
[2026-04-18 22:12:53.990 +0700] [EVENT] [cadence.virtuoso.ade.simulationMonitor] - NewPoint {"history": "ExplorerRun.0", "point": 1, "testname": "gmIdwl_WL_1", "cornername": "Nominal", "event": "NewPoint", "EventSource": "spectre", "HistoryName": "ExplorerRun.0", "logFile": "/home/dtvt_13/simulation/gmIdwl/WL/maestro/results/maestro/ExplorerRun.0/1/gmIdwl_WL_1/psf/spectre.out", "logFileSize": "-1"}
[2026-04-18 22:12:53.999 +0700] [PROCESS] [cadence.virtuoso.ade.simulationMonitor] - Simulator launched {"hostname": "dtvt_13", "processid": 1619, "history": "ExplorerRun.0", "testname": "gmIdwl_WL_1", "cornername": "Nominal", "point": 1, "logfile": "/home/dtvt_13/duyDUT/logs_dtvt_13/logs0/Job57.log", "simid": "1"}
[2026-04-18 22:12:54.003 +0700] [PROCESS] [cadence.virtuoso.ade.simulationMonitor] - Expression evaluator launched {"hostname": "dtvt_13", "processid": 1619, "history": "ExplorerRun.0", "testname": "gmIdwl_WL_1", "cornername": "Nominal", "point": 1, "logfile": "/home/dtvt_13/duyDUT/logs_dtvt_13/logs0/Job57.log"}
[2026-04-18 22:12:54.018 +0700] [PROCESS] [cadence.virtuoso.ade.simulationMonitor] - Started Simulation {"hostname": "dtvt_13", "processid": 1619, "history": "ExplorerRun.0", "testname": "gmIdwl_WL_1", "cornername": "Nominal", "point": 1, "logfile": "/home/dtvt_13/duyDUT/logs_dtvt_13/logs0/Job57.log"}
[2026-04-18 22:13:15.960 +0700] [INFO] [cadence.virtuoso.ade.simulationMonitor] - Peak resident memory used = 86 Mbytes. {"history": "ExplorerRun.0", "point": 1, "testname": "gmIdwl_WL_1", "cornername": "Nominal"}
[2026-04-18 22:13:15.960 +0700] [INFO] [cadence.virtuoso.ade.simulationMonitor] - Peak resident memory used = 96.4 Mbytes. {"history": "ExplorerRun.0", "point": 1, "testname": "gmIdwl_WL_1", "cornername": "Nominal"}
[2026-04-18 22:13:15.961 +0700] [INFO] [cadence.virtuoso.ade.simulationMonitor] - Notice from spectre during hierarchy flattening.
    The value 'psf' specified for the 'checklimitdest' option will no longer be supported in future releases. Use 'spectre -h' to see other recommended values for the 'checklimitdest' option. {"history": "ExplorerRun.0", "point": 1, "testname": "gmIdwl_WL_1", "cornername": "Nominal"}
[2026-04-18 22:13:15.961 +0700] [INFO] [cadence.virtuoso.ade.simulationMonitor] - Peak resident memory used = 97.2 Mbytes. {"history": "ExplorerRun.0", "point": 1, "testname": "gmIdwl_WL_1", "cornername": "Nominal"}
[2026-04-18 22:13:15.962 +0700] [INFO] [cadence.virtuoso.ade.simulationMonitor] - Notice from spectre during initial setup.
    Multithreading is disabled due to the size of the design being too small. {"history": "ExplorerRun.0", "point": 1, "testname": "gmIdwl_WL_1", "cornername": "Nominal"}
[2026-04-18 22:13:15.962 +0700] [INFO] [cadence.virtuoso.ade.simulationMonitor] -               nodes 2 {"history": "ExplorerRun.0", "point": 1, "testname": "gmIdwl_WL_1", "cornername": "Nominal"}
[2026-04-18 22:13:15.962 +0700] [INFO] [cadence.virtuoso.ade.simulationMonitor] - Notice from spectre during initial setup.
    APS enabled. {"history": "ExplorerRun.0", "point": 1, "testname": "gmIdwl_WL_1", "cornername": "Nominal"}
[2026-04-18 22:13:15.963 +0700] [INFO] [cadence.virtuoso.ade.simulationMonitor] - Peak resident memory used = 98.8 Mbytes. {"history": "ExplorerRun.0", "point": 1, "testname": "gmIdwl_WL_1", "cornername": "Nominal"}
[2026-04-18 22:13:15.963 +0700] [INFO] [cadence.virtuoso.ade.simulationMonitor] -    -   (APS) Multi-threading. The recommended number of threads is 1, consider adding +mt=1 on command line. {"history": "ExplorerRun.0", "point": 1, "testname": "gmIdwl_WL_1", "cornername": "Nominal"}
[2026-04-18 22:13:15.963 +0700] [INFO] [cadence.virtuoso.ade.simulationMonitor] - Total time required for dc analysis `dcOp': CPU = 2.347 ms, elapsed = 3.51715 ms. {"history": "ExplorerRun.0", "point": 1, "testname": "gmIdwl_WL_1", "cornername": "Nominal"}
[2026-04-18 22:13:15.963 +0700] [INFO] [cadence.virtuoso.ade.simulationMonitor] - Peak resident memory used = 100 Mbytes. {"history": "ExplorerRun.0", "point": 1, "testname": "gmIdwl_WL_1", "cornername": "Nominal"}
[2026-04-18 22:13:15.964 +0700] [INFO] [cadence.virtuoso.ade.simulationMonitor] - Notice from spectre at vsg = 1.8 during DC analysis `dc'.
    The value of parameter 'vsg' has been reset to the original value 0.5. {"history": "ExplorerRun.0", "point": 1, "testname": "gmIdwl_WL_1", "cornername": "Nominal"}
[2026-04-18 22:13:15.964 +0700] [INFO] [cadence.virtuoso.ade.simulationMonitor] - Total time required for dc analysis `dc': CPU = 7.303 ms, elapsed = 8.49295 ms. {"history": "ExplorerRun.0", "point": 1, "testname": "gmIdwl_WL_1", "cornername": "Nominal"}
[2026-04-18 22:13:15.964 +0700] [INFO] [cadence.virtuoso.ade.simulationMonitor] - Peak resident memory used = 101 Mbytes. {"history": "ExplorerRun.0", "point": 1, "testname": "gmIdwl_WL_1", "cornername": "Nominal"}
[2026-04-18 22:13:16.465 +0700] [PROCESS] [cadence.virtuoso.ade.simulationMonitor] - Finished simulating for one point {"hostname": "dtvt_13", "processid": 1619, "history": "ExplorerRun.0", "testname": "gmIdwl_WL_1", "cornername": "Nominal", "point": 1, "logfile": "/home/dtvt_13/duyDUT/logs_dtvt_13/logs0/Job57.log", "simid": "1"}
[2026-04-18 22:13:16.466 +0700] [INFO] [cadence.virtuoso.ade.simulationMonitor] - Time used: CPU = 589 ms, elapsed = 21.6 s, util. = 2.73%. {"history": "ExplorerRun.0", "point": 1, "testname": "gmIdwl_WL_1", "cornername": "Nominal"}
[2026-04-18 22:13:16.466 +0700] [INFO] [cadence.virtuoso.ade.simulationMonitor] - Time spent in licensing: elapsed = 20.4 s, percentage of total = 94.6%. {"history": "ExplorerRun.0", "point": 1, "testname": "gmIdwl_WL_1", "cornername": "Nominal"}
[2026-04-18 22:13:16.467 +0700] [INFO] [cadence.virtuoso.ade.simulationMonitor] - Peak memory used = 110 Mbytes. {"history": "ExplorerRun.0", "point": 1, "testname": "gmIdwl_WL_1", "cornername": "Nominal"}
[2026-04-18 22:13:16.467 +0700] [PROCESS] [cadence.virtuoso.ade.simulationMonitor] - Simulation started at: 10:12:54 PM, Sat Apr 18, 2026, ended at: 10:13:15 PM, Sat Apr 18, 2026, with elapsed time (wall clock): 21.6 s. {"history": "ExplorerRun.0", "point": 1, "testname": "gmIdwl_WL_1", "cornername": "Nominal"}
[2026-04-18 22:13:16.467 +0700] [PROCESS] [cadence.virtuoso.ade.simulationMonitor] - spectre completes with 0 errors, 0 warnings, and 5 notices. {"history": "ExplorerRun.0", "point": 1, "testname": "gmIdwl_WL_1", "cornername": "Nominal"}
[2026-04-18 22:13:16.468 +0700] [PROCESS] [cadence.virtuoso.ade.simulationMonitor] - Simulator exited {"hostname": "dtvt_13", "processid": 1619, "history": "ExplorerRun.0", "testname": "gmIdwl_WL_1", "cornername": "Nominal", "point": 1, "logfile": "/home/dtvt_13/duyDUT/logs_dtvt_13/logs0/Job57.log", "exitStatus": "0"}
[2026-04-18 22:13:16.468 +0700] [PROCESS] [cadence.virtuoso.ade.simulationMonitor] - Finished Simulation {"hostname": "dtvt_13", "processid": 1619, "history": "ExplorerRun.0", "testname": "gmIdwl_WL_1", "cornername": "Nominal", "point": 1, "logfile": "/home/dtvt_13/duyDUT/logs_dtvt_13/logs0/Job57.log", "simid": "1"}
[2026-04-18 22:13:16.984 +0700] [PROCESS] [cadence.virtuoso.ade.simulationMonitor] - Point Finished {"hostname": "dtvt_13", "processid": 1619, "history": "ExplorerRun.0", "testname": "gmIdwl_WL_1", "cornername": "Nominal", "point": 1, "logfile": "/home/dtvt_13/duyDUT/logs_dtvt_13/logs0/Job57.log"}
[2026-04-18 22:18:17.747 +0700] [PROCESS] [cadence.virtuoso.ade.simulationMonitor] - Current memory used: 32.1719 MBytes, peak memory used: 32.1719 MBytes {"hostname": "dtvt_13", "processid": 1619, "history": "ExplorerRun.0", "testname": "gmIdwl_WL_1", "cornername": "Nominal", "point": 1, "logfile": "/home/dtvt_13/duyDUT/logs_dtvt_13/logs0/Job57.log"}
[2026-04-18 22:18:17.748 +0700] [PROCESS] [cadence.virtuoso.ade.simulationMonitor] - Simulation Monitor process exit. {"hostname": "dtvt_13", "processid": 1619, "history": "ExplorerRun.0", "testname": "gmIdwl_WL_1", "cornername": "Nominal", "point": 1, "logfile": "/home/dtvt_13/duyDUT/logs_dtvt_13/logs0/Job57.log"}
