[Simulation Monitor: 6]
[2026-04-06 23:34:37.638 +0700] [PROCESS] [cadence.virtuoso.ade.simulationMonitor] - Simulation Monitor has successfully started up. Trying to set up communication channels to other components ... {"hostname": "dtvt_13", "processid": 16315, "logfile": "/home/dtvt_13/duyDUT/logs_dtvt_13/logs0/Job6.log"}
[2026-04-06 23:34:37.638 +0700] [PROCESS] [cadence.virtuoso.ade.simulationMonitor] - Communication channels have been successfully set up. Start processing events ... {"hostname": "dtvt_13", "processid": 16315, "logfile": "/home/dtvt_13/duyDUT/logs_dtvt_13/logs0/Job6.log"}
[2026-04-06 23:34:37.638 +0700] [PROCESS] [cadence.virtuoso.ade.simulationMonitor] - Considering to start history {"hostname": "dtvt_13", "processid": 16315, "history": "ExplorerRun.0", "logfile": "/home/dtvt_13/duyDUT/logs_dtvt_13/logs0/Job6.log"}
[2026-04-06 23:34:37.640 +0700] [PROCESS] [cadence.virtuoso.ade.simulationMonitor] - HostInfo:
Host name (type):	dtvt_13 (x86_64)
Operating system:	Linux 3.10.0-1160.118.1.el7.x86_64 #1 SMP Wed Apr 24 16:01:50 UTC 2024 {"hostname": "dtvt_13", "processid": 16315, "history": "ExplorerRun.0", "logfile": "/home/dtvt_13/duyDUT/logs_dtvt_13/logs0/Job6.log", "nodename": "dtvt_13", "domainname": "(none)", "machine": "x86_64", "sysname": "Linux", "release": "3.10.0-1160.118.1.el7.x86_64", "version": "#1 SMP Wed Apr 24 16:01:50 UTC 2024"}
[2026-04-06 23:34:37.640 +0700] [PROCESS] [cadence.virtuoso.ade.simulationMonitor] - UsageInfo:
pid=16315
totalPhysicalMemory=15.208324GB,Used=14.734188GB,totalVirtualMemory=22.895821GB,Used=14.748592GB
Cpu: Cores=24, Load average:0.300000,0.350000,0.380000 {"hostname": "dtvt_13", "processid": 16315, "history": "ExplorerRun.0", "logfile": "/home/dtvt_13/duyDUT/logs_dtvt_13/logs0/Job6.log", "pid": "16315", "totalPhysicalMemory": "15.208324", "physicalMemoryUsed": "14.734188", "totalVirtualMemory": "22.895821", "virtualMemoryUsed": "14.748592", "cpuCores": "24", "processes": "2520", "loadAverage1": "0.300000", "loadAverage5": "0.350000", "loadAverage15": "0.380000", "loadAverage1Percent": "0.012500"}
[2026-04-06 23:34:37.640 +0700] [EVENT] [cadence.virtuoso.ade.simulationMonitor] - NewPoint {"history": "ExplorerRun.0", "point": 1, "testname": "TC_TCBJT_1", "cornername": "Nominal", "event": "NewPoint", "EventSource": "Simulation Monitor", "HistoryName": "ExplorerRun.0", "logFile": "/home/dtvt_13/duyDUT/logs_dtvt_13/logs0/Job6.log", "logFileSize": "2094"}
[2026-04-06 23:34:37.741 +0700] [EVENT] [cadence.virtuoso.ade.simulationMonitor] - NewPoint {"history": "ExplorerRun.0", "point": 1, "testname": "TC_TCBJT_1", "cornername": "Nominal", "event": "NewPoint", "EventSource": "spectre", "HistoryName": "ExplorerRun.0", "logFile": "/home/dtvt_13/simulation/TC/TCBJT/maestro/results/maestro/ExplorerRun.0/1/TC_TCBJT_1/psf/spectre.out", "logFileSize": "-1"}
[2026-04-06 23:34:37.751 +0700] [PROCESS] [cadence.virtuoso.ade.simulationMonitor] - Simulator launched {"hostname": "dtvt_13", "processid": 16315, "history": "ExplorerRun.0", "testname": "TC_TCBJT_1", "cornername": "Nominal", "point": 1, "logfile": "/home/dtvt_13/duyDUT/logs_dtvt_13/logs0/Job6.log", "simid": "1"}
[2026-04-06 23:34:37.754 +0700] [PROCESS] [cadence.virtuoso.ade.simulationMonitor] - Expression evaluator launched {"hostname": "dtvt_13", "processid": 16315, "history": "ExplorerRun.0", "testname": "TC_TCBJT_1", "cornername": "Nominal", "point": 1, "logfile": "/home/dtvt_13/duyDUT/logs_dtvt_13/logs0/Job6.log"}
[2026-04-06 23:34:37.768 +0700] [PROCESS] [cadence.virtuoso.ade.simulationMonitor] - Started Simulation {"hostname": "dtvt_13", "processid": 16315, "history": "ExplorerRun.0", "testname": "TC_TCBJT_1", "cornername": "Nominal", "point": 1, "logfile": "/home/dtvt_13/duyDUT/logs_dtvt_13/logs0/Job6.log"}
[2026-04-06 23:34:59.164 +0700] [PROCESS] [cadence.virtuoso.ade.simulationMonitor] - Finished simulating for one point {"hostname": "dtvt_13", "processid": 16315, "history": "ExplorerRun.0", "testname": "TC_TCBJT_1", "cornername": "Nominal", "point": 1, "logfile": "/home/dtvt_13/duyDUT/logs_dtvt_13/logs0/Job6.log", "simid": "1"}
[2026-04-06 23:34:59.164 +0700] [ERROR] [cadence.virtuoso.ade.simulationMonitor] -     ERROR: "input.scs" 9: No section found with name `tt' defined in file `/home/dtvt_13/CDNS_Client/sky130_release_0.1.0/models/sky130_fd_pr__model__pnp.model.spice'. {"history": "ExplorerRun.0", "point": 1, "testname": "TC_TCBJT_1", "cornername": "Nominal"}
[2026-04-06 23:34:59.165 +0700] [INFO] [cadence.virtuoso.ade.simulationMonitor] - Peak resident memory used = 62.1 Mbytes. {"history": "ExplorerRun.0", "point": 1, "testname": "TC_TCBJT_1", "cornername": "Nominal"}
[2026-04-06 23:34:59.165 +0700] [INFO] [cadence.virtuoso.ade.simulationMonitor] - Time used: CPU = 134 ms, elapsed = 20.8 s, util. = 644e-03%. {"history": "ExplorerRun.0", "point": 1, "testname": "TC_TCBJT_1", "cornername": "Nominal"}
[2026-04-06 23:34:59.165 +0700] [INFO] [cadence.virtuoso.ade.simulationMonitor] - Time spent in licensing: elapsed = 20.7 s, percentage of total = 99.3%. {"history": "ExplorerRun.0", "point": 1, "testname": "TC_TCBJT_1", "cornername": "Nominal"}
[2026-04-06 23:34:59.166 +0700] [INFO] [cadence.virtuoso.ade.simulationMonitor] - Peak memory used = 62.3 Mbytes. {"history": "ExplorerRun.0", "point": 1, "testname": "TC_TCBJT_1", "cornername": "Nominal"}
[2026-04-06 23:34:59.166 +0700] [PROCESS] [cadence.virtuoso.ade.simulationMonitor] - Simulation started at: 11:34:38 PM, Mon Apr 6, 2026, ended at: 11:34:58 PM, Mon Apr 6, 2026, with elapsed time (wall clock): 20.8 s. {"history": "ExplorerRun.0", "point": 1, "testname": "TC_TCBJT_1", "cornername": "Nominal"}
[2026-04-06 23:34:59.166 +0700] [PROCESS] [cadence.virtuoso.ade.simulationMonitor] - spectre completes with 1 error, 0 warnings, and 0 notices. {"history": "ExplorerRun.0", "point": 1, "testname": "TC_TCBJT_1", "cornername": "Nominal"}
[2026-04-06 23:34:59.166 +0700] [FATAL] [cadence.virtuoso.ade.simulationMonitor] - spectre terminated prematurely due to fatal error. {"history": "ExplorerRun.0", "point": 1, "testname": "TC_TCBJT_1", "cornername": "Nominal"}
[2026-04-06 23:34:59.167 +0700] [ERROR] [cadence.virtuoso.ade.simulationMonitor] - While simulating run ExplorerRun.0, point 1, test TC_TCBJT_1, received error:
Simulation Error:
 The simulator process returned a non-zero exit code, indicating failure.
The simulator could have crashed or intentionally returned to indicate an error.
Check the simulator log file for more information.  Common causes:
1. Simulator may have crashed during exit even after reporting success in log file.
2. Abrupt automatic simulator termination (e.g., SIGKILL) because the simulator process has
   exceeded resou... {"history": "ExplorerRun.0", "point": 1, "testname": "TC_TCBJT_1", "cornername": "Nominal"}
[2026-04-06 23:34:59.167 +0700] [PROCESS] [cadence.virtuoso.ade.simulationMonitor] - Finished Simulation {"hostname": "dtvt_13", "processid": 16315, "history": "ExplorerRun.0", "testname": "TC_TCBJT_1", "cornername": "Nominal", "point": 1, "logfile": "/home/dtvt_13/duyDUT/logs_dtvt_13/logs0/Job6.log", "simid": "1"}
[2026-04-06 23:39:59.749 +0700] [PROCESS] [cadence.virtuoso.ade.simulationMonitor] - Current memory used: 32.1719 MBytes, peak memory used: 32.1719 MBytes {"hostname": "dtvt_13", "processid": 16315, "history": "ExplorerRun.0", "testname": "TC_TCBJT_1", "cornername": "Nominal", "point": 1, "logfile": "/home/dtvt_13/duyDUT/logs_dtvt_13/logs0/Job6.log"}
[2026-04-06 23:39:59.750 +0700] [PROCESS] [cadence.virtuoso.ade.simulationMonitor] - Simulation Monitor process exit. {"hostname": "dtvt_13", "processid": 16315, "history": "ExplorerRun.0", "testname": "TC_TCBJT_1", "cornername": "Nominal", "point": 1, "logfile": "/home/dtvt_13/duyDUT/logs_dtvt_13/logs0/Job6.log"}
