[Simulation Monitor: 7]
[2026-04-06 23:41:18.581 +0700] [PROCESS] [cadence.virtuoso.ade.simulationMonitor] - Simulation Monitor has successfully started up. Trying to set up communication channels to other components ... {"hostname": "dtvt_13", "processid": 18094, "logfile": "/home/dtvt_13/duyDUT/logs_dtvt_13/logs0/Job7.log"}
[2026-04-06 23:41:18.582 +0700] [PROCESS] [cadence.virtuoso.ade.simulationMonitor] - Communication channels have been successfully set up. Start processing events ... {"hostname": "dtvt_13", "processid": 18094, "logfile": "/home/dtvt_13/duyDUT/logs_dtvt_13/logs0/Job7.log"}
[2026-04-06 23:41:18.582 +0700] [PROCESS] [cadence.virtuoso.ade.simulationMonitor] - Considering to start history {"hostname": "dtvt_13", "processid": 18094, "history": "ExplorerRun.0", "logfile": "/home/dtvt_13/duyDUT/logs_dtvt_13/logs0/Job7.log"}
[2026-04-06 23:41:18.583 +0700] [PROCESS] [cadence.virtuoso.ade.simulationMonitor] - HostInfo:
Host name (type):	dtvt_13 (x86_64)
Operating system:	Linux 3.10.0-1160.118.1.el7.x86_64 #1 SMP Wed Apr 24 16:01:50 UTC 2024 {"hostname": "dtvt_13", "processid": 18094, "history": "ExplorerRun.0", "logfile": "/home/dtvt_13/duyDUT/logs_dtvt_13/logs0/Job7.log", "nodename": "dtvt_13", "domainname": "(none)", "machine": "x86_64", "sysname": "Linux", "release": "3.10.0-1160.118.1.el7.x86_64", "version": "#1 SMP Wed Apr 24 16:01:50 UTC 2024"}
[2026-04-06 23:41:18.583 +0700] [PROCESS] [cadence.virtuoso.ade.simulationMonitor] - UsageInfo:
pid=18094
totalPhysicalMemory=15.208324GB,Used=14.746315GB,totalVirtualMemory=22.895821GB,Used=14.760719GB
Cpu: Cores=24, Load average:0.180000,0.220000,0.310000 {"hostname": "dtvt_13", "processid": 18094, "history": "ExplorerRun.0", "logfile": "/home/dtvt_13/duyDUT/logs_dtvt_13/logs0/Job7.log", "pid": "18094", "totalPhysicalMemory": "15.208324", "physicalMemoryUsed": "14.746315", "totalVirtualMemory": "22.895821", "virtualMemoryUsed": "14.760719", "cpuCores": "24", "processes": "2518", "loadAverage1": "0.180000", "loadAverage5": "0.220000", "loadAverage15": "0.310000", "loadAverage1Percent": "0.007500"}
[2026-04-06 23:41:18.583 +0700] [EVENT] [cadence.virtuoso.ade.simulationMonitor] - NewPoint {"history": "ExplorerRun.0", "point": 1, "testname": "TC_TCBJT_1", "cornername": "Nominal", "event": "NewPoint", "EventSource": "Simulation Monitor", "HistoryName": "ExplorerRun.0", "logFile": "/home/dtvt_13/duyDUT/logs_dtvt_13/logs0/Job7.log", "logFileSize": "2094"}
[2026-04-06 23:41:18.684 +0700] [EVENT] [cadence.virtuoso.ade.simulationMonitor] - NewPoint {"history": "ExplorerRun.0", "point": 1, "testname": "TC_TCBJT_1", "cornername": "Nominal", "event": "NewPoint", "EventSource": "spectre", "HistoryName": "ExplorerRun.0", "logFile": "/home/dtvt_13/simulation/TC/TCBJT/maestro/results/maestro/ExplorerRun.0/1/TC_TCBJT_1/psf/spectre.out", "logFileSize": "-1"}
[2026-04-06 23:41:18.692 +0700] [PROCESS] [cadence.virtuoso.ade.simulationMonitor] - Simulator launched {"hostname": "dtvt_13", "processid": 18094, "history": "ExplorerRun.0", "testname": "TC_TCBJT_1", "cornername": "Nominal", "point": 1, "logfile": "/home/dtvt_13/duyDUT/logs_dtvt_13/logs0/Job7.log", "simid": "1"}
[2026-04-06 23:41:18.695 +0700] [PROCESS] [cadence.virtuoso.ade.simulationMonitor] - Expression evaluator launched {"hostname": "dtvt_13", "processid": 18094, "history": "ExplorerRun.0", "testname": "TC_TCBJT_1", "cornername": "Nominal", "point": 1, "logfile": "/home/dtvt_13/duyDUT/logs_dtvt_13/logs0/Job7.log"}
[2026-04-06 23:41:18.707 +0700] [PROCESS] [cadence.virtuoso.ade.simulationMonitor] - Started Simulation {"hostname": "dtvt_13", "processid": 18094, "history": "ExplorerRun.0", "testname": "TC_TCBJT_1", "cornername": "Nominal", "point": 1, "logfile": "/home/dtvt_13/duyDUT/logs_dtvt_13/logs0/Job7.log"}
[2026-04-06 23:41:40.074 +0700] [PROCESS] [cadence.virtuoso.ade.simulationMonitor] - Finished simulating for one point {"hostname": "dtvt_13", "processid": 18094, "history": "ExplorerRun.0", "testname": "TC_TCBJT_1", "cornername": "Nominal", "point": 1, "logfile": "/home/dtvt_13/duyDUT/logs_dtvt_13/logs0/Job7.log", "simid": "1"}
[2026-04-06 23:41:40.074 +0700] [ERROR] [cadence.virtuoso.ade.simulationMonitor] -     ERROR: "input.scs" 9: No section found with name `tt' defined in file `/home/dtvt_13/CDNS_Client/sky130_release_0.1.0/models/sky130_fd_pr__model__pnp.model.spice'. {"history": "ExplorerRun.0", "point": 1, "testname": "TC_TCBJT_1", "cornername": "Nominal"}
[2026-04-06 23:41:40.074 +0700] [INFO] [cadence.virtuoso.ade.simulationMonitor] - Peak resident memory used = 62.1 Mbytes. {"history": "ExplorerRun.0", "point": 1, "testname": "TC_TCBJT_1", "cornername": "Nominal"}
[2026-04-06 23:41:40.075 +0700] [INFO] [cadence.virtuoso.ade.simulationMonitor] - Time used: CPU = 123 ms, elapsed = 20.8 s, util. = 593e-03%. {"history": "ExplorerRun.0", "point": 1, "testname": "TC_TCBJT_1", "cornername": "Nominal"}
[2026-04-06 23:41:40.075 +0700] [INFO] [cadence.virtuoso.ade.simulationMonitor] - Time spent in licensing: elapsed = 20.7 s, percentage of total = 99.3%. {"history": "ExplorerRun.0", "point": 1, "testname": "TC_TCBJT_1", "cornername": "Nominal"}
[2026-04-06 23:41:40.075 +0700] [INFO] [cadence.virtuoso.ade.simulationMonitor] - Peak memory used = 62.3 Mbytes. {"history": "ExplorerRun.0", "point": 1, "testname": "TC_TCBJT_1", "cornername": "Nominal"}
[2026-04-06 23:41:40.075 +0700] [PROCESS] [cadence.virtuoso.ade.simulationMonitor] - Simulation started at: 11:41:19 PM, Mon Apr 6, 2026, ended at: 11:41:39 PM, Mon Apr 6, 2026, with elapsed time (wall clock): 20.8 s. {"history": "ExplorerRun.0", "point": 1, "testname": "TC_TCBJT_1", "cornername": "Nominal"}
[2026-04-06 23:41:40.075 +0700] [PROCESS] [cadence.virtuoso.ade.simulationMonitor] - spectre completes with 1 error, 0 warnings, and 0 notices. {"history": "ExplorerRun.0", "point": 1, "testname": "TC_TCBJT_1", "cornername": "Nominal"}
[2026-04-06 23:41:40.075 +0700] [FATAL] [cadence.virtuoso.ade.simulationMonitor] - spectre terminated prematurely due to fatal error. {"history": "ExplorerRun.0", "point": 1, "testname": "TC_TCBJT_1", "cornername": "Nominal"}
[2026-04-06 23:41:40.075 +0700] [ERROR] [cadence.virtuoso.ade.simulationMonitor] - While simulating run ExplorerRun.0, point 1, test TC_TCBJT_1, received error:
Simulation Error:
 The simulator process returned a non-zero exit code, indicating failure.
The simulator could have crashed or intentionally returned to indicate an error.
Check the simulator log file for more information.  Common causes:
1. Simulator may have crashed during exit even after reporting success in log file.
2. Abrupt automatic simulator termination (e.g., SIGKILL) because the simulator process has
   exceeded resou... {"history": "ExplorerRun.0", "point": 1, "testname": "TC_TCBJT_1", "cornername": "Nominal"}
[2026-04-06 23:41:40.075 +0700] [PROCESS] [cadence.virtuoso.ade.simulationMonitor] - Finished Simulation {"hostname": "dtvt_13", "processid": 18094, "history": "ExplorerRun.0", "testname": "TC_TCBJT_1", "cornername": "Nominal", "point": 1, "logfile": "/home/dtvt_13/duyDUT/logs_dtvt_13/logs0/Job7.log", "simid": "1"}
[2026-04-06 23:43:06.739 +0700] [INFO] [cadence.virtuoso.ade.simulationMonitor] - SimulationMonitor has terminated the vds process '18174', reason: 'Force to stop the expression evalutor process because of new run' {"history": "ExplorerRun.0", "point": 1, "testname": "TC_TCBJT_1", "cornername": "Nominal"}
[2026-04-06 23:43:06.740 +0700] [PROCESS] [cadence.virtuoso.ade.simulationMonitor] - HostInfo:
Host name (type):	dtvt_13 (x86_64)
Operating system:	Linux 3.10.0-1160.118.1.el7.x86_64 #1 SMP Wed Apr 24 16:01:50 UTC 2024 {"hostname": "dtvt_13", "processid": 18094, "history": "ExplorerRun.0", "testname": "TC_TCBJT_1", "cornername": "Nominal", "point": 1, "logfile": "/home/dtvt_13/duyDUT/logs_dtvt_13/logs0/Job7.log", "nodename": "dtvt_13", "domainname": "(none)", "machine": "x86_64", "sysname": "Linux", "release": "3.10.0-1160.118.1.el7.x86_64", "version": "#1 SMP Wed Apr 24 16:01:50 UTC 2024"}
[2026-04-06 23:43:06.740 +0700] [PROCESS] [cadence.virtuoso.ade.simulationMonitor] - UsageInfo:
pid=18094
totalPhysicalMemory=15.208324GB,Used=14.755119GB,totalVirtualMemory=22.895821GB,Used=14.769524GB
Cpu: Cores=24, Load average:0.240000,0.230000,0.310000 {"hostname": "dtvt_13", "processid": 18094, "history": "ExplorerRun.0", "testname": "TC_TCBJT_1", "cornername": "Nominal", "point": 1, "logfile": "/home/dtvt_13/duyDUT/logs_dtvt_13/logs0/Job7.log", "pid": "18094", "totalPhysicalMemory": "15.208324", "physicalMemoryUsed": "14.755119", "totalVirtualMemory": "22.895821", "virtualMemoryUsed": "14.769524", "cpuCores": "24", "processes": "2524", "loadAverage1": "0.240000", "loadAverage5": "0.230000", "loadAverage15": "0.310000", "loadAverage1Percent": "0.010000"}
[2026-04-06 23:43:06.740 +0700] [EVENT] [cadence.virtuoso.ade.simulationMonitor] - NewPoint {"history": "ExplorerRun.0", "point": 1, "testname": "TC_TCBJT_1", "cornername": "Nominal", "event": "NewPoint", "EventSource": "Simulation Monitor", "HistoryName": "ExplorerRun.0", "logFile": "/home/dtvt_13/duyDUT/logs_dtvt_13/logs0/Job7.log", "logFileSize": "8815"}
[2026-04-06 23:43:06.841 +0700] [EVENT] [cadence.virtuoso.ade.simulationMonitor] - NewPoint {"history": "ExplorerRun.0", "point": 1, "testname": "TC_TCBJT_1", "cornername": "Nominal", "event": "NewPoint", "EventSource": "spectre", "HistoryName": "ExplorerRun.0", "logFile": "/home/dtvt_13/simulation/TC/TCBJT/maestro/results/maestro/ExplorerRun.0/1/TC_TCBJT_1/psf/spectre.out", "logFileSize": "-1"}
[2026-04-06 23:43:06.851 +0700] [PROCESS] [cadence.virtuoso.ade.simulationMonitor] - Simulator launched {"hostname": "dtvt_13", "processid": 18094, "history": "ExplorerRun.0", "testname": "TC_TCBJT_1", "cornername": "Nominal", "point": 1, "logfile": "/home/dtvt_13/duyDUT/logs_dtvt_13/logs0/Job7.log", "simid": "2"}
[2026-04-06 23:43:06.859 +0700] [PROCESS] [cadence.virtuoso.ade.simulationMonitor] - Expression evaluator launched {"hostname": "dtvt_13", "processid": 18094, "history": "ExplorerRun.0", "testname": "TC_TCBJT_1", "cornername": "Nominal", "point": 1, "logfile": "/home/dtvt_13/duyDUT/logs_dtvt_13/logs0/Job7.log"}
[2026-04-06 23:43:06.875 +0700] [PROCESS] [cadence.virtuoso.ade.simulationMonitor] - Started Simulation {"hostname": "dtvt_13", "processid": 18094, "history": "ExplorerRun.0", "testname": "TC_TCBJT_1", "cornername": "Nominal", "point": 1, "logfile": "/home/dtvt_13/duyDUT/logs_dtvt_13/logs0/Job7.log"}
[2026-04-06 23:43:28.150 +0700] [PROCESS] [cadence.virtuoso.ade.simulationMonitor] - Finished simulating for one point {"hostname": "dtvt_13", "processid": 18094, "history": "ExplorerRun.0", "testname": "TC_TCBJT_1", "cornername": "Nominal", "point": 1, "logfile": "/home/dtvt_13/duyDUT/logs_dtvt_13/logs0/Job7.log", "simid": "2"}
[2026-04-06 23:43:28.150 +0700] [INFO] [cadence.virtuoso.ade.simulationMonitor] - Peak resident memory used = 63.4 Mbytes. {"history": "ExplorerRun.0", "point": 1, "testname": "TC_TCBJT_1", "cornername": "Nominal"}
[2026-04-06 23:43:28.151 +0700] [ERROR] [cadence.virtuoso.ade.simulationMonitor] -     ERROR (SFE-1999): "/home/dtvt_13/CDNS_Client/sky130_release_0.1.0/models/../cells/pnp_05v5/sky130_fd_pr__pnp_05v5_W0p68L0p68.model.spice" 30: Model `Q0.sky130_fd_pr__pnp_05v5_W0p68L0p68__model': parameter `is': Unknown parameter `dkispp' has been specified in expression `1.5075e-18*1*dkispp+sky130_fd_pr__pnp_05v5_W0p68L0p68__is_mm' {"history": "ExplorerRun.0", "point": 1, "testname": "TC_TCBJT_1", "cornername": "Nominal"}
[2026-04-06 23:43:28.152 +0700] [ERROR] [cadence.virtuoso.ade.simulationMonitor] -     ERROR (SFE-1999): "/home/dtvt_13/CDNS_Client/sky130_release_0.1.0/models/../cells/pnp_05v5/sky130_fd_pr__pnp_05v5_W0p68L0p68.model.spice" 30: Model `Q0.sky130_fd_pr__pnp_05v5_W0p68L0p68__model': parameter `bf': Unknown parameter `dkbfpp' has been specified in expression `19.35*dkbfpp+sky130_fd_pr__pnp_05v5_W0p68L0p68__bf_mm' {"history": "ExplorerRun.0", "point": 1, "testname": "TC_TCBJT_1", "cornername": "Nominal"}
[2026-04-06 23:43:28.152 +0700] [ERROR] [cadence.virtuoso.ade.simulationMonitor] -     ERROR (SFE-1999): "/home/dtvt_13/CDNS_Client/sky130_release_0.1.0/models/../cells/pnp_05v5/sky130_fd_pr__pnp_05v5_W0p68L0p68.model.spice" 30: Model `Q0.sky130_fd_pr__pnp_05v5_W0p68L0p68__model': parameter `nf': Unknown parameter `dknfpp' has been specified in expression `1.028*dknfpp' {"history": "ExplorerRun.0", "point": 1, "testname": "TC_TCBJT_1", "cornername": "Nominal"}
[2026-04-06 23:43:28.153 +0700] [INFO] [cadence.virtuoso.ade.simulationMonitor] - Peak resident memory used = 69.8 Mbytes. {"history": "ExplorerRun.0", "point": 1, "testname": "TC_TCBJT_1", "cornername": "Nominal"}
[2026-04-06 23:43:28.153 +0700] [INFO] [cadence.virtuoso.ade.simulationMonitor] - Time used: CPU = 160 ms, elapsed = 20.7 s, util. = 772e-03%. {"history": "ExplorerRun.0", "point": 1, "testname": "TC_TCBJT_1", "cornername": "Nominal"}
[2026-04-06 23:43:28.153 +0700] [INFO] [cadence.virtuoso.ade.simulationMonitor] - Time spent in licensing: elapsed = 20.5 s, percentage of total = 99.1%. {"history": "ExplorerRun.0", "point": 1, "testname": "TC_TCBJT_1", "cornername": "Nominal"}
[2026-04-06 23:43:28.153 +0700] [INFO] [cadence.virtuoso.ade.simulationMonitor] - Peak memory used = 70.1 Mbytes. {"history": "ExplorerRun.0", "point": 1, "testname": "TC_TCBJT_1", "cornername": "Nominal"}
[2026-04-06 23:43:28.154 +0700] [PROCESS] [cadence.virtuoso.ade.simulationMonitor] - Simulation started at: 11:43:07 PM, Mon Apr 6, 2026, ended at: 11:43:27 PM, Mon Apr 6, 2026, with elapsed time (wall clock): 20.7 s. {"history": "ExplorerRun.0", "point": 1, "testname": "TC_TCBJT_1", "cornername": "Nominal"}
[2026-04-06 23:43:28.154 +0700] [PROCESS] [cadence.virtuoso.ade.simulationMonitor] - spectre completes with 3 errors, 0 warnings, and 0 notices. {"history": "ExplorerRun.0", "point": 1, "testname": "TC_TCBJT_1", "cornername": "Nominal"}
[2026-04-06 23:43:28.154 +0700] [FATAL] [cadence.virtuoso.ade.simulationMonitor] - spectre terminated prematurely due to fatal error. {"history": "ExplorerRun.0", "point": 1, "testname": "TC_TCBJT_1", "cornername": "Nominal"}
[2026-04-06 23:43:28.154 +0700] [ERROR] [cadence.virtuoso.ade.simulationMonitor] - While simulating run ExplorerRun.0, point 1, test TC_TCBJT_1, received error:
Simulation Error:
 The simulator process returned a non-zero exit code, indicating failure.
The simulator could have crashed or intentionally returned to indicate an error.
Check the simulator log file for more information.  Common causes:
1. Simulator may have crashed during exit even after reporting success in log file.
2. Abrupt automatic simulator termination (e.g., SIGKILL) because the simulator process has
   exceeded resou... {"history": "ExplorerRun.0", "point": 1, "testname": "TC_TCBJT_1", "cornername": "Nominal"}
[2026-04-06 23:43:28.155 +0700] [PROCESS] [cadence.virtuoso.ade.simulationMonitor] - Finished Simulation {"hostname": "dtvt_13", "processid": 18094, "history": "ExplorerRun.0", "testname": "TC_TCBJT_1", "cornername": "Nominal", "point": 1, "logfile": "/home/dtvt_13/duyDUT/logs_dtvt_13/logs0/Job7.log", "simid": "2"}
[2026-04-06 23:46:24.456 +0700] [INFO] [cadence.virtuoso.ade.simulationMonitor] - SimulationMonitor has terminated the vds process '18957', reason: 'Force to stop the expression evalutor process because of new run' {"history": "ExplorerRun.0", "point": 1, "testname": "TC_TCBJT_1", "cornername": "Nominal"}
[2026-04-06 23:46:24.457 +0700] [PROCESS] [cadence.virtuoso.ade.simulationMonitor] - HostInfo:
Host name (type):	dtvt_13 (x86_64)
Operating system:	Linux 3.10.0-1160.118.1.el7.x86_64 #1 SMP Wed Apr 24 16:01:50 UTC 2024 {"hostname": "dtvt_13", "processid": 18094, "history": "ExplorerRun.0", "testname": "TC_TCBJT_1", "cornername": "Nominal", "point": 1, "logfile": "/home/dtvt_13/duyDUT/logs_dtvt_13/logs0/Job7.log", "nodename": "dtvt_13", "domainname": "(none)", "machine": "x86_64", "sysname": "Linux", "release": "3.10.0-1160.118.1.el7.x86_64", "version": "#1 SMP Wed Apr 24 16:01:50 UTC 2024"}
[2026-04-06 23:46:24.457 +0700] [PROCESS] [cadence.virtuoso.ade.simulationMonitor] - UsageInfo:
pid=18094
totalPhysicalMemory=15.208324GB,Used=14.819458GB,totalVirtualMemory=22.895821GB,Used=14.833862GB
Cpu: Cores=24, Load average:0.110000,0.180000,0.280000 {"hostname": "dtvt_13", "processid": 18094, "history": "ExplorerRun.0", "testname": "TC_TCBJT_1", "cornername": "Nominal", "point": 1, "logfile": "/home/dtvt_13/duyDUT/logs_dtvt_13/logs0/Job7.log", "pid": "18094", "totalPhysicalMemory": "15.208324", "physicalMemoryUsed": "14.819458", "totalVirtualMemory": "22.895821", "virtualMemoryUsed": "14.833862", "cpuCores": "24", "processes": "2531", "loadAverage1": "0.110000", "loadAverage5": "0.180000", "loadAverage15": "0.280000", "loadAverage1Percent": "0.004583"}
[2026-04-06 23:46:24.457 +0700] [EVENT] [cadence.virtuoso.ade.simulationMonitor] - NewPoint {"history": "ExplorerRun.0", "point": 1, "testname": "TC_TCBJT_1", "cornername": "Nominal", "event": "NewPoint", "EventSource": "Simulation Monitor", "HistoryName": "ExplorerRun.0", "logFile": "/home/dtvt_13/duyDUT/logs_dtvt_13/logs0/Job7.log", "logFileSize": "16893"}
[2026-04-06 23:46:24.558 +0700] [EVENT] [cadence.virtuoso.ade.simulationMonitor] - NewPoint {"history": "ExplorerRun.0", "point": 1, "testname": "TC_TCBJT_1", "cornername": "Nominal", "event": "NewPoint", "EventSource": "spectre", "HistoryName": "ExplorerRun.0", "logFile": "/home/dtvt_13/simulation/TC/TCBJT/maestro/results/maestro/ExplorerRun.0/1/TC_TCBJT_1/psf/spectre.out", "logFileSize": "-1"}
[2026-04-06 23:46:24.562 +0700] [PROCESS] [cadence.virtuoso.ade.simulationMonitor] - Simulator launched {"hostname": "dtvt_13", "processid": 18094, "history": "ExplorerRun.0", "testname": "TC_TCBJT_1", "cornername": "Nominal", "point": 1, "logfile": "/home/dtvt_13/duyDUT/logs_dtvt_13/logs0/Job7.log", "simid": "3"}
[2026-04-06 23:46:24.567 +0700] [PROCESS] [cadence.virtuoso.ade.simulationMonitor] - Expression evaluator launched {"hostname": "dtvt_13", "processid": 18094, "history": "ExplorerRun.0", "testname": "TC_TCBJT_1", "cornername": "Nominal", "point": 1, "logfile": "/home/dtvt_13/duyDUT/logs_dtvt_13/logs0/Job7.log"}
[2026-04-06 23:46:24.572 +0700] [PROCESS] [cadence.virtuoso.ade.simulationMonitor] - Started Simulation {"hostname": "dtvt_13", "processid": 18094, "history": "ExplorerRun.0", "testname": "TC_TCBJT_1", "cornername": "Nominal", "point": 1, "logfile": "/home/dtvt_13/duyDUT/logs_dtvt_13/logs0/Job7.log"}
[2026-04-06 23:46:45.870 +0700] [PROCESS] [cadence.virtuoso.ade.simulationMonitor] - Finished simulating for one point {"hostname": "dtvt_13", "processid": 18094, "history": "ExplorerRun.0", "testname": "TC_TCBJT_1", "cornername": "Nominal", "point": 1, "logfile": "/home/dtvt_13/duyDUT/logs_dtvt_13/logs0/Job7.log", "simid": "3"}
[2026-04-06 23:46:45.871 +0700] [ERROR] [cadence.virtuoso.ade.simulationMonitor] -     ERROR: "input.scs" 9: No section found with name `tt' defined in file `/home/dtvt_13/CDNS_Client/sky130_release_0.1.0/models/all.spice'. {"history": "ExplorerRun.0", "point": 1, "testname": "TC_TCBJT_1", "cornername": "Nominal"}
[2026-04-06 23:46:45.872 +0700] [INFO] [cadence.virtuoso.ade.simulationMonitor] - Peak resident memory used = 62.1 Mbytes. {"history": "ExplorerRun.0", "point": 1, "testname": "TC_TCBJT_1", "cornername": "Nominal"}
[2026-04-06 23:46:45.872 +0700] [INFO] [cadence.virtuoso.ade.simulationMonitor] - Time used: CPU = 102 ms, elapsed = 20.4 s, util. = 501e-03%. {"history": "ExplorerRun.0", "point": 1, "testname": "TC_TCBJT_1", "cornername": "Nominal"}
[2026-04-06 23:46:45.873 +0700] [INFO] [cadence.virtuoso.ade.simulationMonitor] - Time spent in licensing: elapsed = 20.3 s, percentage of total = 99.4%. {"history": "ExplorerRun.0", "point": 1, "testname": "TC_TCBJT_1", "cornername": "Nominal"}
[2026-04-06 23:46:45.873 +0700] [INFO] [cadence.virtuoso.ade.simulationMonitor] - Peak memory used = 62.3 Mbytes. {"history": "ExplorerRun.0", "point": 1, "testname": "TC_TCBJT_1", "cornername": "Nominal"}
[2026-04-06 23:46:45.873 +0700] [PROCESS] [cadence.virtuoso.ade.simulationMonitor] - Simulation started at: 11:46:24 PM, Mon Apr 6, 2026, ended at: 11:46:45 PM, Mon Apr 6, 2026, with elapsed time (wall clock): 20.4 s. {"history": "ExplorerRun.0", "point": 1, "testname": "TC_TCBJT_1", "cornername": "Nominal"}
[2026-04-06 23:46:45.874 +0700] [PROCESS] [cadence.virtuoso.ade.simulationMonitor] - spectre completes with 1 error, 0 warnings, and 0 notices. {"history": "ExplorerRun.0", "point": 1, "testname": "TC_TCBJT_1", "cornername": "Nominal"}
[2026-04-06 23:46:45.874 +0700] [FATAL] [cadence.virtuoso.ade.simulationMonitor] - spectre terminated prematurely due to fatal error. {"history": "ExplorerRun.0", "point": 1, "testname": "TC_TCBJT_1", "cornername": "Nominal"}
[2026-04-06 23:46:45.874 +0700] [ERROR] [cadence.virtuoso.ade.simulationMonitor] - While simulating run ExplorerRun.0, point 1, test TC_TCBJT_1, received error:
Simulation Error:
 The simulator process returned a non-zero exit code, indicating failure.
The simulator could have crashed or intentionally returned to indicate an error.
Check the simulator log file for more information.  Common causes:
1. Simulator may have crashed during exit even after reporting success in log file.
2. Abrupt automatic simulator termination (e.g., SIGKILL) because the simulator process has
   exceeded resou... {"history": "ExplorerRun.0", "point": 1, "testname": "TC_TCBJT_1", "cornername": "Nominal"}
[2026-04-06 23:46:45.875 +0700] [PROCESS] [cadence.virtuoso.ade.simulationMonitor] - Finished Simulation {"hostname": "dtvt_13", "processid": 18094, "history": "ExplorerRun.0", "testname": "TC_TCBJT_1", "cornername": "Nominal", "point": 1, "logfile": "/home/dtvt_13/duyDUT/logs_dtvt_13/logs0/Job7.log", "simid": "3"}
[2026-04-06 23:47:34.886 +0700] [INFO] [cadence.virtuoso.ade.simulationMonitor] - SimulationMonitor has terminated the vds process '20170', reason: 'Force to stop the expression evalutor process because of new run' {"history": "ExplorerRun.0", "point": 1, "testname": "TC_TCBJT_1", "cornername": "Nominal"}
[2026-04-06 23:47:34.887 +0700] [PROCESS] [cadence.virtuoso.ade.simulationMonitor] - HostInfo:
Host name (type):	dtvt_13 (x86_64)
Operating system:	Linux 3.10.0-1160.118.1.el7.x86_64 #1 SMP Wed Apr 24 16:01:50 UTC 2024 {"hostname": "dtvt_13", "processid": 18094, "history": "ExplorerRun.0", "testname": "TC_TCBJT_1", "cornername": "Nominal", "point": 1, "logfile": "/home/dtvt_13/duyDUT/logs_dtvt_13/logs0/Job7.log", "nodename": "dtvt_13", "domainname": "(none)", "machine": "x86_64", "sysname": "Linux", "release": "3.10.0-1160.118.1.el7.x86_64", "version": "#1 SMP Wed Apr 24 16:01:50 UTC 2024"}
[2026-04-06 23:47:34.887 +0700] [PROCESS] [cadence.virtuoso.ade.simulationMonitor] - UsageInfo:
pid=18094
totalPhysicalMemory=15.208324GB,Used=14.642139GB,totalVirtualMemory=22.895821GB,Used=14.656544GB
Cpu: Cores=24, Load average:0.280000,0.220000,0.290000 {"hostname": "dtvt_13", "processid": 18094, "history": "ExplorerRun.0", "testname": "TC_TCBJT_1", "cornername": "Nominal", "point": 1, "logfile": "/home/dtvt_13/duyDUT/logs_dtvt_13/logs0/Job7.log", "pid": "18094", "totalPhysicalMemory": "15.208324", "physicalMemoryUsed": "14.642139", "totalVirtualMemory": "22.895821", "virtualMemoryUsed": "14.656544", "cpuCores": "24", "processes": "2526", "loadAverage1": "0.280000", "loadAverage5": "0.220000", "loadAverage15": "0.290000", "loadAverage1Percent": "0.011667"}
[2026-04-06 23:47:34.887 +0700] [EVENT] [cadence.virtuoso.ade.simulationMonitor] - NewPoint {"history": "ExplorerRun.0", "point": 1, "testname": "TC_TCBJT_1", "cornername": "Nominal", "event": "NewPoint", "EventSource": "Simulation Monitor", "HistoryName": "ExplorerRun.0", "logFile": "/home/dtvt_13/duyDUT/logs_dtvt_13/logs0/Job7.log", "logFileSize": "23588"}
[2026-04-06 23:47:34.987 +0700] [EVENT] [cadence.virtuoso.ade.simulationMonitor] - NewPoint {"history": "ExplorerRun.0", "point": 1, "testname": "TC_TCBJT_1", "cornername": "Nominal", "event": "NewPoint", "EventSource": "spectre", "HistoryName": "ExplorerRun.0", "logFile": "/home/dtvt_13/simulation/TC/TCBJT/maestro/results/maestro/ExplorerRun.0/1/TC_TCBJT_1/psf/spectre.out", "logFileSize": "-1"}
[2026-04-06 23:47:34.991 +0700] [PROCESS] [cadence.virtuoso.ade.simulationMonitor] - Simulator launched {"hostname": "dtvt_13", "processid": 18094, "history": "ExplorerRun.0", "testname": "TC_TCBJT_1", "cornername": "Nominal", "point": 1, "logfile": "/home/dtvt_13/duyDUT/logs_dtvt_13/logs0/Job7.log", "simid": "4"}
[2026-04-06 23:47:34.996 +0700] [PROCESS] [cadence.virtuoso.ade.simulationMonitor] - Expression evaluator launched {"hostname": "dtvt_13", "processid": 18094, "history": "ExplorerRun.0", "testname": "TC_TCBJT_1", "cornername": "Nominal", "point": 1, "logfile": "/home/dtvt_13/duyDUT/logs_dtvt_13/logs0/Job7.log"}
[2026-04-06 23:47:35.004 +0700] [PROCESS] [cadence.virtuoso.ade.simulationMonitor] - Started Simulation {"hostname": "dtvt_13", "processid": 18094, "history": "ExplorerRun.0", "testname": "TC_TCBJT_1", "cornername": "Nominal", "point": 1, "logfile": "/home/dtvt_13/duyDUT/logs_dtvt_13/logs0/Job7.log"}
[2026-04-06 23:47:56.327 +0700] [PROCESS] [cadence.virtuoso.ade.simulationMonitor] - Finished simulating for one point {"hostname": "dtvt_13", "processid": 18094, "history": "ExplorerRun.0", "testname": "TC_TCBJT_1", "cornername": "Nominal", "point": 1, "logfile": "/home/dtvt_13/duyDUT/logs_dtvt_13/logs0/Job7.log", "simid": "4"}
[2026-04-06 23:47:56.328 +0700] [ERROR] [cadence.virtuoso.ade.simulationMonitor] -     ERROR: "input.scs" 9: No section found with name `tt' defined in file `/home/dtvt_13/CDNS_Client/sky130_release_0.1.0/models/all.spice'. {"history": "ExplorerRun.0", "point": 1, "testname": "TC_TCBJT_1", "cornername": "Nominal"}
[2026-04-06 23:47:56.329 +0700] [INFO] [cadence.virtuoso.ade.simulationMonitor] - Peak resident memory used = 62.1 Mbytes. {"history": "ExplorerRun.0", "point": 1, "testname": "TC_TCBJT_1", "cornername": "Nominal"}
[2026-04-06 23:47:56.330 +0700] [INFO] [cadence.virtuoso.ade.simulationMonitor] - Time used: CPU = 141 ms, elapsed = 20.4 s, util. = 691e-03%. {"history": "ExplorerRun.0", "point": 1, "testname": "TC_TCBJT_1", "cornername": "Nominal"}
[2026-04-06 23:47:56.330 +0700] [INFO] [cadence.virtuoso.ade.simulationMonitor] - Time spent in licensing: elapsed = 20.3 s, percentage of total = 99.3%. {"history": "ExplorerRun.0", "point": 1, "testname": "TC_TCBJT_1", "cornername": "Nominal"}
[2026-04-06 23:47:56.331 +0700] [INFO] [cadence.virtuoso.ade.simulationMonitor] - Peak memory used = 62.3 Mbytes. {"history": "ExplorerRun.0", "point": 1, "testname": "TC_TCBJT_1", "cornername": "Nominal"}
[2026-04-06 23:47:56.331 +0700] [PROCESS] [cadence.virtuoso.ade.simulationMonitor] - Simulation started at: 11:47:35 PM, Mon Apr 6, 2026, ended at: 11:47:55 PM, Mon Apr 6, 2026, with elapsed time (wall clock): 20.4 s. {"history": "ExplorerRun.0", "point": 1, "testname": "TC_TCBJT_1", "cornername": "Nominal"}
[2026-04-06 23:47:56.331 +0700] [PROCESS] [cadence.virtuoso.ade.simulationMonitor] - spectre completes with 1 error, 0 warnings, and 0 notices. {"history": "ExplorerRun.0", "point": 1, "testname": "TC_TCBJT_1", "cornername": "Nominal"}
[2026-04-06 23:47:56.332 +0700] [FATAL] [cadence.virtuoso.ade.simulationMonitor] - spectre terminated prematurely due to fatal error. {"history": "ExplorerRun.0", "point": 1, "testname": "TC_TCBJT_1", "cornername": "Nominal"}
[2026-04-06 23:47:56.332 +0700] [ERROR] [cadence.virtuoso.ade.simulationMonitor] - While simulating run ExplorerRun.0, point 1, test TC_TCBJT_1, received error:
Simulation Error:
 The simulator process returned a non-zero exit code, indicating failure.
The simulator could have crashed or intentionally returned to indicate an error.
Check the simulator log file for more information.  Common causes:
1. Simulator may have crashed during exit even after reporting success in log file.
2. Abrupt automatic simulator termination (e.g., SIGKILL) because the simulator process has
   exceeded resou... {"history": "ExplorerRun.0", "point": 1, "testname": "TC_TCBJT_1", "cornername": "Nominal"}
[2026-04-06 23:47:56.332 +0700] [PROCESS] [cadence.virtuoso.ade.simulationMonitor] - Finished Simulation {"hostname": "dtvt_13", "processid": 18094, "history": "ExplorerRun.0", "testname": "TC_TCBJT_1", "cornername": "Nominal", "point": 1, "logfile": "/home/dtvt_13/duyDUT/logs_dtvt_13/logs0/Job7.log", "simid": "4"}
[2026-04-06 23:52:56.934 +0700] [PROCESS] [cadence.virtuoso.ade.simulationMonitor] - Current memory used: 32.2891 MBytes, peak memory used: 32.2891 MBytes {"hostname": "dtvt_13", "processid": 18094, "history": "ExplorerRun.0", "testname": "TC_TCBJT_1", "cornername": "Nominal", "point": 1, "logfile": "/home/dtvt_13/duyDUT/logs_dtvt_13/logs0/Job7.log"}
[2026-04-06 23:52:56.934 +0700] [PROCESS] [cadence.virtuoso.ade.simulationMonitor] - Simulation Monitor process exit. {"hostname": "dtvt_13", "processid": 18094, "history": "ExplorerRun.0", "testname": "TC_TCBJT_1", "cornername": "Nominal", "point": 1, "logfile": "/home/dtvt_13/duyDUT/logs_dtvt_13/logs0/Job7.log"}
