[Simulation Monitor: 8]
[2026-04-12 22:17:12.471 +0700] [PROCESS] [cadence.virtuoso.ade.simulationMonitor] - Simulation Monitor has successfully started up. Trying to set up communication channels to other components ... {"hostname": "dtvt_13", "processid": 31175, "logfile": "/home/dtvt_13/duyDUT/logs_dtvt_13/logs0/Job8.log"}
[2026-04-12 22:17:12.471 +0700] [PROCESS] [cadence.virtuoso.ade.simulationMonitor] - Communication channels have been successfully set up. Start processing events ... {"hostname": "dtvt_13", "processid": 31175, "logfile": "/home/dtvt_13/duyDUT/logs_dtvt_13/logs0/Job8.log"}
[2026-04-12 22:17:12.471 +0700] [PROCESS] [cadence.virtuoso.ade.simulationMonitor] - Considering to start history {"hostname": "dtvt_13", "processid": 31175, "history": "ExplorerRun.0", "logfile": "/home/dtvt_13/duyDUT/logs_dtvt_13/logs0/Job8.log"}
[2026-04-12 22:17:12.472 +0700] [PROCESS] [cadence.virtuoso.ade.simulationMonitor] - HostInfo:
Host name (type):	dtvt_13 (x86_64)
Operating system:	Linux 3.10.0-1160.118.1.el7.x86_64 #1 SMP Wed Apr 24 16:01:50 UTC 2024 {"hostname": "dtvt_13", "processid": 31175, "history": "ExplorerRun.0", "logfile": "/home/dtvt_13/duyDUT/logs_dtvt_13/logs0/Job8.log", "nodename": "dtvt_13", "domainname": "(none)", "machine": "x86_64", "sysname": "Linux", "release": "3.10.0-1160.118.1.el7.x86_64", "version": "#1 SMP Wed Apr 24 16:01:50 UTC 2024"}
[2026-04-12 22:17:12.472 +0700] [PROCESS] [cadence.virtuoso.ade.simulationMonitor] - UsageInfo:
pid=31175
totalPhysicalMemory=15.208324GB,Used=14.695747GB,totalVirtualMemory=22.895821GB,Used=14.757759GB
Cpu: Cores=24, Load average:0.550000,0.270000,0.180000 {"hostname": "dtvt_13", "processid": 31175, "history": "ExplorerRun.0", "logfile": "/home/dtvt_13/duyDUT/logs_dtvt_13/logs0/Job8.log", "pid": "31175", "totalPhysicalMemory": "15.208324", "physicalMemoryUsed": "14.695747", "totalVirtualMemory": "22.895821", "virtualMemoryUsed": "14.757759", "cpuCores": "24", "processes": "2702", "loadAverage1": "0.550000", "loadAverage5": "0.270000", "loadAverage15": "0.180000", "loadAverage1Percent": "0.022917"}
[2026-04-12 22:17:12.472 +0700] [EVENT] [cadence.virtuoso.ade.simulationMonitor] - NewPoint {"history": "ExplorerRun.0", "point": 1, "testname": "TC_TCBJT_1", "cornername": "Nominal", "event": "NewPoint", "EventSource": "Simulation Monitor", "HistoryName": "ExplorerRun.0", "logFile": "/home/dtvt_13/duyDUT/logs_dtvt_13/logs0/Job8.log", "logFileSize": "2094"}
[2026-04-12 22:17:12.573 +0700] [EVENT] [cadence.virtuoso.ade.simulationMonitor] - NewPoint {"history": "ExplorerRun.0", "point": 1, "testname": "TC_TCBJT_1", "cornername": "Nominal", "event": "NewPoint", "EventSource": "spectre", "HistoryName": "ExplorerRun.0", "logFile": "/home/dtvt_13/simulation/TC/TCBJT/maestro/results/maestro/ExplorerRun.0/1/TC_TCBJT_1/psf/spectre.out", "logFileSize": "-1"}
[2026-04-12 22:17:12.576 +0700] [PROCESS] [cadence.virtuoso.ade.simulationMonitor] - Simulator launched {"hostname": "dtvt_13", "processid": 31175, "history": "ExplorerRun.0", "testname": "TC_TCBJT_1", "cornername": "Nominal", "point": 1, "logfile": "/home/dtvt_13/duyDUT/logs_dtvt_13/logs0/Job8.log", "simid": "1"}
[2026-04-12 22:17:12.578 +0700] [PROCESS] [cadence.virtuoso.ade.simulationMonitor] - Expression evaluator launched {"hostname": "dtvt_13", "processid": 31175, "history": "ExplorerRun.0", "testname": "TC_TCBJT_1", "cornername": "Nominal", "point": 1, "logfile": "/home/dtvt_13/duyDUT/logs_dtvt_13/logs0/Job8.log"}
[2026-04-12 22:17:12.582 +0700] [PROCESS] [cadence.virtuoso.ade.simulationMonitor] - Started Simulation {"hostname": "dtvt_13", "processid": 31175, "history": "ExplorerRun.0", "testname": "TC_TCBJT_1", "cornername": "Nominal", "point": 1, "logfile": "/home/dtvt_13/duyDUT/logs_dtvt_13/logs0/Job8.log"}
[2026-04-12 22:17:35.476 +0700] [PROCESS] [cadence.virtuoso.ade.simulationMonitor] - Finished simulating for one point {"hostname": "dtvt_13", "processid": 31175, "history": "ExplorerRun.0", "testname": "TC_TCBJT_1", "cornername": "Nominal", "point": 1, "logfile": "/home/dtvt_13/duyDUT/logs_dtvt_13/logs0/Job8.log", "simid": "1"}
[2026-04-12 22:17:35.476 +0700] [INFO] [cadence.virtuoso.ade.simulationMonitor] - Peak resident memory used = 86 Mbytes. {"history": "ExplorerRun.0", "point": 1, "testname": "TC_TCBJT_1", "cornername": "Nominal"}
[2026-04-12 22:17:35.477 +0700] [INFO] [cadence.virtuoso.ade.simulationMonitor] - Peak resident memory used = 96 Mbytes. {"history": "ExplorerRun.0", "point": 1, "testname": "TC_TCBJT_1", "cornername": "Nominal"}
[2026-04-12 22:17:35.477 +0700] [INFO] [cadence.virtuoso.ade.simulationMonitor] - Notice from spectre during hierarchy flattening.
    The value 'psf' specified for the 'checklimitdest' option will no longer be supported in future releases. Use 'spectre -h' to see other recommended values for the 'checklimitdest' option. {"history": "ExplorerRun.0", "point": 1, "testname": "TC_TCBJT_1", "cornername": "Nominal"}
[2026-04-12 22:17:35.477 +0700] [INFO] [cadence.virtuoso.ade.simulationMonitor] - Peak resident memory used = 96.7 Mbytes. {"history": "ExplorerRun.0", "point": 1, "testname": "TC_TCBJT_1", "cornername": "Nominal"}
[2026-04-12 22:17:35.478 +0700] [INFO] [cadence.virtuoso.ade.simulationMonitor] - Notice from spectre during initial setup.
    Multithreading is disabled due to the size of the design being too small. {"history": "ExplorerRun.0", "point": 1, "testname": "TC_TCBJT_1", "cornername": "Nominal"}
[2026-04-12 22:17:35.478 +0700] [INFO] [cadence.virtuoso.ade.simulationMonitor] -               nodes 2 {"history": "ExplorerRun.0", "point": 1, "testname": "TC_TCBJT_1", "cornername": "Nominal"}
[2026-04-12 22:17:35.479 +0700] [INFO] [cadence.virtuoso.ade.simulationMonitor] - Notice from spectre during initial setup.
    APS enabled. {"history": "ExplorerRun.0", "point": 1, "testname": "TC_TCBJT_1", "cornername": "Nominal"}
[2026-04-12 22:17:35.479 +0700] [INFO] [cadence.virtuoso.ade.simulationMonitor] - Peak resident memory used = 98.2 Mbytes. {"history": "ExplorerRun.0", "point": 1, "testname": "TC_TCBJT_1", "cornername": "Nominal"}
[2026-04-12 22:17:35.479 +0700] [INFO] [cadence.virtuoso.ade.simulationMonitor] -    -   (APS) Multi-threading. The recommended number of threads is 1, consider adding +mt=1 on command line. {"history": "ExplorerRun.0", "point": 1, "testname": "TC_TCBJT_1", "cornername": "Nominal"}
[2026-04-12 22:17:35.479 +0700] [INFO] [cadence.virtuoso.ade.simulationMonitor] - Notice from spectre at temp = 125 C during DC analysis `dc'.
    The value of parameter 'temp' has been reset to the original value 27. {"history": "ExplorerRun.0", "point": 1, "testname": "TC_TCBJT_1", "cornername": "Nominal"}
[2026-04-12 22:17:35.479 +0700] [INFO] [cadence.virtuoso.ade.simulationMonitor] - Total time required for dc analysis `dc': CPU = 16.409 ms, elapsed = 70.925 ms. {"history": "ExplorerRun.0", "point": 1, "testname": "TC_TCBJT_1", "cornername": "Nominal"}
[2026-04-12 22:17:35.480 +0700] [INFO] [cadence.virtuoso.ade.simulationMonitor] - Peak resident memory used = 100 Mbytes. {"history": "ExplorerRun.0", "point": 1, "testname": "TC_TCBJT_1", "cornername": "Nominal"}
[2026-04-12 22:17:35.480 +0700] [INFO] [cadence.virtuoso.ade.simulationMonitor] - Time used: CPU = 622 ms, elapsed = 22.5 s, util. = 2.76%. {"history": "ExplorerRun.0", "point": 1, "testname": "TC_TCBJT_1", "cornername": "Nominal"}
[2026-04-12 22:17:35.480 +0700] [INFO] [cadence.virtuoso.ade.simulationMonitor] - Time spent in licensing: elapsed = 20.3 s, percentage of total = 90.1%. {"history": "ExplorerRun.0", "point": 1, "testname": "TC_TCBJT_1", "cornername": "Nominal"}
[2026-04-12 22:17:35.480 +0700] [INFO] [cadence.virtuoso.ade.simulationMonitor] - Peak memory used = 109 Mbytes. {"history": "ExplorerRun.0", "point": 1, "testname": "TC_TCBJT_1", "cornername": "Nominal"}
[2026-04-12 22:17:35.480 +0700] [PROCESS] [cadence.virtuoso.ade.simulationMonitor] - Simulation started at: 10:17:12 PM, Sun Apr 12, 2026, ended at: 10:17:35 PM, Sun Apr 12, 2026, with elapsed time (wall clock): 22.5 s. {"history": "ExplorerRun.0", "point": 1, "testname": "TC_TCBJT_1", "cornername": "Nominal"}
[2026-04-12 22:17:35.480 +0700] [PROCESS] [cadence.virtuoso.ade.simulationMonitor] - spectre completes with 0 errors, 0 warnings, and 5 notices. {"history": "ExplorerRun.0", "point": 1, "testname": "TC_TCBJT_1", "cornername": "Nominal"}
[2026-04-12 22:17:35.481 +0700] [PROCESS] [cadence.virtuoso.ade.simulationMonitor] - Simulator exited {"hostname": "dtvt_13", "processid": 31175, "history": "ExplorerRun.0", "testname": "TC_TCBJT_1", "cornername": "Nominal", "point": 1, "logfile": "/home/dtvt_13/duyDUT/logs_dtvt_13/logs0/Job8.log", "exitStatus": "0"}
[2026-04-12 22:17:35.481 +0700] [PROCESS] [cadence.virtuoso.ade.simulationMonitor] - Finished Simulation {"hostname": "dtvt_13", "processid": 31175, "history": "ExplorerRun.0", "testname": "TC_TCBJT_1", "cornername": "Nominal", "point": 1, "logfile": "/home/dtvt_13/duyDUT/logs_dtvt_13/logs0/Job8.log", "simid": "1"}
[2026-04-12 22:17:35.994 +0700] [PROCESS] [cadence.virtuoso.ade.simulationMonitor] - Point Finished {"hostname": "dtvt_13", "processid": 31175, "history": "ExplorerRun.0", "testname": "TC_TCBJT_1", "cornername": "Nominal", "point": 1, "logfile": "/home/dtvt_13/duyDUT/logs_dtvt_13/logs0/Job8.log"}
[2026-04-12 22:22:36.543 +0700] [PROCESS] [cadence.virtuoso.ade.simulationMonitor] - Current memory used: 32.1641 MBytes, peak memory used: 32.1641 MBytes {"hostname": "dtvt_13", "processid": 31175, "history": "ExplorerRun.0", "testname": "TC_TCBJT_1", "cornername": "Nominal", "point": 1, "logfile": "/home/dtvt_13/duyDUT/logs_dtvt_13/logs0/Job8.log"}
[2026-04-12 22:22:36.543 +0700] [PROCESS] [cadence.virtuoso.ade.simulationMonitor] - Simulation Monitor process exit. {"hostname": "dtvt_13", "processid": 31175, "history": "ExplorerRun.0", "testname": "TC_TCBJT_1", "cornername": "Nominal", "point": 1, "logfile": "/home/dtvt_13/duyDUT/logs_dtvt_13/logs0/Job8.log"}
