[Simulation Monitor: 9]
[2026-04-13 00:12:20.819 +0700] [PROCESS] [cadence.virtuoso.ade.simulationMonitor] - Simulation Monitor has successfully started up. Trying to set up communication channels to other components ... {"hostname": "dtvt_13", "processid": 25155, "logfile": "/home/dtvt_13/duyDUT/logs_dtvt_13/logs0/Job9.log"}
[2026-04-13 00:12:20.820 +0700] [PROCESS] [cadence.virtuoso.ade.simulationMonitor] - Communication channels have been successfully set up. Start processing events ... {"hostname": "dtvt_13", "processid": 25155, "logfile": "/home/dtvt_13/duyDUT/logs_dtvt_13/logs0/Job9.log"}
[2026-04-13 00:12:20.820 +0700] [PROCESS] [cadence.virtuoso.ade.simulationMonitor] - Considering to start history {"hostname": "dtvt_13", "processid": 25155, "history": "ExplorerRun.0", "logfile": "/home/dtvt_13/duyDUT/logs_dtvt_13/logs0/Job9.log"}
[2026-04-13 00:12:20.821 +0700] [PROCESS] [cadence.virtuoso.ade.simulationMonitor] - HostInfo:
Host name (type):	dtvt_13 (x86_64)
Operating system:	Linux 3.10.0-1160.118.1.el7.x86_64 #1 SMP Wed Apr 24 16:01:50 UTC 2024 {"hostname": "dtvt_13", "processid": 25155, "history": "ExplorerRun.0", "logfile": "/home/dtvt_13/duyDUT/logs_dtvt_13/logs0/Job9.log", "nodename": "dtvt_13", "domainname": "(none)", "machine": "x86_64", "sysname": "Linux", "release": "3.10.0-1160.118.1.el7.x86_64", "version": "#1 SMP Wed Apr 24 16:01:50 UTC 2024"}
[2026-04-13 00:12:20.821 +0700] [PROCESS] [cadence.virtuoso.ade.simulationMonitor] - UsageInfo:
pid=25155
totalPhysicalMemory=15.208324GB,Used=14.200691GB,totalVirtualMemory=22.895821GB,Used=14.264412GB
Cpu: Cores=24, Load average:0.390000,0.310000,0.310000 {"hostname": "dtvt_13", "processid": 25155, "history": "ExplorerRun.0", "logfile": "/home/dtvt_13/duyDUT/logs_dtvt_13/logs0/Job9.log", "pid": "25155", "totalPhysicalMemory": "15.208324", "physicalMemoryUsed": "14.200691", "totalVirtualMemory": "22.895821", "virtualMemoryUsed": "14.264412", "cpuCores": "24", "processes": "2660", "loadAverage1": "0.390000", "loadAverage5": "0.310000", "loadAverage15": "0.310000", "loadAverage1Percent": "0.016250"}
[2026-04-13 00:12:20.821 +0700] [EVENT] [cadence.virtuoso.ade.simulationMonitor] - NewPoint {"history": "ExplorerRun.0", "point": 1, "testname": "gmIdwl_gmid_1", "cornername": "Nominal", "event": "NewPoint", "EventSource": "Simulation Monitor", "HistoryName": "ExplorerRun.0", "logFile": "/home/dtvt_13/duyDUT/logs_dtvt_13/logs0/Job9.log", "logFileSize": "2094"}
[2026-04-13 00:12:20.922 +0700] [EVENT] [cadence.virtuoso.ade.simulationMonitor] - NewPoint {"history": "ExplorerRun.0", "point": 1, "testname": "gmIdwl_gmid_1", "cornername": "Nominal", "event": "NewPoint", "EventSource": "spectre", "HistoryName": "ExplorerRun.0", "logFile": "/home/dtvt_13/simulation/gmIdwl/gmid/maestro/results/maestro/ExplorerRun.0/1/gmIdwl_gmid_1/psf/spectre.out", "logFileSize": "-1"}
[2026-04-13 00:12:20.933 +0700] [PROCESS] [cadence.virtuoso.ade.simulationMonitor] - Simulator launched {"hostname": "dtvt_13", "processid": 25155, "history": "ExplorerRun.0", "testname": "gmIdwl_gmid_1", "cornername": "Nominal", "point": 1, "logfile": "/home/dtvt_13/duyDUT/logs_dtvt_13/logs0/Job9.log", "simid": "1"}
[2026-04-13 00:12:20.937 +0700] [PROCESS] [cadence.virtuoso.ade.simulationMonitor] - Expression evaluator launched {"hostname": "dtvt_13", "processid": 25155, "history": "ExplorerRun.0", "testname": "gmIdwl_gmid_1", "cornername": "Nominal", "point": 1, "logfile": "/home/dtvt_13/duyDUT/logs_dtvt_13/logs0/Job9.log"}
[2026-04-13 00:12:20.952 +0700] [PROCESS] [cadence.virtuoso.ade.simulationMonitor] - Started Simulation {"hostname": "dtvt_13", "processid": 25155, "history": "ExplorerRun.0", "testname": "gmIdwl_gmid_1", "cornername": "Nominal", "point": 1, "logfile": "/home/dtvt_13/duyDUT/logs_dtvt_13/logs0/Job9.log"}
[2026-04-13 00:12:43.264 +0700] [INFO] [cadence.virtuoso.ade.simulationMonitor] - Peak resident memory used = 86.1 Mbytes. {"history": "ExplorerRun.0", "point": 1, "testname": "gmIdwl_gmid_1", "cornername": "Nominal"}
[2026-04-13 00:12:43.264 +0700] [INFO] [cadence.virtuoso.ade.simulationMonitor] - Peak resident memory used = 96.4 Mbytes. {"history": "ExplorerRun.0", "point": 1, "testname": "gmIdwl_gmid_1", "cornername": "Nominal"}
[2026-04-13 00:12:43.264 +0700] [INFO] [cadence.virtuoso.ade.simulationMonitor] - Notice from spectre during hierarchy flattening.
    The value 'psf' specified for the 'checklimitdest' option will no longer be supported in future releases. Use 'spectre -h' to see other recommended values for the 'checklimitdest' option. {"history": "ExplorerRun.0", "point": 1, "testname": "gmIdwl_gmid_1", "cornername": "Nominal"}
[2026-04-13 00:12:43.265 +0700] [INFO] [cadence.virtuoso.ade.simulationMonitor] - Peak resident memory used = 97.3 Mbytes. {"history": "ExplorerRun.0", "point": 1, "testname": "gmIdwl_gmid_1", "cornername": "Nominal"}
[2026-04-13 00:12:43.265 +0700] [WARN] [cadence.virtuoso.ade.simulationMonitor] -     WARNING (SPECTRE-8061): `PM0': Does not have a terminal named `id'. {"history": "ExplorerRun.0", "point": 1, "testname": "gmIdwl_gmid_1", "cornername": "Nominal"}
[2026-04-13 00:12:43.265 +0700] [WARN] [cadence.virtuoso.ade.simulationMonitor] -     WARNING (SPECTRE-8287): Ignoring invalid item `PM0:id' in save statement. {"history": "ExplorerRun.0", "point": 1, "testname": "gmIdwl_gmid_1", "cornername": "Nominal"}
[2026-04-13 00:12:43.265 +0700] [WARN] [cadence.virtuoso.ade.simulationMonitor] -     WARNING (SPECTRE-8061): `PM0': Does not have a terminal named `gm'. {"history": "ExplorerRun.0", "point": 1, "testname": "gmIdwl_gmid_1", "cornername": "Nominal"}
[2026-04-13 00:12:43.265 +0700] [WARN] [cadence.virtuoso.ade.simulationMonitor] -     WARNING (SPECTRE-8287): Ignoring invalid item `PM0:gm' in save statement. {"history": "ExplorerRun.0", "point": 1, "testname": "gmIdwl_gmid_1", "cornername": "Nominal"}
[2026-04-13 00:12:43.265 +0700] [INFO] [cadence.virtuoso.ade.simulationMonitor] - Notice from spectre during initial setup.
    Multithreading is disabled due to the size of the design being too small. {"history": "ExplorerRun.0", "point": 1, "testname": "gmIdwl_gmid_1", "cornername": "Nominal"}
[2026-04-13 00:12:43.265 +0700] [INFO] [cadence.virtuoso.ade.simulationMonitor] -               nodes 3 {"history": "ExplorerRun.0", "point": 1, "testname": "gmIdwl_gmid_1", "cornername": "Nominal"}
[2026-04-13 00:12:43.265 +0700] [INFO] [cadence.virtuoso.ade.simulationMonitor] - Notice from spectre during initial setup.
    APS enabled. {"history": "ExplorerRun.0", "point": 1, "testname": "gmIdwl_gmid_1", "cornername": "Nominal"}
[2026-04-13 00:12:43.265 +0700] [INFO] [cadence.virtuoso.ade.simulationMonitor] - Peak resident memory used = 98.8 Mbytes. {"history": "ExplorerRun.0", "point": 1, "testname": "gmIdwl_gmid_1", "cornername": "Nominal"}
[2026-04-13 00:12:43.265 +0700] [INFO] [cadence.virtuoso.ade.simulationMonitor] -    -   (APS) Multi-threading. The recommended number of threads is 1, consider adding +mt=1 on command line. {"history": "ExplorerRun.0", "point": 1, "testname": "gmIdwl_gmid_1", "cornername": "Nominal"}
[2026-04-13 00:12:43.265 +0700] [INFO] [cadence.virtuoso.ade.simulationMonitor] - Total time required for dc analysis `dcOp': CPU = 1.982 ms, elapsed = 2.93803 ms. {"history": "ExplorerRun.0", "point": 1, "testname": "gmIdwl_gmid_1", "cornername": "Nominal"}
[2026-04-13 00:12:43.265 +0700] [INFO] [cadence.virtuoso.ade.simulationMonitor] - Peak resident memory used = 100 Mbytes. {"history": "ExplorerRun.0", "point": 1, "testname": "gmIdwl_gmid_1", "cornername": "Nominal"}
[2026-04-13 00:12:43.766 +0700] [PROCESS] [cadence.virtuoso.ade.simulationMonitor] - Finished simulating for one point {"hostname": "dtvt_13", "processid": 25155, "history": "ExplorerRun.0", "testname": "gmIdwl_gmid_1", "cornername": "Nominal", "point": 1, "logfile": "/home/dtvt_13/duyDUT/logs_dtvt_13/logs0/Job9.log", "simid": "1"}
[2026-04-13 00:12:43.767 +0700] [INFO] [cadence.virtuoso.ade.simulationMonitor] - Notice from spectre at vsg = 1.8 during DC analysis `dc'.
    The value of parameter 'vsg' has been reset to the original value 0.5. {"history": "ExplorerRun.0", "point": 1, "testname": "gmIdwl_gmid_1", "cornername": "Nominal"}
[2026-04-13 00:12:43.767 +0700] [INFO] [cadence.virtuoso.ade.simulationMonitor] - Total time required for dc analysis `dc': CPU = 428.111 ms, elapsed = 430.106 ms. {"history": "ExplorerRun.0", "point": 1, "testname": "gmIdwl_gmid_1", "cornername": "Nominal"}
[2026-04-13 00:12:43.767 +0700] [INFO] [cadence.virtuoso.ade.simulationMonitor] - Peak resident memory used = 102 Mbytes. {"history": "ExplorerRun.0", "point": 1, "testname": "gmIdwl_gmid_1", "cornername": "Nominal"}
[2026-04-13 00:12:43.767 +0700] [INFO] [cadence.virtuoso.ade.simulationMonitor] - Time used: CPU = 1.13 s, elapsed = 22.2 s, util. = 5.1%. {"history": "ExplorerRun.0", "point": 1, "testname": "gmIdwl_gmid_1", "cornername": "Nominal"}
[2026-04-13 00:12:43.768 +0700] [INFO] [cadence.virtuoso.ade.simulationMonitor] - Time spent in licensing: elapsed = 20.5 s, percentage of total = 92.3%. {"history": "ExplorerRun.0", "point": 1, "testname": "gmIdwl_gmid_1", "cornername": "Nominal"}
[2026-04-13 00:12:43.768 +0700] [INFO] [cadence.virtuoso.ade.simulationMonitor] - Peak memory used = 110 Mbytes. {"history": "ExplorerRun.0", "point": 1, "testname": "gmIdwl_gmid_1", "cornername": "Nominal"}
[2026-04-13 00:12:43.768 +0700] [PROCESS] [cadence.virtuoso.ade.simulationMonitor] - Simulation started at: 12:12:21 AM, Mon Apr 13, 2026, ended at: 12:12:43 AM, Mon Apr 13, 2026, with elapsed time (wall clock): 22.2 s. {"history": "ExplorerRun.0", "point": 1, "testname": "gmIdwl_gmid_1", "cornername": "Nominal"}
[2026-04-13 00:12:43.768 +0700] [PROCESS] [cadence.virtuoso.ade.simulationMonitor] - spectre completes with 0 errors, 4 warnings, and 5 notices. {"history": "ExplorerRun.0", "point": 1, "testname": "gmIdwl_gmid_1", "cornername": "Nominal"}
[2026-04-13 00:12:43.769 +0700] [PROCESS] [cadence.virtuoso.ade.simulationMonitor] - Simulator exited {"hostname": "dtvt_13", "processid": 25155, "history": "ExplorerRun.0", "testname": "gmIdwl_gmid_1", "cornername": "Nominal", "point": 1, "logfile": "/home/dtvt_13/duyDUT/logs_dtvt_13/logs0/Job9.log", "exitStatus": "0"}
[2026-04-13 00:12:43.769 +0700] [PROCESS] [cadence.virtuoso.ade.simulationMonitor] - Finished Simulation {"hostname": "dtvt_13", "processid": 25155, "history": "ExplorerRun.0", "testname": "gmIdwl_gmid_1", "cornername": "Nominal", "point": 1, "logfile": "/home/dtvt_13/duyDUT/logs_dtvt_13/logs0/Job9.log", "simid": "1"}
[2026-04-13 00:12:44.282 +0700] [PROCESS] [cadence.virtuoso.ade.simulationMonitor] - Point Finished {"hostname": "dtvt_13", "processid": 25155, "history": "ExplorerRun.0", "testname": "gmIdwl_gmid_1", "cornername": "Nominal", "point": 1, "logfile": "/home/dtvt_13/duyDUT/logs_dtvt_13/logs0/Job9.log"}
[2026-04-13 00:17:45.288 +0700] [PROCESS] [cadence.virtuoso.ade.simulationMonitor] - Current memory used: 32.1602 MBytes, peak memory used: 32.1602 MBytes {"hostname": "dtvt_13", "processid": 25155, "history": "ExplorerRun.0", "testname": "gmIdwl_gmid_1", "cornername": "Nominal", "point": 1, "logfile": "/home/dtvt_13/duyDUT/logs_dtvt_13/logs0/Job9.log"}
[2026-04-13 00:17:45.288 +0700] [PROCESS] [cadence.virtuoso.ade.simulationMonitor] - Simulation Monitor process exit. {"hostname": "dtvt_13", "processid": 25155, "history": "ExplorerRun.0", "testname": "gmIdwl_gmid_1", "cornername": "Nominal", "point": 1, "logfile": "/home/dtvt_13/duyDUT/logs_dtvt_13/logs0/Job9.log"}
