\# Program start time:     UTC 2026.04.07 19:41:51.073
\# Local time: +07 (UTC+07:00) 2026.04.08 02:41:51.073
\o Program:		@(#)$CDS: virtuoso version 6.1.8-64b 09/28/2022 11:07 (cpgsrv12) $
\o Hierarchy:		/home/dtvt_13/CDNS_Client/IC618-ISR28/tools.lnx86/dfII/
\o Sub version:		sub-version  IC6.1.8-64b.500.28  (64-bit addresses)
\# Command line:	/home/dtvt_13/CDNS_Client/IC618-ISR28/tools.lnx86/dfII/bin/64bit/virtuoso -beanhost dtvt_13 -beanport 11300 -beanbinlog  -beanLogFile /home/dtvt_13/duyDUT/logs_dtvt_13/logs0/amps_Service24.log -mpssession virtuoso28899 -mpshost dtvt_13 -davinciService DaVinciService_28899_1775491067 -axlSession fnxSession1 -axlServiceIdFlag 24 -uuid a7918d2d-7c12-48f0-b950-5a4cadb47cba -heartbeat /dev/shm/swift-heartbeat.8YYWlP2XYT -log /home/dtvt_13/duyDUT/logs_dtvt_13/logs0/Service24.log -noautostart -nographE -lscs 000175E1894CBE06FF0966E38F1FFC06BC4D4FA6D86BCF06E37C4FA6D86BCF06E37C5CD28F1FFC06867C66E38F1FFC06BC4D66E38F1FFC06BC4D0F36D2E2A1FBD59800001EB2 -interactive -offlineExprEval -fenixMode explorer -heartbeatTimeout  -lingerTimeout 300 -pointlifetime -1
\# Host name (type):	dtvt_13 (x86_64)
\# Operating system:	Linux 3.10.0-1160.118.1.el7.x86_64 #1 SMP Wed Apr 24 16:01:50 UTC 2024
\# Linux /etc/issue:	\S
\# Linux /etc/issue:	Kernel \r on an \m
\# X display name (WxH):	:3898 (1024x868)
\# Available geometry:			TL(0:0) BR(1023:867)
\# X server:			The X.Org Foundation
\# Depth of Visual (Root):	24 (24)
\# Number of Planes Used:	24
\# X version:		11.0 (vendor release 12004000)
\# X resource pool:	base 0x400000, mask 0x1fffff (2097151), shift 0
\# 			current id 0x0, current max 0x1ffffa (2097146)
\# Max data seg size:	     unlimited
\# Max process size:	     unlimited
\# Initial sbrk value:	        610 MB
\# Available memory:	     12,240 MB
\# System memory:	     23,445 MB
\# Maximum memory size:	     23,123 MB
\# Max mem available:	     12,528 MB
\# Initial memory used:	        288 MB
\#        process size:	      1,870 MB
\# Thread usage limits (effective/default):	maxthreads 4096/4096 maxload 24.00/24.00
\# Qt version:		5.9.1
\# Window Manager:	other
\# User Name:		dtvt_13
\o Working Directory:	dtvt_13:/home/dtvt_13/duyDUT
\# Process Id:		25745
\o 
\o COPYRIGHT (C) 1992-2022  CADENCE DESIGN SYSTEMS INC.  ALL RIGHTS RESERVED.
\o           (C) 1992-2022  UNIX SYSTEMS Laboratories INC.,
\o                          Reproduced with permission.
\o 
\o This Cadence Design Systems program and online documentation are
\o proprietary/confidential information and may be disclosed/used only
\o as authorized in a license agreement controlling such use and disclosure.
\o 
\o           RESTRICTED RIGHTS NOTICE (SHORT FORM)
\o Use/reproduction/disclosure is subject to restriction
\o set forth at FAR 1252.227-19 or its equivalent.
\o Loading geView.cxt 
\o Loading menuBuilder.cxt 
\o Loading schView.cxt 
\o Loading selectSv.cxt 
\o Loading pvsui.cxt
\o Loading wireEdit.cxt 
\o Loading pte2.cxt 
\o Loading xlUI.cxt 
\o Loading auCore.cxt 
\o Loading vhdl.cxt 
\o Loading seismic.cxt 
\o Loading ci.cxt 
\o Loading ams.cxt 
\o Loading oasis.cxt 
\o Loading analog.cxt 
\o Loading asimenv.cxt 
\o Loading dal.cxt 
\o Loading awv.cxt 
\o Loading socket.cxt 
\o Loading par.cxt 
\o Loading alvs.cxt 
\o Loading caa.cxt 
\o Loading amps.cxt 
\o Loading adexlCore.cxt 
\o Loading adexl.cxt 
\# Memory report: using         415 MB, process size 2,118 MB at UTC 2026.04.07 19:41:54.177
\o *Info*    Exporting services from client ... 
\o 
\o Loading adexlDM.cxt 
\o Loading cpf.cxt 
\o Loading cli.cxt 
\o Loading lp.cxt 
\o INFO (ELI-00302) Connecting to parent process (session=virtuoso28899, host=dtvt_13). Connection mode is LSCS. Total timeout is 180 seconds. Connection timeout is 90 seconds.
\o INFO (ELI-00303) Step 1: Connecting to parent. Time spent is 0 seconds.
\o INFO (ELI-00304) The registration of the child 25745 within 90 seconds is being processed...
\o INFO (ELI-00305) The result of registration is true. Time spent is 0 seconds.
\o INFO (ELI-00308) The connection has ended. Result is true. Total time spent is 0 seconds.
\# [02:41:51.461673] Configured Lic search path (21.01-s003): 5280@192.168.32.10
\p > 
\# Loading perfDiag...
\# (PerfDiag): Set GDB path to environment variable 'gdbPath' (gdb).
\# Performance Diagnostic tool is installed. You can access PerfDiag from CIW Tools or use the shell command 'cdsPerfDiag -p 25745' to open it when Virtuoso freezes.
\# (PerfDiag): Loading backtrace from /home/dtvt_13/CDNS_Client/IC618-ISR28/tools/lib/64bit/cdnslibunwind.so
\i _axlRunServices()
\# [02:41:57.216552] Periodic Lic check successful
\# [02:41:57.216553] Feature usage summary:
\o Loading simui.cxt 
\o [2026-04-08 02:41:57.759 +0700] [PROCESS] [cadence.virtuoso.ade.services] - Netlist Service has successfully started. Waiting for incoming messages ... {"hostname": "dtvt_13", "processid": 25745, "logfile": "/home/dtvt_13/duyDUT/logs_dtvt_13/logs0/Service24.log"}
\o [2026-04-08 02:41:57.799 +0700] [EVENT] [cadence.virtuoso.ade.services.netlister] - NewPoint {"point": 0, "testname": "gmIdwl_WL_1", "event": "NewPoint", "EventSource": "Netlist Service", "HistoryName": "ExplorerRun.0", "logFile": "/home/dtvt_13/duyDUT/logs_dtvt_13/logs0/Service24.log", "logFileSize": "4555"}
\o [2026-04-08 02:41:57.799 +0700] [INFO] [cadence.virtuoso.ade.services.netlister] - Started preparing netlist {"point": 0, "testname": "gmIdwl_WL_1"}
\# Memory report: using         531 MB, process size 2,248 MB at UTC 2026.04.07 19:41:58.848
\o Loading vdsil.cxt 
\o *Warning* AXL Context Manager : job 24 is already registered. 
\o 
\o Loading vqp.cxt 
\o Loading hdlPkg.cxt 
\o 
\o 
\o *Info*    Configuring the session ...
\o 
\o 	Library      = gmIdwl
\o 	Cell         = WL
\o 	View         = schematic
\o 	Simulator    = spectre
\o 	State Path   = $AXL_SETUPDB_DIR/test_states
\o 	State Name   = ExplorerRun.0
\o 	Results DB   = /home/dtvt_13/duyDUT/skywater130/gmIdwl/WL/maestro/results/maestro/ExplorerRun.0.rdb
\o 	Results Dir  = /home/dtvt_13/simulation/gmIdwl/WL/maestro/results/maestro/ExplorerRun.0/1/gmIdwl_WL_1
\o 	Results Loc  = /home/dtvt_13/simulation/gmIdwl/WL/maestro/results/maestro
\o 	Project Dir  = /home/dtvt_13/simulation
\o 	Setup DB loc = /home/dtvt_13/duyDUT/skywater130/gmIdwl/WL/maestro
\o 	File Encoding = 0
\o 
\o 
\o Loading viva.cxt 
\o Loading sky130_fd_pr_main/libInit.il ...
\o Failed to load sky130_fd_pr_main/libInit.il successfully!Loading spectrei.cxt 
\o Loading devCheck.cxt 
\o Loading relXpert.cxt 
\o Loading hspiceD.cxt 
\o Loading spectreinl.cxt 
\o Loading msgHandler.cxt 
\o Loading UltraSim.cxt 
\o Loading AMSOSS.cxt 
\o Loading AMS.cxt 
\o 
\o *Info*    The auto suspension is disabled.
\o 
\o Loading elec.cxt 
\o Resetting statistical vars
\o 
\o *Info*    Setting parameter values ...
\o 
\o Setting var L_var = "150n"
\o Setting var vsg = "500m"
\o Loading monte.cxt 
\o Reusing AHDL Data dir
\o 
\o *Info*    Data Directory    =
\o           /home/dtvt_13/simulation/gmIdwl/WL/maestro/results/maestro/ExplorerRun.0/psf/gmIdwl_WL_1
\o 
\o generate netlist...
\o Loading hnlInit.cxt 
\o Loading seCore.cxt 
\o Initializing the control file using cp:
\o     cp /home/dtvt_13/CDNS_Client/IC618-ISR28/tools.lnx86/dfII/etc/si/control.spectre /home/dtvt_13/simulation/gmIdwl/WL/maestro/results/maestro/ExplorerRun.0/psf/gmIdwl_WL_1/netlist/control
\o Copying Spectre source file 'spectre.inp'
\o Copying Spectre command file 'spectre.sim'
\o Begin Incremental Netlisting Apr  8 02:42:00 2026
\o Loading json.cxt 
\o End netlisting Apr  8 02:42:00 2026
\o 
\o Netlisting Statistics:
\o 	Number of components:    3
\o 
\o 	Elapsed time:          1.0s (3.00/s)
\o Errors: 0	Warnings: 0
\o       ...successful.
\o compose simulator input file...
\o       ...successful.
\o [2026-04-08 02:42:00.267 +0700] [INFO] [cadence.virtuoso.ade.services.netlister] - Finished preparing netlist {"point": 0, "testname": "gmIdwl_WL_1"}
\# Available memory:         11,986 MB at UTC 2026.04.07 19:42:01.274
\# Memory report: Maximum memory size now 12,636 MB at UTC 2026.04.07 19:42:01.274
\# Thread usage report: 30 active threads, active load 1.40 at UTC 2026.04.07 19:42:01.274
\# Memory report: using         650 MB, process size 2,372 MB at UTC 2026.04.07 19:42:01.274
\o [2026-04-08 02:42:01.273 +0700] [EVENT] [cadence.virtuoso.ade.services.netlister] - NewPoint {"point": 1, "testname": "gmIdwl_WL_1", "event": "NewPoint", "EventSource": "Netlist Service", "HistoryName": "ExplorerRun.0", "logFile": "/home/dtvt_13/duyDUT/logs_dtvt_13/logs0/Service24.log", "logFileSize": "6496"}
\o [2026-04-08 02:42:01.275 +0700] [INFO] [cadence.virtuoso.ade.services.netlister] - Started netlisting {"point": 1, "testname": "gmIdwl_WL_1"}
\o Resetting statistical vars
\o 
\o *Info*    Setting parameter values ...
\o 
\o Setting var L_var = "150n"
\o Setting temp(T) = 27
\o Setting var vsg = "500m"
\o 
\o *Info*    Netlist Directory =
\o           /home/dtvt_13/simulation/gmIdwl/WL/maestro/results/maestro/ExplorerRun.0/1/gmIdwl_WL_1/netlist
\o 
\o 
\o *Info*    Data Directory    =
\o           /home/dtvt_13/simulation/gmIdwl/WL/maestro/results/maestro/ExplorerRun.0/1/gmIdwl_WL_1
\o 
\o Reusing AHDL Data dir
\o generate netlist...
\o Ignoring netlist creation since ignoreDesignChangesDuringRun is set to true
\o       ...successful.
\o compose simulator input file...
\o       ...successful.
\o [2026-04-08 02:42:01.889 +0700] [PROCESS] [cadence.virtuoso.ade.services.netlister] - Current memory used: 512.5586 MBytes, peak memory used: 512.5625 MBytes {"hostname": "dtvt_13", "processid": 25745, "testname": "gmIdwl_WL_1", "point": 1, "logfile": "/home/dtvt_13/duyDUT/logs_dtvt_13/logs0/Service24.log"}
\o [2026-04-08 02:42:01.890 +0700] [INFO] [cadence.virtuoso.ade.services.netlister] - Finished netlisting {"point": 1, "testname": "gmIdwl_WL_1"}
\o [2026-04-08 02:42:01.891 +0700] [EVENT] [cadence.virtuoso.ade.services.netlister] - NewPoint {"point": 2, "testname": "gmIdwl_WL_1", "event": "NewPoint", "EventSource": "Netlist Service", "HistoryName": "ExplorerRun.0", "logFile": "/home/dtvt_13/duyDUT/logs_dtvt_13/logs0/Service24.log", "logFileSize": "9863"}
\o [2026-04-08 02:42:01.892 +0700] [INFO] [cadence.virtuoso.ade.services.netlister] - Started netlisting {"point": 2, "testname": "gmIdwl_WL_1"}
\o Resetting statistical vars
\o 
\o *Info*    Setting parameter values ...
\o 
\o Setting var L_var = "300n"
\o 
\o *Info*    Netlist Directory =
\o           /home/dtvt_13/simulation/gmIdwl/WL/maestro/results/maestro/ExplorerRun.0/2/gmIdwl_WL_1/netlist
\o 
\o 
\o *Info*    Data Directory    =
\o           /home/dtvt_13/simulation/gmIdwl/WL/maestro/results/maestro/ExplorerRun.0/2/gmIdwl_WL_1
\o 
\o Reusing AHDL Data dir
\o generate netlist...
\o Ignoring netlist creation since ignoreDesignChangesDuringRun is set to true
\o       ...successful.
\o compose simulator input file...
\o       ...successful.
\o [2026-04-08 02:42:02.336 +0700] [PROCESS] [cadence.virtuoso.ade.services.netlister] - Current memory used: 512.6055 MBytes, peak memory used: 512.6094 MBytes {"hostname": "dtvt_13", "processid": 25745, "testname": "gmIdwl_WL_1", "point": 2, "logfile": "/home/dtvt_13/duyDUT/logs_dtvt_13/logs0/Service24.log"}
\o [2026-04-08 02:42:02.337 +0700] [INFO] [cadence.virtuoso.ade.services.netlister] - Finished netlisting {"point": 2, "testname": "gmIdwl_WL_1"}
\o [2026-04-08 02:42:02.339 +0700] [EVENT] [cadence.virtuoso.ade.services.netlister] - NewPoint {"point": 3, "testname": "gmIdwl_WL_1", "event": "NewPoint", "EventSource": "Netlist Service", "HistoryName": "ExplorerRun.0", "logFile": "/home/dtvt_13/duyDUT/logs_dtvt_13/logs0/Service24.log", "logFileSize": "11390"}
\o [2026-04-08 02:42:02.339 +0700] [INFO] [cadence.virtuoso.ade.services.netlister] - Started netlisting {"point": 3, "testname": "gmIdwl_WL_1"}
\o Resetting statistical vars
\o 
\o *Info*    Setting parameter values ...
\o 
\o Setting var L_var = "1u"
\o 
\o *Info*    Netlist Directory =
\o           /home/dtvt_13/simulation/gmIdwl/WL/maestro/results/maestro/ExplorerRun.0/3/gmIdwl_WL_1/netlist
\o 
\o 
\o *Info*    Data Directory    =
\o           /home/dtvt_13/simulation/gmIdwl/WL/maestro/results/maestro/ExplorerRun.0/3/gmIdwl_WL_1
\o 
\o Reusing AHDL Data dir
\o generate netlist...
\o Ignoring netlist creation since ignoreDesignChangesDuringRun is set to true
\o       ...successful.
\o compose simulator input file...
\o       ...successful.
\o [2026-04-08 02:42:02.698 +0700] [PROCESS] [cadence.virtuoso.ade.services.netlister] - Current memory used: 512.6055 MBytes, peak memory used: 512.6094 MBytes {"hostname": "dtvt_13", "processid": 25745, "testname": "gmIdwl_WL_1", "point": 3, "logfile": "/home/dtvt_13/duyDUT/logs_dtvt_13/logs0/Service24.log"}
\o [2026-04-08 02:42:02.698 +0700] [INFO] [cadence.virtuoso.ade.services.netlister] - Finished netlisting {"point": 3, "testname": "gmIdwl_WL_1"}
\o [2026-04-08 02:42:02.699 +0700] [EVENT] [cadence.virtuoso.ade.services.netlister] - NewPoint {"point": 4, "testname": "gmIdwl_WL_1", "event": "NewPoint", "EventSource": "Netlist Service", "HistoryName": "ExplorerRun.0", "logFile": "/home/dtvt_13/duyDUT/logs_dtvt_13/logs0/Service24.log", "logFileSize": "12916"}
\o [2026-04-08 02:42:02.699 +0700] [INFO] [cadence.virtuoso.ade.services.netlister] - Started netlisting {"point": 4, "testname": "gmIdwl_WL_1"}
\o Resetting statistical vars
\o 
\o *Info*    Setting parameter values ...
\o 
\o Setting var L_var = "2u"
\o 
\o *Info*    Netlist Directory =
\o           /home/dtvt_13/simulation/gmIdwl/WL/maestro/results/maestro/ExplorerRun.0/4/gmIdwl_WL_1/netlist
\o 
\o 
\o *Info*    Data Directory    =
\o           /home/dtvt_13/simulation/gmIdwl/WL/maestro/results/maestro/ExplorerRun.0/4/gmIdwl_WL_1
\o 
\o Reusing AHDL Data dir
\o generate netlist...
\o Ignoring netlist creation since ignoreDesignChangesDuringRun is set to true
\o       ...successful.
\o compose simulator input file...
\o       ...successful.
\o [2026-04-08 02:42:02.958 +0700] [PROCESS] [cadence.virtuoso.ade.services.netlister] - Current memory used: 512.6797 MBytes, peak memory used: 512.6836 MBytes {"hostname": "dtvt_13", "processid": 25745, "testname": "gmIdwl_WL_1", "point": 4, "logfile": "/home/dtvt_13/duyDUT/logs_dtvt_13/logs0/Service24.log"}
\o [2026-04-08 02:42:02.959 +0700] [INFO] [cadence.virtuoso.ade.services.netlister] - Finished netlisting {"point": 4, "testname": "gmIdwl_WL_1"}
\o [2026-04-08 02:44:13.085 +0700] [EVENT] [cadence.virtuoso.ade.services.netlister] - NewPoint {"point": 0, "testname": "gmIdwl_WL_1", "event": "NewPoint", "EventSource": "Netlist Service", "HistoryName": "ExplorerRun.0", "logFile": "/home/dtvt_13/duyDUT/logs_dtvt_13/logs0/Service24.log", "logFileSize": "14442"}
\o [2026-04-08 02:44:13.086 +0700] [INFO] [cadence.virtuoso.ade.services.netlister] - Started preparing netlist {"point": 0, "testname": "gmIdwl_WL_1"}
\o Simulation design variables differ from those on the cellView,
\o they have been saved in the file "/tmp/saved-design-variables".
\o To save future changes, copy variables to cellView before exiting.
\o *Warning* AXL Context Manager : job 24 is already registered. 
\o 
\o 
\o 
\o *Info*    Configuring the session ...
\o 
\o 	Library      = gmIdwl
\o 	Cell         = WL
\o 	View         = schematic
\o 	Simulator    = spectre
\o 	State Path   = $AXL_SETUPDB_DIR/test_states
\o 	State Name   = ExplorerRun.0
\o 	Results DB   = /home/dtvt_13/duyDUT/skywater130/gmIdwl/WL/maestro/results/maestro/ExplorerRun.0.rdb
\o 	Results Dir  = /home/dtvt_13/simulation/gmIdwl/WL/maestro/results/maestro/ExplorerRun.0/1/gmIdwl_WL_1
\o 	Results Loc  = /home/dtvt_13/simulation/gmIdwl/WL/maestro/results/maestro
\o 	Project Dir  = /home/dtvt_13/simulation
\o 	Setup DB loc = /home/dtvt_13/duyDUT/skywater130/gmIdwl/WL/maestro
\o 	File Encoding = 0
\o 
\o 
\o 
\o *Info*    The auto suspension is disabled.
\o 
\o Resetting statistical vars
\o 
\o *Info*    Setting parameter values ...
\o 
\o Setting var L_var = "150n"
\o Setting var vsg = "500m"
\o Reusing AHDL Data dir
\o 
\o *Info*    Data Directory    =
\o           /home/dtvt_13/simulation/gmIdwl/WL/maestro/results/maestro/ExplorerRun.0/psf/gmIdwl_WL_1
\o 
\o generate netlist...
\o Initializing the control file using cp:
\o     cp /home/dtvt_13/CDNS_Client/IC618-ISR28/tools.lnx86/dfII/etc/si/control.spectre /home/dtvt_13/simulation/gmIdwl/WL/maestro/results/maestro/ExplorerRun.0/psf/gmIdwl_WL_1/netlist/control
\o Copying Spectre source file 'spectre.inp'
\o Copying Spectre command file 'spectre.sim'
\o Begin Incremental Netlisting Apr  8 02:44:14 2026
\o End netlisting Apr  8 02:44:14 2026
\o 
\o Netlisting Statistics:
\o 	Number of components:    3
\o 
\o 	Elapsed time:          0.0s
\o Errors: 0	Warnings: 0
\o       ...successful.
\o compose simulator input file...
\o       ...successful.
\o [2026-04-08 02:44:14.486 +0700] [INFO] [cadence.virtuoso.ade.services.netlister] - Finished preparing netlist {"point": 0, "testname": "gmIdwl_WL_1"}
\o [2026-04-08 02:44:15.492 +0700] [EVENT] [cadence.virtuoso.ade.services.netlister] - NewPoint {"point": 1, "testname": "gmIdwl_WL_1", "event": "NewPoint", "EventSource": "Netlist Service", "HistoryName": "ExplorerRun.0", "logFile": "/home/dtvt_13/duyDUT/logs_dtvt_13/logs0/Service24.log", "logFileSize": "14757"}
\o [2026-04-08 02:44:15.492 +0700] [INFO] [cadence.virtuoso.ade.services.netlister] - Started netlisting {"point": 1, "testname": "gmIdwl_WL_1"}
\o Resetting statistical vars
\o 
\o *Info*    Setting parameter values ...
\o 
\o Setting var L_var = "150n"
\o Setting temp(T) = 27
\o Setting var vsg = "500m"
\o 
\o *Info*    Netlist Directory =
\o           /home/dtvt_13/simulation/gmIdwl/WL/maestro/results/maestro/ExplorerRun.0/1/gmIdwl_WL_1/netlist
\o 
\o 
\o *Info*    Data Directory    =
\o           /home/dtvt_13/simulation/gmIdwl/WL/maestro/results/maestro/ExplorerRun.0/1/gmIdwl_WL_1
\o 
\o Reusing AHDL Data dir
\o generate netlist...
\o Ignoring netlist creation since ignoreDesignChangesDuringRun is set to true
\o       ...successful.
\o compose simulator input file...
\o       ...successful.
\o [2026-04-08 02:44:16.185 +0700] [PROCESS] [cadence.virtuoso.ade.services.netlister] - Current memory used: 517.1719 MBytes, peak memory used: 517.1797 MBytes {"hostname": "dtvt_13", "processid": 25745, "testname": "gmIdwl_WL_1", "point": 1, "logfile": "/home/dtvt_13/duyDUT/logs_dtvt_13/logs0/Service24.log"}
\o [2026-04-08 02:44:16.186 +0700] [INFO] [cadence.virtuoso.ade.services.netlister] - Finished netlisting {"point": 1, "testname": "gmIdwl_WL_1"}
\o [2026-04-08 02:44:16.188 +0700] [EVENT] [cadence.virtuoso.ade.services.netlister] - NewPoint {"point": 2, "testname": "gmIdwl_WL_1", "event": "NewPoint", "EventSource": "Netlist Service", "HistoryName": "ExplorerRun.0", "logFile": "/home/dtvt_13/duyDUT/logs_dtvt_13/logs0/Service24.log", "logFileSize": "18592"}
\o [2026-04-08 02:44:16.188 +0700] [INFO] [cadence.virtuoso.ade.services.netlister] - Started netlisting {"point": 2, "testname": "gmIdwl_WL_1"}
\o Resetting statistical vars
\o 
\o *Info*    Setting parameter values ...
\o 
\o Setting var L_var = "300n"
\o 
\o *Info*    Netlist Directory =
\o           /home/dtvt_13/simulation/gmIdwl/WL/maestro/results/maestro/ExplorerRun.0/2/gmIdwl_WL_1/netlist
\o 
\o 
\o *Info*    Data Directory    =
\o           /home/dtvt_13/simulation/gmIdwl/WL/maestro/results/maestro/ExplorerRun.0/2/gmIdwl_WL_1
\o 
\o Reusing AHDL Data dir
\o generate netlist...
\o Ignoring netlist creation since ignoreDesignChangesDuringRun is set to true
\o       ...successful.
\o compose simulator input file...
\o       ...successful.
\o [2026-04-08 02:44:16.448 +0700] [PROCESS] [cadence.virtuoso.ade.services.netlister] - Current memory used: 517.1719 MBytes, peak memory used: 517.1797 MBytes {"hostname": "dtvt_13", "processid": 25745, "testname": "gmIdwl_WL_1", "point": 2, "logfile": "/home/dtvt_13/duyDUT/logs_dtvt_13/logs0/Service24.log"}
\o [2026-04-08 02:44:16.448 +0700] [INFO] [cadence.virtuoso.ade.services.netlister] - Finished netlisting {"point": 2, "testname": "gmIdwl_WL_1"}
\o [2026-04-08 02:44:16.449 +0700] [EVENT] [cadence.virtuoso.ade.services.netlister] - NewPoint {"point": 3, "testname": "gmIdwl_WL_1", "event": "NewPoint", "EventSource": "Netlist Service", "HistoryName": "ExplorerRun.0", "logFile": "/home/dtvt_13/duyDUT/logs_dtvt_13/logs0/Service24.log", "logFileSize": "20120"}
\o [2026-04-08 02:44:16.449 +0700] [INFO] [cadence.virtuoso.ade.services.netlister] - Started netlisting {"point": 3, "testname": "gmIdwl_WL_1"}
\o Resetting statistical vars
\o 
\o *Info*    Setting parameter values ...
\o 
\o Setting var L_var = "1u"
\o 
\o *Info*    Netlist Directory =
\o           /home/dtvt_13/simulation/gmIdwl/WL/maestro/results/maestro/ExplorerRun.0/3/gmIdwl_WL_1/netlist
\o 
\o 
\o *Info*    Data Directory    =
\o           /home/dtvt_13/simulation/gmIdwl/WL/maestro/results/maestro/ExplorerRun.0/3/gmIdwl_WL_1
\o 
\o Reusing AHDL Data dir
\o generate netlist...
\o Ignoring netlist creation since ignoreDesignChangesDuringRun is set to true
\o       ...successful.
\o compose simulator input file...
\o       ...successful.
\o [2026-04-08 02:44:16.773 +0700] [PROCESS] [cadence.virtuoso.ade.services.netlister] - Current memory used: 517.1719 MBytes, peak memory used: 517.1797 MBytes {"hostname": "dtvt_13", "processid": 25745, "testname": "gmIdwl_WL_1", "point": 3, "logfile": "/home/dtvt_13/duyDUT/logs_dtvt_13/logs0/Service24.log"}
\o [2026-04-08 02:44:16.774 +0700] [INFO] [cadence.virtuoso.ade.services.netlister] - Finished netlisting {"point": 3, "testname": "gmIdwl_WL_1"}
\o [2026-04-08 02:44:16.777 +0700] [EVENT] [cadence.virtuoso.ade.services.netlister] - NewPoint {"point": 4, "testname": "gmIdwl_WL_1", "event": "NewPoint", "EventSource": "Netlist Service", "HistoryName": "ExplorerRun.0", "logFile": "/home/dtvt_13/duyDUT/logs_dtvt_13/logs0/Service24.log", "logFileSize": "21646"}
\o [2026-04-08 02:44:16.777 +0700] [INFO] [cadence.virtuoso.ade.services.netlister] - Started netlisting {"point": 4, "testname": "gmIdwl_WL_1"}
\o Resetting statistical vars
\o 
\o *Info*    Setting parameter values ...
\o 
\o Setting var L_var = "2u"
\o 
\o *Info*    Netlist Directory =
\o           /home/dtvt_13/simulation/gmIdwl/WL/maestro/results/maestro/ExplorerRun.0/4/gmIdwl_WL_1/netlist
\o 
\o 
\o *Info*    Data Directory    =
\o           /home/dtvt_13/simulation/gmIdwl/WL/maestro/results/maestro/ExplorerRun.0/4/gmIdwl_WL_1
\o 
\o Reusing AHDL Data dir
\o generate netlist...
\o Ignoring netlist creation since ignoreDesignChangesDuringRun is set to true
\o       ...successful.
\o compose simulator input file...
\o       ...successful.
\o [2026-04-08 02:44:17.156 +0700] [PROCESS] [cadence.virtuoso.ade.services.netlister] - Current memory used: 517.1719 MBytes, peak memory used: 517.1797 MBytes {"hostname": "dtvt_13", "processid": 25745, "testname": "gmIdwl_WL_1", "point": 4, "logfile": "/home/dtvt_13/duyDUT/logs_dtvt_13/logs0/Service24.log"}
\o [2026-04-08 02:44:17.156 +0700] [INFO] [cadence.virtuoso.ade.services.netlister] - Finished netlisting {"point": 4, "testname": "gmIdwl_WL_1"}
\o **** stopping dspf2oa stdobj@0x33b52038 8 24
\o Simulation design variables differ from those on the cellView,
\o they have been saved in the file "/tmp/saved-design-variables".
\o To save future changes, copy variables to cellView before exiting.
\# Lic Summary:
\# [02:47:11.490650] Cdslmd servers:5280@192.168.32.10
\# [02:47:11.490667] Feature usage summary:
\# Memory report: on exit            653 MB, process size 2,375 MB at UTC 2026.04.07 19:47:11.490
\# Memory report: peak usage         653 MB, process size 2,375 MB
