\# Program start time:     UTC 2026.04.07 19:47:25.921
\# Local time: +07 (UTC+07:00) 2026.04.08 02:47:25.921
\o Program:		@(#)$CDS: virtuoso version 6.1.8-64b 09/28/2022 11:07 (cpgsrv12) $
\o Hierarchy:		/home/dtvt_13/CDNS_Client/IC618-ISR28/tools.lnx86/dfII/
\o Sub version:		sub-version  IC6.1.8-64b.500.28  (64-bit addresses)
\# Command line:	/home/dtvt_13/CDNS_Client/IC618-ISR28/tools.lnx86/dfII/bin/64bit/virtuoso -beanhost dtvt_13 -beanport 11300 -beanbinlog  -beanLogFile /home/dtvt_13/duyDUT/logs_dtvt_13/logs0/amps_Service27.log -mpssession virtuoso28899 -mpshost dtvt_13 -davinciService DaVinciService_28899_1775491067 -axlSession fnxSession3 -axlServiceIdFlag 27 -uuid 4ff69396-834e-449d-9cf9-3124d509a412 -heartbeat /dev/shm/swift-heartbeat.0NyhmVSm0F -log /home/dtvt_13/duyDUT/logs_dtvt_13/logs0/Service27.log -noautostart -nographE -lscs 000175E1894CBE06FF0966E38F1FFC06BC4D4FA6D86BCF06E37C4FA6D86BCF06E37C5CD28F1FFC06867C66E38F1FFC06BC4D66E38F1FFC06BC4D0F36D053A34AD59800001E90 -interactive -offlineExprEval -fenixMode explorer -heartbeatTimeout  -lingerTimeout 300 -pointlifetime -1
\# Host name (type):	dtvt_13 (x86_64)
\# Operating system:	Linux 3.10.0-1160.118.1.el7.x86_64 #1 SMP Wed Apr 24 16:01:50 UTC 2024
\# Linux /etc/issue:	\S
\# Linux /etc/issue:	Kernel \r on an \m
\# X display name (WxH):	:8558 (1024x868)
\# Available geometry:			TL(0:0) BR(1023:867)
\# X server:			The X.Org Foundation
\# Depth of Visual (Root):	24 (24)
\# Number of Planes Used:	24
\# X version:		11.0 (vendor release 12004000)
\# X resource pool:	base 0x400000, mask 0x1fffff (2097151), shift 0
\# 			current id 0x0, current max 0x1ffffa (2097146)
\# Max data seg size:	     unlimited
\# Max process size:	     unlimited
\# Initial sbrk value:	        620 MB
\# Available memory:	     12,247 MB
\# System memory:	     23,445 MB
\# Maximum memory size:	     23,114 MB
\# Max mem available:	     12,535 MB
\# Initial memory used:	        288 MB
\#        process size:	      1,870 MB
\# Thread usage limits (effective/default):	maxthreads 4096/4096 maxload 24.00/24.00
\# Qt version:		5.9.1
\# Window Manager:	other
\# User Name:		dtvt_13
\o Working Directory:	dtvt_13:/home/dtvt_13/duyDUT
\# Process Id:		31004
\o 
\o COPYRIGHT (C) 1992-2022  CADENCE DESIGN SYSTEMS INC.  ALL RIGHTS RESERVED.
\o           (C) 1992-2022  UNIX SYSTEMS Laboratories INC.,
\o                          Reproduced with permission.
\o 
\o This Cadence Design Systems program and online documentation are
\o proprietary/confidential information and may be disclosed/used only
\o as authorized in a license agreement controlling such use and disclosure.
\o 
\o           RESTRICTED RIGHTS NOTICE (SHORT FORM)
\o Use/reproduction/disclosure is subject to restriction
\o set forth at FAR 1252.227-19 or its equivalent.
\o Loading geView.cxt 
\o Loading menuBuilder.cxt 
\o Loading schView.cxt 
\o Loading selectSv.cxt 
\o Loading pvsui.cxt
\o Loading wireEdit.cxt 
\o Loading pte2.cxt 
\o Loading xlUI.cxt 
\o Loading auCore.cxt 
\o Loading vhdl.cxt 
\o Loading seismic.cxt 
\o Loading ci.cxt 
\o Loading ams.cxt 
\o Loading oasis.cxt 
\o Loading analog.cxt 
\o Loading asimenv.cxt 
\o Loading dal.cxt 
\o Loading awv.cxt 
\o Loading socket.cxt 
\o Loading par.cxt 
\o Loading alvs.cxt 
\o Loading caa.cxt 
\o Loading amps.cxt 
\o Loading adexlCore.cxt 
\o Loading adexl.cxt 
\o *Info*    Exporting services from client ... 
\o 
\o Loading adexlDM.cxt 
\o Loading cpf.cxt 
\# Memory report: using         419 MB, process size 2,122 MB at UTC 2026.04.07 19:47:29.135
\o Loading cli.cxt 
\o Loading lp.cxt 
\o INFO (ELI-00302) Connecting to parent process (session=virtuoso28899, host=dtvt_13). Connection mode is LSCS. Total timeout is 180 seconds. Connection timeout is 90 seconds.
\o INFO (ELI-00303) Step 1: Connecting to parent. Time spent is 0 seconds.
\o INFO (ELI-00304) The registration of the child 31004 within 90 seconds is being processed...
\o INFO (ELI-00305) The result of registration is true. Time spent is 0 seconds.
\o INFO (ELI-00308) The connection has ended. Result is true. Total time spent is 0 seconds.
\# [02:47:25.461729] Configured Lic search path (21.01-s003): 5280@192.168.32.10
\p > 
\# Loading perfDiag...
\# (PerfDiag): Set GDB path to environment variable 'gdbPath' (gdb).
\# Performance Diagnostic tool is installed. You can access PerfDiag from CIW Tools or use the shell command 'cdsPerfDiag -p 31004' to open it when Virtuoso freezes.
\# (PerfDiag): Loading backtrace from /home/dtvt_13/CDNS_Client/IC618-ISR28/tools/lib/64bit/cdnslibunwind.so
\i _axlRunServices()
\# [02:47:31.214528] Periodic Lic check successful
\# [02:47:31.214529] Feature usage summary:
\o Loading simui.cxt 
\o [2026-04-08 02:47:31.756 +0700] [PROCESS] [cadence.virtuoso.ade.services] - Netlist Service has successfully started. Waiting for incoming messages ... {"hostname": "dtvt_13", "processid": 31004, "logfile": "/home/dtvt_13/duyDUT/logs_dtvt_13/logs0/Service27.log"}
\o [2026-04-08 02:47:31.797 +0700] [EVENT] [cadence.virtuoso.ade.services.netlister] - NewPoint {"point": 0, "testname": "gmIdwl_WL_1", "event": "NewPoint", "EventSource": "Netlist Service", "HistoryName": "ExplorerRun.0", "logFile": "/home/dtvt_13/duyDUT/logs_dtvt_13/logs0/Service27.log", "logFileSize": "4555"}
\o [2026-04-08 02:47:31.798 +0700] [INFO] [cadence.virtuoso.ade.services.netlister] - Started preparing netlist {"point": 0, "testname": "gmIdwl_WL_1"}
\# Memory report: using         531 MB, process size 2,248 MB at UTC 2026.04.07 19:47:32.827
\o Loading vdsil.cxt 
\o *Warning* AXL Context Manager : job 27 is already registered. 
\o 
\o Loading vqp.cxt 
\o Loading hdlPkg.cxt 
\o 
\o 
\o *Info*    Configuring the session ...
\o 
\o 	Library      = gmIdwl
\o 	Cell         = WL
\o 	View         = schematic
\o 	Simulator    = spectre
\o 	State Path   = $AXL_SETUPDB_DIR/test_states
\o 	State Name   = ExplorerRun.0
\o 	Results DB   = /home/dtvt_13/duyDUT/skywater130/gmIdwl/WL/maestro/results/maestro/ExplorerRun.0.rdb
\o 	Results Dir  = /home/dtvt_13/simulation/gmIdwl/WL/maestro/results/maestro/ExplorerRun.0/1/gmIdwl_WL_1
\o 	Results Loc  = /home/dtvt_13/simulation/gmIdwl/WL/maestro/results/maestro
\o 	Project Dir  = /home/dtvt_13/simulation
\o 	Setup DB loc = /home/dtvt_13/duyDUT/skywater130/gmIdwl/WL/maestro
\o 	File Encoding = 0
\o 
\o 
\o Loading viva.cxt 
\o Loading sky130_fd_pr_main/libInit.il ...
\o Failed to load sky130_fd_pr_main/libInit.il successfully!Loading spectrei.cxt 
\o Loading devCheck.cxt 
\o Loading relXpert.cxt 
\o Loading hspiceD.cxt 
\o Loading spectreinl.cxt 
\o Loading msgHandler.cxt 
\o Loading UltraSim.cxt 
\o Loading AMSOSS.cxt 
\o Loading AMS.cxt 
\o 
\o *Info*    The auto suspension is disabled.
\o 
\o Loading elec.cxt 
\o Resetting statistical vars
\o 
\o *Info*    Setting parameter values ...
\o 
\o Setting var L_var = "150n"
\o Setting var vsg = "500m"
\o Loading monte.cxt 
\o Reusing AHDL Data dir
\o 
\o *Info*    Data Directory    =
\o           /home/dtvt_13/simulation/gmIdwl/WL/maestro/results/maestro/ExplorerRun.0/psf/gmIdwl_WL_1
\o 
\o generate netlist...
\o Loading hnlInit.cxt 
\o Loading seCore.cxt 
\o Initializing the control file using cp:
\o     cp /home/dtvt_13/CDNS_Client/IC618-ISR28/tools.lnx86/dfII/etc/si/control.spectre /home/dtvt_13/simulation/gmIdwl/WL/maestro/results/maestro/ExplorerRun.0/psf/gmIdwl_WL_1/netlist/control
\o Copying Spectre source file 'spectre.inp'
\o Copying Spectre command file 'spectre.sim'
\o Begin Incremental Netlisting Apr  8 02:47:34 2026
\o Loading json.cxt 
\o End netlisting Apr  8 02:47:34 2026
\o 
\o Netlisting Statistics:
\o 	Number of components:    3
\o 
\o 	Elapsed time:          0.0s
\o Errors: 0	Warnings: 0
\o       ...successful.
\o compose simulator input file...
\o       ...successful.
\o [2026-04-08 02:47:34.341 +0700] [INFO] [cadence.virtuoso.ade.services.netlister] - Finished preparing netlist {"point": 0, "testname": "gmIdwl_WL_1"}
\# Memory report: using         650 MB, process size 2,372 MB at UTC 2026.04.07 19:47:35.343
\o [2026-04-08 02:47:35.343 +0700] [EVENT] [cadence.virtuoso.ade.services.netlister] - NewPoint {"point": 1, "testname": "gmIdwl_WL_1", "event": "NewPoint", "EventSource": "Netlist Service", "HistoryName": "ExplorerRun.0", "logFile": "/home/dtvt_13/duyDUT/logs_dtvt_13/logs0/Service27.log", "logFileSize": "6496"}
\o [2026-04-08 02:47:35.344 +0700] [INFO] [cadence.virtuoso.ade.services.netlister] - Started netlisting {"point": 1, "testname": "gmIdwl_WL_1"}
\o Resetting statistical vars
\o 
\o *Info*    Setting parameter values ...
\o 
\o Setting var L_var = "150n"
\o Setting temp(T) = 27
\o Setting var vsg = "500m"
\o 
\o *Info*    Netlist Directory =
\o           /home/dtvt_13/simulation/gmIdwl/WL/maestro/results/maestro/ExplorerRun.0/1/gmIdwl_WL_1/netlist
\o 
\o 
\o *Info*    Data Directory    =
\o           /home/dtvt_13/simulation/gmIdwl/WL/maestro/results/maestro/ExplorerRun.0/1/gmIdwl_WL_1
\o 
\o Reusing AHDL Data dir
\o generate netlist...
\o Ignoring netlist creation since ignoreDesignChangesDuringRun is set to true
\o       ...successful.
\o compose simulator input file...
\o       ...successful.
\o [2026-04-08 02:47:35.855 +0700] [PROCESS] [cadence.virtuoso.ade.services.netlister] - Current memory used: 512.6406 MBytes, peak memory used: 512.6445 MBytes {"hostname": "dtvt_13", "processid": 31004, "testname": "gmIdwl_WL_1", "point": 1, "logfile": "/home/dtvt_13/duyDUT/logs_dtvt_13/logs0/Service27.log"}
\o [2026-04-08 02:47:35.856 +0700] [INFO] [cadence.virtuoso.ade.services.netlister] - Finished netlisting {"point": 1, "testname": "gmIdwl_WL_1"}
\o [2026-04-08 02:47:35.856 +0700] [EVENT] [cadence.virtuoso.ade.services.netlister] - NewPoint {"point": 2, "testname": "gmIdwl_WL_1", "event": "NewPoint", "EventSource": "Netlist Service", "HistoryName": "ExplorerRun.0", "logFile": "/home/dtvt_13/duyDUT/logs_dtvt_13/logs0/Service27.log", "logFileSize": "9610"}
\o [2026-04-08 02:47:35.856 +0700] [INFO] [cadence.virtuoso.ade.services.netlister] - Started netlisting {"point": 2, "testname": "gmIdwl_WL_1"}
\o Resetting statistical vars
\o 
\o *Info*    Setting parameter values ...
\o 
\o Setting var L_var = "300n"
\o 
\o *Info*    Netlist Directory =
\o           /home/dtvt_13/simulation/gmIdwl/WL/maestro/results/maestro/ExplorerRun.0/2/gmIdwl_WL_1/netlist
\o 
\o 
\o *Info*    Data Directory    =
\o           /home/dtvt_13/simulation/gmIdwl/WL/maestro/results/maestro/ExplorerRun.0/2/gmIdwl_WL_1
\o 
\o Reusing AHDL Data dir
\o generate netlist...
\o Ignoring netlist creation since ignoreDesignChangesDuringRun is set to true
\o       ...successful.
\o compose simulator input file...
\o       ...successful.
\o [2026-04-08 02:47:36.059 +0700] [PROCESS] [cadence.virtuoso.ade.services.netlister] - Current memory used: 512.6875 MBytes, peak memory used: 512.6914 MBytes {"hostname": "dtvt_13", "processid": 31004, "testname": "gmIdwl_WL_1", "point": 2, "logfile": "/home/dtvt_13/duyDUT/logs_dtvt_13/logs0/Service27.log"}
\o [2026-04-08 02:47:36.059 +0700] [INFO] [cadence.virtuoso.ade.services.netlister] - Finished netlisting {"point": 2, "testname": "gmIdwl_WL_1"}
\o [2026-04-08 02:47:36.060 +0700] [EVENT] [cadence.virtuoso.ade.services.netlister] - NewPoint {"point": 3, "testname": "gmIdwl_WL_1", "event": "NewPoint", "EventSource": "Netlist Service", "HistoryName": "ExplorerRun.0", "logFile": "/home/dtvt_13/duyDUT/logs_dtvt_13/logs0/Service27.log", "logFileSize": "11137"}
\o [2026-04-08 02:47:36.060 +0700] [INFO] [cadence.virtuoso.ade.services.netlister] - Started netlisting {"point": 3, "testname": "gmIdwl_WL_1"}
\# Available memory:         11,996 MB at UTC 2026.04.07 19:47:36.165
\# Memory report: Maximum memory size now 12,646 MB at UTC 2026.04.07 19:47:36.165
\# Thread usage report: 30 active threads, active load 1.40 at UTC 2026.04.07 19:47:36.165
\o Resetting statistical vars
\o 
\o *Info*    Setting parameter values ...
\o 
\o Setting var L_var = "1u"
\o 
\o *Info*    Netlist Directory =
\o           /home/dtvt_13/simulation/gmIdwl/WL/maestro/results/maestro/ExplorerRun.0/3/gmIdwl_WL_1/netlist
\o 
\o 
\o *Info*    Data Directory    =
\o           /home/dtvt_13/simulation/gmIdwl/WL/maestro/results/maestro/ExplorerRun.0/3/gmIdwl_WL_1
\o 
\o Reusing AHDL Data dir
\o generate netlist...
\o Ignoring netlist creation since ignoreDesignChangesDuringRun is set to true
\o       ...successful.
\o compose simulator input file...
\o       ...successful.
\o [2026-04-08 02:47:36.231 +0700] [PROCESS] [cadence.virtuoso.ade.services.netlister] - Current memory used: 512.6992 MBytes, peak memory used: 512.7031 MBytes {"hostname": "dtvt_13", "processid": 31004, "testname": "gmIdwl_WL_1", "point": 3, "logfile": "/home/dtvt_13/duyDUT/logs_dtvt_13/logs0/Service27.log"}
\o [2026-04-08 02:47:36.231 +0700] [INFO] [cadence.virtuoso.ade.services.netlister] - Finished netlisting {"point": 3, "testname": "gmIdwl_WL_1"}
\o [2026-04-08 02:47:36.232 +0700] [EVENT] [cadence.virtuoso.ade.services.netlister] - NewPoint {"point": 4, "testname": "gmIdwl_WL_1", "event": "NewPoint", "EventSource": "Netlist Service", "HistoryName": "ExplorerRun.0", "logFile": "/home/dtvt_13/duyDUT/logs_dtvt_13/logs0/Service27.log", "logFileSize": "12907"}
\o [2026-04-08 02:47:36.232 +0700] [INFO] [cadence.virtuoso.ade.services.netlister] - Started netlisting {"point": 4, "testname": "gmIdwl_WL_1"}
\o Resetting statistical vars
\o 
\o *Info*    Setting parameter values ...
\o 
\o Setting var L_var = "2u"
\o 
\o *Info*    Netlist Directory =
\o           /home/dtvt_13/simulation/gmIdwl/WL/maestro/results/maestro/ExplorerRun.0/4/gmIdwl_WL_1/netlist
\o 
\o 
\o *Info*    Data Directory    =
\o           /home/dtvt_13/simulation/gmIdwl/WL/maestro/results/maestro/ExplorerRun.0/4/gmIdwl_WL_1
\o 
\o Reusing AHDL Data dir
\o generate netlist...
\o Ignoring netlist creation since ignoreDesignChangesDuringRun is set to true
\o       ...successful.
\o compose simulator input file...
\o       ...successful.
\o [2026-04-08 02:47:36.445 +0700] [PROCESS] [cadence.virtuoso.ade.services.netlister] - Current memory used: 512.7656 MBytes, peak memory used: 512.7695 MBytes {"hostname": "dtvt_13", "processid": 31004, "testname": "gmIdwl_WL_1", "point": 4, "logfile": "/home/dtvt_13/duyDUT/logs_dtvt_13/logs0/Service27.log"}
\o [2026-04-08 02:47:36.446 +0700] [INFO] [cadence.virtuoso.ade.services.netlister] - Finished netlisting {"point": 4, "testname": "gmIdwl_WL_1"}
\# Memory report: Maximum memory size now 12,355 MB at UTC 2026.04.07 19:52:22.771
\o Simulation design variables differ from those on the cellView,
\o they have been saved in the file "/tmp/saved-design-variables".
\o To save future changes, copy variables to cellView before exiting.
\# Lic Summary:
\# [02:52:39.403001] Cdslmd servers:5280@192.168.32.10
\# [02:52:39.403019] Feature usage summary:
\# Memory report: on exit            650 MB, process size 2,372 MB at UTC 2026.04.07 19:52:39.927
\# Memory report: peak usage         650 MB, process size 2,372 MB
