[Simulation Monitor: 3]
[2026-04-22 10:58:31.399 +0700] [PROCESS] [cadence.virtuoso.ade.simulationMonitor] - Simulation Monitor has successfully started up. Trying to set up communication channels to other components ... {"hostname": "dtvt05", "processid": 1627, "logfile": "/home/dtvt_05/DUT_VI_MACH_WORKING_DIR/truong/logs_dtvt_05/logs0/Job3.log"}
[2026-04-22 10:58:31.399 +0700] [PROCESS] [cadence.virtuoso.ade.simulationMonitor] - Communication channels have been successfully set up. Start processing events ... {"hostname": "dtvt05", "processid": 1627, "logfile": "/home/dtvt_05/DUT_VI_MACH_WORKING_DIR/truong/logs_dtvt_05/logs0/Job3.log"}
[2026-04-22 10:58:31.399 +0700] [PROCESS] [cadence.virtuoso.ade.simulationMonitor] - Considering to start history {"hostname": "dtvt05", "processid": 1627, "history": "ExplorerRun.0", "logfile": "/home/dtvt_05/DUT_VI_MACH_WORKING_DIR/truong/logs_dtvt_05/logs0/Job3.log"}
[2026-04-22 10:58:31.400 +0700] [PROCESS] [cadence.virtuoso.ade.simulationMonitor] - HostInfo:
Host name (type):	dtvt05 (x86_64)
Operating system:	Linux 6.7.1-1.el7.elrepo.x86_64 #1 SMP PREEMPT_DYNAMIC Sat Jan 20 11:04:40 EST 2024 {"hostname": "dtvt05", "processid": 1627, "history": "ExplorerRun.0", "logfile": "/home/dtvt_05/DUT_VI_MACH_WORKING_DIR/truong/logs_dtvt_05/logs0/Job3.log", "nodename": "dtvt05", "domainname": "(none)", "machine": "x86_64", "sysname": "Linux", "release": "6.7.1-1.el7.elrepo.x86_64", "version": "#1 SMP PREEMPT_DYNAMIC Sat Jan 20 11:04:40 EST 2024"}
[2026-04-22 10:58:31.400 +0700] [PROCESS] [cadence.virtuoso.ade.simulationMonitor] - UsageInfo:
pid=1627
totalPhysicalMemory=15.325478GB,Used=12.967781GB,totalVirtualMemory=23.012974GB,Used=12.967781GB
Cpu: Cores=24, Load average:0.090000,0.140000,0.230000 {"hostname": "dtvt05", "processid": 1627, "history": "ExplorerRun.0", "logfile": "/home/dtvt_05/DUT_VI_MACH_WORKING_DIR/truong/logs_dtvt_05/logs0/Job3.log", "pid": "1627", "totalPhysicalMemory": "15.325478", "physicalMemoryUsed": "12.967781", "totalVirtualMemory": "23.012974", "virtualMemoryUsed": "12.967781", "cpuCores": "24", "processes": "1822", "loadAverage1": "0.090000", "loadAverage5": "0.140000", "loadAverage15": "0.230000", "loadAverage1Percent": "0.003750"}
[2026-04-22 10:58:31.400 +0700] [EVENT] [cadence.virtuoso.ade.simulationMonitor] - NewPoint {"history": "ExplorerRun.0", "point": 1, "testname": "my_lib_ota_amp_tb_1", "cornername": "Nominal", "event": "NewPoint", "EventSource": "Simulation Monitor", "HistoryName": "ExplorerRun.0", "logFile": "/home/dtvt_05/DUT_VI_MACH_WORKING_DIR/truong/logs_dtvt_05/logs0/Job3.log", "logFileSize": "2226"}
[2026-04-22 10:58:31.501 +0700] [EVENT] [cadence.virtuoso.ade.simulationMonitor] - NewPoint {"history": "ExplorerRun.0", "point": 1, "testname": "my_lib_ota_amp_tb_1", "cornername": "Nominal", "event": "NewPoint", "EventSource": "spectre", "HistoryName": "ExplorerRun.0", "logFile": "/home/dtvt_05/simulation/my_lib/ota_amp_tb/maestro/results/maestro/ExplorerRun.0/1/my_lib_ota_amp_tb_1/psf/spectre.out", "logFileSize": "-1"}
[2026-04-22 10:58:31.504 +0700] [PROCESS] [cadence.virtuoso.ade.simulationMonitor] - Simulator launched {"hostname": "dtvt05", "processid": 1627, "history": "ExplorerRun.0", "testname": "my_lib_ota_amp_tb_1", "cornername": "Nominal", "point": 1, "logfile": "/home/dtvt_05/DUT_VI_MACH_WORKING_DIR/truong/logs_dtvt_05/logs0/Job3.log", "simid": "1"}
[2026-04-22 10:58:31.505 +0700] [PROCESS] [cadence.virtuoso.ade.simulationMonitor] - Expression evaluator launched {"hostname": "dtvt05", "processid": 1627, "history": "ExplorerRun.0", "testname": "my_lib_ota_amp_tb_1", "cornername": "Nominal", "point": 1, "logfile": "/home/dtvt_05/DUT_VI_MACH_WORKING_DIR/truong/logs_dtvt_05/logs0/Job3.log"}
[2026-04-22 10:58:31.509 +0700] [PROCESS] [cadence.virtuoso.ade.simulationMonitor] - Started Simulation {"hostname": "dtvt05", "processid": 1627, "history": "ExplorerRun.0", "testname": "my_lib_ota_amp_tb_1", "cornername": "Nominal", "point": 1, "logfile": "/home/dtvt_05/DUT_VI_MACH_WORKING_DIR/truong/logs_dtvt_05/logs0/Job3.log"}
[2026-04-22 10:58:52.237 +0700] [PROCESS] [cadence.virtuoso.ade.simulationMonitor] - Finished simulating for one point {"hostname": "dtvt05", "processid": 1627, "history": "ExplorerRun.0", "testname": "my_lib_ota_amp_tb_1", "cornername": "Nominal", "point": 1, "logfile": "/home/dtvt_05/DUT_VI_MACH_WORKING_DIR/truong/logs_dtvt_05/logs0/Job3.log", "simid": "1"}
[2026-04-22 10:58:52.237 +0700] [INFO] [cadence.virtuoso.ade.simulationMonitor] - Peak resident memory used = 108 Mbytes. {"history": "ExplorerRun.0", "point": 1, "testname": "my_lib_ota_amp_tb_1", "cornername": "Nominal"}
[2026-04-22 10:58:52.237 +0700] [ERROR] [cadence.virtuoso.ade.simulationMonitor] -     ERROR (SFE-23): "input.scs" 15: The instance `M2' is referencing an undefined model or subcircuit, `pmos_rf_18'. Either include the file containing the definition of `pmos_rf_18', or define `pmos_rf_18' before running the simulation. {"history": "ExplorerRun.0", "point": 1, "testname": "my_lib_ota_amp_tb_1", "cornername": "Nominal"}
[2026-04-22 10:58:52.238 +0700] [ERROR] [cadence.virtuoso.ade.simulationMonitor] -     ERROR (SFE-23): "input.scs" 17: The instance `M1' is referencing an undefined model or subcircuit, `pmos_rf_18'. Either include the file containing the definition of `pmos_rf_18', or define `pmos_rf_18' before running the simulation. {"history": "ExplorerRun.0", "point": 1, "testname": "my_lib_ota_amp_tb_1", "cornername": "Nominal"}
[2026-04-22 10:58:52.238 +0700] [ERROR] [cadence.virtuoso.ade.simulationMonitor] -     ERROR (SFE-23): "input.scs" 19: The instance `M5' is referencing an undefined model or subcircuit, `pmos_rf_18'. Either include the file containing the definition of `pmos_rf_18', or define `pmos_rf_18' before running the simulation. {"history": "ExplorerRun.0", "point": 1, "testname": "my_lib_ota_amp_tb_1", "cornername": "Nominal"}
[2026-04-22 10:58:52.238 +0700] [ERROR] [cadence.virtuoso.ade.simulationMonitor] -     ERROR (SFE-23): "input.scs" 21: The instance `M6' is referencing an undefined model or subcircuit, `pmos_rf_18'. Either include the file containing the definition of `pmos_rf_18', or define `pmos_rf_18' before running the simulation. {"history": "ExplorerRun.0", "point": 1, "testname": "my_lib_ota_amp_tb_1", "cornername": "Nominal"}
[2026-04-22 10:58:52.238 +0700] [ERROR] [cadence.virtuoso.ade.simulationMonitor] -     ERROR (SFE-23): "input.scs" 23: The instance `M4' is referencing an undefined model or subcircuit, `nmos_rf_18'. Either include the file containing the definition of `nmos_rf_18', or define `nmos_rf_18' before running the simulation. {"history": "ExplorerRun.0", "point": 1, "testname": "my_lib_ota_amp_tb_1", "cornername": "Nominal"}
[2026-04-22 10:58:52.238 +0700] [ERROR] [cadence.virtuoso.ade.simulationMonitor] -     ERROR (SFE-23): "input.scs" 25: The instance `M3' is referencing an undefined model or subcircuit, `nmos_rf_18'. Either include the file containing the definition of `nmos_rf_18', or define `nmos_rf_18' before running the simulation. {"history": "ExplorerRun.0", "point": 1, "testname": "my_lib_ota_amp_tb_1", "cornername": "Nominal"}
[2026-04-22 10:58:52.238 +0700] [INFO] [cadence.virtuoso.ade.simulationMonitor] - Peak resident memory used = 115 Mbytes. {"history": "ExplorerRun.0", "point": 1, "testname": "my_lib_ota_amp_tb_1", "cornername": "Nominal"}
[2026-04-22 10:58:52.239 +0700] [INFO] [cadence.virtuoso.ade.simulationMonitor] - Time used: CPU = 99.6 ms, elapsed = 20.4 s, util. = 488e-03%. {"history": "ExplorerRun.0", "point": 1, "testname": "my_lib_ota_amp_tb_1", "cornername": "Nominal"}
[2026-04-22 10:58:52.239 +0700] [INFO] [cadence.virtuoso.ade.simulationMonitor] - Time spent in licensing: elapsed = 20.3 s, percentage of total = 99.4%. {"history": "ExplorerRun.0", "point": 1, "testname": "my_lib_ota_amp_tb_1", "cornername": "Nominal"}
[2026-04-22 10:58:52.239 +0700] [INFO] [cadence.virtuoso.ade.simulationMonitor] - Peak memory used = 116 Mbytes. {"history": "ExplorerRun.0", "point": 1, "testname": "my_lib_ota_amp_tb_1", "cornername": "Nominal"}
[2026-04-22 10:58:52.239 +0700] [PROCESS] [cadence.virtuoso.ade.simulationMonitor] - Simulation started at: 10:58:31 AM, Wed Apr 22, 2026, ended at: 10:58:52 AM, Wed Apr 22, 2026, with elapsed time (wall clock): 20.4 s. {"history": "ExplorerRun.0", "point": 1, "testname": "my_lib_ota_amp_tb_1", "cornername": "Nominal"}
[2026-04-22 10:58:52.239 +0700] [PROCESS] [cadence.virtuoso.ade.simulationMonitor] - spectre completes with 6 errors, 0 warnings, and 0 notices. {"history": "ExplorerRun.0", "point": 1, "testname": "my_lib_ota_amp_tb_1", "cornername": "Nominal"}
[2026-04-22 10:58:52.240 +0700] [FATAL] [cadence.virtuoso.ade.simulationMonitor] - spectre terminated prematurely due to fatal error. {"history": "ExplorerRun.0", "point": 1, "testname": "my_lib_ota_amp_tb_1", "cornername": "Nominal"}
[2026-04-22 10:58:52.240 +0700] [ERROR] [cadence.virtuoso.ade.simulationMonitor] - While simulating run ExplorerRun.0, point 1, test my_lib_ota_amp_tb_1, received error:
Simulation Error:
 The simulator process returned a non-zero exit code, indicating failure.
The simulator could have crashed or intentionally returned to indicate an error.
Check the simulator log file for more information.  Common causes:
1. Simulator may have crashed during exit even after reporting success in log file.
2. Abrupt automatic simulator termination (e.g., SIGKILL) because the simulator process has
   excee... {"history": "ExplorerRun.0", "point": 1, "testname": "my_lib_ota_amp_tb_1", "cornername": "Nominal"}
[2026-04-22 10:58:52.240 +0700] [PROCESS] [cadence.virtuoso.ade.simulationMonitor] - Finished Simulation {"hostname": "dtvt05", "processid": 1627, "history": "ExplorerRun.0", "testname": "my_lib_ota_amp_tb_1", "cornername": "Nominal", "point": 1, "logfile": "/home/dtvt_05/DUT_VI_MACH_WORKING_DIR/truong/logs_dtvt_05/logs0/Job3.log", "simid": "1"}
[2026-04-22 10:59:23.253 +0700] [INFO] [cadence.virtuoso.ade.simulationMonitor] - SimulationMonitor has terminated the vds process '1722', reason: 'Force to stop the expression evalutor process because of new run' {"history": "ExplorerRun.0", "point": 1, "testname": "my_lib_ota_amp_tb_1", "cornername": "Nominal"}
[2026-04-22 10:59:23.254 +0700] [PROCESS] [cadence.virtuoso.ade.simulationMonitor] - HostInfo:
Host name (type):	dtvt05 (x86_64)
Operating system:	Linux 6.7.1-1.el7.elrepo.x86_64 #1 SMP PREEMPT_DYNAMIC Sat Jan 20 11:04:40 EST 2024 {"hostname": "dtvt05", "processid": 1627, "history": "ExplorerRun.0", "testname": "my_lib_ota_amp_tb_1", "cornername": "Nominal", "point": 1, "logfile": "/home/dtvt_05/DUT_VI_MACH_WORKING_DIR/truong/logs_dtvt_05/logs0/Job3.log", "nodename": "dtvt05", "domainname": "(none)", "machine": "x86_64", "sysname": "Linux", "release": "6.7.1-1.el7.elrepo.x86_64", "version": "#1 SMP PREEMPT_DYNAMIC Sat Jan 20 11:04:40 EST 2024"}
[2026-04-22 10:59:23.254 +0700] [PROCESS] [cadence.virtuoso.ade.simulationMonitor] - UsageInfo:
pid=1627
totalPhysicalMemory=15.325478GB,Used=13.044346GB,totalVirtualMemory=23.012974GB,Used=13.044346GB
Cpu: Cores=24, Load average:0.390000,0.210000,0.250000 {"hostname": "dtvt05", "processid": 1627, "history": "ExplorerRun.0", "testname": "my_lib_ota_amp_tb_1", "cornername": "Nominal", "point": 1, "logfile": "/home/dtvt_05/DUT_VI_MACH_WORKING_DIR/truong/logs_dtvt_05/logs0/Job3.log", "pid": "1627", "totalPhysicalMemory": "15.325478", "physicalMemoryUsed": "13.044346", "totalVirtualMemory": "23.012974", "virtualMemoryUsed": "13.044346", "cpuCores": "24", "processes": "1843", "loadAverage1": "0.390000", "loadAverage5": "0.210000", "loadAverage15": "0.250000", "loadAverage1Percent": "0.016250"}
[2026-04-22 10:59:23.254 +0700] [EVENT] [cadence.virtuoso.ade.simulationMonitor] - NewPoint {"history": "ExplorerRun.0", "point": 1, "testname": "my_lib_ota_amp_tb_1", "cornername": "Nominal", "event": "NewPoint", "EventSource": "Simulation Monitor", "HistoryName": "ExplorerRun.0", "logFile": "/home/dtvt_05/DUT_VI_MACH_WORKING_DIR/truong/logs_dtvt_05/logs0/Job3.log", "logFileSize": "11740"}
[2026-04-22 10:59:23.355 +0700] [EVENT] [cadence.virtuoso.ade.simulationMonitor] - NewPoint {"history": "ExplorerRun.0", "point": 1, "testname": "my_lib_ota_amp_tb_1", "cornername": "Nominal", "event": "NewPoint", "EventSource": "spectre", "HistoryName": "ExplorerRun.0", "logFile": "/home/dtvt_05/simulation/my_lib/ota_amp_tb/maestro/results/maestro/ExplorerRun.0/1/my_lib_ota_amp_tb_1/psf/spectre.out", "logFileSize": "-1"}
[2026-04-22 10:59:23.358 +0700] [PROCESS] [cadence.virtuoso.ade.simulationMonitor] - Simulator launched {"hostname": "dtvt05", "processid": 1627, "history": "ExplorerRun.0", "testname": "my_lib_ota_amp_tb_1", "cornername": "Nominal", "point": 1, "logfile": "/home/dtvt_05/DUT_VI_MACH_WORKING_DIR/truong/logs_dtvt_05/logs0/Job3.log", "simid": "2"}
[2026-04-22 10:59:23.360 +0700] [PROCESS] [cadence.virtuoso.ade.simulationMonitor] - Expression evaluator launched {"hostname": "dtvt05", "processid": 1627, "history": "ExplorerRun.0", "testname": "my_lib_ota_amp_tb_1", "cornername": "Nominal", "point": 1, "logfile": "/home/dtvt_05/DUT_VI_MACH_WORKING_DIR/truong/logs_dtvt_05/logs0/Job3.log"}
[2026-04-22 10:59:23.364 +0700] [PROCESS] [cadence.virtuoso.ade.simulationMonitor] - Started Simulation {"hostname": "dtvt05", "processid": 1627, "history": "ExplorerRun.0", "testname": "my_lib_ota_amp_tb_1", "cornername": "Nominal", "point": 1, "logfile": "/home/dtvt_05/DUT_VI_MACH_WORKING_DIR/truong/logs_dtvt_05/logs0/Job3.log"}
[2026-04-22 10:59:44.094 +0700] [INFO] [cadence.virtuoso.ade.simulationMonitor] - Peak resident memory used = 109 Mbytes. {"history": "ExplorerRun.0", "point": 1, "testname": "my_lib_ota_amp_tb_1", "cornername": "Nominal"}
[2026-04-22 10:59:44.094 +0700] [INFO] [cadence.virtuoso.ade.simulationMonitor] - Peak resident memory used = 117 Mbytes. {"history": "ExplorerRun.0", "point": 1, "testname": "my_lib_ota_amp_tb_1", "cornername": "Nominal"}
[2026-04-22 10:59:44.094 +0700] [INFO] [cadence.virtuoso.ade.simulationMonitor] - Notice from spectre during hierarchy flattening.
    The value 'psf' specified for the 'checklimitdest' option will no longer be supported in future releases. Use 'spectre -h' to see other recommended values for the 'checklimitdest' option. {"history": "ExplorerRun.0", "point": 1, "testname": "my_lib_ota_amp_tb_1", "cornername": "Nominal"}
[2026-04-22 10:59:44.094 +0700] [INFO] [cadence.virtuoso.ade.simulationMonitor] - Peak resident memory used = 118 Mbytes. {"history": "ExplorerRun.0", "point": 1, "testname": "my_lib_ota_amp_tb_1", "cornername": "Nominal"}
[2026-04-22 10:59:44.596 +0700] [PROCESS] [cadence.virtuoso.ade.simulationMonitor] - Finished simulating for one point {"hostname": "dtvt05", "processid": 1627, "history": "ExplorerRun.0", "testname": "my_lib_ota_amp_tb_1", "cornername": "Nominal", "point": 1, "logfile": "/home/dtvt_05/DUT_VI_MACH_WORKING_DIR/truong/logs_dtvt_05/logs0/Job3.log", "simid": "2"}
[2026-04-22 10:59:44.596 +0700] [INFO] [cadence.virtuoso.ade.simulationMonitor] - Notice from spectre during initial setup.
    Multithreading is disabled due to the size of the design being too small. {"history": "ExplorerRun.0", "point": 1, "testname": "my_lib_ota_amp_tb_1", "cornername": "Nominal"}
[2026-04-22 10:59:44.597 +0700] [INFO] [cadence.virtuoso.ade.simulationMonitor] -               nodes 43 {"history": "ExplorerRun.0", "point": 1, "testname": "my_lib_ota_amp_tb_1", "cornername": "Nominal"}
[2026-04-22 10:59:44.598 +0700] [INFO] [cadence.virtuoso.ade.simulationMonitor] - Notice from spectre during initial setup.
    APS enabled. {"history": "ExplorerRun.0", "point": 1, "testname": "my_lib_ota_amp_tb_1", "cornername": "Nominal"}
[2026-04-22 10:59:44.598 +0700] [INFO] [cadence.virtuoso.ade.simulationMonitor] - Peak resident memory used = 121 Mbytes. {"history": "ExplorerRun.0", "point": 1, "testname": "my_lib_ota_amp_tb_1", "cornername": "Nominal"}
[2026-04-22 10:59:44.598 +0700] [INFO] [cadence.virtuoso.ade.simulationMonitor] -    -   (APS) Multi-threading. The recommended number of threads is 1, consider adding +mt=1 on command line. {"history": "ExplorerRun.0", "point": 1, "testname": "my_lib_ota_amp_tb_1", "cornername": "Nominal"}
[2026-04-22 10:59:44.599 +0700] [INFO] [cadence.virtuoso.ade.simulationMonitor] - Total time required for ac analysis `ac': CPU = 8.272 ms, elapsed = 32.1171 ms. {"history": "ExplorerRun.0", "point": 1, "testname": "my_lib_ota_amp_tb_1", "cornername": "Nominal"}
[2026-04-22 10:59:44.599 +0700] [INFO] [cadence.virtuoso.ade.simulationMonitor] - Peak resident memory used = 124 Mbytes. {"history": "ExplorerRun.0", "point": 1, "testname": "my_lib_ota_amp_tb_1", "cornername": "Nominal"}
[2026-04-22 10:59:44.599 +0700] [INFO] [cadence.virtuoso.ade.simulationMonitor] - Total time required for dc analysis `dcOp': CPU = 1.796 ms, elapsed = 4.90904 ms. {"history": "ExplorerRun.0", "point": 1, "testname": "my_lib_ota_amp_tb_1", "cornername": "Nominal"}
[2026-04-22 10:59:44.599 +0700] [INFO] [cadence.virtuoso.ade.simulationMonitor] - Peak resident memory used = 124 Mbytes. {"history": "ExplorerRun.0", "point": 1, "testname": "my_lib_ota_amp_tb_1", "cornername": "Nominal"}
[2026-04-22 10:59:44.599 +0700] [INFO] [cadence.virtuoso.ade.simulationMonitor] - Time used: CPU = 131 ms, elapsed = 20.5 s, util. = 637e-03%. {"history": "ExplorerRun.0", "point": 1, "testname": "my_lib_ota_amp_tb_1", "cornername": "Nominal"}
[2026-04-22 10:59:44.599 +0700] [INFO] [cadence.virtuoso.ade.simulationMonitor] - Time spent in licensing: elapsed = 20.3 s, percentage of total = 98.8%. {"history": "ExplorerRun.0", "point": 1, "testname": "my_lib_ota_amp_tb_1", "cornername": "Nominal"}
[2026-04-22 10:59:44.600 +0700] [INFO] [cadence.virtuoso.ade.simulationMonitor] - Peak memory used = 126 Mbytes. {"history": "ExplorerRun.0", "point": 1, "testname": "my_lib_ota_amp_tb_1", "cornername": "Nominal"}
[2026-04-22 10:59:44.600 +0700] [PROCESS] [cadence.virtuoso.ade.simulationMonitor] - Simulation started at: 10:59:23 AM, Wed Apr 22, 2026, ended at: 10:59:44 AM, Wed Apr 22, 2026, with elapsed time (wall clock): 20.5 s. {"history": "ExplorerRun.0", "point": 1, "testname": "my_lib_ota_amp_tb_1", "cornername": "Nominal"}
[2026-04-22 10:59:44.600 +0700] [PROCESS] [cadence.virtuoso.ade.simulationMonitor] - spectre completes with 0 errors, 0 warnings, and 4 notices. {"history": "ExplorerRun.0", "point": 1, "testname": "my_lib_ota_amp_tb_1", "cornername": "Nominal"}
[2026-04-22 10:59:44.600 +0700] [PROCESS] [cadence.virtuoso.ade.simulationMonitor] - Simulator exited {"hostname": "dtvt05", "processid": 1627, "history": "ExplorerRun.0", "testname": "my_lib_ota_amp_tb_1", "cornername": "Nominal", "point": 1, "logfile": "/home/dtvt_05/DUT_VI_MACH_WORKING_DIR/truong/logs_dtvt_05/logs0/Job3.log", "exitStatus": "0"}
[2026-04-22 10:59:44.600 +0700] [PROCESS] [cadence.virtuoso.ade.simulationMonitor] - Finished Simulation {"hostname": "dtvt05", "processid": 1627, "history": "ExplorerRun.0", "testname": "my_lib_ota_amp_tb_1", "cornername": "Nominal", "point": 1, "logfile": "/home/dtvt_05/DUT_VI_MACH_WORKING_DIR/truong/logs_dtvt_05/logs0/Job3.log", "simid": "2"}
[2026-04-22 10:59:45.113 +0700] [PROCESS] [cadence.virtuoso.ade.simulationMonitor] - Point Finished {"hostname": "dtvt05", "processid": 1627, "history": "ExplorerRun.0", "testname": "my_lib_ota_amp_tb_1", "cornername": "Nominal", "point": 1, "logfile": "/home/dtvt_05/DUT_VI_MACH_WORKING_DIR/truong/logs_dtvt_05/logs0/Job3.log"}
[2026-04-22 10:59:46.120 +0700] [PROCESS] [cadence.virtuoso.ade.simulationMonitor] - Stay with the runId '2', Linger time '300', currentRunSyn '5', currentTestSyn '5' {"hostname": "dtvt05", "processid": 1627, "history": "ExplorerRun.0", "testname": "my_lib_ota_amp_tb_1", "cornername": "Nominal", "point": 1, "logfile": "/home/dtvt_05/DUT_VI_MACH_WORKING_DIR/truong/logs_dtvt_05/logs0/Job3.log"}
[2026-04-22 11:02:14.764 +0700] [INFO] [cadence.virtuoso.ade.simulationMonitor] - SimulationMonitor has terminated the vds process '2419', reason: 'Force to stop the expression evalutor process because of new run' {"history": "ExplorerRun.0", "point": 1, "testname": "my_lib_ota_amp_tb_1", "cornername": "Nominal"}
[2026-04-22 11:02:14.764 +0700] [PROCESS] [cadence.virtuoso.ade.simulationMonitor] - HostInfo:
Host name (type):	dtvt05 (x86_64)
Operating system:	Linux 6.7.1-1.el7.elrepo.x86_64 #1 SMP PREEMPT_DYNAMIC Sat Jan 20 11:04:40 EST 2024 {"hostname": "dtvt05", "processid": 1627, "history": "ExplorerRun.0", "testname": "my_lib_ota_amp_tb_1", "cornername": "Nominal", "point": 1, "logfile": "/home/dtvt_05/DUT_VI_MACH_WORKING_DIR/truong/logs_dtvt_05/logs0/Job3.log", "nodename": "dtvt05", "domainname": "(none)", "machine": "x86_64", "sysname": "Linux", "release": "6.7.1-1.el7.elrepo.x86_64", "version": "#1 SMP PREEMPT_DYNAMIC Sat Jan 20 11:04:40 EST 2024"}
[2026-04-22 11:02:14.764 +0700] [PROCESS] [cadence.virtuoso.ade.simulationMonitor] - UsageInfo:
pid=1627
totalPhysicalMemory=15.325478GB,Used=12.791527GB,totalVirtualMemory=23.012974GB,Used=12.791527GB
Cpu: Cores=24, Load average:0.230000,0.230000,0.250000 {"hostname": "dtvt05", "processid": 1627, "history": "ExplorerRun.0", "testname": "my_lib_ota_amp_tb_1", "cornername": "Nominal", "point": 1, "logfile": "/home/dtvt_05/DUT_VI_MACH_WORKING_DIR/truong/logs_dtvt_05/logs0/Job3.log", "pid": "1627", "totalPhysicalMemory": "15.325478", "physicalMemoryUsed": "12.791527", "totalVirtualMemory": "23.012974", "virtualMemoryUsed": "12.791527", "cpuCores": "24", "processes": "1778", "loadAverage1": "0.230000", "loadAverage5": "0.230000", "loadAverage15": "0.250000", "loadAverage1Percent": "0.009583"}
[2026-04-22 11:02:14.764 +0700] [EVENT] [cadence.virtuoso.ade.simulationMonitor] - NewPoint {"history": "ExplorerRun.0", "point": 1, "testname": "my_lib_ota_amp_tb_1", "cornername": "Nominal", "event": "NewPoint", "EventSource": "Simulation Monitor", "HistoryName": "ExplorerRun.0", "logFile": "/home/dtvt_05/DUT_VI_MACH_WORKING_DIR/truong/logs_dtvt_05/logs0/Job3.log", "logFileSize": "20950"}
[2026-04-22 11:02:14.865 +0700] [EVENT] [cadence.virtuoso.ade.simulationMonitor] - NewPoint {"history": "ExplorerRun.0", "point": 1, "testname": "my_lib_ota_amp_tb_1", "cornername": "Nominal", "event": "NewPoint", "EventSource": "spectre", "HistoryName": "ExplorerRun.0", "logFile": "/home/dtvt_05/simulation/my_lib/ota_amp_tb/maestro/results/maestro/ExplorerRun.0/1/my_lib_ota_amp_tb_1/psf/spectre.out", "logFileSize": "-1"}
[2026-04-22 11:02:14.868 +0700] [PROCESS] [cadence.virtuoso.ade.simulationMonitor] - Simulator launched {"hostname": "dtvt05", "processid": 1627, "history": "ExplorerRun.0", "testname": "my_lib_ota_amp_tb_1", "cornername": "Nominal", "point": 1, "logfile": "/home/dtvt_05/DUT_VI_MACH_WORKING_DIR/truong/logs_dtvt_05/logs0/Job3.log", "simid": "3"}
[2026-04-22 11:02:14.871 +0700] [PROCESS] [cadence.virtuoso.ade.simulationMonitor] - Expression evaluator launched {"hostname": "dtvt05", "processid": 1627, "history": "ExplorerRun.0", "testname": "my_lib_ota_amp_tb_1", "cornername": "Nominal", "point": 1, "logfile": "/home/dtvt_05/DUT_VI_MACH_WORKING_DIR/truong/logs_dtvt_05/logs0/Job3.log"}
[2026-04-22 11:02:14.874 +0700] [PROCESS] [cadence.virtuoso.ade.simulationMonitor] - Started Simulation {"hostname": "dtvt05", "processid": 1627, "history": "ExplorerRun.0", "testname": "my_lib_ota_amp_tb_1", "cornername": "Nominal", "point": 1, "logfile": "/home/dtvt_05/DUT_VI_MACH_WORKING_DIR/truong/logs_dtvt_05/logs0/Job3.log"}
[2026-04-22 11:02:36.121 +0700] [PROCESS] [cadence.virtuoso.ade.simulationMonitor] - Finished simulating for one point {"hostname": "dtvt05", "processid": 1627, "history": "ExplorerRun.0", "testname": "my_lib_ota_amp_tb_1", "cornername": "Nominal", "point": 1, "logfile": "/home/dtvt_05/DUT_VI_MACH_WORKING_DIR/truong/logs_dtvt_05/logs0/Job3.log", "simid": "3"}
[2026-04-22 11:02:36.121 +0700] [INFO] [cadence.virtuoso.ade.simulationMonitor] - Peak resident memory used = 112 Mbytes. {"history": "ExplorerRun.0", "point": 1, "testname": "my_lib_ota_amp_tb_1", "cornername": "Nominal"}
[2026-04-22 11:02:36.122 +0700] [INFO] [cadence.virtuoso.ade.simulationMonitor] - Peak resident memory used = 120 Mbytes. {"history": "ExplorerRun.0", "point": 1, "testname": "my_lib_ota_amp_tb_1", "cornername": "Nominal"}
[2026-04-22 11:02:36.122 +0700] [INFO] [cadence.virtuoso.ade.simulationMonitor] - Notice from spectre during hierarchy flattening.
    The value 'psf' specified for the 'checklimitdest' option will no longer be supported in future releases. Use 'spectre -h' to see other recommended values for the 'checklimitdest' option. {"history": "ExplorerRun.0", "point": 1, "testname": "my_lib_ota_amp_tb_1", "cornername": "Nominal"}
[2026-04-22 11:02:36.122 +0700] [INFO] [cadence.virtuoso.ade.simulationMonitor] - Peak resident memory used = 121 Mbytes. {"history": "ExplorerRun.0", "point": 1, "testname": "my_lib_ota_amp_tb_1", "cornername": "Nominal"}
[2026-04-22 11:02:36.122 +0700] [INFO] [cadence.virtuoso.ade.simulationMonitor] - Notice from spectre during initial setup.
    Multithreading is disabled due to the size of the design being too small. {"history": "ExplorerRun.0", "point": 1, "testname": "my_lib_ota_amp_tb_1", "cornername": "Nominal"}
[2026-04-22 11:02:36.123 +0700] [INFO] [cadence.virtuoso.ade.simulationMonitor] -               nodes 43 {"history": "ExplorerRun.0", "point": 1, "testname": "my_lib_ota_amp_tb_1", "cornername": "Nominal"}
[2026-04-22 11:02:36.123 +0700] [INFO] [cadence.virtuoso.ade.simulationMonitor] - Notice from spectre during initial setup.
    APS enabled. {"history": "ExplorerRun.0", "point": 1, "testname": "my_lib_ota_amp_tb_1", "cornername": "Nominal"}
[2026-04-22 11:02:36.123 +0700] [INFO] [cadence.virtuoso.ade.simulationMonitor] - Peak resident memory used = 125 Mbytes. {"history": "ExplorerRun.0", "point": 1, "testname": "my_lib_ota_amp_tb_1", "cornername": "Nominal"}
[2026-04-22 11:02:36.123 +0700] [INFO] [cadence.virtuoso.ade.simulationMonitor] -    -   (APS) Multi-threading. The recommended number of threads is 1, consider adding +mt=1 on command line. {"history": "ExplorerRun.0", "point": 1, "testname": "my_lib_ota_amp_tb_1", "cornername": "Nominal"}
[2026-04-22 11:02:36.123 +0700] [INFO] [cadence.virtuoso.ade.simulationMonitor] - Total time required for ac analysis `ac': CPU = 2.008 ms, elapsed = 2.93517 ms. {"history": "ExplorerRun.0", "point": 1, "testname": "my_lib_ota_amp_tb_1", "cornername": "Nominal"}
[2026-04-22 11:02:36.123 +0700] [INFO] [cadence.virtuoso.ade.simulationMonitor] - Peak resident memory used = 127 Mbytes. {"history": "ExplorerRun.0", "point": 1, "testname": "my_lib_ota_amp_tb_1", "cornername": "Nominal"}
[2026-04-22 11:02:36.124 +0700] [INFO] [cadence.virtuoso.ade.simulationMonitor] - Total time required for dc analysis `dcOp': CPU = 490 us, elapsed = 1.42097 ms. {"history": "ExplorerRun.0", "point": 1, "testname": "my_lib_ota_amp_tb_1", "cornername": "Nominal"}
[2026-04-22 11:02:36.124 +0700] [INFO] [cadence.virtuoso.ade.simulationMonitor] - Peak resident memory used = 127 Mbytes. {"history": "ExplorerRun.0", "point": 1, "testname": "my_lib_ota_amp_tb_1", "cornername": "Nominal"}
[2026-04-22 11:02:36.124 +0700] [INFO] [cadence.virtuoso.ade.simulationMonitor] - Time used: CPU = 99.4 ms, elapsed = 20.9 s, util. = 474e-03%. {"history": "ExplorerRun.0", "point": 1, "testname": "my_lib_ota_amp_tb_1", "cornername": "Nominal"}
[2026-04-22 11:02:36.124 +0700] [INFO] [cadence.virtuoso.ade.simulationMonitor] - Time spent in licensing: elapsed = 20.8 s, percentage of total = 99.5%. {"history": "ExplorerRun.0", "point": 1, "testname": "my_lib_ota_amp_tb_1", "cornername": "Nominal"}
[2026-04-22 11:02:36.124 +0700] [INFO] [cadence.virtuoso.ade.simulationMonitor] - Peak memory used = 129 Mbytes. {"history": "ExplorerRun.0", "point": 1, "testname": "my_lib_ota_amp_tb_1", "cornername": "Nominal"}
[2026-04-22 11:02:36.124 +0700] [PROCESS] [cadence.virtuoso.ade.simulationMonitor] - Simulation started at: 11:02:14 AM, Wed Apr 22, 2026, ended at: 11:02:35 AM, Wed Apr 22, 2026, with elapsed time (wall clock): 20.9 s. {"history": "ExplorerRun.0", "point": 1, "testname": "my_lib_ota_amp_tb_1", "cornername": "Nominal"}
[2026-04-22 11:02:36.125 +0700] [PROCESS] [cadence.virtuoso.ade.simulationMonitor] - spectre completes with 0 errors, 0 warnings, and 4 notices. {"history": "ExplorerRun.0", "point": 1, "testname": "my_lib_ota_amp_tb_1", "cornername": "Nominal"}
[2026-04-22 11:02:36.125 +0700] [PROCESS] [cadence.virtuoso.ade.simulationMonitor] - Simulator exited {"hostname": "dtvt05", "processid": 1627, "history": "ExplorerRun.0", "testname": "my_lib_ota_amp_tb_1", "cornername": "Nominal", "point": 1, "logfile": "/home/dtvt_05/DUT_VI_MACH_WORKING_DIR/truong/logs_dtvt_05/logs0/Job3.log", "exitStatus": "0"}
[2026-04-22 11:02:36.125 +0700] [PROCESS] [cadence.virtuoso.ade.simulationMonitor] - Finished Simulation {"hostname": "dtvt05", "processid": 1627, "history": "ExplorerRun.0", "testname": "my_lib_ota_amp_tb_1", "cornername": "Nominal", "point": 1, "logfile": "/home/dtvt_05/DUT_VI_MACH_WORKING_DIR/truong/logs_dtvt_05/logs0/Job3.log", "simid": "3"}
[2026-04-22 11:02:36.631 +0700] [PROCESS] [cadence.virtuoso.ade.simulationMonitor] - Point Finished {"hostname": "dtvt05", "processid": 1627, "history": "ExplorerRun.0", "testname": "my_lib_ota_amp_tb_1", "cornername": "Nominal", "point": 1, "logfile": "/home/dtvt_05/DUT_VI_MACH_WORKING_DIR/truong/logs_dtvt_05/logs0/Job3.log"}
[2026-04-22 11:07:37.558 +0700] [PROCESS] [cadence.virtuoso.ade.simulationMonitor] - Current memory used: 52.6406 MBytes, peak memory used: 54.6172 MBytes {"hostname": "dtvt05", "processid": 1627, "history": "ExplorerRun.0", "testname": "my_lib_ota_amp_tb_1", "cornername": "Nominal", "point": 1, "logfile": "/home/dtvt_05/DUT_VI_MACH_WORKING_DIR/truong/logs_dtvt_05/logs0/Job3.log"}
[2026-04-22 11:07:37.559 +0700] [PROCESS] [cadence.virtuoso.ade.simulationMonitor] - Simulation Monitor process exit. {"hostname": "dtvt05", "processid": 1627, "history": "ExplorerRun.0", "testname": "my_lib_ota_amp_tb_1", "cornername": "Nominal", "point": 1, "logfile": "/home/dtvt_05/DUT_VI_MACH_WORKING_DIR/truong/logs_dtvt_05/logs0/Job3.log"}
