[Simulation Monitor: 6]
[2026-04-22 11:23:31.311 +0700] [PROCESS] [cadence.virtuoso.ade.simulationMonitor] - Simulation Monitor has successfully started up. Trying to set up communication channels to other components ... {"hostname": "dtvt05", "processid": 9521, "logfile": "/home/dtvt_05/DUT_VI_MACH_WORKING_DIR/truong/logs_dtvt_05/logs0/Job6.log"}
[2026-04-22 11:23:31.311 +0700] [PROCESS] [cadence.virtuoso.ade.simulationMonitor] - Communication channels have been successfully set up. Start processing events ... {"hostname": "dtvt05", "processid": 9521, "logfile": "/home/dtvt_05/DUT_VI_MACH_WORKING_DIR/truong/logs_dtvt_05/logs0/Job6.log"}
[2026-04-22 11:23:31.311 +0700] [PROCESS] [cadence.virtuoso.ade.simulationMonitor] - Considering to start history {"hostname": "dtvt05", "processid": 9521, "history": "ExplorerRun.0", "logfile": "/home/dtvt_05/DUT_VI_MACH_WORKING_DIR/truong/logs_dtvt_05/logs0/Job6.log"}
[2026-04-22 11:23:31.313 +0700] [PROCESS] [cadence.virtuoso.ade.simulationMonitor] - HostInfo:
Host name (type):	dtvt05 (x86_64)
Operating system:	Linux 6.7.1-1.el7.elrepo.x86_64 #1 SMP PREEMPT_DYNAMIC Sat Jan 20 11:04:40 EST 2024 {"hostname": "dtvt05", "processid": 9521, "history": "ExplorerRun.0", "logfile": "/home/dtvt_05/DUT_VI_MACH_WORKING_DIR/truong/logs_dtvt_05/logs0/Job6.log", "nodename": "dtvt05", "domainname": "(none)", "machine": "x86_64", "sysname": "Linux", "release": "6.7.1-1.el7.elrepo.x86_64", "version": "#1 SMP PREEMPT_DYNAMIC Sat Jan 20 11:04:40 EST 2024"}
[2026-04-22 11:23:31.313 +0700] [PROCESS] [cadence.virtuoso.ade.simulationMonitor] - UsageInfo:
pid=9521
totalPhysicalMemory=15.325478GB,Used=13.155846GB,totalVirtualMemory=23.012974GB,Used=13.155846GB
Cpu: Cores=24, Load average:0.370000,0.340000,0.280000 {"hostname": "dtvt05", "processid": 9521, "history": "ExplorerRun.0", "logfile": "/home/dtvt_05/DUT_VI_MACH_WORKING_DIR/truong/logs_dtvt_05/logs0/Job6.log", "pid": "9521", "totalPhysicalMemory": "15.325478", "physicalMemoryUsed": "13.155846", "totalVirtualMemory": "23.012974", "virtualMemoryUsed": "13.155846", "cpuCores": "24", "processes": "1832", "loadAverage1": "0.370000", "loadAverage5": "0.340000", "loadAverage15": "0.280000", "loadAverage1Percent": "0.015417"}
[2026-04-22 11:23:31.313 +0700] [EVENT] [cadence.virtuoso.ade.simulationMonitor] - NewPoint {"history": "ExplorerRun.0", "point": 1, "testname": "my_lib_ota_amp_tb_1", "cornername": "Nominal", "event": "NewPoint", "EventSource": "Simulation Monitor", "HistoryName": "ExplorerRun.0", "logFile": "/home/dtvt_05/DUT_VI_MACH_WORKING_DIR/truong/logs_dtvt_05/logs0/Job6.log", "logFileSize": "2226"}
[2026-04-22 11:23:31.414 +0700] [EVENT] [cadence.virtuoso.ade.simulationMonitor] - NewPoint {"history": "ExplorerRun.0", "point": 1, "testname": "my_lib_ota_amp_tb_1", "cornername": "Nominal", "event": "NewPoint", "EventSource": "spectre", "HistoryName": "ExplorerRun.0", "logFile": "/home/dtvt_05/simulation/my_lib/ota_amp_tb/maestro/results/maestro/ExplorerRun.0/1/my_lib_ota_amp_tb_1/psf/spectre.out", "logFileSize": "-1"}
[2026-04-22 11:23:31.417 +0700] [PROCESS] [cadence.virtuoso.ade.simulationMonitor] - Simulator launched {"hostname": "dtvt05", "processid": 9521, "history": "ExplorerRun.0", "testname": "my_lib_ota_amp_tb_1", "cornername": "Nominal", "point": 1, "logfile": "/home/dtvt_05/DUT_VI_MACH_WORKING_DIR/truong/logs_dtvt_05/logs0/Job6.log", "simid": "1"}
[2026-04-22 11:23:31.419 +0700] [PROCESS] [cadence.virtuoso.ade.simulationMonitor] - Expression evaluator launched {"hostname": "dtvt05", "processid": 9521, "history": "ExplorerRun.0", "testname": "my_lib_ota_amp_tb_1", "cornername": "Nominal", "point": 1, "logfile": "/home/dtvt_05/DUT_VI_MACH_WORKING_DIR/truong/logs_dtvt_05/logs0/Job6.log"}
[2026-04-22 11:23:31.423 +0700] [PROCESS] [cadence.virtuoso.ade.simulationMonitor] - Started Simulation {"hostname": "dtvt05", "processid": 9521, "history": "ExplorerRun.0", "testname": "my_lib_ota_amp_tb_1", "cornername": "Nominal", "point": 1, "logfile": "/home/dtvt_05/DUT_VI_MACH_WORKING_DIR/truong/logs_dtvt_05/logs0/Job6.log"}
[2026-04-22 11:23:52.149 +0700] [PROCESS] [cadence.virtuoso.ade.simulationMonitor] - Finished simulating for one point {"hostname": "dtvt05", "processid": 9521, "history": "ExplorerRun.0", "testname": "my_lib_ota_amp_tb_1", "cornername": "Nominal", "point": 1, "logfile": "/home/dtvt_05/DUT_VI_MACH_WORKING_DIR/truong/logs_dtvt_05/logs0/Job6.log", "simid": "1"}
[2026-04-22 11:23:52.149 +0700] [INFO] [cadence.virtuoso.ade.simulationMonitor] - Peak resident memory used = 112 Mbytes. {"history": "ExplorerRun.0", "point": 1, "testname": "my_lib_ota_amp_tb_1", "cornername": "Nominal"}
[2026-04-22 11:23:52.150 +0700] [INFO] [cadence.virtuoso.ade.simulationMonitor] - Peak resident memory used = 120 Mbytes. {"history": "ExplorerRun.0", "point": 1, "testname": "my_lib_ota_amp_tb_1", "cornername": "Nominal"}
[2026-04-22 11:23:52.150 +0700] [INFO] [cadence.virtuoso.ade.simulationMonitor] - Notice from spectre during hierarchy flattening.
    The value 'psf' specified for the 'checklimitdest' option will no longer be supported in future releases. Use 'spectre -h' to see other recommended values for the 'checklimitdest' option. {"history": "ExplorerRun.0", "point": 1, "testname": "my_lib_ota_amp_tb_1", "cornername": "Nominal"}
[2026-04-22 11:23:52.150 +0700] [INFO] [cadence.virtuoso.ade.simulationMonitor] - Peak resident memory used = 122 Mbytes. {"history": "ExplorerRun.0", "point": 1, "testname": "my_lib_ota_amp_tb_1", "cornername": "Nominal"}
[2026-04-22 11:23:52.150 +0700] [INFO] [cadence.virtuoso.ade.simulationMonitor] - Notice from spectre during initial setup.
    Multithreading is disabled due to the size of the design being too small. {"history": "ExplorerRun.0", "point": 1, "testname": "my_lib_ota_amp_tb_1", "cornername": "Nominal"}
[2026-04-22 11:23:52.151 +0700] [INFO] [cadence.virtuoso.ade.simulationMonitor] -               nodes 43 {"history": "ExplorerRun.0", "point": 1, "testname": "my_lib_ota_amp_tb_1", "cornername": "Nominal"}
[2026-04-22 11:23:52.151 +0700] [INFO] [cadence.virtuoso.ade.simulationMonitor] - Notice from spectre during initial setup.
    APS enabled. {"history": "ExplorerRun.0", "point": 1, "testname": "my_lib_ota_amp_tb_1", "cornername": "Nominal"}
[2026-04-22 11:23:52.151 +0700] [INFO] [cadence.virtuoso.ade.simulationMonitor] - Peak resident memory used = 125 Mbytes. {"history": "ExplorerRun.0", "point": 1, "testname": "my_lib_ota_amp_tb_1", "cornername": "Nominal"}
[2026-04-22 11:23:52.151 +0700] [INFO] [cadence.virtuoso.ade.simulationMonitor] -    -   (APS) Multi-threading. The recommended number of threads is 1, consider adding +mt=1 on command line. {"history": "ExplorerRun.0", "point": 1, "testname": "my_lib_ota_amp_tb_1", "cornername": "Nominal"}
[2026-04-22 11:23:52.152 +0700] [INFO] [cadence.virtuoso.ade.simulationMonitor] - Total time required for ac analysis `ac': CPU = 1.974 ms, elapsed = 2.89488 ms. {"history": "ExplorerRun.0", "point": 1, "testname": "my_lib_ota_amp_tb_1", "cornername": "Nominal"}
[2026-04-22 11:23:52.152 +0700] [INFO] [cadence.virtuoso.ade.simulationMonitor] - Peak resident memory used = 127 Mbytes. {"history": "ExplorerRun.0", "point": 1, "testname": "my_lib_ota_amp_tb_1", "cornername": "Nominal"}
[2026-04-22 11:23:52.152 +0700] [INFO] [cadence.virtuoso.ade.simulationMonitor] - Total time required for dc analysis `dcOp': CPU = 687 us, elapsed = 1.61409 ms. {"history": "ExplorerRun.0", "point": 1, "testname": "my_lib_ota_amp_tb_1", "cornername": "Nominal"}
[2026-04-22 11:23:52.152 +0700] [INFO] [cadence.virtuoso.ade.simulationMonitor] - Peak resident memory used = 127 Mbytes. {"history": "ExplorerRun.0", "point": 1, "testname": "my_lib_ota_amp_tb_1", "cornername": "Nominal"}
[2026-04-22 11:23:52.152 +0700] [INFO] [cadence.virtuoso.ade.simulationMonitor] - Time used: CPU = 106 ms, elapsed = 20.4 s, util. = 518e-03%. {"history": "ExplorerRun.0", "point": 1, "testname": "my_lib_ota_amp_tb_1", "cornername": "Nominal"}
[2026-04-22 11:23:52.152 +0700] [INFO] [cadence.virtuoso.ade.simulationMonitor] - Time spent in licensing: elapsed = 20.3 s, percentage of total = 99.4%. {"history": "ExplorerRun.0", "point": 1, "testname": "my_lib_ota_amp_tb_1", "cornername": "Nominal"}
[2026-04-22 11:23:52.153 +0700] [INFO] [cadence.virtuoso.ade.simulationMonitor] - Peak memory used = 129 Mbytes. {"history": "ExplorerRun.0", "point": 1, "testname": "my_lib_ota_amp_tb_1", "cornername": "Nominal"}
[2026-04-22 11:23:52.153 +0700] [PROCESS] [cadence.virtuoso.ade.simulationMonitor] - Simulation started at: 11:23:31 AM, Wed Apr 22, 2026, ended at: 11:23:51 AM, Wed Apr 22, 2026, with elapsed time (wall clock): 20.4 s. {"history": "ExplorerRun.0", "point": 1, "testname": "my_lib_ota_amp_tb_1", "cornername": "Nominal"}
[2026-04-22 11:23:52.153 +0700] [PROCESS] [cadence.virtuoso.ade.simulationMonitor] - spectre completes with 0 errors, 0 warnings, and 4 notices. {"history": "ExplorerRun.0", "point": 1, "testname": "my_lib_ota_amp_tb_1", "cornername": "Nominal"}
[2026-04-22 11:23:52.153 +0700] [PROCESS] [cadence.virtuoso.ade.simulationMonitor] - Simulator exited {"hostname": "dtvt05", "processid": 9521, "history": "ExplorerRun.0", "testname": "my_lib_ota_amp_tb_1", "cornername": "Nominal", "point": 1, "logfile": "/home/dtvt_05/DUT_VI_MACH_WORKING_DIR/truong/logs_dtvt_05/logs0/Job6.log", "exitStatus": "0"}
[2026-04-22 11:23:52.153 +0700] [PROCESS] [cadence.virtuoso.ade.simulationMonitor] - Finished Simulation {"hostname": "dtvt05", "processid": 9521, "history": "ExplorerRun.0", "testname": "my_lib_ota_amp_tb_1", "cornername": "Nominal", "point": 1, "logfile": "/home/dtvt_05/DUT_VI_MACH_WORKING_DIR/truong/logs_dtvt_05/logs0/Job6.log", "simid": "1"}
[2026-04-22 11:23:52.660 +0700] [PROCESS] [cadence.virtuoso.ade.simulationMonitor] - Point Finished {"hostname": "dtvt05", "processid": 9521, "history": "ExplorerRun.0", "testname": "my_lib_ota_amp_tb_1", "cornername": "Nominal", "point": 1, "logfile": "/home/dtvt_05/DUT_VI_MACH_WORKING_DIR/truong/logs_dtvt_05/logs0/Job6.log"}
[2026-04-22 11:24:58.121 +0700] [INFO] [cadence.virtuoso.ade.simulationMonitor] - SimulationMonitor has terminated the vds process '9611', reason: 'Force to stop the expression evalutor process because of new run' {"history": "ExplorerRun.0", "point": 1, "testname": "my_lib_ota_amp_tb_1", "cornername": "Nominal"}
[2026-04-22 11:24:58.121 +0700] [PROCESS] [cadence.virtuoso.ade.simulationMonitor] - HostInfo:
Host name (type):	dtvt05 (x86_64)
Operating system:	Linux 6.7.1-1.el7.elrepo.x86_64 #1 SMP PREEMPT_DYNAMIC Sat Jan 20 11:04:40 EST 2024 {"hostname": "dtvt05", "processid": 9521, "history": "ExplorerRun.0", "testname": "my_lib_ota_amp_tb_1", "cornername": "Nominal", "point": 1, "logfile": "/home/dtvt_05/DUT_VI_MACH_WORKING_DIR/truong/logs_dtvt_05/logs0/Job6.log", "nodename": "dtvt05", "domainname": "(none)", "machine": "x86_64", "sysname": "Linux", "release": "6.7.1-1.el7.elrepo.x86_64", "version": "#1 SMP PREEMPT_DYNAMIC Sat Jan 20 11:04:40 EST 2024"}
[2026-04-22 11:24:58.121 +0700] [PROCESS] [cadence.virtuoso.ade.simulationMonitor] - UsageInfo:
pid=9521
totalPhysicalMemory=15.325478GB,Used=13.261684GB,totalVirtualMemory=23.012974GB,Used=13.261684GB
Cpu: Cores=24, Load average:0.530000,0.390000,0.300000 {"hostname": "dtvt05", "processid": 9521, "history": "ExplorerRun.0", "testname": "my_lib_ota_amp_tb_1", "cornername": "Nominal", "point": 1, "logfile": "/home/dtvt_05/DUT_VI_MACH_WORKING_DIR/truong/logs_dtvt_05/logs0/Job6.log", "pid": "9521", "totalPhysicalMemory": "15.325478", "physicalMemoryUsed": "13.261684", "totalVirtualMemory": "23.012974", "virtualMemoryUsed": "13.261684", "cpuCores": "24", "processes": "1854", "loadAverage1": "0.530000", "loadAverage5": "0.390000", "loadAverage15": "0.300000", "loadAverage1Percent": "0.022083"}
[2026-04-22 11:24:58.121 +0700] [EVENT] [cadence.virtuoso.ade.simulationMonitor] - NewPoint {"history": "ExplorerRun.0", "point": 1, "testname": "my_lib_ota_amp_tb_1", "cornername": "Nominal", "event": "NewPoint", "EventSource": "Simulation Monitor", "HistoryName": "ExplorerRun.0", "logFile": "/home/dtvt_05/DUT_VI_MACH_WORKING_DIR/truong/logs_dtvt_05/logs0/Job6.log", "logFileSize": "11837"}
[2026-04-22 11:24:58.222 +0700] [EVENT] [cadence.virtuoso.ade.simulationMonitor] - NewPoint {"history": "ExplorerRun.0", "point": 1, "testname": "my_lib_ota_amp_tb_1", "cornername": "Nominal", "event": "NewPoint", "EventSource": "spectre", "HistoryName": "ExplorerRun.0", "logFile": "/home/dtvt_05/simulation/my_lib/ota_amp_tb/maestro/results/maestro/ExplorerRun.0/1/my_lib_ota_amp_tb_1/psf/spectre.out", "logFileSize": "-1"}
[2026-04-22 11:24:58.224 +0700] [PROCESS] [cadence.virtuoso.ade.simulationMonitor] - Simulator launched {"hostname": "dtvt05", "processid": 9521, "history": "ExplorerRun.0", "testname": "my_lib_ota_amp_tb_1", "cornername": "Nominal", "point": 1, "logfile": "/home/dtvt_05/DUT_VI_MACH_WORKING_DIR/truong/logs_dtvt_05/logs0/Job6.log", "simid": "2"}
[2026-04-22 11:24:58.227 +0700] [PROCESS] [cadence.virtuoso.ade.simulationMonitor] - Expression evaluator launched {"hostname": "dtvt05", "processid": 9521, "history": "ExplorerRun.0", "testname": "my_lib_ota_amp_tb_1", "cornername": "Nominal", "point": 1, "logfile": "/home/dtvt_05/DUT_VI_MACH_WORKING_DIR/truong/logs_dtvt_05/logs0/Job6.log"}
[2026-04-22 11:24:58.230 +0700] [PROCESS] [cadence.virtuoso.ade.simulationMonitor] - Started Simulation {"hostname": "dtvt05", "processid": 9521, "history": "ExplorerRun.0", "testname": "my_lib_ota_amp_tb_1", "cornername": "Nominal", "point": 1, "logfile": "/home/dtvt_05/DUT_VI_MACH_WORKING_DIR/truong/logs_dtvt_05/logs0/Job6.log"}
[2026-04-22 11:25:18.958 +0700] [INFO] [cadence.virtuoso.ade.simulationMonitor] - Peak resident memory used = 110 Mbytes. {"history": "ExplorerRun.0", "point": 1, "testname": "my_lib_ota_amp_tb_1", "cornername": "Nominal"}
[2026-04-22 11:25:18.958 +0700] [INFO] [cadence.virtuoso.ade.simulationMonitor] - Peak resident memory used = 118 Mbytes. {"history": "ExplorerRun.0", "point": 1, "testname": "my_lib_ota_amp_tb_1", "cornername": "Nominal"}
[2026-04-22 11:25:18.959 +0700] [INFO] [cadence.virtuoso.ade.simulationMonitor] - Notice from spectre during hierarchy flattening.
    The value 'psf' specified for the 'checklimitdest' option will no longer be supported in future releases. Use 'spectre -h' to see other recommended values for the 'checklimitdest' option. {"history": "ExplorerRun.0", "point": 1, "testname": "my_lib_ota_amp_tb_1", "cornername": "Nominal"}
[2026-04-22 11:25:18.959 +0700] [INFO] [cadence.virtuoso.ade.simulationMonitor] - Peak resident memory used = 120 Mbytes. {"history": "ExplorerRun.0", "point": 1, "testname": "my_lib_ota_amp_tb_1", "cornername": "Nominal"}
[2026-04-22 11:25:18.959 +0700] [INFO] [cadence.virtuoso.ade.simulationMonitor] - Notice from spectre during initial setup.
    Multithreading is disabled due to the size of the design being too small. {"history": "ExplorerRun.0", "point": 1, "testname": "my_lib_ota_amp_tb_1", "cornername": "Nominal"}
[2026-04-22 11:25:18.960 +0700] [INFO] [cadence.virtuoso.ade.simulationMonitor] -               nodes 43 {"history": "ExplorerRun.0", "point": 1, "testname": "my_lib_ota_amp_tb_1", "cornername": "Nominal"}
[2026-04-22 11:25:18.960 +0700] [INFO] [cadence.virtuoso.ade.simulationMonitor] - Notice from spectre during initial setup.
    APS enabled. {"history": "ExplorerRun.0", "point": 1, "testname": "my_lib_ota_amp_tb_1", "cornername": "Nominal"}
[2026-04-22 11:25:18.960 +0700] [INFO] [cadence.virtuoso.ade.simulationMonitor] - Peak resident memory used = 123 Mbytes. {"history": "ExplorerRun.0", "point": 1, "testname": "my_lib_ota_amp_tb_1", "cornername": "Nominal"}
[2026-04-22 11:25:18.960 +0700] [INFO] [cadence.virtuoso.ade.simulationMonitor] -    -   (APS) Multi-threading. The recommended number of threads is 1, consider adding +mt=1 on command line. {"history": "ExplorerRun.0", "point": 1, "testname": "my_lib_ota_amp_tb_1", "cornername": "Nominal"}
[2026-04-22 11:25:18.961 +0700] [INFO] [cadence.virtuoso.ade.simulationMonitor] - Total time required for ac analysis `ac': CPU = 1.849 ms, elapsed = 2.76017 ms. {"history": "ExplorerRun.0", "point": 1, "testname": "my_lib_ota_amp_tb_1", "cornername": "Nominal"}
[2026-04-22 11:25:18.961 +0700] [INFO] [cadence.virtuoso.ade.simulationMonitor] - Peak resident memory used = 125 Mbytes. {"history": "ExplorerRun.0", "point": 1, "testname": "my_lib_ota_amp_tb_1", "cornername": "Nominal"}
[2026-04-22 11:25:18.961 +0700] [INFO] [cadence.virtuoso.ade.simulationMonitor] - Total time required for dc analysis `dcOp': CPU = 454 us, elapsed = 1.36495 ms. {"history": "ExplorerRun.0", "point": 1, "testname": "my_lib_ota_amp_tb_1", "cornername": "Nominal"}
[2026-04-22 11:25:18.961 +0700] [INFO] [cadence.virtuoso.ade.simulationMonitor] - Peak resident memory used = 125 Mbytes. {"history": "ExplorerRun.0", "point": 1, "testname": "my_lib_ota_amp_tb_1", "cornername": "Nominal"}
[2026-04-22 11:25:18.962 +0700] [INFO] [cadence.virtuoso.ade.simulationMonitor] - Time used: CPU = 101 ms, elapsed = 20.5 s, util. = 491e-03%. {"history": "ExplorerRun.0", "point": 1, "testname": "my_lib_ota_amp_tb_1", "cornername": "Nominal"}
[2026-04-22 11:25:18.962 +0700] [INFO] [cadence.virtuoso.ade.simulationMonitor] - Time spent in licensing: elapsed = 20.4 s, percentage of total = 99.5%. {"history": "ExplorerRun.0", "point": 1, "testname": "my_lib_ota_amp_tb_1", "cornername": "Nominal"}
[2026-04-22 11:25:18.962 +0700] [INFO] [cadence.virtuoso.ade.simulationMonitor] - Peak memory used = 127 Mbytes. {"history": "ExplorerRun.0", "point": 1, "testname": "my_lib_ota_amp_tb_1", "cornername": "Nominal"}
[2026-04-22 11:25:18.962 +0700] [PROCESS] [cadence.virtuoso.ade.simulationMonitor] - Simulation started at: 11:24:58 AM, Wed Apr 22, 2026, ended at: 11:25:18 AM, Wed Apr 22, 2026, with elapsed time (wall clock): 20.5 s. {"history": "ExplorerRun.0", "point": 1, "testname": "my_lib_ota_amp_tb_1", "cornername": "Nominal"}
[2026-04-22 11:25:18.962 +0700] [PROCESS] [cadence.virtuoso.ade.simulationMonitor] - spectre completes with 0 errors, 0 warnings, and 4 notices. {"history": "ExplorerRun.0", "point": 1, "testname": "my_lib_ota_amp_tb_1", "cornername": "Nominal"}
[2026-04-22 11:25:19.464 +0700] [PROCESS] [cadence.virtuoso.ade.simulationMonitor] - Finished simulating for one point {"hostname": "dtvt05", "processid": 9521, "history": "ExplorerRun.0", "testname": "my_lib_ota_amp_tb_1", "cornername": "Nominal", "point": 1, "logfile": "/home/dtvt_05/DUT_VI_MACH_WORKING_DIR/truong/logs_dtvt_05/logs0/Job6.log", "simid": "2"}
[2026-04-22 11:25:19.464 +0700] [PROCESS] [cadence.virtuoso.ade.simulationMonitor] - Simulator exited {"hostname": "dtvt05", "processid": 9521, "history": "ExplorerRun.0", "testname": "my_lib_ota_amp_tb_1", "cornername": "Nominal", "point": 1, "logfile": "/home/dtvt_05/DUT_VI_MACH_WORKING_DIR/truong/logs_dtvt_05/logs0/Job6.log", "exitStatus": "0"}
[2026-04-22 11:25:19.465 +0700] [PROCESS] [cadence.virtuoso.ade.simulationMonitor] - Finished Simulation {"hostname": "dtvt05", "processid": 9521, "history": "ExplorerRun.0", "testname": "my_lib_ota_amp_tb_1", "cornername": "Nominal", "point": 1, "logfile": "/home/dtvt_05/DUT_VI_MACH_WORKING_DIR/truong/logs_dtvt_05/logs0/Job6.log", "simid": "2"}
[2026-04-22 11:25:19.977 +0700] [PROCESS] [cadence.virtuoso.ade.simulationMonitor] - Point Finished {"hostname": "dtvt05", "processid": 9521, "history": "ExplorerRun.0", "testname": "my_lib_ota_amp_tb_1", "cornername": "Nominal", "point": 1, "logfile": "/home/dtvt_05/DUT_VI_MACH_WORKING_DIR/truong/logs_dtvt_05/logs0/Job6.log"}
[2026-04-22 11:26:17.309 +0700] [INFO] [cadence.virtuoso.ade.simulationMonitor] - SimulationMonitor has terminated the vds process '10617', reason: 'Force to stop the expression evalutor process because of new run' {"history": "ExplorerRun.0", "point": 1, "testname": "my_lib_ota_amp_tb_1", "cornername": "Nominal"}
[2026-04-22 11:26:17.310 +0700] [PROCESS] [cadence.virtuoso.ade.simulationMonitor] - HostInfo:
Host name (type):	dtvt05 (x86_64)
Operating system:	Linux 6.7.1-1.el7.elrepo.x86_64 #1 SMP PREEMPT_DYNAMIC Sat Jan 20 11:04:40 EST 2024 {"hostname": "dtvt05", "processid": 9521, "history": "ExplorerRun.0", "testname": "my_lib_ota_amp_tb_1", "cornername": "Nominal", "point": 1, "logfile": "/home/dtvt_05/DUT_VI_MACH_WORKING_DIR/truong/logs_dtvt_05/logs0/Job6.log", "nodename": "dtvt05", "domainname": "(none)", "machine": "x86_64", "sysname": "Linux", "release": "6.7.1-1.el7.elrepo.x86_64", "version": "#1 SMP PREEMPT_DYNAMIC Sat Jan 20 11:04:40 EST 2024"}
[2026-04-22 11:26:17.310 +0700] [PROCESS] [cadence.virtuoso.ade.simulationMonitor] - UsageInfo:
pid=9521
totalPhysicalMemory=15.325478GB,Used=13.284664GB,totalVirtualMemory=23.012974GB,Used=13.284664GB
Cpu: Cores=24, Load average:0.460000,0.400000,0.310000 {"hostname": "dtvt05", "processid": 9521, "history": "ExplorerRun.0", "testname": "my_lib_ota_amp_tb_1", "cornername": "Nominal", "point": 1, "logfile": "/home/dtvt_05/DUT_VI_MACH_WORKING_DIR/truong/logs_dtvt_05/logs0/Job6.log", "pid": "9521", "totalPhysicalMemory": "15.325478", "physicalMemoryUsed": "13.284664", "totalVirtualMemory": "23.012974", "virtualMemoryUsed": "13.284664", "cpuCores": "24", "processes": "1852", "loadAverage1": "0.460000", "loadAverage5": "0.400000", "loadAverage15": "0.310000", "loadAverage1Percent": "0.019167"}
[2026-04-22 11:26:17.310 +0700] [EVENT] [cadence.virtuoso.ade.simulationMonitor] - NewPoint {"history": "ExplorerRun.0", "point": 1, "testname": "my_lib_ota_amp_tb_1", "cornername": "Nominal", "event": "NewPoint", "EventSource": "Simulation Monitor", "HistoryName": "ExplorerRun.0", "logFile": "/home/dtvt_05/DUT_VI_MACH_WORKING_DIR/truong/logs_dtvt_05/logs0/Job6.log", "logFileSize": "21450"}
[2026-04-22 11:26:17.411 +0700] [EVENT] [cadence.virtuoso.ade.simulationMonitor] - NewPoint {"history": "ExplorerRun.0", "point": 1, "testname": "my_lib_ota_amp_tb_1", "cornername": "Nominal", "event": "NewPoint", "EventSource": "spectre", "HistoryName": "ExplorerRun.0", "logFile": "/home/dtvt_05/simulation/my_lib/ota_amp_tb/maestro/results/maestro/ExplorerRun.0/1/my_lib_ota_amp_tb_1/psf/spectre.out", "logFileSize": "-1"}
[2026-04-22 11:26:17.414 +0700] [PROCESS] [cadence.virtuoso.ade.simulationMonitor] - Simulator launched {"hostname": "dtvt05", "processid": 9521, "history": "ExplorerRun.0", "testname": "my_lib_ota_amp_tb_1", "cornername": "Nominal", "point": 1, "logfile": "/home/dtvt_05/DUT_VI_MACH_WORKING_DIR/truong/logs_dtvt_05/logs0/Job6.log", "simid": "3"}
[2026-04-22 11:26:17.416 +0700] [PROCESS] [cadence.virtuoso.ade.simulationMonitor] - Expression evaluator launched {"hostname": "dtvt05", "processid": 9521, "history": "ExplorerRun.0", "testname": "my_lib_ota_amp_tb_1", "cornername": "Nominal", "point": 1, "logfile": "/home/dtvt_05/DUT_VI_MACH_WORKING_DIR/truong/logs_dtvt_05/logs0/Job6.log"}
[2026-04-22 11:26:17.420 +0700] [PROCESS] [cadence.virtuoso.ade.simulationMonitor] - Started Simulation {"hostname": "dtvt05", "processid": 9521, "history": "ExplorerRun.0", "testname": "my_lib_ota_amp_tb_1", "cornername": "Nominal", "point": 1, "logfile": "/home/dtvt_05/DUT_VI_MACH_WORKING_DIR/truong/logs_dtvt_05/logs0/Job6.log"}
[2026-04-22 11:26:38.155 +0700] [PROCESS] [cadence.virtuoso.ade.simulationMonitor] - Finished simulating for one point {"hostname": "dtvt05", "processid": 9521, "history": "ExplorerRun.0", "testname": "my_lib_ota_amp_tb_1", "cornername": "Nominal", "point": 1, "logfile": "/home/dtvt_05/DUT_VI_MACH_WORKING_DIR/truong/logs_dtvt_05/logs0/Job6.log", "simid": "3"}
[2026-04-22 11:26:38.156 +0700] [INFO] [cadence.virtuoso.ade.simulationMonitor] - Peak resident memory used = 108 Mbytes. {"history": "ExplorerRun.0", "point": 1, "testname": "my_lib_ota_amp_tb_1", "cornername": "Nominal"}
[2026-04-22 11:26:38.156 +0700] [INFO] [cadence.virtuoso.ade.simulationMonitor] - Peak resident memory used = 116 Mbytes. {"history": "ExplorerRun.0", "point": 1, "testname": "my_lib_ota_amp_tb_1", "cornername": "Nominal"}
[2026-04-22 11:26:38.156 +0700] [INFO] [cadence.virtuoso.ade.simulationMonitor] - Notice from spectre during hierarchy flattening.
    The value 'psf' specified for the 'checklimitdest' option will no longer be supported in future releases. Use 'spectre -h' to see other recommended values for the 'checklimitdest' option. {"history": "ExplorerRun.0", "point": 1, "testname": "my_lib_ota_amp_tb_1", "cornername": "Nominal"}
[2026-04-22 11:26:38.157 +0700] [INFO] [cadence.virtuoso.ade.simulationMonitor] - Peak resident memory used = 117 Mbytes. {"history": "ExplorerRun.0", "point": 1, "testname": "my_lib_ota_amp_tb_1", "cornername": "Nominal"}
[2026-04-22 11:26:38.157 +0700] [INFO] [cadence.virtuoso.ade.simulationMonitor] - Notice from spectre during initial setup.
    Multithreading is disabled due to the size of the design being too small. {"history": "ExplorerRun.0", "point": 1, "testname": "my_lib_ota_amp_tb_1", "cornername": "Nominal"}
[2026-04-22 11:26:38.157 +0700] [INFO] [cadence.virtuoso.ade.simulationMonitor] -               nodes 43 {"history": "ExplorerRun.0", "point": 1, "testname": "my_lib_ota_amp_tb_1", "cornername": "Nominal"}
[2026-04-22 11:26:38.158 +0700] [INFO] [cadence.virtuoso.ade.simulationMonitor] - Notice from spectre during initial setup.
    APS enabled. {"history": "ExplorerRun.0", "point": 1, "testname": "my_lib_ota_amp_tb_1", "cornername": "Nominal"}
[2026-04-22 11:26:38.158 +0700] [INFO] [cadence.virtuoso.ade.simulationMonitor] - Peak resident memory used = 121 Mbytes. {"history": "ExplorerRun.0", "point": 1, "testname": "my_lib_ota_amp_tb_1", "cornername": "Nominal"}
[2026-04-22 11:26:38.158 +0700] [INFO] [cadence.virtuoso.ade.simulationMonitor] -    -   (APS) Multi-threading. The recommended number of threads is 1, consider adding +mt=1 on command line. {"history": "ExplorerRun.0", "point": 1, "testname": "my_lib_ota_amp_tb_1", "cornername": "Nominal"}
[2026-04-22 11:26:38.158 +0700] [INFO] [cadence.virtuoso.ade.simulationMonitor] - Total time required for ac analysis `ac': CPU = 1.816 ms, elapsed = 2.77877 ms. {"history": "ExplorerRun.0", "point": 1, "testname": "my_lib_ota_amp_tb_1", "cornername": "Nominal"}
[2026-04-22 11:26:38.158 +0700] [INFO] [cadence.virtuoso.ade.simulationMonitor] - Peak resident memory used = 123 Mbytes. {"history": "ExplorerRun.0", "point": 1, "testname": "my_lib_ota_amp_tb_1", "cornername": "Nominal"}
[2026-04-22 11:26:38.158 +0700] [INFO] [cadence.virtuoso.ade.simulationMonitor] - Total time required for dc analysis `dcOp': CPU = 467 us, elapsed = 1.4441 ms. {"history": "ExplorerRun.0", "point": 1, "testname": "my_lib_ota_amp_tb_1", "cornername": "Nominal"}
[2026-04-22 11:26:38.158 +0700] [INFO] [cadence.virtuoso.ade.simulationMonitor] - Peak resident memory used = 123 Mbytes. {"history": "ExplorerRun.0", "point": 1, "testname": "my_lib_ota_amp_tb_1", "cornername": "Nominal"}
[2026-04-22 11:26:38.158 +0700] [INFO] [cadence.virtuoso.ade.simulationMonitor] - Time used: CPU = 91.6 ms, elapsed = 20.4 s, util. = 449e-03%. {"history": "ExplorerRun.0", "point": 1, "testname": "my_lib_ota_amp_tb_1", "cornername": "Nominal"}
[2026-04-22 11:26:38.158 +0700] [INFO] [cadence.virtuoso.ade.simulationMonitor] - Time spent in licensing: elapsed = 20.3 s, percentage of total = 99.5%. {"history": "ExplorerRun.0", "point": 1, "testname": "my_lib_ota_amp_tb_1", "cornername": "Nominal"}
[2026-04-22 11:26:38.159 +0700] [INFO] [cadence.virtuoso.ade.simulationMonitor] - Peak memory used = 125 Mbytes. {"history": "ExplorerRun.0", "point": 1, "testname": "my_lib_ota_amp_tb_1", "cornername": "Nominal"}
[2026-04-22 11:26:38.159 +0700] [PROCESS] [cadence.virtuoso.ade.simulationMonitor] - Simulation started at: 11:26:17 AM, Wed Apr 22, 2026, ended at: 11:26:37 AM, Wed Apr 22, 2026, with elapsed time (wall clock): 20.4 s. {"history": "ExplorerRun.0", "point": 1, "testname": "my_lib_ota_amp_tb_1", "cornername": "Nominal"}
[2026-04-22 11:26:38.159 +0700] [PROCESS] [cadence.virtuoso.ade.simulationMonitor] - spectre completes with 0 errors, 0 warnings, and 4 notices. {"history": "ExplorerRun.0", "point": 1, "testname": "my_lib_ota_amp_tb_1", "cornername": "Nominal"}
[2026-04-22 11:26:38.159 +0700] [PROCESS] [cadence.virtuoso.ade.simulationMonitor] - Simulator exited {"hostname": "dtvt05", "processid": 9521, "history": "ExplorerRun.0", "testname": "my_lib_ota_amp_tb_1", "cornername": "Nominal", "point": 1, "logfile": "/home/dtvt_05/DUT_VI_MACH_WORKING_DIR/truong/logs_dtvt_05/logs0/Job6.log", "exitStatus": "0"}
[2026-04-22 11:26:38.159 +0700] [PROCESS] [cadence.virtuoso.ade.simulationMonitor] - Finished Simulation {"hostname": "dtvt05", "processid": 9521, "history": "ExplorerRun.0", "testname": "my_lib_ota_amp_tb_1", "cornername": "Nominal", "point": 1, "logfile": "/home/dtvt_05/DUT_VI_MACH_WORKING_DIR/truong/logs_dtvt_05/logs0/Job6.log", "simid": "3"}
[2026-04-22 11:26:38.672 +0700] [PROCESS] [cadence.virtuoso.ade.simulationMonitor] - Point Finished {"hostname": "dtvt05", "processid": 9521, "history": "ExplorerRun.0", "testname": "my_lib_ota_amp_tb_1", "cornername": "Nominal", "point": 1, "logfile": "/home/dtvt_05/DUT_VI_MACH_WORKING_DIR/truong/logs_dtvt_05/logs0/Job6.log"}
[2026-04-22 11:27:08.241 +0700] [INFO] [cadence.virtuoso.ade.simulationMonitor] - SimulationMonitor has terminated the vds process '11578', reason: 'Force to stop the expression evalutor process because of new run' {"history": "ExplorerRun.0", "point": 1, "testname": "my_lib_ota_amp_tb_1", "cornername": "Nominal"}
[2026-04-22 11:27:08.241 +0700] [PROCESS] [cadence.virtuoso.ade.simulationMonitor] - HostInfo:
Host name (type):	dtvt05 (x86_64)
Operating system:	Linux 6.7.1-1.el7.elrepo.x86_64 #1 SMP PREEMPT_DYNAMIC Sat Jan 20 11:04:40 EST 2024 {"hostname": "dtvt05", "processid": 9521, "history": "ExplorerRun.0", "testname": "my_lib_ota_amp_tb_1", "cornername": "Nominal", "point": 1, "logfile": "/home/dtvt_05/DUT_VI_MACH_WORKING_DIR/truong/logs_dtvt_05/logs0/Job6.log", "nodename": "dtvt05", "domainname": "(none)", "machine": "x86_64", "sysname": "Linux", "release": "6.7.1-1.el7.elrepo.x86_64", "version": "#1 SMP PREEMPT_DYNAMIC Sat Jan 20 11:04:40 EST 2024"}
[2026-04-22 11:27:08.241 +0700] [PROCESS] [cadence.virtuoso.ade.simulationMonitor] - UsageInfo:
pid=9521
totalPhysicalMemory=15.325478GB,Used=13.312634GB,totalVirtualMemory=23.012974GB,Used=13.312634GB
Cpu: Cores=24, Load average:0.410000,0.400000,0.310000 {"hostname": "dtvt05", "processid": 9521, "history": "ExplorerRun.0", "testname": "my_lib_ota_amp_tb_1", "cornername": "Nominal", "point": 1, "logfile": "/home/dtvt_05/DUT_VI_MACH_WORKING_DIR/truong/logs_dtvt_05/logs0/Job6.log", "pid": "9521", "totalPhysicalMemory": "15.325478", "physicalMemoryUsed": "13.312634", "totalVirtualMemory": "23.012974", "virtualMemoryUsed": "13.312634", "cpuCores": "24", "processes": "1874", "loadAverage1": "0.410000", "loadAverage5": "0.400000", "loadAverage15": "0.310000", "loadAverage1Percent": "0.017083"}
[2026-04-22 11:27:08.241 +0700] [EVENT] [cadence.virtuoso.ade.simulationMonitor] - NewPoint {"history": "ExplorerRun.0", "point": 1, "testname": "my_lib_ota_amp_tb_1", "cornername": "Nominal", "event": "NewPoint", "EventSource": "Simulation Monitor", "HistoryName": "ExplorerRun.0", "logFile": "/home/dtvt_05/DUT_VI_MACH_WORKING_DIR/truong/logs_dtvt_05/logs0/Job6.log", "logFileSize": "31063"}
[2026-04-22 11:27:08.342 +0700] [EVENT] [cadence.virtuoso.ade.simulationMonitor] - NewPoint {"history": "ExplorerRun.0", "point": 1, "testname": "my_lib_ota_amp_tb_1", "cornername": "Nominal", "event": "NewPoint", "EventSource": "spectre", "HistoryName": "ExplorerRun.0", "logFile": "/home/dtvt_05/simulation/my_lib/ota_amp_tb/maestro/results/maestro/ExplorerRun.0/1/my_lib_ota_amp_tb_1/psf/spectre.out", "logFileSize": "-1"}
[2026-04-22 11:27:08.345 +0700] [PROCESS] [cadence.virtuoso.ade.simulationMonitor] - Simulator launched {"hostname": "dtvt05", "processid": 9521, "history": "ExplorerRun.0", "testname": "my_lib_ota_amp_tb_1", "cornername": "Nominal", "point": 1, "logfile": "/home/dtvt_05/DUT_VI_MACH_WORKING_DIR/truong/logs_dtvt_05/logs0/Job6.log", "simid": "4"}
[2026-04-22 11:27:08.346 +0700] [PROCESS] [cadence.virtuoso.ade.simulationMonitor] - Expression evaluator launched {"hostname": "dtvt05", "processid": 9521, "history": "ExplorerRun.0", "testname": "my_lib_ota_amp_tb_1", "cornername": "Nominal", "point": 1, "logfile": "/home/dtvt_05/DUT_VI_MACH_WORKING_DIR/truong/logs_dtvt_05/logs0/Job6.log"}
[2026-04-22 11:27:08.349 +0700] [PROCESS] [cadence.virtuoso.ade.simulationMonitor] - Started Simulation {"hostname": "dtvt05", "processid": 9521, "history": "ExplorerRun.0", "testname": "my_lib_ota_amp_tb_1", "cornername": "Nominal", "point": 1, "logfile": "/home/dtvt_05/DUT_VI_MACH_WORKING_DIR/truong/logs_dtvt_05/logs0/Job6.log"}
[2026-04-22 11:27:29.076 +0700] [PROCESS] [cadence.virtuoso.ade.simulationMonitor] - Finished simulating for one point {"hostname": "dtvt05", "processid": 9521, "history": "ExplorerRun.0", "testname": "my_lib_ota_amp_tb_1", "cornername": "Nominal", "point": 1, "logfile": "/home/dtvt_05/DUT_VI_MACH_WORKING_DIR/truong/logs_dtvt_05/logs0/Job6.log", "simid": "4"}
[2026-04-22 11:27:29.076 +0700] [INFO] [cadence.virtuoso.ade.simulationMonitor] - Peak resident memory used = 113 Mbytes. {"history": "ExplorerRun.0", "point": 1, "testname": "my_lib_ota_amp_tb_1", "cornername": "Nominal"}
[2026-04-22 11:27:29.077 +0700] [INFO] [cadence.virtuoso.ade.simulationMonitor] - Peak resident memory used = 120 Mbytes. {"history": "ExplorerRun.0", "point": 1, "testname": "my_lib_ota_amp_tb_1", "cornername": "Nominal"}
[2026-04-22 11:27:29.077 +0700] [INFO] [cadence.virtuoso.ade.simulationMonitor] - Notice from spectre during hierarchy flattening.
    The value 'psf' specified for the 'checklimitdest' option will no longer be supported in future releases. Use 'spectre -h' to see other recommended values for the 'checklimitdest' option. {"history": "ExplorerRun.0", "point": 1, "testname": "my_lib_ota_amp_tb_1", "cornername": "Nominal"}
[2026-04-22 11:27:29.077 +0700] [INFO] [cadence.virtuoso.ade.simulationMonitor] - Peak resident memory used = 122 Mbytes. {"history": "ExplorerRun.0", "point": 1, "testname": "my_lib_ota_amp_tb_1", "cornername": "Nominal"}
[2026-04-22 11:27:29.078 +0700] [INFO] [cadence.virtuoso.ade.simulationMonitor] - Notice from spectre during initial setup.
    Multithreading is disabled due to the size of the design being too small. {"history": "ExplorerRun.0", "point": 1, "testname": "my_lib_ota_amp_tb_1", "cornername": "Nominal"}
[2026-04-22 11:27:29.078 +0700] [INFO] [cadence.virtuoso.ade.simulationMonitor] -               nodes 43 {"history": "ExplorerRun.0", "point": 1, "testname": "my_lib_ota_amp_tb_1", "cornername": "Nominal"}
[2026-04-22 11:27:29.079 +0700] [INFO] [cadence.virtuoso.ade.simulationMonitor] - Notice from spectre during initial setup.
    APS enabled. {"history": "ExplorerRun.0", "point": 1, "testname": "my_lib_ota_amp_tb_1", "cornername": "Nominal"}
[2026-04-22 11:27:29.079 +0700] [INFO] [cadence.virtuoso.ade.simulationMonitor] - Peak resident memory used = 125 Mbytes. {"history": "ExplorerRun.0", "point": 1, "testname": "my_lib_ota_amp_tb_1", "cornername": "Nominal"}
[2026-04-22 11:27:29.080 +0700] [INFO] [cadence.virtuoso.ade.simulationMonitor] -    -   (APS) Multi-threading. The recommended number of threads is 1, consider adding +mt=1 on command line. {"history": "ExplorerRun.0", "point": 1, "testname": "my_lib_ota_amp_tb_1", "cornername": "Nominal"}
[2026-04-22 11:27:29.080 +0700] [INFO] [cadence.virtuoso.ade.simulationMonitor] - Total time required for ac analysis `ac': CPU = 1.826 ms, elapsed = 2.72608 ms. {"history": "ExplorerRun.0", "point": 1, "testname": "my_lib_ota_amp_tb_1", "cornername": "Nominal"}
[2026-04-22 11:27:29.080 +0700] [INFO] [cadence.virtuoso.ade.simulationMonitor] - Peak resident memory used = 127 Mbytes. {"history": "ExplorerRun.0", "point": 1, "testname": "my_lib_ota_amp_tb_1", "cornername": "Nominal"}
[2026-04-22 11:27:29.080 +0700] [INFO] [cadence.virtuoso.ade.simulationMonitor] - Total time required for dc analysis `dcOp': CPU = 470 us, elapsed = 1.36399 ms. {"history": "ExplorerRun.0", "point": 1, "testname": "my_lib_ota_amp_tb_1", "cornername": "Nominal"}
[2026-04-22 11:27:29.081 +0700] [INFO] [cadence.virtuoso.ade.simulationMonitor] - Peak resident memory used = 127 Mbytes. {"history": "ExplorerRun.0", "point": 1, "testname": "my_lib_ota_amp_tb_1", "cornername": "Nominal"}
[2026-04-22 11:27:29.081 +0700] [INFO] [cadence.virtuoso.ade.simulationMonitor] - Time used: CPU = 97.2 ms, elapsed = 20.5 s, util. = 475e-03%. {"history": "ExplorerRun.0", "point": 1, "testname": "my_lib_ota_amp_tb_1", "cornername": "Nominal"}
[2026-04-22 11:27:29.081 +0700] [INFO] [cadence.virtuoso.ade.simulationMonitor] - Time spent in licensing: elapsed = 20.4 s, percentage of total = 99.5%. {"history": "ExplorerRun.0", "point": 1, "testname": "my_lib_ota_amp_tb_1", "cornername": "Nominal"}
[2026-04-22 11:27:29.081 +0700] [INFO] [cadence.virtuoso.ade.simulationMonitor] - Peak memory used = 129 Mbytes. {"history": "ExplorerRun.0", "point": 1, "testname": "my_lib_ota_amp_tb_1", "cornername": "Nominal"}
[2026-04-22 11:27:29.082 +0700] [PROCESS] [cadence.virtuoso.ade.simulationMonitor] - Simulation started at: 11:27:08 AM, Wed Apr 22, 2026, ended at: 11:27:28 AM, Wed Apr 22, 2026, with elapsed time (wall clock): 20.5 s. {"history": "ExplorerRun.0", "point": 1, "testname": "my_lib_ota_amp_tb_1", "cornername": "Nominal"}
[2026-04-22 11:27:29.082 +0700] [PROCESS] [cadence.virtuoso.ade.simulationMonitor] - spectre completes with 0 errors, 0 warnings, and 4 notices. {"history": "ExplorerRun.0", "point": 1, "testname": "my_lib_ota_amp_tb_1", "cornername": "Nominal"}
[2026-04-22 11:27:29.082 +0700] [PROCESS] [cadence.virtuoso.ade.simulationMonitor] - Simulator exited {"hostname": "dtvt05", "processid": 9521, "history": "ExplorerRun.0", "testname": "my_lib_ota_amp_tb_1", "cornername": "Nominal", "point": 1, "logfile": "/home/dtvt_05/DUT_VI_MACH_WORKING_DIR/truong/logs_dtvt_05/logs0/Job6.log", "exitStatus": "0"}
[2026-04-22 11:27:29.082 +0700] [PROCESS] [cadence.virtuoso.ade.simulationMonitor] - Finished Simulation {"hostname": "dtvt05", "processid": 9521, "history": "ExplorerRun.0", "testname": "my_lib_ota_amp_tb_1", "cornername": "Nominal", "point": 1, "logfile": "/home/dtvt_05/DUT_VI_MACH_WORKING_DIR/truong/logs_dtvt_05/logs0/Job6.log", "simid": "4"}
[2026-04-22 11:27:29.590 +0700] [PROCESS] [cadence.virtuoso.ade.simulationMonitor] - Point Finished {"hostname": "dtvt05", "processid": 9521, "history": "ExplorerRun.0", "testname": "my_lib_ota_amp_tb_1", "cornername": "Nominal", "point": 1, "logfile": "/home/dtvt_05/DUT_VI_MACH_WORKING_DIR/truong/logs_dtvt_05/logs0/Job6.log"}
[2026-04-22 11:28:22.467 +0700] [INFO] [cadence.virtuoso.ade.simulationMonitor] - SimulationMonitor has terminated the vds process '12645', reason: 'Force to stop the expression evalutor process because of new run' {"history": "ExplorerRun.0", "point": 1, "testname": "my_lib_ota_amp_tb_1", "cornername": "Nominal"}
[2026-04-22 11:28:22.467 +0700] [PROCESS] [cadence.virtuoso.ade.simulationMonitor] - HostInfo:
Host name (type):	dtvt05 (x86_64)
Operating system:	Linux 6.7.1-1.el7.elrepo.x86_64 #1 SMP PREEMPT_DYNAMIC Sat Jan 20 11:04:40 EST 2024 {"hostname": "dtvt05", "processid": 9521, "history": "ExplorerRun.0", "testname": "my_lib_ota_amp_tb_1", "cornername": "Nominal", "point": 1, "logfile": "/home/dtvt_05/DUT_VI_MACH_WORKING_DIR/truong/logs_dtvt_05/logs0/Job6.log", "nodename": "dtvt05", "domainname": "(none)", "machine": "x86_64", "sysname": "Linux", "release": "6.7.1-1.el7.elrepo.x86_64", "version": "#1 SMP PREEMPT_DYNAMIC Sat Jan 20 11:04:40 EST 2024"}
[2026-04-22 11:28:22.468 +0700] [PROCESS] [cadence.virtuoso.ade.simulationMonitor] - UsageInfo:
pid=9521
totalPhysicalMemory=15.325478GB,Used=12.879524GB,totalVirtualMemory=23.012974GB,Used=12.879524GB
Cpu: Cores=24, Load average:0.430000,0.400000,0.310000 {"hostname": "dtvt05", "processid": 9521, "history": "ExplorerRun.0", "testname": "my_lib_ota_amp_tb_1", "cornername": "Nominal", "point": 1, "logfile": "/home/dtvt_05/DUT_VI_MACH_WORKING_DIR/truong/logs_dtvt_05/logs0/Job6.log", "pid": "9521", "totalPhysicalMemory": "15.325478", "physicalMemoryUsed": "12.879524", "totalVirtualMemory": "23.012974", "virtualMemoryUsed": "12.879524", "cpuCores": "24", "processes": "1770", "loadAverage1": "0.430000", "loadAverage5": "0.400000", "loadAverage15": "0.310000", "loadAverage1Percent": "0.017917"}
[2026-04-22 11:28:22.468 +0700] [EVENT] [cadence.virtuoso.ade.simulationMonitor] - NewPoint {"history": "ExplorerRun.0", "point": 1, "testname": "my_lib_ota_amp_tb_1", "cornername": "Nominal", "event": "NewPoint", "EventSource": "Simulation Monitor", "HistoryName": "ExplorerRun.0", "logFile": "/home/dtvt_05/DUT_VI_MACH_WORKING_DIR/truong/logs_dtvt_05/logs0/Job6.log", "logFileSize": "40677"}
[2026-04-22 11:28:22.569 +0700] [EVENT] [cadence.virtuoso.ade.simulationMonitor] - NewPoint {"history": "ExplorerRun.0", "point": 1, "testname": "my_lib_ota_amp_tb_1", "cornername": "Nominal", "event": "NewPoint", "EventSource": "spectre", "HistoryName": "ExplorerRun.0", "logFile": "/home/dtvt_05/simulation/my_lib/ota_amp_tb/maestro/results/maestro/ExplorerRun.0/1/my_lib_ota_amp_tb_1/psf/spectre.out", "logFileSize": "-1"}
[2026-04-22 11:28:22.572 +0700] [PROCESS] [cadence.virtuoso.ade.simulationMonitor] - Simulator launched {"hostname": "dtvt05", "processid": 9521, "history": "ExplorerRun.0", "testname": "my_lib_ota_amp_tb_1", "cornername": "Nominal", "point": 1, "logfile": "/home/dtvt_05/DUT_VI_MACH_WORKING_DIR/truong/logs_dtvt_05/logs0/Job6.log", "simid": "5"}
[2026-04-22 11:28:22.575 +0700] [PROCESS] [cadence.virtuoso.ade.simulationMonitor] - Expression evaluator launched {"hostname": "dtvt05", "processid": 9521, "history": "ExplorerRun.0", "testname": "my_lib_ota_amp_tb_1", "cornername": "Nominal", "point": 1, "logfile": "/home/dtvt_05/DUT_VI_MACH_WORKING_DIR/truong/logs_dtvt_05/logs0/Job6.log"}
[2026-04-22 11:28:22.583 +0700] [PROCESS] [cadence.virtuoso.ade.simulationMonitor] - Started Simulation {"hostname": "dtvt05", "processid": 9521, "history": "ExplorerRun.0", "testname": "my_lib_ota_amp_tb_1", "cornername": "Nominal", "point": 1, "logfile": "/home/dtvt_05/DUT_VI_MACH_WORKING_DIR/truong/logs_dtvt_05/logs0/Job6.log"}
[2026-04-22 11:28:43.316 +0700] [PROCESS] [cadence.virtuoso.ade.simulationMonitor] - Finished simulating for one point {"hostname": "dtvt05", "processid": 9521, "history": "ExplorerRun.0", "testname": "my_lib_ota_amp_tb_1", "cornername": "Nominal", "point": 1, "logfile": "/home/dtvt_05/DUT_VI_MACH_WORKING_DIR/truong/logs_dtvt_05/logs0/Job6.log", "simid": "5"}
[2026-04-22 11:28:43.317 +0700] [INFO] [cadence.virtuoso.ade.simulationMonitor] - Peak resident memory used = 114 Mbytes. {"history": "ExplorerRun.0", "point": 1, "testname": "my_lib_ota_amp_tb_1", "cornername": "Nominal"}
[2026-04-22 11:28:43.317 +0700] [INFO] [cadence.virtuoso.ade.simulationMonitor] - Peak resident memory used = 122 Mbytes. {"history": "ExplorerRun.0", "point": 1, "testname": "my_lib_ota_amp_tb_1", "cornername": "Nominal"}
[2026-04-22 11:28:43.318 +0700] [INFO] [cadence.virtuoso.ade.simulationMonitor] - Notice from spectre during hierarchy flattening.
    The value 'psf' specified for the 'checklimitdest' option will no longer be supported in future releases. Use 'spectre -h' to see other recommended values for the 'checklimitdest' option. {"history": "ExplorerRun.0", "point": 1, "testname": "my_lib_ota_amp_tb_1", "cornername": "Nominal"}
[2026-04-22 11:28:43.318 +0700] [INFO] [cadence.virtuoso.ade.simulationMonitor] - Peak resident memory used = 124 Mbytes. {"history": "ExplorerRun.0", "point": 1, "testname": "my_lib_ota_amp_tb_1", "cornername": "Nominal"}
[2026-04-22 11:28:43.318 +0700] [ERROR] [cadence.virtuoso.ade.simulationMonitor] -     ERROR (CMI-2440): "/home/dtvt_05/Downloads/65NTSMC/models/spectre/crn65gplus_2d5_lk_v1d0.scs" 5860: I0.M4:  The length, width, or area of the instance does not fit the given lmax-lmin, wmax-wmin, or areamax-areamin range for any model in the `I0.M4.nch_rf_18' group. The channel width is 9.000000e-07 and length is 3.800000e-07. Specify channel width and length that do not exceed the referenced maximal area Lmax=3.801000e-07, Lmin=2.600000e-07, Wmax=1.001000e-05,and Wmin=1.000000e-06. You can choose the ... {"history": "ExplorerRun.0", "point": 1, "testname": "my_lib_ota_amp_tb_1", "cornername": "Nominal"}
[2026-04-22 11:28:43.319 +0700] [INFO] [cadence.virtuoso.ade.simulationMonitor] - Time used: CPU = 87.2 ms, elapsed = 20.4 s, util. = 428e-03%. {"history": "ExplorerRun.0", "point": 1, "testname": "my_lib_ota_amp_tb_1", "cornername": "Nominal"}
[2026-04-22 11:28:43.319 +0700] [INFO] [cadence.virtuoso.ade.simulationMonitor] - Time spent in licensing: elapsed = 20.3 s, percentage of total = 99.6%. {"history": "ExplorerRun.0", "point": 1, "testname": "my_lib_ota_amp_tb_1", "cornername": "Nominal"}
[2026-04-22 11:28:43.319 +0700] [INFO] [cadence.virtuoso.ade.simulationMonitor] - Peak memory used = 124 Mbytes. {"history": "ExplorerRun.0", "point": 1, "testname": "my_lib_ota_amp_tb_1", "cornername": "Nominal"}
[2026-04-22 11:28:43.320 +0700] [PROCESS] [cadence.virtuoso.ade.simulationMonitor] - Simulation started at: 11:28:22 AM, Wed Apr 22, 2026, ended at: 11:28:43 AM, Wed Apr 22, 2026, with elapsed time (wall clock): 20.4 s. {"history": "ExplorerRun.0", "point": 1, "testname": "my_lib_ota_amp_tb_1", "cornername": "Nominal"}
[2026-04-22 11:28:43.320 +0700] [PROCESS] [cadence.virtuoso.ade.simulationMonitor] - spectre completes with 1 error, 0 warnings, and 1 notice. {"history": "ExplorerRun.0", "point": 1, "testname": "my_lib_ota_amp_tb_1", "cornername": "Nominal"}
[2026-04-22 11:28:43.320 +0700] [FATAL] [cadence.virtuoso.ade.simulationMonitor] - spectre terminated prematurely due to fatal error. {"history": "ExplorerRun.0", "point": 1, "testname": "my_lib_ota_amp_tb_1", "cornername": "Nominal"}
[2026-04-22 11:28:43.320 +0700] [ERROR] [cadence.virtuoso.ade.simulationMonitor] - While simulating run ExplorerRun.0, point 1, test my_lib_ota_amp_tb_1, received error:
Simulation Error:
 The simulator process returned a non-zero exit code, indicating failure.
The simulator could have crashed or intentionally returned to indicate an error.
Check the simulator log file for more information.  Common causes:
1. Simulator may have crashed during exit even after reporting success in log file.
2. Abrupt automatic simulator termination (e.g., SIGKILL) because the simulator process has
   excee... {"history": "ExplorerRun.0", "point": 1, "testname": "my_lib_ota_amp_tb_1", "cornername": "Nominal"}
[2026-04-22 11:28:43.321 +0700] [PROCESS] [cadence.virtuoso.ade.simulationMonitor] - Finished Simulation {"hostname": "dtvt05", "processid": 9521, "history": "ExplorerRun.0", "testname": "my_lib_ota_amp_tb_1", "cornername": "Nominal", "point": 1, "logfile": "/home/dtvt_05/DUT_VI_MACH_WORKING_DIR/truong/logs_dtvt_05/logs0/Job6.log", "simid": "5"}
[2026-04-22 11:28:44.327 +0700] [PROCESS] [cadence.virtuoso.ade.simulationMonitor] - Stay with the runId '4', Linger time '300', currentRunSyn '9', currentTestSyn '9' {"hostname": "dtvt05", "processid": 9521, "history": "ExplorerRun.0", "testname": "my_lib_ota_amp_tb_1", "cornername": "Nominal", "point": 1, "logfile": "/home/dtvt_05/DUT_VI_MACH_WORKING_DIR/truong/logs_dtvt_05/logs0/Job6.log"}
[2026-04-22 11:29:09.974 +0700] [INFO] [cadence.virtuoso.ade.simulationMonitor] - SimulationMonitor has terminated the vds process '13686', reason: 'Force to stop the expression evalutor process because of new run' {"history": "ExplorerRun.0", "point": 1, "testname": "my_lib_ota_amp_tb_1", "cornername": "Nominal"}
[2026-04-22 11:29:09.974 +0700] [PROCESS] [cadence.virtuoso.ade.simulationMonitor] - HostInfo:
Host name (type):	dtvt05 (x86_64)
Operating system:	Linux 6.7.1-1.el7.elrepo.x86_64 #1 SMP PREEMPT_DYNAMIC Sat Jan 20 11:04:40 EST 2024 {"hostname": "dtvt05", "processid": 9521, "history": "ExplorerRun.0", "testname": "my_lib_ota_amp_tb_1", "cornername": "Nominal", "point": 1, "logfile": "/home/dtvt_05/DUT_VI_MACH_WORKING_DIR/truong/logs_dtvt_05/logs0/Job6.log", "nodename": "dtvt05", "domainname": "(none)", "machine": "x86_64", "sysname": "Linux", "release": "6.7.1-1.el7.elrepo.x86_64", "version": "#1 SMP PREEMPT_DYNAMIC Sat Jan 20 11:04:40 EST 2024"}
[2026-04-22 11:29:09.974 +0700] [PROCESS] [cadence.virtuoso.ade.simulationMonitor] - UsageInfo:
pid=9521
totalPhysicalMemory=15.325478GB,Used=12.894470GB,totalVirtualMemory=23.012974GB,Used=12.894470GB
Cpu: Cores=24, Load average:0.440000,0.400000,0.320000 {"hostname": "dtvt05", "processid": 9521, "history": "ExplorerRun.0", "testname": "my_lib_ota_amp_tb_1", "cornername": "Nominal", "point": 1, "logfile": "/home/dtvt_05/DUT_VI_MACH_WORKING_DIR/truong/logs_dtvt_05/logs0/Job6.log", "pid": "9521", "totalPhysicalMemory": "15.325478", "physicalMemoryUsed": "12.894470", "totalVirtualMemory": "23.012974", "virtualMemoryUsed": "12.894470", "cpuCores": "24", "processes": "1763", "loadAverage1": "0.440000", "loadAverage5": "0.400000", "loadAverage15": "0.320000", "loadAverage1Percent": "0.018333"}
[2026-04-22 11:29:09.974 +0700] [EVENT] [cadence.virtuoso.ade.simulationMonitor] - NewPoint {"history": "ExplorerRun.0", "point": 1, "testname": "my_lib_ota_amp_tb_1", "cornername": "Nominal", "event": "NewPoint", "EventSource": "Simulation Monitor", "HistoryName": "ExplorerRun.0", "logFile": "/home/dtvt_05/DUT_VI_MACH_WORKING_DIR/truong/logs_dtvt_05/logs0/Job6.log", "logFileSize": "49401"}
[2026-04-22 11:29:10.075 +0700] [EVENT] [cadence.virtuoso.ade.simulationMonitor] - NewPoint {"history": "ExplorerRun.0", "point": 1, "testname": "my_lib_ota_amp_tb_1", "cornername": "Nominal", "event": "NewPoint", "EventSource": "spectre", "HistoryName": "ExplorerRun.0", "logFile": "/home/dtvt_05/simulation/my_lib/ota_amp_tb/maestro/results/maestro/ExplorerRun.0/1/my_lib_ota_amp_tb_1/psf/spectre.out", "logFileSize": "-1"}
[2026-04-22 11:29:10.079 +0700] [PROCESS] [cadence.virtuoso.ade.simulationMonitor] - Simulator launched {"hostname": "dtvt05", "processid": 9521, "history": "ExplorerRun.0", "testname": "my_lib_ota_amp_tb_1", "cornername": "Nominal", "point": 1, "logfile": "/home/dtvt_05/DUT_VI_MACH_WORKING_DIR/truong/logs_dtvt_05/logs0/Job6.log", "simid": "6"}
[2026-04-22 11:29:10.080 +0700] [PROCESS] [cadence.virtuoso.ade.simulationMonitor] - Expression evaluator launched {"hostname": "dtvt05", "processid": 9521, "history": "ExplorerRun.0", "testname": "my_lib_ota_amp_tb_1", "cornername": "Nominal", "point": 1, "logfile": "/home/dtvt_05/DUT_VI_MACH_WORKING_DIR/truong/logs_dtvt_05/logs0/Job6.log"}
[2026-04-22 11:29:10.090 +0700] [PROCESS] [cadence.virtuoso.ade.simulationMonitor] - Started Simulation {"hostname": "dtvt05", "processid": 9521, "history": "ExplorerRun.0", "testname": "my_lib_ota_amp_tb_1", "cornername": "Nominal", "point": 1, "logfile": "/home/dtvt_05/DUT_VI_MACH_WORKING_DIR/truong/logs_dtvt_05/logs0/Job6.log"}
[2026-04-22 11:29:31.346 +0700] [PROCESS] [cadence.virtuoso.ade.simulationMonitor] - Finished simulating for one point {"hostname": "dtvt05", "processid": 9521, "history": "ExplorerRun.0", "testname": "my_lib_ota_amp_tb_1", "cornername": "Nominal", "point": 1, "logfile": "/home/dtvt_05/DUT_VI_MACH_WORKING_DIR/truong/logs_dtvt_05/logs0/Job6.log", "simid": "6"}
[2026-04-22 11:29:31.346 +0700] [INFO] [cadence.virtuoso.ade.simulationMonitor] - Peak resident memory used = 108 Mbytes. {"history": "ExplorerRun.0", "point": 1, "testname": "my_lib_ota_amp_tb_1", "cornername": "Nominal"}
[2026-04-22 11:29:31.346 +0700] [INFO] [cadence.virtuoso.ade.simulationMonitor] - Peak resident memory used = 116 Mbytes. {"history": "ExplorerRun.0", "point": 1, "testname": "my_lib_ota_amp_tb_1", "cornername": "Nominal"}
[2026-04-22 11:29:31.346 +0700] [INFO] [cadence.virtuoso.ade.simulationMonitor] - Notice from spectre during hierarchy flattening.
    The value 'psf' specified for the 'checklimitdest' option will no longer be supported in future releases. Use 'spectre -h' to see other recommended values for the 'checklimitdest' option. {"history": "ExplorerRun.0", "point": 1, "testname": "my_lib_ota_amp_tb_1", "cornername": "Nominal"}
[2026-04-22 11:29:31.346 +0700] [INFO] [cadence.virtuoso.ade.simulationMonitor] - Peak resident memory used = 117 Mbytes. {"history": "ExplorerRun.0", "point": 1, "testname": "my_lib_ota_amp_tb_1", "cornername": "Nominal"}
[2026-04-22 11:29:31.347 +0700] [ERROR] [cadence.virtuoso.ade.simulationMonitor] -     ERROR (CMI-2440): "/home/dtvt_05/Downloads/65NTSMC/models/spectre/crn65gplus_2d5_lk_v1d0.scs" 5860: I0.M4:  The length, width, or area of the instance does not fit the given lmax-lmin, wmax-wmin, or areamax-areamin range for any model in the `I0.M4.nch_rf_18' group. The channel width is 9.000000e-07 and length is 3.800000e-07. Specify channel width and length that do not exceed the referenced maximal area Lmax=3.801000e-07, Lmin=2.600000e-07, Wmax=1.001000e-05,and Wmin=1.000000e-06. You can choose the ... {"history": "ExplorerRun.0", "point": 1, "testname": "my_lib_ota_amp_tb_1", "cornername": "Nominal"}
[2026-04-22 11:29:31.347 +0700] [INFO] [cadence.virtuoso.ade.simulationMonitor] - Time used: CPU = 97.7 ms, elapsed = 20.7 s, util. = 472e-03%. {"history": "ExplorerRun.0", "point": 1, "testname": "my_lib_ota_amp_tb_1", "cornername": "Nominal"}
[2026-04-22 11:29:31.348 +0700] [INFO] [cadence.virtuoso.ade.simulationMonitor] - Time spent in licensing: elapsed = 20.6 s, percentage of total = 99.5%. {"history": "ExplorerRun.0", "point": 1, "testname": "my_lib_ota_amp_tb_1", "cornername": "Nominal"}
[2026-04-22 11:29:31.348 +0700] [INFO] [cadence.virtuoso.ade.simulationMonitor] - Peak memory used = 118 Mbytes. {"history": "ExplorerRun.0", "point": 1, "testname": "my_lib_ota_amp_tb_1", "cornername": "Nominal"}
[2026-04-22 11:29:31.349 +0700] [PROCESS] [cadence.virtuoso.ade.simulationMonitor] - Simulation started at: 11:29:10 AM, Wed Apr 22, 2026, ended at: 11:29:30 AM, Wed Apr 22, 2026, with elapsed time (wall clock): 20.7 s. {"history": "ExplorerRun.0", "point": 1, "testname": "my_lib_ota_amp_tb_1", "cornername": "Nominal"}
[2026-04-22 11:29:31.349 +0700] [PROCESS] [cadence.virtuoso.ade.simulationMonitor] - spectre completes with 1 error, 0 warnings, and 1 notice. {"history": "ExplorerRun.0", "point": 1, "testname": "my_lib_ota_amp_tb_1", "cornername": "Nominal"}
[2026-04-22 11:29:31.349 +0700] [FATAL] [cadence.virtuoso.ade.simulationMonitor] - spectre terminated prematurely due to fatal error. {"history": "ExplorerRun.0", "point": 1, "testname": "my_lib_ota_amp_tb_1", "cornername": "Nominal"}
[2026-04-22 11:29:31.349 +0700] [ERROR] [cadence.virtuoso.ade.simulationMonitor] - While simulating run ExplorerRun.0, point 1, test my_lib_ota_amp_tb_1, received error:
Simulation Error:
 The simulator process returned a non-zero exit code, indicating failure.
The simulator could have crashed or intentionally returned to indicate an error.
Check the simulator log file for more information.  Common causes:
1. Simulator may have crashed during exit even after reporting success in log file.
2. Abrupt automatic simulator termination (e.g., SIGKILL) because the simulator process has
   excee... {"history": "ExplorerRun.0", "point": 1, "testname": "my_lib_ota_amp_tb_1", "cornername": "Nominal"}
[2026-04-22 11:29:31.350 +0700] [PROCESS] [cadence.virtuoso.ade.simulationMonitor] - Finished Simulation {"hostname": "dtvt05", "processid": 9521, "history": "ExplorerRun.0", "testname": "my_lib_ota_amp_tb_1", "cornername": "Nominal", "point": 1, "logfile": "/home/dtvt_05/DUT_VI_MACH_WORKING_DIR/truong/logs_dtvt_05/logs0/Job6.log", "simid": "6"}
[2026-04-22 11:29:32.356 +0700] [PROCESS] [cadence.virtuoso.ade.simulationMonitor] - Stay with the runId '5', Linger time '300', currentRunSyn '11', currentTestSyn '11' {"hostname": "dtvt05", "processid": 9521, "history": "ExplorerRun.0", "testname": "my_lib_ota_amp_tb_1", "cornername": "Nominal", "point": 1, "logfile": "/home/dtvt_05/DUT_VI_MACH_WORKING_DIR/truong/logs_dtvt_05/logs0/Job6.log"}
[2026-04-22 11:29:55.440 +0700] [PROCESS] [cadence.virtuoso.ade.simulationMonitor] - get signal Terminated<15> from user:dtvt_05, which pid:9519:/home/dtvt_05/CDNS_Client/IC618-ISR28/tools/bin/64bit/cdsServIpc {"hostname": "dtvt05", "processid": 9521, "history": "ExplorerRun.0", "testname": "my_lib_ota_amp_tb_1", "cornername": "Nominal", "point": 1, "logfile": "/home/dtvt_05/DUT_VI_MACH_WORKING_DIR/truong/logs_dtvt_05/logs0/Job6.log", "signal": "15", "signalName": "Terminated", "which": "/home/dtvt_05/CDNS_Client/IC618-ISR28/tools/bin/64bit/cdsServIpc", "pid": "9519", "user": "dtvt_05", "uid": "1000"}
[2026-04-22 11:29:55.440 +0700] [INFO] [cadence.virtuoso.ade.simulationMonitor] - SimulationMonitor has terminated the spectre process '14498', reason: 'simulationMonitor is handling signal 15' {"history": "ExplorerRun.0", "point": 1, "testname": "my_lib_ota_amp_tb_1", "cornername": "Nominal"}
[2026-04-22 11:29:55.940 +0700] [PROCESS] [cadence.virtuoso.ade.simulationMonitor] - Current memory used: 53.1172 MBytes, peak memory used: 54.3320 MBytes {"hostname": "dtvt05", "processid": 9521, "history": "ExplorerRun.0", "testname": "my_lib_ota_amp_tb_1", "cornername": "Nominal", "point": 1, "logfile": "/home/dtvt_05/DUT_VI_MACH_WORKING_DIR/truong/logs_dtvt_05/logs0/Job6.log"}
[2026-04-22 11:29:55.940 +0700] [PROCESS] [cadence.virtuoso.ade.simulationMonitor] - Simulation Monitor process exit. {"hostname": "dtvt05", "processid": 9521, "history": "ExplorerRun.0", "testname": "my_lib_ota_amp_tb_1", "cornername": "Nominal", "point": 1, "logfile": "/home/dtvt_05/DUT_VI_MACH_WORKING_DIR/truong/logs_dtvt_05/logs0/Job6.log"}
