[Simulation Monitor: 9]
[2026-04-22 11:30:40.343 +0700] [PROCESS] [cadence.virtuoso.ade.simulationMonitor] - Simulation Monitor has successfully started up. Trying to set up communication channels to other components ... {"hostname": "dtvt05", "processid": 16169, "logfile": "/home/dtvt_05/DUT_VI_MACH_WORKING_DIR/truong/logs_dtvt_05/logs0/Job9.log"}
[2026-04-22 11:30:40.344 +0700] [PROCESS] [cadence.virtuoso.ade.simulationMonitor] - Communication channels have been successfully set up. Start processing events ... {"hostname": "dtvt05", "processid": 16169, "logfile": "/home/dtvt_05/DUT_VI_MACH_WORKING_DIR/truong/logs_dtvt_05/logs0/Job9.log"}
[2026-04-22 11:30:40.344 +0700] [PROCESS] [cadence.virtuoso.ade.simulationMonitor] - Considering to start history {"hostname": "dtvt05", "processid": 16169, "history": "ExplorerRun.0", "logfile": "/home/dtvt_05/DUT_VI_MACH_WORKING_DIR/truong/logs_dtvt_05/logs0/Job9.log"}
[2026-04-22 11:30:40.345 +0700] [PROCESS] [cadence.virtuoso.ade.simulationMonitor] - HostInfo:
Host name (type):	dtvt05 (x86_64)
Operating system:	Linux 6.7.1-1.el7.elrepo.x86_64 #1 SMP PREEMPT_DYNAMIC Sat Jan 20 11:04:40 EST 2024 {"hostname": "dtvt05", "processid": 16169, "history": "ExplorerRun.0", "logfile": "/home/dtvt_05/DUT_VI_MACH_WORKING_DIR/truong/logs_dtvt_05/logs0/Job9.log", "nodename": "dtvt05", "domainname": "(none)", "machine": "x86_64", "sysname": "Linux", "release": "6.7.1-1.el7.elrepo.x86_64", "version": "#1 SMP PREEMPT_DYNAMIC Sat Jan 20 11:04:40 EST 2024"}
[2026-04-22 11:30:40.346 +0700] [PROCESS] [cadence.virtuoso.ade.simulationMonitor] - UsageInfo:
pid=16169
totalPhysicalMemory=15.325478GB,Used=13.228886GB,totalVirtualMemory=23.012974GB,Used=13.228886GB
Cpu: Cores=24, Load average:0.440000,0.400000,0.320000 {"hostname": "dtvt05", "processid": 16169, "history": "ExplorerRun.0", "logfile": "/home/dtvt_05/DUT_VI_MACH_WORKING_DIR/truong/logs_dtvt_05/logs0/Job9.log", "pid": "16169", "totalPhysicalMemory": "15.325478", "physicalMemoryUsed": "13.228886", "totalVirtualMemory": "23.012974", "virtualMemoryUsed": "13.228886", "cpuCores": "24", "processes": "1830", "loadAverage1": "0.440000", "loadAverage5": "0.400000", "loadAverage15": "0.320000", "loadAverage1Percent": "0.018333"}
[2026-04-22 11:30:40.346 +0700] [EVENT] [cadence.virtuoso.ade.simulationMonitor] - NewPoint {"history": "ExplorerRun.0", "point": 1, "testname": "my_lib_ota_amp_tb_1", "cornername": "Nominal", "event": "NewPoint", "EventSource": "Simulation Monitor", "HistoryName": "ExplorerRun.0", "logFile": "/home/dtvt_05/DUT_VI_MACH_WORKING_DIR/truong/logs_dtvt_05/logs0/Job9.log", "logFileSize": "2233"}
[2026-04-22 11:30:40.447 +0700] [EVENT] [cadence.virtuoso.ade.simulationMonitor] - NewPoint {"history": "ExplorerRun.0", "point": 1, "testname": "my_lib_ota_amp_tb_1", "cornername": "Nominal", "event": "NewPoint", "EventSource": "spectre", "HistoryName": "ExplorerRun.0", "logFile": "/home/dtvt_05/simulation/my_lib/ota_amp_tb/maestro/results/maestro/ExplorerRun.0/1/my_lib_ota_amp_tb_1/psf/spectre.out", "logFileSize": "-1"}
[2026-04-22 11:30:40.450 +0700] [PROCESS] [cadence.virtuoso.ade.simulationMonitor] - Simulator launched {"hostname": "dtvt05", "processid": 16169, "history": "ExplorerRun.0", "testname": "my_lib_ota_amp_tb_1", "cornername": "Nominal", "point": 1, "logfile": "/home/dtvt_05/DUT_VI_MACH_WORKING_DIR/truong/logs_dtvt_05/logs0/Job9.log", "simid": "1"}
[2026-04-22 11:30:40.451 +0700] [PROCESS] [cadence.virtuoso.ade.simulationMonitor] - Expression evaluator launched {"hostname": "dtvt05", "processid": 16169, "history": "ExplorerRun.0", "testname": "my_lib_ota_amp_tb_1", "cornername": "Nominal", "point": 1, "logfile": "/home/dtvt_05/DUT_VI_MACH_WORKING_DIR/truong/logs_dtvt_05/logs0/Job9.log"}
[2026-04-22 11:30:40.456 +0700] [PROCESS] [cadence.virtuoso.ade.simulationMonitor] - Started Simulation {"hostname": "dtvt05", "processid": 16169, "history": "ExplorerRun.0", "testname": "my_lib_ota_amp_tb_1", "cornername": "Nominal", "point": 1, "logfile": "/home/dtvt_05/DUT_VI_MACH_WORKING_DIR/truong/logs_dtvt_05/logs0/Job9.log"}
[2026-04-22 11:31:01.137 +0700] [PROCESS] [cadence.virtuoso.ade.simulationMonitor] - Finished simulating for one point {"hostname": "dtvt05", "processid": 16169, "history": "ExplorerRun.0", "testname": "my_lib_ota_amp_tb_1", "cornername": "Nominal", "point": 1, "logfile": "/home/dtvt_05/DUT_VI_MACH_WORKING_DIR/truong/logs_dtvt_05/logs0/Job9.log", "simid": "1"}
[2026-04-22 11:31:01.137 +0700] [INFO] [cadence.virtuoso.ade.simulationMonitor] - Peak resident memory used = 108 Mbytes. {"history": "ExplorerRun.0", "point": 1, "testname": "my_lib_ota_amp_tb_1", "cornername": "Nominal"}
[2026-04-22 11:31:01.137 +0700] [INFO] [cadence.virtuoso.ade.simulationMonitor] - Peak resident memory used = 116 Mbytes. {"history": "ExplorerRun.0", "point": 1, "testname": "my_lib_ota_amp_tb_1", "cornername": "Nominal"}
[2026-04-22 11:31:01.137 +0700] [INFO] [cadence.virtuoso.ade.simulationMonitor] - Notice from spectre during hierarchy flattening.
    The value 'psf' specified for the 'checklimitdest' option will no longer be supported in future releases. Use 'spectre -h' to see other recommended values for the 'checklimitdest' option. {"history": "ExplorerRun.0", "point": 1, "testname": "my_lib_ota_amp_tb_1", "cornername": "Nominal"}
[2026-04-22 11:31:01.138 +0700] [INFO] [cadence.virtuoso.ade.simulationMonitor] - Peak resident memory used = 117 Mbytes. {"history": "ExplorerRun.0", "point": 1, "testname": "my_lib_ota_amp_tb_1", "cornername": "Nominal"}
[2026-04-22 11:31:01.138 +0700] [ERROR] [cadence.virtuoso.ade.simulationMonitor] -     ERROR (CMI-2440): "/home/dtvt_05/Downloads/65NTSMC/models/spectre/crn65gplus_2d5_lk_v1d0.scs" 5860: I0.M4:  The length, width, or area of the instance does not fit the given lmax-lmin, wmax-wmin, or areamax-areamin range for any model in the `I0.M4.nch_rf_18' group. The channel width is 9.000000e-07 and length is 3.800000e-07. Specify channel width and length that do not exceed the referenced maximal area Lmax=3.801000e-07, Lmin=2.600000e-07, Wmax=1.001000e-05,and Wmin=1.000000e-06. You can choose the ... {"history": "ExplorerRun.0", "point": 1, "testname": "my_lib_ota_amp_tb_1", "cornername": "Nominal"}
[2026-04-22 11:31:01.138 +0700] [INFO] [cadence.virtuoso.ade.simulationMonitor] - Time used: CPU = 74.2 ms, elapsed = 20.3 s, util. = 365e-03%. {"history": "ExplorerRun.0", "point": 1, "testname": "my_lib_ota_amp_tb_1", "cornername": "Nominal"}
[2026-04-22 11:31:01.138 +0700] [INFO] [cadence.virtuoso.ade.simulationMonitor] - Time spent in licensing: elapsed = 20.3 s, percentage of total = 99.7%. {"history": "ExplorerRun.0", "point": 1, "testname": "my_lib_ota_amp_tb_1", "cornername": "Nominal"}
[2026-04-22 11:31:01.138 +0700] [INFO] [cadence.virtuoso.ade.simulationMonitor] - Peak memory used = 118 Mbytes. {"history": "ExplorerRun.0", "point": 1, "testname": "my_lib_ota_amp_tb_1", "cornername": "Nominal"}
[2026-04-22 11:31:01.138 +0700] [PROCESS] [cadence.virtuoso.ade.simulationMonitor] - Simulation started at: 11:30:40 AM, Wed Apr 22, 2026, ended at: 11:31:00 AM, Wed Apr 22, 2026, with elapsed time (wall clock): 20.3 s. {"history": "ExplorerRun.0", "point": 1, "testname": "my_lib_ota_amp_tb_1", "cornername": "Nominal"}
[2026-04-22 11:31:01.138 +0700] [PROCESS] [cadence.virtuoso.ade.simulationMonitor] - spectre completes with 1 error, 0 warnings, and 1 notice. {"history": "ExplorerRun.0", "point": 1, "testname": "my_lib_ota_amp_tb_1", "cornername": "Nominal"}
[2026-04-22 11:31:01.138 +0700] [FATAL] [cadence.virtuoso.ade.simulationMonitor] - spectre terminated prematurely due to fatal error. {"history": "ExplorerRun.0", "point": 1, "testname": "my_lib_ota_amp_tb_1", "cornername": "Nominal"}
[2026-04-22 11:31:01.138 +0700] [ERROR] [cadence.virtuoso.ade.simulationMonitor] - While simulating run ExplorerRun.0, point 1, test my_lib_ota_amp_tb_1, received error:
Simulation Error:
 The simulator process returned a non-zero exit code, indicating failure.
The simulator could have crashed or intentionally returned to indicate an error.
Check the simulator log file for more information.  Common causes:
1. Simulator may have crashed during exit even after reporting success in log file.
2. Abrupt automatic simulator termination (e.g., SIGKILL) because the simulator process has
   excee... {"history": "ExplorerRun.0", "point": 1, "testname": "my_lib_ota_amp_tb_1", "cornername": "Nominal"}
[2026-04-22 11:31:01.138 +0700] [PROCESS] [cadence.virtuoso.ade.simulationMonitor] - Finished Simulation {"hostname": "dtvt05", "processid": 16169, "history": "ExplorerRun.0", "testname": "my_lib_ota_amp_tb_1", "cornername": "Nominal", "point": 1, "logfile": "/home/dtvt_05/DUT_VI_MACH_WORKING_DIR/truong/logs_dtvt_05/logs0/Job9.log", "simid": "1"}
[2026-04-22 11:31:04.478 +0700] [INFO] [cadence.virtuoso.ade.simulationMonitor] - SimulationMonitor has terminated the vds process '16258', reason: 'Force to stop the expression evalutor process because of new run' {"history": "ExplorerRun.0", "point": 1, "testname": "my_lib_ota_amp_tb_1", "cornername": "Nominal"}
[2026-04-22 11:31:04.479 +0700] [PROCESS] [cadence.virtuoso.ade.simulationMonitor] - HostInfo:
Host name (type):	dtvt05 (x86_64)
Operating system:	Linux 6.7.1-1.el7.elrepo.x86_64 #1 SMP PREEMPT_DYNAMIC Sat Jan 20 11:04:40 EST 2024 {"hostname": "dtvt05", "processid": 16169, "history": "ExplorerRun.0", "testname": "my_lib_ota_amp_tb_1", "cornername": "Nominal", "point": 1, "logfile": "/home/dtvt_05/DUT_VI_MACH_WORKING_DIR/truong/logs_dtvt_05/logs0/Job9.log", "nodename": "dtvt05", "domainname": "(none)", "machine": "x86_64", "sysname": "Linux", "release": "6.7.1-1.el7.elrepo.x86_64", "version": "#1 SMP PREEMPT_DYNAMIC Sat Jan 20 11:04:40 EST 2024"}
[2026-04-22 11:31:04.479 +0700] [PROCESS] [cadence.virtuoso.ade.simulationMonitor] - UsageInfo:
pid=16169
totalPhysicalMemory=15.325478GB,Used=13.342445GB,totalVirtualMemory=23.012974GB,Used=13.342445GB
Cpu: Cores=24, Load average:0.430000,0.400000,0.330000 {"hostname": "dtvt05", "processid": 16169, "history": "ExplorerRun.0", "testname": "my_lib_ota_amp_tb_1", "cornername": "Nominal", "point": 1, "logfile": "/home/dtvt_05/DUT_VI_MACH_WORKING_DIR/truong/logs_dtvt_05/logs0/Job9.log", "pid": "16169", "totalPhysicalMemory": "15.325478", "physicalMemoryUsed": "13.342445", "totalVirtualMemory": "23.012974", "virtualMemoryUsed": "13.342445", "cpuCores": "24", "processes": "1845", "loadAverage1": "0.430000", "loadAverage5": "0.400000", "loadAverage15": "0.330000", "loadAverage1Percent": "0.017917"}
[2026-04-22 11:31:04.479 +0700] [EVENT] [cadence.virtuoso.ade.simulationMonitor] - NewPoint {"history": "ExplorerRun.0", "point": 1, "testname": "my_lib_ota_amp_tb_1", "cornername": "Nominal", "event": "NewPoint", "EventSource": "Simulation Monitor", "HistoryName": "ExplorerRun.0", "logFile": "/home/dtvt_05/DUT_VI_MACH_WORKING_DIR/truong/logs_dtvt_05/logs0/Job9.log", "logFileSize": "10569"}
[2026-04-22 11:31:04.580 +0700] [EVENT] [cadence.virtuoso.ade.simulationMonitor] - NewPoint {"history": "ExplorerRun.0", "point": 1, "testname": "my_lib_ota_amp_tb_1", "cornername": "Nominal", "event": "NewPoint", "EventSource": "spectre", "HistoryName": "ExplorerRun.0", "logFile": "/home/dtvt_05/simulation/my_lib/ota_amp_tb/maestro/results/maestro/ExplorerRun.0/1/my_lib_ota_amp_tb_1/psf/spectre.out", "logFileSize": "-1"}
[2026-04-22 11:31:04.583 +0700] [PROCESS] [cadence.virtuoso.ade.simulationMonitor] - Simulator launched {"hostname": "dtvt05", "processid": 16169, "history": "ExplorerRun.0", "testname": "my_lib_ota_amp_tb_1", "cornername": "Nominal", "point": 1, "logfile": "/home/dtvt_05/DUT_VI_MACH_WORKING_DIR/truong/logs_dtvt_05/logs0/Job9.log", "simid": "2"}
[2026-04-22 11:31:04.583 +0700] [PROCESS] [cadence.virtuoso.ade.simulationMonitor] - Expression evaluator launched {"hostname": "dtvt05", "processid": 16169, "history": "ExplorerRun.0", "testname": "my_lib_ota_amp_tb_1", "cornername": "Nominal", "point": 1, "logfile": "/home/dtvt_05/DUT_VI_MACH_WORKING_DIR/truong/logs_dtvt_05/logs0/Job9.log"}
[2026-04-22 11:31:04.587 +0700] [PROCESS] [cadence.virtuoso.ade.simulationMonitor] - Started Simulation {"hostname": "dtvt05", "processid": 16169, "history": "ExplorerRun.0", "testname": "my_lib_ota_amp_tb_1", "cornername": "Nominal", "point": 1, "logfile": "/home/dtvt_05/DUT_VI_MACH_WORKING_DIR/truong/logs_dtvt_05/logs0/Job9.log"}
[2026-04-22 11:31:25.311 +0700] [PROCESS] [cadence.virtuoso.ade.simulationMonitor] - Finished simulating for one point {"hostname": "dtvt05", "processid": 16169, "history": "ExplorerRun.0", "testname": "my_lib_ota_amp_tb_1", "cornername": "Nominal", "point": 1, "logfile": "/home/dtvt_05/DUT_VI_MACH_WORKING_DIR/truong/logs_dtvt_05/logs0/Job9.log", "simid": "2"}
[2026-04-22 11:31:25.311 +0700] [INFO] [cadence.virtuoso.ade.simulationMonitor] - Peak resident memory used = 108 Mbytes. {"history": "ExplorerRun.0", "point": 1, "testname": "my_lib_ota_amp_tb_1", "cornername": "Nominal"}
[2026-04-22 11:31:25.312 +0700] [INFO] [cadence.virtuoso.ade.simulationMonitor] - Peak resident memory used = 116 Mbytes. {"history": "ExplorerRun.0", "point": 1, "testname": "my_lib_ota_amp_tb_1", "cornername": "Nominal"}
[2026-04-22 11:31:25.312 +0700] [INFO] [cadence.virtuoso.ade.simulationMonitor] - Notice from spectre during hierarchy flattening.
    The value 'psf' specified for the 'checklimitdest' option will no longer be supported in future releases. Use 'spectre -h' to see other recommended values for the 'checklimitdest' option. {"history": "ExplorerRun.0", "point": 1, "testname": "my_lib_ota_amp_tb_1", "cornername": "Nominal"}
[2026-04-22 11:31:25.312 +0700] [INFO] [cadence.virtuoso.ade.simulationMonitor] - Peak resident memory used = 117 Mbytes. {"history": "ExplorerRun.0", "point": 1, "testname": "my_lib_ota_amp_tb_1", "cornername": "Nominal"}
[2026-04-22 11:31:25.312 +0700] [ERROR] [cadence.virtuoso.ade.simulationMonitor] -     ERROR (CMI-2440): "/home/dtvt_05/Downloads/65NTSMC/models/spectre/crn65gplus_2d5_lk_v1d0.scs" 5860: I0.M4:  The length, width, or area of the instance does not fit the given lmax-lmin, wmax-wmin, or areamax-areamin range for any model in the `I0.M4.nch_rf_18' group. The channel width is 9.000000e-07 and length is 3.800000e-07. Specify channel width and length that do not exceed the referenced maximal area Lmax=3.801000e-07, Lmin=2.600000e-07, Wmax=1.001000e-05,and Wmin=1.000000e-06. You can choose the ... {"history": "ExplorerRun.0", "point": 1, "testname": "my_lib_ota_amp_tb_1", "cornername": "Nominal"}
[2026-04-22 11:31:25.312 +0700] [INFO] [cadence.virtuoso.ade.simulationMonitor] - Time used: CPU = 82.3 ms, elapsed = 20.3 s, util. = 405e-03%. {"history": "ExplorerRun.0", "point": 1, "testname": "my_lib_ota_amp_tb_1", "cornername": "Nominal"}
[2026-04-22 11:31:25.312 +0700] [INFO] [cadence.virtuoso.ade.simulationMonitor] - Time spent in licensing: elapsed = 20.3 s, percentage of total = 99.7%. {"history": "ExplorerRun.0", "point": 1, "testname": "my_lib_ota_amp_tb_1", "cornername": "Nominal"}
[2026-04-22 11:31:25.313 +0700] [INFO] [cadence.virtuoso.ade.simulationMonitor] - Peak memory used = 118 Mbytes. {"history": "ExplorerRun.0", "point": 1, "testname": "my_lib_ota_amp_tb_1", "cornername": "Nominal"}
[2026-04-22 11:31:25.313 +0700] [PROCESS] [cadence.virtuoso.ade.simulationMonitor] - Simulation started at: 11:31:04 AM, Wed Apr 22, 2026, ended at: 11:31:24 AM, Wed Apr 22, 2026, with elapsed time (wall clock): 20.3 s. {"history": "ExplorerRun.0", "point": 1, "testname": "my_lib_ota_amp_tb_1", "cornername": "Nominal"}
[2026-04-22 11:31:25.313 +0700] [PROCESS] [cadence.virtuoso.ade.simulationMonitor] - spectre completes with 1 error, 0 warnings, and 1 notice. {"history": "ExplorerRun.0", "point": 1, "testname": "my_lib_ota_amp_tb_1", "cornername": "Nominal"}
[2026-04-22 11:31:25.313 +0700] [FATAL] [cadence.virtuoso.ade.simulationMonitor] - spectre terminated prematurely due to fatal error. {"history": "ExplorerRun.0", "point": 1, "testname": "my_lib_ota_amp_tb_1", "cornername": "Nominal"}
[2026-04-22 11:31:25.313 +0700] [ERROR] [cadence.virtuoso.ade.simulationMonitor] - While simulating run ExplorerRun.0, point 1, test my_lib_ota_amp_tb_1, received error:
Simulation Error:
 The simulator process returned a non-zero exit code, indicating failure.
The simulator could have crashed or intentionally returned to indicate an error.
Check the simulator log file for more information.  Common causes:
1. Simulator may have crashed during exit even after reporting success in log file.
2. Abrupt automatic simulator termination (e.g., SIGKILL) because the simulator process has
   excee... {"history": "ExplorerRun.0", "point": 1, "testname": "my_lib_ota_amp_tb_1", "cornername": "Nominal"}
[2026-04-22 11:31:25.314 +0700] [PROCESS] [cadence.virtuoso.ade.simulationMonitor] - Finished Simulation {"hostname": "dtvt05", "processid": 16169, "history": "ExplorerRun.0", "testname": "my_lib_ota_amp_tb_1", "cornername": "Nominal", "point": 1, "logfile": "/home/dtvt_05/DUT_VI_MACH_WORKING_DIR/truong/logs_dtvt_05/logs0/Job9.log", "simid": "2"}
[2026-04-22 11:31:56.046 +0700] [PROCESS] [cadence.virtuoso.ade.simulationMonitor] - get signal Terminated<15> from user:dtvt_05, which pid:16167:/home/dtvt_05/CDNS_Client/IC618-ISR28/tools/bin/64bit/cdsServIpc {"hostname": "dtvt05", "processid": 16169, "history": "ExplorerRun.0", "testname": "my_lib_ota_amp_tb_1", "cornername": "Nominal", "point": 1, "logfile": "/home/dtvt_05/DUT_VI_MACH_WORKING_DIR/truong/logs_dtvt_05/logs0/Job9.log", "signal": "15", "signalName": "Terminated", "which": "/home/dtvt_05/CDNS_Client/IC618-ISR28/tools/bin/64bit/cdsServIpc", "pid": "16167", "user": "dtvt_05", "uid": "1000"}
[2026-04-22 11:31:56.046 +0700] [INFO] [cadence.virtuoso.ade.simulationMonitor] - SimulationMonitor has terminated the spectre process '16919', reason: 'simulationMonitor is handling signal 15' {"history": "ExplorerRun.0", "point": 1, "testname": "my_lib_ota_amp_tb_1", "cornername": "Nominal"}
[2026-04-22 11:31:56.547 +0700] [PROCESS] [cadence.virtuoso.ade.simulationMonitor] - Current memory used: 52.8359 MBytes, peak memory used: 53.7031 MBytes {"hostname": "dtvt05", "processid": 16169, "history": "ExplorerRun.0", "testname": "my_lib_ota_amp_tb_1", "cornername": "Nominal", "point": 1, "logfile": "/home/dtvt_05/DUT_VI_MACH_WORKING_DIR/truong/logs_dtvt_05/logs0/Job9.log"}
[2026-04-22 11:31:56.547 +0700] [PROCESS] [cadence.virtuoso.ade.simulationMonitor] - Simulation Monitor process exit. {"hostname": "dtvt05", "processid": 16169, "history": "ExplorerRun.0", "testname": "my_lib_ota_amp_tb_1", "cornername": "Nominal", "point": 1, "logfile": "/home/dtvt_05/DUT_VI_MACH_WORKING_DIR/truong/logs_dtvt_05/logs0/Job9.log"}
